[3.203s] Invoking command in '/home/theanh/Robot_Project/AMR_Robot/amr1_ws/build/laser_filters': CMAKE_PREFIX_PATH=${CMAKE_PREFIX_PATH}:/opt/ros/humble /usr/bin/cmake --build /home/theanh/Robot_Project/AMR_Robot/amr1_ws/build/laser_filters -- -j15 -l15
[12.713s] [  8%] Built target laser_scan_filters
[12.955s] [ 17%] Built target gtest
[13.521s] [ 30%] Built target laser_filter_chains
[13.521s] [ 39%] Built target gtest_main
[13.524s] [ 47%] Built target generic_laser_filter_node
[13.524s] [ 56%] Built target test_scan_shadows_filter
[13.524s] [ 65%] Built target test_speckle_filter
[13.524s] [ 73%] Built target test_shadow_detector
[13.524s] [ 82%] Built target test_scan_filter_chain
[13.524s] [ 91%] Built target scan_to_scan_filter_chain
[13.524s] [100%] Built target scan_to_cloud_filter_chain
[14.719s] Invoked command in '/home/theanh/Robot_Project/AMR_Robot/amr1_ws/build/laser_filters' returned '0': CMAKE_PREFIX_PATH=${CMAKE_PREFIX_PATH}:/opt/ros/humble /usr/bin/cmake --build /home/theanh/Robot_Project/AMR_Robot/amr1_ws/build/laser_filters -- -j15 -l15
[14.720s] Invoking command in '/home/theanh/Robot_Project/AMR_Robot/amr1_ws/build/laser_filters': CMAKE_PREFIX_PATH=${CMAKE_PREFIX_PATH}:/opt/ros/humble /usr/bin/cmake --install /home/theanh/Robot_Project/AMR_Robot/amr1_ws/build/laser_filters
[19.235s] -- Install configuration: ""
[19.235s] -- Execute custom install script
[19.235s] -- Up-to-date symlink: /home/theanh/Robot_Project/AMR_Robot/amr1_ws/install/laser_filters/lib/laser_filters/scan_to_cloud_filter_chain
[19.236s] -- Up-to-date symlink: /home/theanh/Robot_Project/AMR_Robot/amr1_ws/install/laser_filters/lib/laser_filters/scan_to_scan_filter_chain
[19.236s] -- Up-to-date symlink: /home/theanh/Robot_Project/AMR_Robot/amr1_ws/install/laser_filters/share/laser_filters//laser_filters_plugins.xml
[19.236s] -- Up-to-date symlink: /home/theanh/Robot_Project/AMR_Robot/amr1_ws/install/laser_filters/include/laser_filters/angular_bounds_filter.h
[19.236s] -- Up-to-date symlink: /home/theanh/Robot_Project/AMR_Robot/amr1_ws/install/laser_filters/include/laser_filters/angular_bounds_filter_in_place.h
[19.236s] -- Up-to-date symlink: /home/theanh/Robot_Project/AMR_Robot/amr1_ws/install/laser_filters/include/laser_filters/array_filter.h
[19.237s] -- Up-to-date symlink: /home/theanh/Robot_Project/AMR_Robot/amr1_ws/install/laser_filters/include/laser_filters/binning_filter.h
[19.237s] -- Up-to-date symlink: /home/theanh/Robot_Project/AMR_Robot/amr1_ws/install/laser_filters/include/laser_filters/box_filter.h
[19.237s] -- Up-to-date symlink: /home/theanh/Robot_Project/AMR_Robot/amr1_ws/install/laser_filters/include/laser_filters/footprint_filter.h
[19.237s] -- Up-to-date symlink: /home/theanh/Robot_Project/AMR_Robot/amr1_ws/install/laser_filters/include/laser_filters/intensity_filter.h
[19.237s] -- Up-to-date symlink: /home/theanh/Robot_Project/AMR_Robot/amr1_ws/install/laser_filters/include/laser_filters/interpolation_filter.h
[19.237s] -- Up-to-date symlink: /home/theanh/Robot_Project/AMR_Robot/amr1_ws/install/laser_filters/include/laser_filters/median_filter.h
[19.237s] -- Up-to-date symlink: /home/theanh/Robot_Project/AMR_Robot/amr1_ws/install/laser_filters/include/laser_filters/median_spatial_filter.h
[19.237s] -- Up-to-date symlink: /home/theanh/Robot_Project/AMR_Robot/amr1_ws/install/laser_filters/include/laser_filters/polygon_filter.h
[19.237s] -- Up-to-date symlink: /home/theanh/Robot_Project/AMR_Robot/amr1_ws/install/laser_filters/include/laser_filters/range_filter.h
[19.237s] -- Up-to-date symlink: /home/theanh/Robot_Project/AMR_Robot/amr1_ws/install/laser_filters/include/laser_filters/scan_blob_filter.h
[19.237s] -- Up-to-date symlink: /home/theanh/Robot_Project/AMR_Robot/amr1_ws/install/laser_filters/include/laser_filters/scan_mask_filter.h
[19.238s] -- Up-to-date symlink: /home/theanh/Robot_Project/AMR_Robot/amr1_ws/install/laser_filters/include/laser_filters/scan_shadow_detector.h
[19.238s] -- Up-to-date symlink: /home/theanh/Robot_Project/AMR_Robot/amr1_ws/install/laser_filters/include/laser_filters/scan_shadows_filter.h
[19.238s] -- Up-to-date symlink: /home/theanh/Robot_Project/AMR_Robot/amr1_ws/install/laser_filters/include/laser_filters/sector_filter.h
[19.238s] -- Up-to-date symlink: /home/theanh/Robot_Project/AMR_Robot/amr1_ws/install/laser_filters/include/laser_filters/speckle_filter.h
[19.238s] -- Up-to-date symlink: /home/theanh/Robot_Project/AMR_Robot/amr1_ws/install/laser_filters/share/laser_filters/environment/library_path.sh
[19.238s] -- Up-to-date symlink: /home/theanh/Robot_Project/AMR_Robot/amr1_ws/install/laser_filters/share/laser_filters/environment/library_path.dsv
[19.238s] -- Up-to-date symlink: /home/theanh/Robot_Project/AMR_Robot/amr1_ws/install/laser_filters/lib/liblaser_scan_filters.so
[19.238s] -- Up-to-date symlink: /home/theanh/Robot_Project/AMR_Robot/amr1_ws/install/laser_filters/lib/liblaser_filter_chains.so
[19.238s] -- Up-to-date symlink: /home/theanh/Robot_Project/AMR_Robot/amr1_ws/install/laser_filters/lib/laser_filters/generic_laser_filter_node
[19.238s] -- Up-to-date symlink: /home/theanh/Robot_Project/AMR_Robot/amr1_ws/install/laser_filters/share/laser_filters/examples/angular_filter_example.launch.py
[19.238s] -- Up-to-date symlink: /home/theanh/Robot_Project/AMR_Robot/amr1_ws/install/laser_filters/share/laser_filters/examples/angular_filter_example.yaml
[19.239s] -- Up-to-date symlink: /home/theanh/Robot_Project/AMR_Robot/amr1_ws/install/laser_filters/share/laser_filters/examples/bin_filter_example.launch.py
[19.239s] -- Up-to-date symlink: /home/theanh/Robot_Project/AMR_Robot/amr1_ws/install/laser_filters/share/laser_filters/examples/bin_filter_example.yaml
[19.239s] -- Up-to-date symlink: /home/theanh/Robot_Project/AMR_Robot/amr1_ws/install/laser_filters/share/laser_filters/examples/box_filter_example.launch.py
[19.239s] -- Up-to-date symlink: /home/theanh/Robot_Project/AMR_Robot/amr1_ws/install/laser_filters/share/laser_filters/examples/box_filter_example.yaml
[19.239s] -- Up-to-date symlink: /home/theanh/Robot_Project/AMR_Robot/amr1_ws/install/laser_filters/share/laser_filters/examples/footprint_filter_example.launch.py
[19.239s] -- Up-to-date symlink: /home/theanh/Robot_Project/AMR_Robot/amr1_ws/install/laser_filters/share/laser_filters/examples/footprint_filter_example.yaml
[19.239s] -- Up-to-date symlink: /home/theanh/Robot_Project/AMR_Robot/amr1_ws/install/laser_filters/share/laser_filters/examples/intensity_filter_example.launch.py
[19.239s] -- Up-to-date symlink: /home/theanh/Robot_Project/AMR_Robot/amr1_ws/install/laser_filters/share/laser_filters/examples/intensity_filter_example.yaml
[19.239s] -- Up-to-date symlink: /home/theanh/Robot_Project/AMR_Robot/amr1_ws/install/laser_filters/share/laser_filters/examples/mask_filter_example.launch.py
[19.239s] -- Up-to-date symlink: /home/theanh/Robot_Project/AMR_Robot/amr1_ws/install/laser_filters/share/laser_filters/examples/mask_filter_example.yaml
[19.239s] -- Up-to-date symlink: /home/theanh/Robot_Project/AMR_Robot/amr1_ws/install/laser_filters/share/laser_filters/examples/median_filter_example.launch.py
[19.239s] -- Up-to-date symlink: /home/theanh/Robot_Project/AMR_Robot/amr1_ws/install/laser_filters/share/laser_filters/examples/median_filter_example.yaml
[19.240s] -- Up-to-date symlink: /home/theanh/Robot_Project/AMR_Robot/amr1_ws/install/laser_filters/share/laser_filters/examples/median_spatial_filter.launch.py
[19.240s] -- Up-to-date symlink: /home/theanh/Robot_Project/AMR_Robot/amr1_ws/install/laser_filters/share/laser_filters/examples/median_spatial_filter.launch.xml
[19.240s] -- Up-to-date symlink: /home/theanh/Robot_Project/AMR_Robot/amr1_ws/install/laser_filters/share/laser_filters/examples/median_spatial_filter_example.yaml
[19.240s] -- Up-to-date symlink: /home/theanh/Robot_Project/AMR_Robot/amr1_ws/install/laser_filters/share/laser_filters/examples/multiple_filters_example.launch.py
[19.240s] -- Up-to-date symlink: /home/theanh/Robot_Project/AMR_Robot/amr1_ws/install/laser_filters/share/laser_filters/examples/multiple_filters_example.yaml
[19.240s] -- Up-to-date symlink: /home/theanh/Robot_Project/AMR_Robot/amr1_ws/install/laser_filters/share/laser_filters/examples/pass_through_example.launch.py
[19.240s] -- Up-to-date symlink: /home/theanh/Robot_Project/AMR_Robot/amr1_ws/install/laser_filters/share/laser_filters/examples/pass_through_example.yaml
[19.240s] -- Up-to-date symlink: /home/theanh/Robot_Project/AMR_Robot/amr1_ws/install/laser_filters/share/laser_filters/examples/polygon_filter_example.launch.py
[19.240s] -- Up-to-date symlink: /home/theanh/Robot_Project/AMR_Robot/amr1_ws/install/laser_filters/share/laser_filters/examples/polygon_filter_example.yaml
[19.240s] -- Up-to-date symlink: /home/theanh/Robot_Project/AMR_Robot/amr1_ws/install/laser_filters/share/laser_filters/examples/range_filter_example.launch.py
[19.240s] -- Up-to-date symlink: /home/theanh/Robot_Project/AMR_Robot/amr1_ws/install/laser_filters/share/laser_filters/examples/range_filter_example.yaml
[19.240s] -- Up-to-date symlink: /home/theanh/Robot_Project/AMR_Robot/amr1_ws/install/laser_filters/share/laser_filters/examples/scan_blob_filter_example.launch.py
[19.240s] -- Up-to-date symlink: /home/theanh/Robot_Project/AMR_Robot/amr1_ws/install/laser_filters/share/laser_filters/examples/scan_blob_filter_example.yaml
[19.241s] -- Up-to-date symlink: /home/theanh/Robot_Project/AMR_Robot/amr1_ws/install/laser_filters/share/laser_filters/examples/sector_filter_example.launch.py
[19.241s] -- Up-to-date symlink: /home/theanh/Robot_Project/AMR_Robot/amr1_ws/install/laser_filters/share/laser_filters/examples/sector_filter_example.yaml
[19.241s] -- Up-to-date symlink: /home/theanh/Robot_Project/AMR_Robot/amr1_ws/install/laser_filters/share/laser_filters/examples/shadow_filter_example.launch.py
[19.241s] -- Up-to-date symlink: /home/theanh/Robot_Project/AMR_Robot/amr1_ws/install/laser_filters/share/laser_filters/examples/shadow_filter_example.yaml
[19.241s] -- Up-to-date symlink: /home/theanh/Robot_Project/AMR_Robot/amr1_ws/install/laser_filters/share/laser_filters/examples/speckle_filter_example.launch
[19.241s] -- Up-to-date symlink: /home/theanh/Robot_Project/AMR_Robot/amr1_ws/install/laser_filters/share/laser_filters/examples/speckle_filter_example.yaml
[19.241s] -- Up-to-date symlink: /home/theanh/Robot_Project/AMR_Robot/amr1_ws/install/laser_filters/share/laser_filters/test/fake_laser.py
[19.241s] -- Up-to-date symlink: /home/theanh/Robot_Project/AMR_Robot/amr1_ws/install/laser_filters/share/laser_filters/test/test_polygon_filter.test.py
[19.241s] -- Up-to-date symlink: /home/theanh/Robot_Project/AMR_Robot/amr1_ws/install/laser_filters/share/laser_filters/test/test_polygon_filter.yaml
[19.241s] -- Up-to-date symlink: /home/theanh/Robot_Project/AMR_Robot/amr1_ws/install/laser_filters/share/laser_filters/test/test_scan_filter_chain.cpp
[19.241s] -- Up-to-date symlink: /home/theanh/Robot_Project/AMR_Robot/amr1_ws/install/laser_filters/share/laser_filters/test/test_scan_filter_chain.launch
[19.241s] -- Up-to-date symlink: /home/theanh/Robot_Project/AMR_Robot/amr1_ws/install/laser_filters/share/laser_filters/test/test_scan_filter_chain.yaml
[19.242s] -- Up-to-date symlink: /home/theanh/Robot_Project/AMR_Robot/amr1_ws/install/laser_filters/share/laser_filters/test/test_scan_shadows_filter.cpp
[19.242s] -- Up-to-date symlink: /home/theanh/Robot_Project/AMR_Robot/amr1_ws/install/laser_filters/share/laser_filters/test/test_shadow_detector.cpp
[19.242s] -- Up-to-date symlink: /home/theanh/Robot_Project/AMR_Robot/amr1_ws/install/laser_filters/share/laser_filters/test/test_speckle_filter.cpp
[19.242s] -- Up-to-date symlink: /home/theanh/Robot_Project/AMR_Robot/amr1_ws/install/laser_filters/share/laser_filters/test/test_speckle_filter.test.py
[19.242s] -- Up-to-date symlink: /home/theanh/Robot_Project/AMR_Robot/amr1_ws/install/laser_filters/share/laser_filters/test/test_speckle_filter.yaml
[19.242s] -- Up-to-date symlink: /home/theanh/Robot_Project/AMR_Robot/amr1_ws/install/laser_filters/share/ament_index/resource_index/package_run_dependencies/laser_filters
[19.242s] -- Up-to-date symlink: /home/theanh/Robot_Project/AMR_Robot/amr1_ws/install/laser_filters/share/ament_index/resource_index/parent_prefix_path/laser_filters
[19.242s] -- Up-to-date symlink: /home/theanh/Robot_Project/AMR_Robot/amr1_ws/install/laser_filters/share/laser_filters/environment/ament_prefix_path.sh
[19.242s] -- Up-to-date symlink: /home/theanh/Robot_Project/AMR_Robot/amr1_ws/install/laser_filters/share/laser_filters/environment/ament_prefix_path.dsv
[19.242s] -- Up-to-date symlink: /home/theanh/Robot_Project/AMR_Robot/amr1_ws/install/laser_filters/share/laser_filters/environment/path.sh
[19.242s] -- Up-to-date symlink: /home/theanh/Robot_Project/AMR_Robot/amr1_ws/install/laser_filters/share/laser_filters/environment/path.dsv
[19.242s] -- Up-to-date symlink: /home/theanh/Robot_Project/AMR_Robot/amr1_ws/install/laser_filters/share/laser_filters/local_setup.bash
[19.243s] -- Up-to-date symlink: /home/theanh/Robot_Project/AMR_Robot/amr1_ws/install/laser_filters/share/laser_filters/local_setup.sh
[19.243s] -- Up-to-date symlink: /home/theanh/Robot_Project/AMR_Robot/amr1_ws/install/laser_filters/share/laser_filters/local_setup.zsh
[19.243s] -- Up-to-date symlink: /home/theanh/Robot_Project/AMR_Robot/amr1_ws/install/laser_filters/share/laser_filters/local_setup.dsv
[19.243s] -- Symlinking: /home/theanh/Robot_Project/AMR_Robot/amr1_ws/install/laser_filters/share/laser_filters/package.dsv
[19.243s] -- Up-to-date symlink: /home/theanh/Robot_Project/AMR_Robot/amr1_ws/install/laser_filters/share/ament_index/resource_index/packages/laser_filters
[19.243s] -- Up-to-date symlink: /home/theanh/Robot_Project/AMR_Robot/amr1_ws/install/laser_filters/share/ament_index/resource_index/filters__pluginlib__plugin/laser_filters
[19.243s] -- Up-to-date symlink: /home/theanh/Robot_Project/AMR_Robot/amr1_ws/install/laser_filters/share/ament_index/resource_index/rclcpp_components/laser_filters
[19.243s] -- Up-to-date symlink: /home/theanh/Robot_Project/AMR_Robot/amr1_ws/install/laser_filters/share/laser_filters/cmake/ament_cmake_export_dependencies-extras.cmake
[19.243s] -- Up-to-date symlink: /home/theanh/Robot_Project/AMR_Robot/amr1_ws/install/laser_filters/share/laser_filters/cmake/ament_cmake_export_include_directories-extras.cmake
[19.243s] -- Up-to-date symlink: /home/theanh/Robot_Project/AMR_Robot/amr1_ws/install/laser_filters/share/laser_filters/cmake/ament_cmake_export_libraries-extras.cmake
[19.243s] -- Up-to-date symlink: /home/theanh/Robot_Project/AMR_Robot/amr1_ws/install/laser_filters/share/laser_filters/cmake/laser_filtersConfig.cmake
[19.243s] -- Up-to-date symlink: /home/theanh/Robot_Project/AMR_Robot/amr1_ws/install/laser_filters/share/laser_filters/cmake/laser_filtersConfig-version.cmake
[19.243s] -- Up-to-date symlink: /home/theanh/Robot_Project/AMR_Robot/amr1_ws/install/laser_filters/share/laser_filters/package.xml
[19.244s] Invoked command in '/home/theanh/Robot_Project/AMR_Robot/amr1_ws/build/laser_filters' returned '0': CMAKE_PREFIX_PATH=${CMAKE_PREFIX_PATH}:/opt/ros/humble /usr/bin/cmake --install /home/theanh/Robot_Project/AMR_Robot/amr1_ws/build/laser_filters
