-- The C compiler identification is GNU 11.4.0
-- The CXX compiler identification is GNU 11.4.0
-- Detecting C compiler ABI info
-- Detecting C compiler ABI info - done
-- Check for working C compiler: /usr/bin/cc - skipped
-- Detecting C compile features
-- Detecting C compile features - done
-- Detecting CXX compiler ABI info
-- Detecting CXX compiler ABI info - done
-- Check for working CXX compiler: /usr/bin/c++ - skipped
-- Detecting CXX compile features
-- Detecting CXX compile features - done
-- Found ament_cmake: 1.3.14 (/opt/ros/humble/share/ament_cmake/cmake)
-- Found Python3: /usr/bin/python3 (found version "3.10.12") found components: Interpreter 
-- Override CMake install command with custom implementation using symlinks instead of copying resources
-- Found rclcpp: 16.0.19 (/opt/ros/humble/share/rclcpp/cmake)
-- Found rosidl_generator_c: 3.1.9 (/opt/ros/humble/share/rosidl_generator_c/cmake)
-- Found rosidl_adapter: 3.1.9 (/opt/ros/humble/share/rosidl_adapter/cmake)
-- Found rosidl_generator_cpp: 3.1.9 (/opt/ros/humble/share/rosidl_generator_cpp/cmake)
-- Using all available rosidl_typesupport_c: rosidl_typesupport_fastrtps_c;rosidl_typesupport_introspection_c
-- Using all available rosidl_typesupport_cpp: rosidl_typesupport_fastrtps_cpp;rosidl_typesupport_introspection_cpp
-- Found rmw_implementation_cmake: 6.1.3 (/opt/ros/humble/share/rmw_implementation_cmake/cmake)
-- Found rmw_fastrtps_cpp: 6.2.10 (/opt/ros/humble/share/rmw_fastrtps_cpp/cmake)
-- Found OpenSSL: /usr/lib/aarch64-linux-gnu/libcrypto.so (found version "3.0.2")  
-- Found FastRTPS: /opt/ros/humble/include  
-- Using RMW implementation 'rmw_fastrtps_cpp' as default
-- Looking for pthread.h
-- Looking for pthread.h - found
-- Performing Test CMAKE_HAVE_LIBC_PTHREAD
-- Performing Test CMAKE_HAVE_LIBC_PTHREAD - Success
-- Found Threads: TRUE  
-- Found canopen_core: 0.2.13 (/opt/ros/humble/share/canopen_core/cmake)
-- Found Boost: /usr/lib/aarch64-linux-gnu/cmake/Boost-1.74.0/BoostConfig.cmake (found version "1.74.0") found components: system thread 
-- Found canopen_base_driver: 0.2.13 (/opt/ros/humble/share/canopen_base_driver/cmake)
-- Found canopen_proxy_driver: 0.2.13 (/opt/ros/humble/share/canopen_proxy_driver/cmake)
-- Found robot_state_publisher: 3.0.3 (/opt/ros/humble/share/robot_state_publisher/cmake)
-- Found eigen3_cmake_module: 0.1.1 (/opt/ros/humble/share/eigen3_cmake_module/cmake)
-- Found Eigen3: TRUE (found version "3.4.0") 
-- Ensuring Eigen3 include directory is part of orocos-kdl CMake target
-- Found xacro: 2.1.1 (/opt/ros/humble/share/xacro/cmake)
-- Found nav_msgs: 4.9.2 (/opt/ros/humble/share/nav_msgs/cmake)
-- Found tf2_geometry_msgs: 0.25.22 (/opt/ros/humble/share/tf2_geometry_msgs/cmake)
-- Found OpenCV: /usr (found version "4.5.4") 
-- Found ament_lint_auto: 0.12.15 (/opt/ros/humble/share/ament_lint_auto/cmake)
-- Added test 'cppcheck' to perform static code analysis on C / C++ code
-- Configured cppcheck include dirs: /home/orangepi/Robot_Project/AMR_Robot/amr_robot/src/amr_reality_pkg/src/include
-- Configured cppcheck exclude dirs and/or files: 
-- Added test 'flake8' to check Python code syntax and style conventions
-- Added test 'lint_cmake' to check CMake code style
-- Added test 'pep257' to check Python code against some of the docstring style conventions in PEP 257
-- Added test 'uncrustify' to check C / C++ code style
-- Configured uncrustify additional arguments: 
-- Added test 'xmllint' to check XML markup files
-- Configuring done
-- Generating done
-- Build files have been written to: /home/orangepi/Robot_Project/AMR_Robot/amr_robot/build/amr_reality_pkg
[ 50%] [32mBuilding CXX object CMakeFiles/lidar_loc.dir/src/src/lidar_loc.cpp.o[0m
[ 50%] Built target robot_control_prepare
joint1: writing 4 bytes to 0x1400/1: 02 02 00 80
joint1: writing 1 bytes to 0x1400/2: 01
joint1: writing 1 bytes to 0x1600/0: 00
joint1: writing 4 bytes to 0x1600/1: 10 00 40 60
joint1: writing 4 bytes to 0x1600/2: 08 00 60 60
joint1: writing 1 bytes to 0x1600/0: 02
joint1: writing 4 bytes to 0x1400/1: 02 02 00 00
joint1: writing 4 bytes to 0x1401/1: 02 03 00 80
joint1: writing 1 bytes to 0x1401/2: 01
joint1: writing 1 bytes to 0x1601/0: 00
joint1: writing 4 bytes to 0x1601/1: 20 00 7A 60
joint1: writing 4 bytes to 0x1601/2: 20 00 FF 60
joint1: writing 1 bytes to 0x1601/0: 02
joint1: writing 4 bytes to 0x1401/1: 02 03 00 00
joint1: writing 4 bytes to 0x1800/1: 82 01 00 80
joint1: writing 1 bytes to 0x1800/2: 01
joint1: writing 1 bytes to 0x1A00/0: 00
joint1: writing 4 bytes to 0x1A00/1: 10 00 41 60
joint1: writing 4 bytes to 0x1A00/2: 08 00 61 60
joint1: writing 1 bytes to 0x1A00/0: 02
joint1: writing 4 bytes to 0x1800/1: 82 01 00 00
joint1: writing 4 bytes to 0x1801/1: 82 02 00 80
joint1: writing 1 bytes to 0x1801/2: 01
joint1: writing 1 bytes to 0x1A01/0: 00
joint1: writing 4 bytes to 0x1A01/1: 20 00 64 60
joint1: writing 4 bytes to 0x1A01/2: 20 00 6C 60
joint1: writing 1 bytes to 0x1A01/0: 02
joint1: writing 4 bytes to 0x1801/1: 82 02 00 00
joint1: writing 4 bytes to 0x1802/1: 82 03 00 80
joint1: writing 1 bytes to 0x1802/2: 01
joint1: writing 1 bytes to 0x1A02/0: 00
joint1: writing 4 bytes to 0x1A02/1: 10 00 3F 60
joint1: writing 1 bytes to 0x1A02/0: 01
joint1: writing 4 bytes to 0x1802/1: 82 03 00 00
joint1: writing 2 bytes to 0x6040/0: 80 00
joint1: writing 4 bytes to 0x6083/0: A0 86 01 00
joint1: writing 4 bytes to 0x6084/0: A0 86 01 00
joint2: writing 4 bytes to 0x1400/1: 03 02 00 80
joint2: writing 1 bytes to 0x1400/2: 01
joint2: writing 1 bytes to 0x1600/0: 00
joint2: writing 4 bytes to 0x1600/1: 10 00 40 60
joint2: writing 4 bytes to 0x1600/2: 08 00 60 60
joint2: writing 1 bytes to 0x1600/0: 02
joint2: writing 4 bytes to 0x1400/1: 03 02 00 00
joint2: writing 4 bytes to 0x1401/1: 03 03 00 80
joint2: writing 1 bytes to 0x1401/2: 01
joint2: writing 1 bytes to 0x1601/0: 00
joint2: writing 4 bytes to 0x1601/1: 20 00 7A 60
joint2: writing 4 bytes to 0x1601/2: 20 00 FF 60
joint2: writing 1 bytes to 0x1601/0: 02
joint2: writing 4 bytes to 0x1401/1: 03 03 00 00
joint2: writing 4 bytes to 0x1800/1: 83 01 00 80
joint2: writing 1 bytes to 0x1800/2: 01
joint2: writing 1 bytes to 0x1A00/0: 00
joint2: writing 4 bytes to 0x1A00/1: 10 00 41 60
joint2: writing 4 bytes to 0x1A00/2: 08 00 61 60
joint2: writing 1 bytes to 0x1A00/0: 02
joint2: writing 4 bytes to 0x1800/1: 83 01 00 00
joint2: writing 4 bytes to 0x1801/1: 83 02 00 80
joint2: writing 1 bytes to 0x1801/2: 01
joint2: writing 1 bytes to 0x1A01/0: 00
joint2: writing 4 bytes to 0x1A01/1: 20 00 64 60
joint2: writing 4 bytes to 0x1A01/2: 20 00 6C 60
joint2: writing 1 bytes to 0x1A01/0: 02
joint2: writing 4 bytes to 0x1801/1: 83 02 00 00
joint2: writing 4 bytes to 0x1802/1: 83 03 00 80
joint2: writing 1 bytes to 0x1802/2: 01
joint2: writing 1 bytes to 0x1A02/0: 00
joint2: writing 4 bytes to 0x1A02/1: 10 00 3F 60
joint2: writing 1 bytes to 0x1A02/0: 01
joint2: writing 4 bytes to 0x1802/1: 83 03 00 00
joint2: writing 2 bytes to 0x6040/0: 80 00
joint2: writing 4 bytes to 0x6083/0: A0 86 01 00
joint2: writing 4 bytes to 0x6084/0: A0 86 01 00
[ 50%] Built target robot_control
[100%] [32m[1mLinking CXX executable lidar_loc[0m
[100%] Built target lidar_loc
-- Install configuration: ""
-- Execute custom install script
-- Symlinking: /home/orangepi/Robot_Project/AMR_Robot/amr_robot/install/amr_reality_pkg/share/amr_reality_pkg/config/robot_control//cia402_slave.eds
-- Symlinking: /home/orangepi/Robot_Project/AMR_Robot/amr_robot/install/amr_reality_pkg/share/amr_reality_pkg/config/robot_control//ros2_controllers.yaml
-- Symlinking: /home/orangepi/Robot_Project/AMR_Robot/amr_robot/install/amr_reality_pkg/share/amr_reality_pkg/config/robot_control//bus.yml
-- Symlinking: /home/orangepi/Robot_Project/AMR_Robot/amr_robot/install/amr_reality_pkg/share/amr_reality_pkg/config/robot_control//joint1.bin
-- Symlinking: /home/orangepi/Robot_Project/AMR_Robot/amr_robot/install/amr_reality_pkg/share/amr_reality_pkg/config/robot_control//joint2.bin
-- Symlinking: /home/orangepi/Robot_Project/AMR_Robot/amr_robot/install/amr_reality_pkg/share/amr_reality_pkg/config/robot_control//master.dcf
-- Symlinking: /home/orangepi/Robot_Project/AMR_Robot/amr_robot/install/amr_reality_pkg/share/amr_reality_pkg/config/robot_control//preprocessed_bus.yml
-- Symlinking: /home/orangepi/Robot_Project/AMR_Robot/amr_robot/install/amr_reality_pkg/share/amr_reality_pkg/launch/amr_reality.launch.py
-- Symlinking: /home/orangepi/Robot_Project/AMR_Robot/amr_robot/install/amr_reality_pkg/share/amr_reality_pkg/launch/localization_launch.py
-- Symlinking: /home/orangepi/Robot_Project/AMR_Robot/amr_robot/install/amr_reality_pkg/share/amr_reality_pkg/launch/navigation_launch.py
-- Symlinking: /home/orangepi/Robot_Project/AMR_Robot/amr_robot/install/amr_reality_pkg/share/amr_reality_pkg/launch/online_async_launch.py
-- Symlinking: /home/orangepi/Robot_Project/AMR_Robot/amr_robot/install/amr_reality_pkg/share/amr_reality_pkg/descriptions/meshes/Imu_Link.STL
-- Symlinking: /home/orangepi/Robot_Project/AMR_Robot/amr_robot/install/amr_reality_pkg/share/amr_reality_pkg/descriptions/meshes/Left_Link.STL
-- Symlinking: /home/orangepi/Robot_Project/AMR_Robot/amr_robot/install/amr_reality_pkg/share/amr_reality_pkg/descriptions/meshes/Lidar_Link.STL
-- Symlinking: /home/orangepi/Robot_Project/AMR_Robot/amr_robot/install/amr_reality_pkg/share/amr_reality_pkg/descriptions/meshes/Right_Link.STL
-- Symlinking: /home/orangepi/Robot_Project/AMR_Robot/amr_robot/install/amr_reality_pkg/share/amr_reality_pkg/descriptions/meshes/Yaw_Behind_Left_Link.STL
-- Symlinking: /home/orangepi/Robot_Project/AMR_Robot/amr_robot/install/amr_reality_pkg/share/amr_reality_pkg/descriptions/meshes/Yaw_Behind_Right_Link.STL
-- Symlinking: /home/orangepi/Robot_Project/AMR_Robot/amr_robot/install/amr_reality_pkg/share/amr_reality_pkg/descriptions/meshes/Yaw_Front_Left_Link.STL
-- Symlinking: /home/orangepi/Robot_Project/AMR_Robot/amr_robot/install/amr_reality_pkg/share/amr_reality_pkg/descriptions/meshes/Yaw_Front_Right_Link.STL
-- Symlinking: /home/orangepi/Robot_Project/AMR_Robot/amr_robot/install/amr_reality_pkg/share/amr_reality_pkg/descriptions/meshes/base_link.STL
-- Symlinking: /home/orangepi/Robot_Project/AMR_Robot/amr_robot/install/amr_reality_pkg/share/amr_reality_pkg/descriptions/urdf/AMR1-00-Khung (1).SLDASM.urdf
-- Symlinking: /home/orangepi/Robot_Project/AMR_Robot/amr_robot/install/amr_reality_pkg/share/amr_reality_pkg/descriptions/urdf/robot.urdf.xacro
-- Symlinking: /home/orangepi/Robot_Project/AMR_Robot/amr_robot/install/amr_reality_pkg/share/amr_reality_pkg/descriptions/urdf/robot_controller/robot_controller.ros2_control.xacro
-- Symlinking: /home/orangepi/Robot_Project/AMR_Robot/amr_robot/install/amr_reality_pkg/share/amr_reality_pkg/descriptions/urdf/robot_controller/robot_controller.urdf.xacro
-- Symlinking: /home/orangepi/Robot_Project/AMR_Robot/amr_robot/install/amr_reality_pkg/share/amr_reality_pkg/config/ekf.yaml
-- Symlinking: /home/orangepi/Robot_Project/AMR_Robot/amr_robot/install/amr_reality_pkg/share/amr_reality_pkg/config/twist_mux.yaml
-- Symlinking: /home/orangepi/Robot_Project/AMR_Robot/amr_robot/install/amr_reality_pkg/share/amr_reality_pkg/config/laser_filter.yaml
-- Symlinking: /home/orangepi/Robot_Project/AMR_Robot/amr_robot/install/amr_reality_pkg/share/amr_reality_pkg/config/nav2_params.yaml
-- Symlinking: /home/orangepi/Robot_Project/AMR_Robot/amr_robot/install/amr_reality_pkg/share/amr_reality_pkg/config/mapper_params_online_async.yaml
-- Symlinking: /home/orangepi/Robot_Project/AMR_Robot/amr_robot/install/amr_reality_pkg/lib/amr_reality_pkg/ps4_teleop_node.py
-- Symlinking: /home/orangepi/Robot_Project/AMR_Robot/amr_robot/install/amr_reality_pkg/lib/amr_reality_pkg/imu_tl740D.py
-- Symlinking: /home/orangepi/Robot_Project/AMR_Robot/amr_robot/install/amr_reality_pkg/lib/amr_reality_pkg/cov_odom_scan.py
-- Symlinking: /home/orangepi/Robot_Project/AMR_Robot/amr_robot/install/amr_reality_pkg/lib/amr_reality_pkg/lidar_loc
-- Symlinking: /home/orangepi/Robot_Project/AMR_Robot/amr_robot/install/amr_reality_pkg/share/ament_index/resource_index/package_run_dependencies/amr_reality_pkg
-- Symlinking: /home/orangepi/Robot_Project/AMR_Robot/amr_robot/install/amr_reality_pkg/share/ament_index/resource_index/parent_prefix_path/amr_reality_pkg
-- Symlinking: /home/orangepi/Robot_Project/AMR_Robot/amr_robot/install/amr_reality_pkg/share/amr_reality_pkg/environment/ament_prefix_path.sh
-- Symlinking: /home/orangepi/Robot_Project/AMR_Robot/amr_robot/install/amr_reality_pkg/share/amr_reality_pkg/environment/ament_prefix_path.dsv
-- Symlinking: /home/orangepi/Robot_Project/AMR_Robot/amr_robot/install/amr_reality_pkg/share/amr_reality_pkg/environment/path.sh
-- Symlinking: /home/orangepi/Robot_Project/AMR_Robot/amr_robot/install/amr_reality_pkg/share/amr_reality_pkg/environment/path.dsv
-- Symlinking: /home/orangepi/Robot_Project/AMR_Robot/amr_robot/install/amr_reality_pkg/share/amr_reality_pkg/local_setup.bash
-- Symlinking: /home/orangepi/Robot_Project/AMR_Robot/amr_robot/install/amr_reality_pkg/share/amr_reality_pkg/local_setup.sh
-- Symlinking: /home/orangepi/Robot_Project/AMR_Robot/amr_robot/install/amr_reality_pkg/share/amr_reality_pkg/local_setup.zsh
-- Symlinking: /home/orangepi/Robot_Project/AMR_Robot/amr_robot/install/amr_reality_pkg/share/amr_reality_pkg/local_setup.dsv
-- Symlinking: /home/orangepi/Robot_Project/AMR_Robot/amr_robot/install/amr_reality_pkg/share/amr_reality_pkg/package.dsv
-- Symlinking: /home/orangepi/Robot_Project/AMR_Robot/amr_robot/install/amr_reality_pkg/share/ament_index/resource_index/packages/amr_reality_pkg
-- Symlinking: /home/orangepi/Robot_Project/AMR_Robot/amr_robot/install/amr_reality_pkg/share/amr_reality_pkg/cmake/amr_reality_pkgConfig.cmake
-- Symlinking: /home/orangepi/Robot_Project/AMR_Robot/amr_robot/install/amr_reality_pkg/share/amr_reality_pkg/cmake/amr_reality_pkgConfig-version.cmake
-- Symlinking: /home/orangepi/Robot_Project/AMR_Robot/amr_robot/install/amr_reality_pkg/share/amr_reality_pkg/package.xml
