[0.048s] Invoking command in '/home/orangepi/Robot_Project/AMR_Robot/amr_robot/build/amr_reality_pkg': CMAKE_PREFIX_PATH=${CMAKE_PREFIX_PATH}:/opt/ros/humble /usr/bin/cmake /home/orangepi/Robot_Project/AMR_Robot/amr_robot/src/amr_reality_pkg -DAMENT_CMAKE_SYMLINK_INSTALL=1 -DCMAKE_INSTALL_PREFIX=/home/orangepi/Robot_Project/AMR_Robot/amr_robot/install/amr_reality_pkg
[0.320s] -- The C compiler identification is GNU 11.4.0
[0.551s] -- The CXX compiler identification is GNU 11.4.0
[0.618s] -- Detecting C compiler ABI info
[0.850s] -- Detecting C compiler ABI info - done
[0.869s] -- Check for working C compiler: /usr/bin/cc - skipped
[0.869s] -- Detecting C compile features
[0.870s] -- Detecting C compile features - done
[0.878s] -- Detecting CXX compiler ABI info
[1.166s] -- Detecting CXX compiler ABI info - done
[1.209s] -- Check for working CXX compiler: /usr/bin/c++ - skipped
[1.212s] -- Detecting CXX compile features
[1.216s] -- Detecting CXX compile features - done
[1.227s] -- Found ament_cmake: 1.3.14 (/opt/ros/humble/share/ament_cmake/cmake)
[1.656s] -- Found Python3: /usr/bin/python3 (found version "3.10.12") found components: Interpreter 
[1.853s] -- Override CMake install command with custom implementation using symlinks instead of copying resources
[2.102s] -- Found rclcpp: 16.0.19 (/opt/ros/humble/share/rclcpp/cmake)
[2.218s] -- Found rosidl_generator_c: 3.1.9 (/opt/ros/humble/share/rosidl_generator_c/cmake)
[2.231s] -- Found rosidl_adapter: 3.1.9 (/opt/ros/humble/share/rosidl_adapter/cmake)
[2.252s] -- Found rosidl_generator_cpp: 3.1.9 (/opt/ros/humble/share/rosidl_generator_cpp/cmake)
[2.282s] -- Using all available rosidl_typesupport_c: rosidl_typesupport_fastrtps_c;rosidl_typesupport_introspection_c
[2.322s] -- Using all available rosidl_typesupport_cpp: rosidl_typesupport_fastrtps_cpp;rosidl_typesupport_introspection_cpp
[2.434s] -- Found rmw_implementation_cmake: 6.1.3 (/opt/ros/humble/share/rmw_implementation_cmake/cmake)
[2.440s] -- Found rmw_fastrtps_cpp: 6.2.10 (/opt/ros/humble/share/rmw_fastrtps_cpp/cmake)
[2.704s] -- Found OpenSSL: /usr/lib/aarch64-linux-gnu/libcrypto.so (found version "3.0.2")  
[2.786s] -- Found FastRTPS: /opt/ros/humble/include  
[2.881s] -- Using RMW implementation 'rmw_fastrtps_cpp' as default
[2.901s] -- Looking for pthread.h
[3.171s] -- Looking for pthread.h - found
[3.173s] -- Performing Test CMAKE_HAVE_LIBC_PTHREAD
[3.436s] -- Performing Test CMAKE_HAVE_LIBC_PTHREAD - Success
[3.439s] -- Found Threads: TRUE  
[3.609s] -- Found canopen_core: 0.2.13 (/opt/ros/humble/share/canopen_core/cmake)
[3.664s] -- Found Boost: /usr/lib/aarch64-linux-gnu/cmake/Boost-1.74.0/BoostConfig.cmake (found version "1.74.0") found components: system thread 
[3.857s] -- Found canopen_base_driver: 0.2.13 (/opt/ros/humble/share/canopen_base_driver/cmake)
[3.968s] -- Found canopen_proxy_driver: 0.2.13 (/opt/ros/humble/share/canopen_proxy_driver/cmake)
[3.996s] -- Found ament_lint_auto: 0.12.15 (/opt/ros/humble/share/ament_lint_auto/cmake)
[4.238s] -- Added test 'flake8' to check Python code syntax and style conventions
[4.241s] -- Added test 'lint_cmake' to check CMake code style
[4.242s] -- Added test 'pep257' to check Python code against some of the docstring style conventions in PEP 257
[4.248s] -- Added test 'xmllint' to check XML markup files
[4.253s] -- Configuring done
[4.269s] -- Generating done
[4.277s] -- Build files have been written to: /home/orangepi/Robot_Project/AMR_Robot/amr_robot/build/amr_reality_pkg
[4.302s] Invoked command in '/home/orangepi/Robot_Project/AMR_Robot/amr_robot/build/amr_reality_pkg' returned '0': CMAKE_PREFIX_PATH=${CMAKE_PREFIX_PATH}:/opt/ros/humble /usr/bin/cmake /home/orangepi/Robot_Project/AMR_Robot/amr_robot/src/amr_reality_pkg -DAMENT_CMAKE_SYMLINK_INSTALL=1 -DCMAKE_INSTALL_PREFIX=/home/orangepi/Robot_Project/AMR_Robot/amr_robot/install/amr_reality_pkg
[4.307s] Invoking command in '/home/orangepi/Robot_Project/AMR_Robot/amr_robot/build/amr_reality_pkg': CMAKE_PREFIX_PATH=${CMAKE_PREFIX_PATH}:/opt/ros/humble /usr/bin/cmake --build /home/orangepi/Robot_Project/AMR_Robot/amr_robot/build/amr_reality_pkg -- -j8 -l8
[4.624s] Built target robot_control_prepare
[16.274s] joint1: writing 4 bytes to 0x1400/1: 02 02 00 80
[16.275s] joint1: writing 1 bytes to 0x1400/2: 01
[16.275s] joint1: writing 1 bytes to 0x1600/0: 00
[16.276s] joint1: writing 4 bytes to 0x1600/1: 10 00 40 60
[16.276s] joint1: writing 4 bytes to 0x1600/2: 08 00 60 60
[16.277s] joint1: writing 1 bytes to 0x1600/0: 02
[16.278s] joint1: writing 4 bytes to 0x1400/1: 02 02 00 00
[16.279s] joint1: writing 4 bytes to 0x1401/1: 02 03 00 80
[16.280s] joint1: writing 1 bytes to 0x1401/2: 01
[16.280s] joint1: writing 1 bytes to 0x1601/0: 00
[16.280s] joint1: writing 4 bytes to 0x1601/1: 20 00 7A 60
[16.281s] joint1: writing 4 bytes to 0x1601/2: 20 00 FF 60
[16.281s] joint1: writing 1 bytes to 0x1601/0: 02
[16.282s] joint1: writing 4 bytes to 0x1401/1: 02 03 00 00
[16.282s] joint1: writing 4 bytes to 0x1800/1: 82 01 00 80
[16.282s] joint1: writing 1 bytes to 0x1800/2: 01
[16.283s] joint1: writing 1 bytes to 0x1A00/0: 00
[16.283s] joint1: writing 4 bytes to 0x1A00/1: 10 00 41 60
[16.283s] joint1: writing 4 bytes to 0x1A00/2: 08 00 61 60
[16.284s] joint1: writing 1 bytes to 0x1A00/0: 02
[16.284s] joint1: writing 4 bytes to 0x1800/1: 82 01 00 00
[16.284s] joint1: writing 4 bytes to 0x1801/1: 82 02 00 80
[16.285s] joint1: writing 1 bytes to 0x1801/2: 01
[16.285s] joint1: writing 1 bytes to 0x1A01/0: 00
[16.286s] joint1: writing 4 bytes to 0x1A01/1: 20 00 64 60
[16.286s] joint1: writing 4 bytes to 0x1A01/2: 20 00 6C 60
[16.286s] joint1: writing 1 bytes to 0x1A01/0: 02
[16.287s] joint1: writing 4 bytes to 0x1801/1: 82 02 00 00
[16.287s] joint1: writing 4 bytes to 0x1802/1: 82 03 00 80
[16.287s] joint1: writing 1 bytes to 0x1802/2: 01
[16.288s] joint1: writing 1 bytes to 0x1A02/0: 00
[16.288s] joint1: writing 4 bytes to 0x1A02/1: 10 00 3F 60
[16.288s] joint1: writing 1 bytes to 0x1A02/0: 01
[16.289s] joint1: writing 4 bytes to 0x1802/1: 82 03 00 00
[16.289s] joint1: writing 4 bytes to 0x6083/0: A0 86 01 00
[16.290s] joint1: writing 4 bytes to 0x6084/0: A0 86 01 00
[16.290s] joint2: writing 4 bytes to 0x1400/1: 03 02 00 80
[16.290s] joint2: writing 1 bytes to 0x1400/2: 01
[16.291s] joint2: writing 1 bytes to 0x1600/0: 00
[16.291s] joint2: writing 4 bytes to 0x1600/1: 10 00 40 60
[16.291s] joint2: writing 4 bytes to 0x1600/2: 08 00 60 60
[16.292s] joint2: writing 1 bytes to 0x1600/0: 02
[16.292s] joint2: writing 4 bytes to 0x1400/1: 03 02 00 00
[16.292s] joint2: writing 4 bytes to 0x1401/1: 03 03 00 80
[16.293s] joint2: writing 1 bytes to 0x1401/2: 01
[16.293s] joint2: writing 1 bytes to 0x1601/0: 00
[16.307s] joint2: writing 4 bytes to 0x1601/1: 20 00 7A 60
[16.308s] joint2: writing 4 bytes to 0x1601/2: 20 00 FF 60
[16.309s] joint2: writing 1 bytes to 0x1601/0: 02
[16.309s] joint2: writing 4 bytes to 0x1401/1: 03 03 00 00
[16.310s] joint2: writing 4 bytes to 0x1800/1: 83 01 00 80
[16.310s] joint2: writing 1 bytes to 0x1800/2: 01
[16.311s] joint2: writing 1 bytes to 0x1A00/0: 00
[16.311s] joint2: writing 4 bytes to 0x1A00/1: 10 00 41 60
[16.312s] joint2: writing 4 bytes to 0x1A00/2: 08 00 61 60
[16.312s] joint2: writing 1 bytes to 0x1A00/0: 02
[16.312s] joint2: writing 4 bytes to 0x1800/1: 83 01 00 00
[16.313s] joint2: writing 4 bytes to 0x1801/1: 83 02 00 80
[16.313s] joint2: writing 1 bytes to 0x1801/2: 01
[16.314s] joint2: writing 1 bytes to 0x1A01/0: 00
[16.314s] joint2: writing 4 bytes to 0x1A01/1: 20 00 64 60
[16.314s] joint2: writing 4 bytes to 0x1A01/2: 20 00 6C 60
[16.315s] joint2: writing 1 bytes to 0x1A01/0: 02
[16.315s] joint2: writing 4 bytes to 0x1801/1: 83 02 00 00
[16.315s] joint2: writing 4 bytes to 0x1802/1: 83 03 00 80
[16.316s] joint2: writing 1 bytes to 0x1802/2: 01
[16.316s] joint2: writing 1 bytes to 0x1A02/0: 00
[16.317s] joint2: writing 4 bytes to 0x1A02/1: 10 00 3F 60
[16.317s] joint2: writing 1 bytes to 0x1A02/0: 01
[16.317s] joint2: writing 4 bytes to 0x1802/1: 83 03 00 00
[16.318s] joint2: writing 4 bytes to 0x6083/0: A0 86 01 00
[16.318s] joint2: writing 4 bytes to 0x6084/0: A0 86 01 00
[19.019s] Built target robot_control
[19.129s] Invoked command in '/home/orangepi/Robot_Project/AMR_Robot/amr_robot/build/amr_reality_pkg' returned '0': CMAKE_PREFIX_PATH=${CMAKE_PREFIX_PATH}:/opt/ros/humble /usr/bin/cmake --build /home/orangepi/Robot_Project/AMR_Robot/amr_robot/build/amr_reality_pkg -- -j8 -l8
[19.150s] Invoking command in '/home/orangepi/Robot_Project/AMR_Robot/amr_robot/build/amr_reality_pkg': CMAKE_PREFIX_PATH=${CMAKE_PREFIX_PATH}:/opt/ros/humble /usr/bin/cmake --install /home/orangepi/Robot_Project/AMR_Robot/amr_robot/build/amr_reality_pkg
[19.201s] -- Install configuration: ""
[19.203s] -- Execute custom install script
[19.206s] -- Symlinking: /home/orangepi/Robot_Project/AMR_Robot/amr_robot/install/amr_reality_pkg/share/amr_reality_pkg/config/robot_control//cia402_slave.eds
[19.271s] -- Symlinking: /home/orangepi/Robot_Project/AMR_Robot/amr_robot/install/amr_reality_pkg/share/amr_reality_pkg/config/robot_control//ros2_controllers.yaml
[19.342s] -- Symlinking: /home/orangepi/Robot_Project/AMR_Robot/amr_robot/install/amr_reality_pkg/share/amr_reality_pkg/config/robot_control//bus.yml
[19.426s] -- Symlinking: /home/orangepi/Robot_Project/AMR_Robot/amr_robot/install/amr_reality_pkg/share/amr_reality_pkg/config/robot_control//joint1.bin
[19.505s] -- Symlinking: /home/orangepi/Robot_Project/AMR_Robot/amr_robot/install/amr_reality_pkg/share/amr_reality_pkg/config/robot_control//joint2.bin
[19.572s] -- Symlinking: /home/orangepi/Robot_Project/AMR_Robot/amr_robot/install/amr_reality_pkg/share/amr_reality_pkg/config/robot_control//master.dcf
[19.628s] -- Symlinking: /home/orangepi/Robot_Project/AMR_Robot/amr_robot/install/amr_reality_pkg/share/amr_reality_pkg/config/robot_control//preprocessed_bus.yml
[19.701s] -- Symlinking: /home/orangepi/Robot_Project/AMR_Robot/amr_robot/install/amr_reality_pkg/share/amr_reality_pkg/launch/amr_reality.launch.py
[19.773s] -- Symlinking: /home/orangepi/Robot_Project/AMR_Robot/amr_robot/install/amr_reality_pkg/share/amr_reality_pkg/launch/localization_launch.py
[19.842s] -- Symlinking: /home/orangepi/Robot_Project/AMR_Robot/amr_robot/install/amr_reality_pkg/share/amr_reality_pkg/launch/navigation_launch.py
[19.886s] -- Symlinking: /home/orangepi/Robot_Project/AMR_Robot/amr_robot/install/amr_reality_pkg/share/amr_reality_pkg/launch/online_async_launch.py
[19.956s] -- Symlinking: /home/orangepi/Robot_Project/AMR_Robot/amr_robot/install/amr_reality_pkg/share/amr_reality_pkg/descriptions/meshes/Imu_Link.STL
[20.026s] -- Symlinking: /home/orangepi/Robot_Project/AMR_Robot/amr_robot/install/amr_reality_pkg/share/amr_reality_pkg/descriptions/meshes/Left_Link.STL
[20.062s] -- Symlinking: /home/orangepi/Robot_Project/AMR_Robot/amr_robot/install/amr_reality_pkg/share/amr_reality_pkg/descriptions/meshes/Lidar_Link.STL
[20.095s] -- Symlinking: /home/orangepi/Robot_Project/AMR_Robot/amr_robot/install/amr_reality_pkg/share/amr_reality_pkg/descriptions/meshes/Right_Link.STL
[20.126s] -- Symlinking: /home/orangepi/Robot_Project/AMR_Robot/amr_robot/install/amr_reality_pkg/share/amr_reality_pkg/descriptions/meshes/Yaw_Behind_Left_Link.STL
[20.179s] -- Symlinking: /home/orangepi/Robot_Project/AMR_Robot/amr_robot/install/amr_reality_pkg/share/amr_reality_pkg/descriptions/meshes/Yaw_Behind_Right_Link.STL
[20.249s] -- Symlinking: /home/orangepi/Robot_Project/AMR_Robot/amr_robot/install/amr_reality_pkg/share/amr_reality_pkg/descriptions/meshes/Yaw_Front_Left_Link.STL
[20.319s] -- Symlinking: /home/orangepi/Robot_Project/AMR_Robot/amr_robot/install/amr_reality_pkg/share/amr_reality_pkg/descriptions/meshes/Yaw_Front_Right_Link.STL
[20.392s] -- Symlinking: /home/orangepi/Robot_Project/AMR_Robot/amr_robot/install/amr_reality_pkg/share/amr_reality_pkg/descriptions/meshes/base_link.STL
[20.459s] -- Symlinking: /home/orangepi/Robot_Project/AMR_Robot/amr_robot/install/amr_reality_pkg/share/amr_reality_pkg/descriptions/urdf/AMR1-00-Khung (1).SLDASM.urdf
[20.512s] -- Symlinking: /home/orangepi/Robot_Project/AMR_Robot/amr_robot/install/amr_reality_pkg/share/amr_reality_pkg/descriptions/urdf/robot.urdf.xacro
[20.544s] -- Symlinking: /home/orangepi/Robot_Project/AMR_Robot/amr_robot/install/amr_reality_pkg/share/amr_reality_pkg/descriptions/urdf/robot_controller/robot_controller.ros2_control.xacro
[20.575s] -- Symlinking: /home/orangepi/Robot_Project/AMR_Robot/amr_robot/install/amr_reality_pkg/share/amr_reality_pkg/descriptions/urdf/robot_controller/robot_controller.urdf.xacro
[20.610s] -- Symlinking: /home/orangepi/Robot_Project/AMR_Robot/amr_robot/install/amr_reality_pkg/share/amr_reality_pkg/config/ekf.yaml
[20.639s] -- Symlinking: /home/orangepi/Robot_Project/AMR_Robot/amr_robot/install/amr_reality_pkg/share/amr_reality_pkg/config/twist_mux.yaml
[20.690s] -- Symlinking: /home/orangepi/Robot_Project/AMR_Robot/amr_robot/install/amr_reality_pkg/share/amr_reality_pkg/config/laser_filter.yaml
[20.722s] -- Symlinking: /home/orangepi/Robot_Project/AMR_Robot/amr_robot/install/amr_reality_pkg/share/amr_reality_pkg/config/nav2_params.yaml
[20.753s] -- Symlinking: /home/orangepi/Robot_Project/AMR_Robot/amr_robot/install/amr_reality_pkg/share/amr_reality_pkg/config/mapper_params_online_async.yaml
[20.784s] -- Symlinking: /home/orangepi/Robot_Project/AMR_Robot/amr_robot/install/amr_reality_pkg/lib/amr_reality_pkg/ps4_teleop_node.py
[20.817s] -- Symlinking: /home/orangepi/Robot_Project/AMR_Robot/amr_robot/install/amr_reality_pkg/lib/amr_reality_pkg/imu_tl740D.py
[20.848s] -- Symlinking: /home/orangepi/Robot_Project/AMR_Robot/amr_robot/install/amr_reality_pkg/lib/amr_reality_pkg/cov_odom_scan.py
[20.879s] -- Symlinking: /home/orangepi/Robot_Project/AMR_Robot/amr_robot/install/amr_reality_pkg/share/ament_index/resource_index/package_run_dependencies/amr_reality_pkg
[20.911s] -- Symlinking: /home/orangepi/Robot_Project/AMR_Robot/amr_robot/install/amr_reality_pkg/share/ament_index/resource_index/parent_prefix_path/amr_reality_pkg
[20.942s] -- Symlinking: /home/orangepi/Robot_Project/AMR_Robot/amr_robot/install/amr_reality_pkg/share/amr_reality_pkg/environment/ament_prefix_path.sh
[20.973s] -- Symlinking: /home/orangepi/Robot_Project/AMR_Robot/amr_robot/install/amr_reality_pkg/share/amr_reality_pkg/environment/ament_prefix_path.dsv
[21.004s] -- Symlinking: /home/orangepi/Robot_Project/AMR_Robot/amr_robot/install/amr_reality_pkg/share/amr_reality_pkg/environment/path.sh
[21.036s] -- Symlinking: /home/orangepi/Robot_Project/AMR_Robot/amr_robot/install/amr_reality_pkg/share/amr_reality_pkg/environment/path.dsv
[21.067s] -- Symlinking: /home/orangepi/Robot_Project/AMR_Robot/amr_robot/install/amr_reality_pkg/share/amr_reality_pkg/local_setup.bash
[21.098s] -- Symlinking: /home/orangepi/Robot_Project/AMR_Robot/amr_robot/install/amr_reality_pkg/share/amr_reality_pkg/local_setup.sh
[21.132s] -- Symlinking: /home/orangepi/Robot_Project/AMR_Robot/amr_robot/install/amr_reality_pkg/share/amr_reality_pkg/local_setup.zsh
[21.163s] -- Symlinking: /home/orangepi/Robot_Project/AMR_Robot/amr_robot/install/amr_reality_pkg/share/amr_reality_pkg/local_setup.dsv
[21.194s] -- Symlinking: /home/orangepi/Robot_Project/AMR_Robot/amr_robot/install/amr_reality_pkg/share/amr_reality_pkg/package.dsv
[21.226s] -- Symlinking: /home/orangepi/Robot_Project/AMR_Robot/amr_robot/install/amr_reality_pkg/share/ament_index/resource_index/packages/amr_reality_pkg
[21.258s] -- Symlinking: /home/orangepi/Robot_Project/AMR_Robot/amr_robot/install/amr_reality_pkg/share/amr_reality_pkg/cmake/amr_reality_pkgConfig.cmake
[21.290s] -- Symlinking: /home/orangepi/Robot_Project/AMR_Robot/amr_robot/install/amr_reality_pkg/share/amr_reality_pkg/cmake/amr_reality_pkgConfig-version.cmake
[21.323s] -- Symlinking: /home/orangepi/Robot_Project/AMR_Robot/amr_robot/install/amr_reality_pkg/share/amr_reality_pkg/package.xml
[21.369s] Invoked command in '/home/orangepi/Robot_Project/AMR_Robot/amr_robot/build/amr_reality_pkg' returned '0': CMAKE_PREFIX_PATH=${CMAKE_PREFIX_PATH}:/opt/ros/humble /usr/bin/cmake --install /home/orangepi/Robot_Project/AMR_Robot/amr_robot/build/amr_reality_pkg
