[0.098s] DEBUG:colcon:Command line arguments: ['/usr/bin/colcon', 'build', '--symlink-install']
[0.098s] DEBUG:colcon:Parsed command line arguments: Namespace(log_base=None, log_level=None, verb_name='build', build_base='build', install_base='install', merge_install=False, symlink_install=True, test_result_base=None, continue_on_error=False, executor='parallel', parallel_workers=15, event_handlers=None, ignore_user_meta=False, metas=['./colcon.meta'], base_paths=['.'], packages_ignore=None, packages_ignore_regex=None, paths=None, packages_up_to=None, packages_up_to_regex=None, packages_above=None, packages_above_and_dependencies=None, packages_above_depth=None, packages_select_by_dep=None, packages_skip_by_dep=None, packages_skip_up_to=None, packages_select_build_failed=False, packages_skip_build_finished=False, packages_select_test_failures=False, packages_skip_test_passed=False, packages_select=None, packages_skip=None, packages_select_regex=None, packages_skip_regex=None, packages_start=None, packages_end=None, allow_overriding=[], cmake_args=None, cmake_target=None, cmake_target_skip_unavailable=False, cmake_clean_cache=False, cmake_clean_first=False, cmake_force_configure=False, ament_cmake_args=None, catkin_cmake_args=None, catkin_skip_building_tests=False, verb_parser=<colcon_defaults.argument_parser.defaults.DefaultArgumentsDecorator object at 0x7ed632bdeec0>, verb_extension=<colcon_core.verb.build.BuildVerb object at 0x7ed632bde980>, main=<bound method BuildVerb.main of <colcon_core.verb.build.BuildVerb object at 0x7ed632bde980>>)
[0.306s] Level 1:colcon.colcon_core.package_discovery:discover_packages(colcon_meta) check parameters
[0.306s] Level 1:colcon.colcon_core.package_discovery:discover_packages(recursive) check parameters
[0.306s] Level 1:colcon.colcon_core.package_discovery:discover_packages(ignore) check parameters
[0.306s] Level 1:colcon.colcon_core.package_discovery:discover_packages(path) check parameters
[0.306s] Level 1:colcon.colcon_core.package_discovery:discover_packages(colcon_meta) discover
[0.306s] Level 1:colcon.colcon_core.package_discovery:discover_packages(recursive) discover
[0.307s] INFO:colcon.colcon_core.package_discovery:Crawling recursively for packages in '/home/theanh/Robot_Project/AMR_Robot/amr1_ws'
[0.307s] Level 1:colcon.colcon_core.package_identification:_identify(.) by extensions ['ignore', 'ignore_ament_install']
[0.307s] Level 1:colcon.colcon_core.package_identification:_identify(.) by extension 'ignore'
[0.307s] Level 1:colcon.colcon_core.package_identification:_identify(.) by extension 'ignore_ament_install'
[0.307s] Level 1:colcon.colcon_core.package_identification:_identify(.) by extensions ['colcon_pkg']
[0.307s] Level 1:colcon.colcon_core.package_identification:_identify(.) by extension 'colcon_pkg'
[0.307s] Level 1:colcon.colcon_core.package_identification:_identify(.) by extensions ['colcon_meta']
[0.307s] Level 1:colcon.colcon_core.package_identification:_identify(.) by extension 'colcon_meta'
[0.307s] Level 1:colcon.colcon_core.package_identification:_identify(.) by extensions ['ros']
[0.307s] Level 1:colcon.colcon_core.package_identification:_identify(.) by extension 'ros'
[0.326s] Level 1:colcon.colcon_core.package_identification:_identify(.) by extensions ['cmake', 'python']
[0.326s] Level 1:colcon.colcon_core.package_identification:_identify(.) by extension 'cmake'
[0.326s] Level 1:colcon.colcon_core.package_identification:_identify(.) by extension 'python'
[0.326s] Level 1:colcon.colcon_core.package_identification:_identify(.) by extensions ['python_setup_py']
[0.326s] Level 1:colcon.colcon_core.package_identification:_identify(.) by extension 'python_setup_py'
[0.326s] Level 1:colcon.colcon_core.package_identification:_identify(build) by extensions ['ignore', 'ignore_ament_install']
[0.326s] Level 1:colcon.colcon_core.package_identification:_identify(build) by extension 'ignore'
[0.326s] Level 1:colcon.colcon_core.package_identification:_identify(build) ignored
[0.326s] Level 1:colcon.colcon_core.package_identification:_identify(install) by extensions ['ignore', 'ignore_ament_install']
[0.326s] Level 1:colcon.colcon_core.package_identification:_identify(install) by extension 'ignore'
[0.326s] Level 1:colcon.colcon_core.package_identification:_identify(install) ignored
[0.327s] Level 1:colcon.colcon_core.package_identification:_identify(log) by extensions ['ignore', 'ignore_ament_install']
[0.327s] Level 1:colcon.colcon_core.package_identification:_identify(log) by extension 'ignore'
[0.327s] Level 1:colcon.colcon_core.package_identification:_identify(log) ignored
[0.327s] Level 1:colcon.colcon_core.package_identification:_identify(src) by extensions ['ignore', 'ignore_ament_install']
[0.327s] Level 1:colcon.colcon_core.package_identification:_identify(src) by extension 'ignore'
[0.327s] Level 1:colcon.colcon_core.package_identification:_identify(src) by extension 'ignore_ament_install'
[0.327s] Level 1:colcon.colcon_core.package_identification:_identify(src) by extensions ['colcon_pkg']
[0.327s] Level 1:colcon.colcon_core.package_identification:_identify(src) by extension 'colcon_pkg'
[0.327s] Level 1:colcon.colcon_core.package_identification:_identify(src) by extensions ['colcon_meta']
[0.327s] Level 1:colcon.colcon_core.package_identification:_identify(src) by extension 'colcon_meta'
[0.327s] Level 1:colcon.colcon_core.package_identification:_identify(src) by extensions ['ros']
[0.327s] Level 1:colcon.colcon_core.package_identification:_identify(src) by extension 'ros'
[0.327s] Level 1:colcon.colcon_core.package_identification:_identify(src) by extensions ['cmake', 'python']
[0.327s] Level 1:colcon.colcon_core.package_identification:_identify(src) by extension 'cmake'
[0.327s] Level 1:colcon.colcon_core.package_identification:_identify(src) by extension 'python'
[0.327s] Level 1:colcon.colcon_core.package_identification:_identify(src) by extensions ['python_setup_py']
[0.327s] Level 1:colcon.colcon_core.package_identification:_identify(src) by extension 'python_setup_py'
[0.327s] Level 1:colcon.colcon_core.package_identification:_identify(src/amr_reality_pkg) by extensions ['ignore', 'ignore_ament_install']
[0.327s] Level 1:colcon.colcon_core.package_identification:_identify(src/amr_reality_pkg) by extension 'ignore'
[0.327s] Level 1:colcon.colcon_core.package_identification:_identify(src/amr_reality_pkg) by extension 'ignore_ament_install'
[0.328s] Level 1:colcon.colcon_core.package_identification:_identify(src/amr_reality_pkg) by extensions ['colcon_pkg']
[0.328s] Level 1:colcon.colcon_core.package_identification:_identify(src/amr_reality_pkg) by extension 'colcon_pkg'
[0.328s] Level 1:colcon.colcon_core.package_identification:_identify(src/amr_reality_pkg) by extensions ['colcon_meta']
[0.328s] Level 1:colcon.colcon_core.package_identification:_identify(src/amr_reality_pkg) by extension 'colcon_meta'
[0.328s] Level 1:colcon.colcon_core.package_identification:_identify(src/amr_reality_pkg) by extensions ['ros']
[0.328s] Level 1:colcon.colcon_core.package_identification:_identify(src/amr_reality_pkg) by extension 'ros'
[0.330s] DEBUG:colcon.colcon_core.package_identification:Package 'src/amr_reality_pkg' with type 'ros.ament_cmake' and name 'amr_reality_pkg'
[0.330s] Level 1:colcon.colcon_core.package_identification:_identify(src/amr_sim_pkg) by extensions ['ignore', 'ignore_ament_install']
[0.330s] Level 1:colcon.colcon_core.package_identification:_identify(src/amr_sim_pkg) by extension 'ignore'
[0.330s] Level 1:colcon.colcon_core.package_identification:_identify(src/amr_sim_pkg) by extension 'ignore_ament_install'
[0.330s] Level 1:colcon.colcon_core.package_identification:_identify(src/amr_sim_pkg) by extensions ['colcon_pkg']
[0.330s] Level 1:colcon.colcon_core.package_identification:_identify(src/amr_sim_pkg) by extension 'colcon_pkg'
[0.330s] Level 1:colcon.colcon_core.package_identification:_identify(src/amr_sim_pkg) by extensions ['colcon_meta']
[0.330s] Level 1:colcon.colcon_core.package_identification:_identify(src/amr_sim_pkg) by extension 'colcon_meta'
[0.330s] Level 1:colcon.colcon_core.package_identification:_identify(src/amr_sim_pkg) by extensions ['ros']
[0.330s] Level 1:colcon.colcon_core.package_identification:_identify(src/amr_sim_pkg) by extension 'ros'
[0.331s] DEBUG:colcon.colcon_core.package_identification:Package 'src/amr_sim_pkg' with type 'ros.ament_cmake' and name 'amr_sim_pkg'
[0.331s] Level 1:colcon.colcon_core.package_identification:_identify(src/laser_filters) by extensions ['ignore', 'ignore_ament_install']
[0.331s] Level 1:colcon.colcon_core.package_identification:_identify(src/laser_filters) by extension 'ignore'
[0.331s] Level 1:colcon.colcon_core.package_identification:_identify(src/laser_filters) by extension 'ignore_ament_install'
[0.331s] Level 1:colcon.colcon_core.package_identification:_identify(src/laser_filters) by extensions ['colcon_pkg']
[0.331s] Level 1:colcon.colcon_core.package_identification:_identify(src/laser_filters) by extension 'colcon_pkg'
[0.331s] Level 1:colcon.colcon_core.package_identification:_identify(src/laser_filters) by extensions ['colcon_meta']
[0.331s] Level 1:colcon.colcon_core.package_identification:_identify(src/laser_filters) by extension 'colcon_meta'
[0.331s] Level 1:colcon.colcon_core.package_identification:_identify(src/laser_filters) by extensions ['ros']
[0.331s] Level 1:colcon.colcon_core.package_identification:_identify(src/laser_filters) by extension 'ros'
[0.333s] DEBUG:colcon.colcon_core.package_identification:Package 'src/laser_filters' with type 'ros.ament_cmake' and name 'laser_filters'
[0.333s] Level 1:colcon.colcon_core.package_identification:_identify(src/sllidar_ros2) by extensions ['ignore', 'ignore_ament_install']
[0.333s] Level 1:colcon.colcon_core.package_identification:_identify(src/sllidar_ros2) by extension 'ignore'
[0.333s] Level 1:colcon.colcon_core.package_identification:_identify(src/sllidar_ros2) by extension 'ignore_ament_install'
[0.333s] Level 1:colcon.colcon_core.package_identification:_identify(src/sllidar_ros2) by extensions ['colcon_pkg']
[0.333s] Level 1:colcon.colcon_core.package_identification:_identify(src/sllidar_ros2) by extension 'colcon_pkg'
[0.333s] Level 1:colcon.colcon_core.package_identification:_identify(src/sllidar_ros2) by extensions ['colcon_meta']
[0.333s] Level 1:colcon.colcon_core.package_identification:_identify(src/sllidar_ros2) by extension 'colcon_meta'
[0.333s] Level 1:colcon.colcon_core.package_identification:_identify(src/sllidar_ros2) by extensions ['ros']
[0.333s] Level 1:colcon.colcon_core.package_identification:_identify(src/sllidar_ros2) by extension 'ros'
[0.334s] DEBUG:colcon.colcon_core.package_identification:Package 'src/sllidar_ros2' with type 'ros.ament_cmake' and name 'sllidar_ros2'
[0.334s] Level 1:colcon.colcon_core.package_discovery:discover_packages(recursive) using defaults
[0.334s] Level 1:colcon.colcon_core.package_discovery:discover_packages(ignore) discover
[0.334s] Level 1:colcon.colcon_core.package_discovery:discover_packages(ignore) using defaults
[0.334s] Level 1:colcon.colcon_core.package_discovery:discover_packages(path) discover
[0.334s] Level 1:colcon.colcon_core.package_discovery:discover_packages(path) using defaults
[0.352s] Level 1:colcon.colcon_core.package_discovery:discover_packages(prefix_path) check parameters
[0.352s] Level 1:colcon.colcon_core.package_discovery:discover_packages(prefix_path) discover
[0.353s] WARNING:colcon.colcon_ros.prefix_path.ament:The path '/home/theanh/Robot_Project/AMR_Robot/amr1_ws/install/sllidar_ros2' in the environment variable AMENT_PREFIX_PATH doesn't exist
[0.353s] WARNING:colcon.colcon_ros.prefix_path.ament:The path '/home/theanh/Robot_Project/AMR_Robot/amr1_ws/install/laser_filters' in the environment variable AMENT_PREFIX_PATH doesn't exist
[0.353s] WARNING:colcon.colcon_ros.prefix_path.ament:The path '/home/theanh/Robot_Project/AMR_Robot/amr1_ws/install/amr_sim_pkg' in the environment variable AMENT_PREFIX_PATH doesn't exist
[0.353s] WARNING:colcon.colcon_ros.prefix_path.ament:The path '/home/theanh/Robot_Project/AMR_Robot/amr1_ws/install/amr_reality_pkg' in the environment variable AMENT_PREFIX_PATH doesn't exist
[0.353s] WARNING:colcon.colcon_ros.prefix_path.catkin:The path '/home/theanh/Robot_Project/AMR_Robot/amr1_ws/install/sllidar_ros2' in the environment variable CMAKE_PREFIX_PATH doesn't exist
[0.354s] WARNING:colcon.colcon_ros.prefix_path.catkin:The path '/home/theanh/Robot_Project/AMR_Robot/amr1_ws/install/laser_filters' in the environment variable CMAKE_PREFIX_PATH doesn't exist
[0.354s] WARNING:colcon.colcon_ros.prefix_path.catkin:The path '/home/theanh/Robot_Project/AMR_Robot/amr1_ws/install/amr_sim_pkg' in the environment variable CMAKE_PREFIX_PATH doesn't exist
[0.354s] WARNING:colcon.colcon_ros.prefix_path.catkin:The path '/home/theanh/Robot_Project/AMR_Robot/amr1_ws/install/amr_reality_pkg' in the environment variable CMAKE_PREFIX_PATH doesn't exist
[0.354s] DEBUG:colcon.colcon_installed_package_information.package_discovery:Found 0 installed packages in /home/theanh/Robot_Project/AMR_Robot/amr1_ws/install
[0.355s] DEBUG:colcon.colcon_installed_package_information.package_discovery:Found 9 installed packages in /home/theanh/ros2_ws1/install
[0.355s] DEBUG:colcon.colcon_installed_package_information.package_discovery:Found 2 installed packages in /home/theanh/agv_test_ws/install
[0.358s] DEBUG:colcon.colcon_installed_package_information.package_discovery:Found 483 installed packages in /opt/ros/humble
[0.360s] Level 1:colcon.colcon_core.package_discovery:discover_packages(prefix_path) using defaults
[0.415s] Level 5:colcon.colcon_core.verb:set package 'amr_reality_pkg' build argument 'cmake_args' from command line to 'None'
[0.415s] Level 5:colcon.colcon_core.verb:set package 'amr_reality_pkg' build argument 'cmake_target' from command line to 'None'
[0.415s] Level 5:colcon.colcon_core.verb:set package 'amr_reality_pkg' build argument 'cmake_target_skip_unavailable' from command line to 'False'
[0.415s] Level 5:colcon.colcon_core.verb:set package 'amr_reality_pkg' build argument 'cmake_clean_cache' from command line to 'False'
[0.415s] Level 5:colcon.colcon_core.verb:set package 'amr_reality_pkg' build argument 'cmake_clean_first' from command line to 'False'
[0.415s] Level 5:colcon.colcon_core.verb:set package 'amr_reality_pkg' build argument 'cmake_force_configure' from command line to 'False'
[0.415s] Level 5:colcon.colcon_core.verb:set package 'amr_reality_pkg' build argument 'ament_cmake_args' from command line to 'None'
[0.415s] Level 5:colcon.colcon_core.verb:set package 'amr_reality_pkg' build argument 'catkin_cmake_args' from command line to 'None'
[0.416s] Level 5:colcon.colcon_core.verb:set package 'amr_reality_pkg' build argument 'catkin_skip_building_tests' from command line to 'False'
[0.416s] DEBUG:colcon.colcon_core.verb:Building package 'amr_reality_pkg' with the following arguments: {'ament_cmake_args': None, 'build_base': '/home/theanh/Robot_Project/AMR_Robot/amr1_ws/build/amr_reality_pkg', 'catkin_cmake_args': None, 'catkin_skip_building_tests': False, 'cmake_args': None, 'cmake_clean_cache': False, 'cmake_clean_first': False, 'cmake_force_configure': False, 'cmake_target': None, 'cmake_target_skip_unavailable': False, 'install_base': '/home/theanh/Robot_Project/AMR_Robot/amr1_ws/install/amr_reality_pkg', 'merge_install': False, 'path': '/home/theanh/Robot_Project/AMR_Robot/amr1_ws/src/amr_reality_pkg', 'symlink_install': True, 'test_result_base': None}
[0.416s] Level 5:colcon.colcon_core.verb:set package 'amr_sim_pkg' build argument 'cmake_args' from command line to 'None'
[0.416s] Level 5:colcon.colcon_core.verb:set package 'amr_sim_pkg' build argument 'cmake_target' from command line to 'None'
[0.416s] Level 5:colcon.colcon_core.verb:set package 'amr_sim_pkg' build argument 'cmake_target_skip_unavailable' from command line to 'False'
[0.416s] Level 5:colcon.colcon_core.verb:set package 'amr_sim_pkg' build argument 'cmake_clean_cache' from command line to 'False'
[0.416s] Level 5:colcon.colcon_core.verb:set package 'amr_sim_pkg' build argument 'cmake_clean_first' from command line to 'False'
[0.416s] Level 5:colcon.colcon_core.verb:set package 'amr_sim_pkg' build argument 'cmake_force_configure' from command line to 'False'
[0.416s] Level 5:colcon.colcon_core.verb:set package 'amr_sim_pkg' build argument 'ament_cmake_args' from command line to 'None'
[0.416s] Level 5:colcon.colcon_core.verb:set package 'amr_sim_pkg' build argument 'catkin_cmake_args' from command line to 'None'
[0.416s] Level 5:colcon.colcon_core.verb:set package 'amr_sim_pkg' build argument 'catkin_skip_building_tests' from command line to 'False'
[0.416s] DEBUG:colcon.colcon_core.verb:Building package 'amr_sim_pkg' with the following arguments: {'ament_cmake_args': None, 'build_base': '/home/theanh/Robot_Project/AMR_Robot/amr1_ws/build/amr_sim_pkg', 'catkin_cmake_args': None, 'catkin_skip_building_tests': False, 'cmake_args': None, 'cmake_clean_cache': False, 'cmake_clean_first': False, 'cmake_force_configure': False, 'cmake_target': None, 'cmake_target_skip_unavailable': False, 'install_base': '/home/theanh/Robot_Project/AMR_Robot/amr1_ws/install/amr_sim_pkg', 'merge_install': False, 'path': '/home/theanh/Robot_Project/AMR_Robot/amr1_ws/src/amr_sim_pkg', 'symlink_install': True, 'test_result_base': None}
[0.416s] Level 5:colcon.colcon_core.verb:set package 'laser_filters' build argument 'cmake_args' from command line to 'None'
[0.416s] Level 5:colcon.colcon_core.verb:set package 'laser_filters' build argument 'cmake_target' from command line to 'None'
[0.416s] Level 5:colcon.colcon_core.verb:set package 'laser_filters' build argument 'cmake_target_skip_unavailable' from command line to 'False'
[0.416s] Level 5:colcon.colcon_core.verb:set package 'laser_filters' build argument 'cmake_clean_cache' from command line to 'False'
[0.416s] Level 5:colcon.colcon_core.verb:set package 'laser_filters' build argument 'cmake_clean_first' from command line to 'False'
[0.416s] Level 5:colcon.colcon_core.verb:set package 'laser_filters' build argument 'cmake_force_configure' from command line to 'False'
[0.416s] Level 5:colcon.colcon_core.verb:set package 'laser_filters' build argument 'ament_cmake_args' from command line to 'None'
[0.416s] Level 5:colcon.colcon_core.verb:set package 'laser_filters' build argument 'catkin_cmake_args' from command line to 'None'
[0.416s] Level 5:colcon.colcon_core.verb:set package 'laser_filters' build argument 'catkin_skip_building_tests' from command line to 'False'
[0.416s] DEBUG:colcon.colcon_core.verb:Building package 'laser_filters' with the following arguments: {'ament_cmake_args': None, 'build_base': '/home/theanh/Robot_Project/AMR_Robot/amr1_ws/build/laser_filters', 'catkin_cmake_args': None, 'catkin_skip_building_tests': False, 'cmake_args': None, 'cmake_clean_cache': False, 'cmake_clean_first': False, 'cmake_force_configure': False, 'cmake_target': None, 'cmake_target_skip_unavailable': False, 'install_base': '/home/theanh/Robot_Project/AMR_Robot/amr1_ws/install/laser_filters', 'merge_install': False, 'path': '/home/theanh/Robot_Project/AMR_Robot/amr1_ws/src/laser_filters', 'symlink_install': True, 'test_result_base': None}
[0.417s] Level 5:colcon.colcon_core.verb:set package 'sllidar_ros2' build argument 'cmake_args' from command line to 'None'
[0.417s] Level 5:colcon.colcon_core.verb:set package 'sllidar_ros2' build argument 'cmake_target' from command line to 'None'
[0.417s] Level 5:colcon.colcon_core.verb:set package 'sllidar_ros2' build argument 'cmake_target_skip_unavailable' from command line to 'False'
[0.417s] Level 5:colcon.colcon_core.verb:set package 'sllidar_ros2' build argument 'cmake_clean_cache' from command line to 'False'
[0.417s] Level 5:colcon.colcon_core.verb:set package 'sllidar_ros2' build argument 'cmake_clean_first' from command line to 'False'
[0.417s] Level 5:colcon.colcon_core.verb:set package 'sllidar_ros2' build argument 'cmake_force_configure' from command line to 'False'
[0.417s] Level 5:colcon.colcon_core.verb:set package 'sllidar_ros2' build argument 'ament_cmake_args' from command line to 'None'
[0.417s] Level 5:colcon.colcon_core.verb:set package 'sllidar_ros2' build argument 'catkin_cmake_args' from command line to 'None'
[0.417s] Level 5:colcon.colcon_core.verb:set package 'sllidar_ros2' build argument 'catkin_skip_building_tests' from command line to 'False'
[0.417s] DEBUG:colcon.colcon_core.verb:Building package 'sllidar_ros2' with the following arguments: {'ament_cmake_args': None, 'build_base': '/home/theanh/Robot_Project/AMR_Robot/amr1_ws/build/sllidar_ros2', 'catkin_cmake_args': None, 'catkin_skip_building_tests': False, 'cmake_args': None, 'cmake_clean_cache': False, 'cmake_clean_first': False, 'cmake_force_configure': False, 'cmake_target': None, 'cmake_target_skip_unavailable': False, 'install_base': '/home/theanh/Robot_Project/AMR_Robot/amr1_ws/install/sllidar_ros2', 'merge_install': False, 'path': '/home/theanh/Robot_Project/AMR_Robot/amr1_ws/src/sllidar_ros2', 'symlink_install': True, 'test_result_base': None}
[0.417s] INFO:colcon.colcon_core.executor:Executing jobs using 'parallel' executor
[0.418s] DEBUG:colcon.colcon_parallel_executor.executor.parallel:run_until_complete
[0.418s] INFO:colcon.colcon_ros.task.ament_cmake.build:Building ROS package in '/home/theanh/Robot_Project/AMR_Robot/amr1_ws/src/amr_reality_pkg' with build type 'ament_cmake'
[0.418s] INFO:colcon.colcon_cmake.task.cmake.build:Building CMake package in '/home/theanh/Robot_Project/AMR_Robot/amr1_ws/src/amr_reality_pkg'
[0.420s] INFO:colcon.colcon_core.plugin_system:Skipping extension 'colcon_core.shell.bat': Not used on non-Windows systems
[0.420s] INFO:colcon.colcon_core.shell:Skip shell extension 'powershell' for command environment: Not usable outside of PowerShell
[0.420s] DEBUG:colcon.colcon_core.shell:Skip shell extension 'dsv' for command environment
[0.426s] INFO:colcon.colcon_ros.task.ament_cmake.build:Building ROS package in '/home/theanh/Robot_Project/AMR_Robot/amr1_ws/src/amr_sim_pkg' with build type 'ament_cmake'
[0.426s] INFO:colcon.colcon_cmake.task.cmake.build:Building CMake package in '/home/theanh/Robot_Project/AMR_Robot/amr1_ws/src/amr_sim_pkg'
[0.426s] INFO:colcon.colcon_core.shell:Skip shell extension 'powershell' for command environment: Not usable outside of PowerShell
[0.426s] DEBUG:colcon.colcon_core.shell:Skip shell extension 'dsv' for command environment
[0.431s] INFO:colcon.colcon_ros.task.ament_cmake.build:Building ROS package in '/home/theanh/Robot_Project/AMR_Robot/amr1_ws/src/laser_filters' with build type 'ament_cmake'
[0.431s] INFO:colcon.colcon_cmake.task.cmake.build:Building CMake package in '/home/theanh/Robot_Project/AMR_Robot/amr1_ws/src/laser_filters'
[0.431s] INFO:colcon.colcon_core.shell:Skip shell extension 'powershell' for command environment: Not usable outside of PowerShell
[0.432s] DEBUG:colcon.colcon_core.shell:Skip shell extension 'dsv' for command environment
[0.437s] INFO:colcon.colcon_ros.task.ament_cmake.build:Building ROS package in '/home/theanh/Robot_Project/AMR_Robot/amr1_ws/src/sllidar_ros2' with build type 'ament_cmake'
[0.437s] INFO:colcon.colcon_cmake.task.cmake.build:Building CMake package in '/home/theanh/Robot_Project/AMR_Robot/amr1_ws/src/sllidar_ros2'
[0.437s] INFO:colcon.colcon_core.shell:Skip shell extension 'powershell' for command environment: Not usable outside of PowerShell
[0.437s] DEBUG:colcon.colcon_core.shell:Skip shell extension 'dsv' for command environment
[0.444s] DEBUG:colcon.colcon_core.event_handler.log_command:Invoking command in '/home/theanh/Robot_Project/AMR_Robot/amr1_ws/build/amr_reality_pkg': CMAKE_PREFIX_PATH=${CMAKE_PREFIX_PATH}:/opt/ros/humble /usr/bin/cmake /home/theanh/Robot_Project/AMR_Robot/amr1_ws/src/amr_reality_pkg -DAMENT_CMAKE_SYMLINK_INSTALL=1 -DCMAKE_INSTALL_PREFIX=/home/theanh/Robot_Project/AMR_Robot/amr1_ws/install/amr_reality_pkg
[0.448s] DEBUG:colcon.colcon_core.event_handler.log_command:Invoking command in '/home/theanh/Robot_Project/AMR_Robot/amr1_ws/build/amr_sim_pkg': CMAKE_PREFIX_PATH=${CMAKE_PREFIX_PATH}:/opt/ros/humble /usr/bin/cmake /home/theanh/Robot_Project/AMR_Robot/amr1_ws/src/amr_sim_pkg -DAMENT_CMAKE_SYMLINK_INSTALL=1 -DCMAKE_INSTALL_PREFIX=/home/theanh/Robot_Project/AMR_Robot/amr1_ws/install/amr_sim_pkg
[0.450s] DEBUG:colcon.colcon_core.event_handler.log_command:Invoking command in '/home/theanh/Robot_Project/AMR_Robot/amr1_ws/build/laser_filters': CMAKE_PREFIX_PATH=${CMAKE_PREFIX_PATH}:/opt/ros/humble /usr/bin/cmake /home/theanh/Robot_Project/AMR_Robot/amr1_ws/src/laser_filters -DAMENT_CMAKE_SYMLINK_INSTALL=1 -DCMAKE_INSTALL_PREFIX=/home/theanh/Robot_Project/AMR_Robot/amr1_ws/install/laser_filters
[0.453s] DEBUG:colcon.colcon_core.event_handler.log_command:Invoking command in '/home/theanh/Robot_Project/AMR_Robot/amr1_ws/build/sllidar_ros2': CMAKE_PREFIX_PATH=${CMAKE_PREFIX_PATH}:/opt/ros/humble /usr/bin/cmake /home/theanh/Robot_Project/AMR_Robot/amr1_ws/src/sllidar_ros2 -DAMENT_CMAKE_SYMLINK_INSTALL=1 -DCMAKE_INSTALL_PREFIX=/home/theanh/Robot_Project/AMR_Robot/amr1_ws/install/sllidar_ros2
[18.172s] DEBUG:colcon.colcon_core.event_handler.log_command:Invoked command in '/home/theanh/Robot_Project/AMR_Robot/amr1_ws/build/sllidar_ros2' returned '0': CMAKE_PREFIX_PATH=${CMAKE_PREFIX_PATH}:/opt/ros/humble /usr/bin/cmake /home/theanh/Robot_Project/AMR_Robot/amr1_ws/src/sllidar_ros2 -DAMENT_CMAKE_SYMLINK_INSTALL=1 -DCMAKE_INSTALL_PREFIX=/home/theanh/Robot_Project/AMR_Robot/amr1_ws/install/sllidar_ros2
[18.173s] DEBUG:colcon.colcon_core.event_handler.log_command:Invoking command in '/home/theanh/Robot_Project/AMR_Robot/amr1_ws/build/sllidar_ros2': CMAKE_PREFIX_PATH=${CMAKE_PREFIX_PATH}:/opt/ros/humble /usr/bin/cmake --build /home/theanh/Robot_Project/AMR_Robot/amr1_ws/build/sllidar_ros2 -- -j15 -l15
[19.899s] DEBUG:colcon.colcon_core.event_handler.log_command:Invoked command in '/home/theanh/Robot_Project/AMR_Robot/amr1_ws/build/amr_reality_pkg' returned '0': CMAKE_PREFIX_PATH=${CMAKE_PREFIX_PATH}:/opt/ros/humble /usr/bin/cmake /home/theanh/Robot_Project/AMR_Robot/amr1_ws/src/amr_reality_pkg -DAMENT_CMAKE_SYMLINK_INSTALL=1 -DCMAKE_INSTALL_PREFIX=/home/theanh/Robot_Project/AMR_Robot/amr1_ws/install/amr_reality_pkg
[19.900s] DEBUG:colcon.colcon_core.event_handler.log_command:Invoking command in '/home/theanh/Robot_Project/AMR_Robot/amr1_ws/build/amr_reality_pkg': CMAKE_PREFIX_PATH=${CMAKE_PREFIX_PATH}:/opt/ros/humble /usr/bin/cmake --build /home/theanh/Robot_Project/AMR_Robot/amr1_ws/build/amr_reality_pkg -- -j15 -l15
[20.570s] DEBUG:colcon.colcon_core.event_handler.log_command:Invoked command in '/home/theanh/Robot_Project/AMR_Robot/amr1_ws/build/amr_sim_pkg' returned '0': CMAKE_PREFIX_PATH=${CMAKE_PREFIX_PATH}:/opt/ros/humble /usr/bin/cmake /home/theanh/Robot_Project/AMR_Robot/amr1_ws/src/amr_sim_pkg -DAMENT_CMAKE_SYMLINK_INSTALL=1 -DCMAKE_INSTALL_PREFIX=/home/theanh/Robot_Project/AMR_Robot/amr1_ws/install/amr_sim_pkg
[20.572s] DEBUG:colcon.colcon_core.event_handler.log_command:Invoking command in '/home/theanh/Robot_Project/AMR_Robot/amr1_ws/build/amr_sim_pkg': CMAKE_PREFIX_PATH=${CMAKE_PREFIX_PATH}:/opt/ros/humble /usr/bin/cmake --build /home/theanh/Robot_Project/AMR_Robot/amr1_ws/build/amr_sim_pkg -- -j15 -l15
[20.625s] DEBUG:colcon.colcon_core.event_handler.log_command:Invoked command in '/home/theanh/Robot_Project/AMR_Robot/amr1_ws/build/amr_sim_pkg' returned '0': CMAKE_PREFIX_PATH=${CMAKE_PREFIX_PATH}:/opt/ros/humble /usr/bin/cmake --build /home/theanh/Robot_Project/AMR_Robot/amr1_ws/build/amr_sim_pkg -- -j15 -l15
[20.639s] DEBUG:colcon.colcon_core.event_handler.log_command:Invoking command in '/home/theanh/Robot_Project/AMR_Robot/amr1_ws/build/amr_sim_pkg': CMAKE_PREFIX_PATH=${CMAKE_PREFIX_PATH}:/opt/ros/humble /usr/bin/cmake --install /home/theanh/Robot_Project/AMR_Robot/amr1_ws/build/amr_sim_pkg
[21.016s] DEBUG:colcon.colcon_core.event_handler.log_command:Invoked command in '/home/theanh/Robot_Project/AMR_Robot/amr1_ws/build/amr_reality_pkg' returned '0': CMAKE_PREFIX_PATH=${CMAKE_PREFIX_PATH}:/opt/ros/humble /usr/bin/cmake --build /home/theanh/Robot_Project/AMR_Robot/amr1_ws/build/amr_reality_pkg -- -j15 -l15
[21.017s] DEBUG:colcon.colcon_core.event_handler.log_command:Invoking command in '/home/theanh/Robot_Project/AMR_Robot/amr1_ws/build/amr_reality_pkg': CMAKE_PREFIX_PATH=${CMAKE_PREFIX_PATH}:/opt/ros/humble /usr/bin/cmake --install /home/theanh/Robot_Project/AMR_Robot/amr1_ws/build/amr_reality_pkg
[21.030s] DEBUG:colcon.colcon_core.event_handler.log_command:Invoked command in '/home/theanh/Robot_Project/AMR_Robot/amr1_ws/build/laser_filters' returned '0': CMAKE_PREFIX_PATH=${CMAKE_PREFIX_PATH}:/opt/ros/humble /usr/bin/cmake /home/theanh/Robot_Project/AMR_Robot/amr1_ws/src/laser_filters -DAMENT_CMAKE_SYMLINK_INSTALL=1 -DCMAKE_INSTALL_PREFIX=/home/theanh/Robot_Project/AMR_Robot/amr1_ws/install/laser_filters
[21.032s] DEBUG:colcon.colcon_core.event_handler.log_command:Invoking command in '/home/theanh/Robot_Project/AMR_Robot/amr1_ws/build/laser_filters': CMAKE_PREFIX_PATH=${CMAKE_PREFIX_PATH}:/opt/ros/humble /usr/bin/cmake --build /home/theanh/Robot_Project/AMR_Robot/amr1_ws/build/laser_filters -- -j15 -l15
[21.201s] Level 1:colcon.colcon_core.environment:create_environment_scripts_only(amr_sim_pkg)
[21.202s] DEBUG:colcon.colcon_core.event_handler.log_command:Invoked command in '/home/theanh/Robot_Project/AMR_Robot/amr1_ws/build/amr_sim_pkg' returned '0': CMAKE_PREFIX_PATH=${CMAKE_PREFIX_PATH}:/opt/ros/humble /usr/bin/cmake --install /home/theanh/Robot_Project/AMR_Robot/amr1_ws/build/amr_sim_pkg
[21.204s] Level 1:colcon.colcon_core.environment:checking '/home/theanh/Robot_Project/AMR_Robot/amr1_ws/install/amr_sim_pkg' for CMake module files
[21.204s] Level 1:colcon.colcon_core.environment:checking '/home/theanh/Robot_Project/AMR_Robot/amr1_ws/install/amr_sim_pkg' for CMake config files
[21.205s] Level 1:colcon.colcon_core.shell:create_environment_hook('amr_sim_pkg', 'cmake_prefix_path')
[21.205s] INFO:colcon.colcon_core.shell:Creating environment hook '/home/theanh/Robot_Project/AMR_Robot/amr1_ws/install/amr_sim_pkg/share/amr_sim_pkg/hook/cmake_prefix_path.ps1'
[21.206s] INFO:colcon.colcon_core.shell:Creating environment descriptor '/home/theanh/Robot_Project/AMR_Robot/amr1_ws/install/amr_sim_pkg/share/amr_sim_pkg/hook/cmake_prefix_path.dsv'
[21.206s] INFO:colcon.colcon_core.shell:Creating environment hook '/home/theanh/Robot_Project/AMR_Robot/amr1_ws/install/amr_sim_pkg/share/amr_sim_pkg/hook/cmake_prefix_path.sh'
[21.207s] Level 1:colcon.colcon_core.environment:checking '/home/theanh/Robot_Project/AMR_Robot/amr1_ws/install/amr_sim_pkg/lib'
[21.207s] Level 1:colcon.colcon_core.environment:checking '/home/theanh/Robot_Project/AMR_Robot/amr1_ws/install/amr_sim_pkg/bin'
[21.207s] Level 1:colcon.colcon_core.environment:checking '/home/theanh/Robot_Project/AMR_Robot/amr1_ws/install/amr_sim_pkg/lib/pkgconfig/amr_sim_pkg.pc'
[21.207s] Level 1:colcon.colcon_core.environment:checking '/home/theanh/Robot_Project/AMR_Robot/amr1_ws/install/amr_sim_pkg/lib/python3.10/site-packages'
[21.208s] Level 1:colcon.colcon_core.environment:checking '/home/theanh/Robot_Project/AMR_Robot/amr1_ws/install/amr_sim_pkg/bin'
[21.208s] INFO:colcon.colcon_core.shell:Creating package script '/home/theanh/Robot_Project/AMR_Robot/amr1_ws/install/amr_sim_pkg/share/amr_sim_pkg/package.ps1'
[21.209s] INFO:colcon.colcon_core.shell:Creating package descriptor '/home/theanh/Robot_Project/AMR_Robot/amr1_ws/install/amr_sim_pkg/share/amr_sim_pkg/package.dsv'
[21.209s] INFO:colcon.colcon_core.shell:Creating package script '/home/theanh/Robot_Project/AMR_Robot/amr1_ws/install/amr_sim_pkg/share/amr_sim_pkg/package.sh'
[21.210s] INFO:colcon.colcon_core.shell:Creating package script '/home/theanh/Robot_Project/AMR_Robot/amr1_ws/install/amr_sim_pkg/share/amr_sim_pkg/package.bash'
[21.211s] INFO:colcon.colcon_core.shell:Creating package script '/home/theanh/Robot_Project/AMR_Robot/amr1_ws/install/amr_sim_pkg/share/amr_sim_pkg/package.zsh'
[21.211s] Level 1:colcon.colcon_core.environment:create_file_with_runtime_dependencies(/home/theanh/Robot_Project/AMR_Robot/amr1_ws/install/amr_sim_pkg/share/colcon-core/packages/amr_sim_pkg)
[21.212s] Level 1:colcon.colcon_core.environment:create_environment_scripts_only(amr_sim_pkg)
[21.212s] Level 1:colcon.colcon_core.environment:checking '/home/theanh/Robot_Project/AMR_Robot/amr1_ws/install/amr_sim_pkg' for CMake module files
[21.213s] Level 1:colcon.colcon_core.environment:checking '/home/theanh/Robot_Project/AMR_Robot/amr1_ws/install/amr_sim_pkg' for CMake config files
[21.213s] Level 1:colcon.colcon_core.shell:create_environment_hook('amr_sim_pkg', 'cmake_prefix_path')
[21.214s] INFO:colcon.colcon_core.shell:Creating environment hook '/home/theanh/Robot_Project/AMR_Robot/amr1_ws/install/amr_sim_pkg/share/amr_sim_pkg/hook/cmake_prefix_path.ps1'
[21.296s] INFO:colcon.colcon_core.shell:Creating environment descriptor '/home/theanh/Robot_Project/AMR_Robot/amr1_ws/install/amr_sim_pkg/share/amr_sim_pkg/hook/cmake_prefix_path.dsv'
[21.460s] INFO:colcon.colcon_core.shell:Creating environment hook '/home/theanh/Robot_Project/AMR_Robot/amr1_ws/install/amr_sim_pkg/share/amr_sim_pkg/hook/cmake_prefix_path.sh'
[21.463s] Level 1:colcon.colcon_core.environment:checking '/home/theanh/Robot_Project/AMR_Robot/amr1_ws/install/amr_sim_pkg/lib'
[21.463s] Level 1:colcon.colcon_core.environment:checking '/home/theanh/Robot_Project/AMR_Robot/amr1_ws/install/amr_sim_pkg/bin'
[21.464s] Level 1:colcon.colcon_core.environment:checking '/home/theanh/Robot_Project/AMR_Robot/amr1_ws/install/amr_sim_pkg/lib/pkgconfig/amr_sim_pkg.pc'
[21.464s] Level 1:colcon.colcon_core.environment:checking '/home/theanh/Robot_Project/AMR_Robot/amr1_ws/install/amr_sim_pkg/lib/python3.10/site-packages'
[21.464s] Level 1:colcon.colcon_core.environment:checking '/home/theanh/Robot_Project/AMR_Robot/amr1_ws/install/amr_sim_pkg/bin'
[21.465s] INFO:colcon.colcon_core.shell:Creating package script '/home/theanh/Robot_Project/AMR_Robot/amr1_ws/install/amr_sim_pkg/share/amr_sim_pkg/package.ps1'
[21.559s] INFO:colcon.colcon_core.shell:Creating package descriptor '/home/theanh/Robot_Project/AMR_Robot/amr1_ws/install/amr_sim_pkg/share/amr_sim_pkg/package.dsv'
[21.756s] INFO:colcon.colcon_core.shell:Creating package script '/home/theanh/Robot_Project/AMR_Robot/amr1_ws/install/amr_sim_pkg/share/amr_sim_pkg/package.sh'
[21.896s] INFO:colcon.colcon_core.shell:Creating package script '/home/theanh/Robot_Project/AMR_Robot/amr1_ws/install/amr_sim_pkg/share/amr_sim_pkg/package.bash'
[22.071s] INFO:colcon.colcon_core.shell:Creating package script '/home/theanh/Robot_Project/AMR_Robot/amr1_ws/install/amr_sim_pkg/share/amr_sim_pkg/package.zsh'
[22.325s] Level 1:colcon.colcon_core.environment:create_file_with_runtime_dependencies(/home/theanh/Robot_Project/AMR_Robot/amr1_ws/install/amr_sim_pkg/share/colcon-core/packages/amr_sim_pkg)
[22.384s] Level 1:colcon.colcon_core.environment:create_environment_scripts_only(amr_reality_pkg)
[22.385s] Level 1:colcon.colcon_core.environment:checking '/home/theanh/Robot_Project/AMR_Robot/amr1_ws/install/amr_reality_pkg' for CMake module files
[22.385s] DEBUG:colcon.colcon_core.event_handler.log_command:Invoked command in '/home/theanh/Robot_Project/AMR_Robot/amr1_ws/build/amr_reality_pkg' returned '0': CMAKE_PREFIX_PATH=${CMAKE_PREFIX_PATH}:/opt/ros/humble /usr/bin/cmake --install /home/theanh/Robot_Project/AMR_Robot/amr1_ws/build/amr_reality_pkg
[22.386s] Level 1:colcon.colcon_core.environment:checking '/home/theanh/Robot_Project/AMR_Robot/amr1_ws/install/amr_reality_pkg' for CMake config files
[22.387s] Level 1:colcon.colcon_core.shell:create_environment_hook('amr_reality_pkg', 'cmake_prefix_path')
[22.387s] INFO:colcon.colcon_core.shell:Creating environment hook '/home/theanh/Robot_Project/AMR_Robot/amr1_ws/install/amr_reality_pkg/share/amr_reality_pkg/hook/cmake_prefix_path.ps1'
[22.388s] INFO:colcon.colcon_core.shell:Creating environment descriptor '/home/theanh/Robot_Project/AMR_Robot/amr1_ws/install/amr_reality_pkg/share/amr_reality_pkg/hook/cmake_prefix_path.dsv'
[22.388s] INFO:colcon.colcon_core.shell:Creating environment hook '/home/theanh/Robot_Project/AMR_Robot/amr1_ws/install/amr_reality_pkg/share/amr_reality_pkg/hook/cmake_prefix_path.sh'
[22.389s] Level 1:colcon.colcon_core.environment:checking '/home/theanh/Robot_Project/AMR_Robot/amr1_ws/install/amr_reality_pkg/lib'
[22.389s] Level 1:colcon.colcon_core.environment:checking '/home/theanh/Robot_Project/AMR_Robot/amr1_ws/install/amr_reality_pkg/bin'
[22.389s] Level 1:colcon.colcon_core.environment:checking '/home/theanh/Robot_Project/AMR_Robot/amr1_ws/install/amr_reality_pkg/lib/pkgconfig/amr_reality_pkg.pc'
[22.389s] Level 1:colcon.colcon_core.environment:checking '/home/theanh/Robot_Project/AMR_Robot/amr1_ws/install/amr_reality_pkg/lib/python3.10/site-packages'
[22.390s] Level 1:colcon.colcon_core.environment:checking '/home/theanh/Robot_Project/AMR_Robot/amr1_ws/install/amr_reality_pkg/bin'
[22.390s] INFO:colcon.colcon_core.shell:Creating package script '/home/theanh/Robot_Project/AMR_Robot/amr1_ws/install/amr_reality_pkg/share/amr_reality_pkg/package.ps1'
[22.391s] INFO:colcon.colcon_core.shell:Creating package descriptor '/home/theanh/Robot_Project/AMR_Robot/amr1_ws/install/amr_reality_pkg/share/amr_reality_pkg/package.dsv'
[22.391s] INFO:colcon.colcon_core.shell:Creating package script '/home/theanh/Robot_Project/AMR_Robot/amr1_ws/install/amr_reality_pkg/share/amr_reality_pkg/package.sh'
[22.392s] INFO:colcon.colcon_core.shell:Creating package script '/home/theanh/Robot_Project/AMR_Robot/amr1_ws/install/amr_reality_pkg/share/amr_reality_pkg/package.bash'
[22.392s] INFO:colcon.colcon_core.shell:Creating package script '/home/theanh/Robot_Project/AMR_Robot/amr1_ws/install/amr_reality_pkg/share/amr_reality_pkg/package.zsh'
[22.392s] Level 1:colcon.colcon_core.environment:create_file_with_runtime_dependencies(/home/theanh/Robot_Project/AMR_Robot/amr1_ws/install/amr_reality_pkg/share/colcon-core/packages/amr_reality_pkg)
[22.393s] Level 1:colcon.colcon_core.environment:create_environment_scripts_only(amr_reality_pkg)
[22.394s] Level 1:colcon.colcon_core.environment:checking '/home/theanh/Robot_Project/AMR_Robot/amr1_ws/install/amr_reality_pkg' for CMake module files
[22.394s] Level 1:colcon.colcon_core.environment:checking '/home/theanh/Robot_Project/AMR_Robot/amr1_ws/install/amr_reality_pkg' for CMake config files
[22.395s] Level 1:colcon.colcon_core.shell:create_environment_hook('amr_reality_pkg', 'cmake_prefix_path')
[22.396s] INFO:colcon.colcon_core.shell:Creating environment hook '/home/theanh/Robot_Project/AMR_Robot/amr1_ws/install/amr_reality_pkg/share/amr_reality_pkg/hook/cmake_prefix_path.ps1'
[22.504s] INFO:colcon.colcon_core.shell:Creating environment descriptor '/home/theanh/Robot_Project/AMR_Robot/amr1_ws/install/amr_reality_pkg/share/amr_reality_pkg/hook/cmake_prefix_path.dsv'
[22.570s] INFO:colcon.colcon_core.shell:Creating environment hook '/home/theanh/Robot_Project/AMR_Robot/amr1_ws/install/amr_reality_pkg/share/amr_reality_pkg/hook/cmake_prefix_path.sh'
[22.574s] Level 1:colcon.colcon_core.environment:checking '/home/theanh/Robot_Project/AMR_Robot/amr1_ws/install/amr_reality_pkg/lib'
[22.574s] Level 1:colcon.colcon_core.environment:checking '/home/theanh/Robot_Project/AMR_Robot/amr1_ws/install/amr_reality_pkg/bin'
[22.576s] Level 1:colcon.colcon_core.environment:checking '/home/theanh/Robot_Project/AMR_Robot/amr1_ws/install/amr_reality_pkg/lib/pkgconfig/amr_reality_pkg.pc'
[22.576s] Level 1:colcon.colcon_core.environment:checking '/home/theanh/Robot_Project/AMR_Robot/amr1_ws/install/amr_reality_pkg/lib/python3.10/site-packages'
[22.577s] Level 1:colcon.colcon_core.environment:checking '/home/theanh/Robot_Project/AMR_Robot/amr1_ws/install/amr_reality_pkg/bin'
[22.577s] INFO:colcon.colcon_core.shell:Creating package script '/home/theanh/Robot_Project/AMR_Robot/amr1_ws/install/amr_reality_pkg/share/amr_reality_pkg/package.ps1'
[22.668s] INFO:colcon.colcon_core.shell:Creating package descriptor '/home/theanh/Robot_Project/AMR_Robot/amr1_ws/install/amr_reality_pkg/share/amr_reality_pkg/package.dsv'
[22.749s] INFO:colcon.colcon_core.shell:Creating package script '/home/theanh/Robot_Project/AMR_Robot/amr1_ws/install/amr_reality_pkg/share/amr_reality_pkg/package.sh'
[22.877s] INFO:colcon.colcon_core.shell:Creating package script '/home/theanh/Robot_Project/AMR_Robot/amr1_ws/install/amr_reality_pkg/share/amr_reality_pkg/package.bash'
[22.878s] INFO:colcon.colcon_core.shell:Creating package script '/home/theanh/Robot_Project/AMR_Robot/amr1_ws/install/amr_reality_pkg/share/amr_reality_pkg/package.zsh'
[22.879s] Level 1:colcon.colcon_core.environment:create_file_with_runtime_dependencies(/home/theanh/Robot_Project/AMR_Robot/amr1_ws/install/amr_reality_pkg/share/colcon-core/packages/amr_reality_pkg)
[37.405s] DEBUG:colcon.colcon_core.event_handler.log_command:Invoked command in '/home/theanh/Robot_Project/AMR_Robot/amr1_ws/build/sllidar_ros2' returned '0': CMAKE_PREFIX_PATH=${CMAKE_PREFIX_PATH}:/opt/ros/humble /usr/bin/cmake --build /home/theanh/Robot_Project/AMR_Robot/amr1_ws/build/sllidar_ros2 -- -j15 -l15
[37.407s] DEBUG:colcon.colcon_core.event_handler.log_command:Invoking command in '/home/theanh/Robot_Project/AMR_Robot/amr1_ws/build/sllidar_ros2': CMAKE_PREFIX_PATH=${CMAKE_PREFIX_PATH}:/opt/ros/humble /usr/bin/cmake --install /home/theanh/Robot_Project/AMR_Robot/amr1_ws/build/sllidar_ros2
[37.865s] Level 1:colcon.colcon_core.environment:create_environment_scripts_only(sllidar_ros2)
[37.865s] Level 1:colcon.colcon_core.environment:checking '/home/theanh/Robot_Project/AMR_Robot/amr1_ws/install/sllidar_ros2' for CMake module files
[37.865s] DEBUG:colcon.colcon_core.event_handler.log_command:Invoked command in '/home/theanh/Robot_Project/AMR_Robot/amr1_ws/build/sllidar_ros2' returned '0': CMAKE_PREFIX_PATH=${CMAKE_PREFIX_PATH}:/opt/ros/humble /usr/bin/cmake --install /home/theanh/Robot_Project/AMR_Robot/amr1_ws/build/sllidar_ros2
[37.866s] Level 1:colcon.colcon_core.environment:checking '/home/theanh/Robot_Project/AMR_Robot/amr1_ws/install/sllidar_ros2' for CMake config files
[37.866s] Level 1:colcon.colcon_core.shell:create_environment_hook('sllidar_ros2', 'cmake_prefix_path')
[37.867s] INFO:colcon.colcon_core.shell:Creating environment hook '/home/theanh/Robot_Project/AMR_Robot/amr1_ws/install/sllidar_ros2/share/sllidar_ros2/hook/cmake_prefix_path.ps1'
[37.867s] INFO:colcon.colcon_core.shell:Creating environment descriptor '/home/theanh/Robot_Project/AMR_Robot/amr1_ws/install/sllidar_ros2/share/sllidar_ros2/hook/cmake_prefix_path.dsv'
[37.867s] INFO:colcon.colcon_core.shell:Creating environment hook '/home/theanh/Robot_Project/AMR_Robot/amr1_ws/install/sllidar_ros2/share/sllidar_ros2/hook/cmake_prefix_path.sh'
[37.868s] Level 1:colcon.colcon_core.environment:checking '/home/theanh/Robot_Project/AMR_Robot/amr1_ws/install/sllidar_ros2/lib'
[37.868s] Level 1:colcon.colcon_core.environment:checking '/home/theanh/Robot_Project/AMR_Robot/amr1_ws/install/sllidar_ros2/bin'
[37.868s] Level 1:colcon.colcon_core.environment:checking '/home/theanh/Robot_Project/AMR_Robot/amr1_ws/install/sllidar_ros2/lib/pkgconfig/sllidar_ros2.pc'
[37.868s] Level 1:colcon.colcon_core.environment:checking '/home/theanh/Robot_Project/AMR_Robot/amr1_ws/install/sllidar_ros2/lib/python3.10/site-packages'
[37.869s] Level 1:colcon.colcon_core.environment:checking '/home/theanh/Robot_Project/AMR_Robot/amr1_ws/install/sllidar_ros2/bin'
[37.869s] INFO:colcon.colcon_core.shell:Creating package script '/home/theanh/Robot_Project/AMR_Robot/amr1_ws/install/sllidar_ros2/share/sllidar_ros2/package.ps1'
[37.869s] INFO:colcon.colcon_core.shell:Creating package descriptor '/home/theanh/Robot_Project/AMR_Robot/amr1_ws/install/sllidar_ros2/share/sllidar_ros2/package.dsv'
[37.870s] INFO:colcon.colcon_core.shell:Creating package script '/home/theanh/Robot_Project/AMR_Robot/amr1_ws/install/sllidar_ros2/share/sllidar_ros2/package.sh'
[37.870s] INFO:colcon.colcon_core.shell:Creating package script '/home/theanh/Robot_Project/AMR_Robot/amr1_ws/install/sllidar_ros2/share/sllidar_ros2/package.bash'
[37.870s] INFO:colcon.colcon_core.shell:Creating package script '/home/theanh/Robot_Project/AMR_Robot/amr1_ws/install/sllidar_ros2/share/sllidar_ros2/package.zsh'
[37.871s] Level 1:colcon.colcon_core.environment:create_file_with_runtime_dependencies(/home/theanh/Robot_Project/AMR_Robot/amr1_ws/install/sllidar_ros2/share/colcon-core/packages/sllidar_ros2)
[37.871s] Level 1:colcon.colcon_core.environment:create_environment_scripts_only(sllidar_ros2)
[37.871s] Level 1:colcon.colcon_core.environment:checking '/home/theanh/Robot_Project/AMR_Robot/amr1_ws/install/sllidar_ros2' for CMake module files
[37.872s] Level 1:colcon.colcon_core.environment:checking '/home/theanh/Robot_Project/AMR_Robot/amr1_ws/install/sllidar_ros2' for CMake config files
[37.872s] Level 1:colcon.colcon_core.shell:create_environment_hook('sllidar_ros2', 'cmake_prefix_path')
[37.872s] INFO:colcon.colcon_core.shell:Creating environment hook '/home/theanh/Robot_Project/AMR_Robot/amr1_ws/install/sllidar_ros2/share/sllidar_ros2/hook/cmake_prefix_path.ps1'
[38.000s] INFO:colcon.colcon_core.shell:Creating environment descriptor '/home/theanh/Robot_Project/AMR_Robot/amr1_ws/install/sllidar_ros2/share/sllidar_ros2/hook/cmake_prefix_path.dsv'
[38.002s] INFO:colcon.colcon_core.shell:Creating environment hook '/home/theanh/Robot_Project/AMR_Robot/amr1_ws/install/sllidar_ros2/share/sllidar_ros2/hook/cmake_prefix_path.sh'
[38.003s] Level 1:colcon.colcon_core.environment:checking '/home/theanh/Robot_Project/AMR_Robot/amr1_ws/install/sllidar_ros2/lib'
[38.003s] Level 1:colcon.colcon_core.environment:checking '/home/theanh/Robot_Project/AMR_Robot/amr1_ws/install/sllidar_ros2/bin'
[38.003s] Level 1:colcon.colcon_core.environment:checking '/home/theanh/Robot_Project/AMR_Robot/amr1_ws/install/sllidar_ros2/lib/pkgconfig/sllidar_ros2.pc'
[38.003s] Level 1:colcon.colcon_core.environment:checking '/home/theanh/Robot_Project/AMR_Robot/amr1_ws/install/sllidar_ros2/lib/python3.10/site-packages'
[38.003s] Level 1:colcon.colcon_core.environment:checking '/home/theanh/Robot_Project/AMR_Robot/amr1_ws/install/sllidar_ros2/bin'
[38.004s] INFO:colcon.colcon_core.shell:Creating package script '/home/theanh/Robot_Project/AMR_Robot/amr1_ws/install/sllidar_ros2/share/sllidar_ros2/package.ps1'
[38.004s] INFO:colcon.colcon_core.shell:Creating package descriptor '/home/theanh/Robot_Project/AMR_Robot/amr1_ws/install/sllidar_ros2/share/sllidar_ros2/package.dsv'
[38.005s] INFO:colcon.colcon_core.shell:Creating package script '/home/theanh/Robot_Project/AMR_Robot/amr1_ws/install/sllidar_ros2/share/sllidar_ros2/package.sh'
[38.005s] INFO:colcon.colcon_core.shell:Creating package script '/home/theanh/Robot_Project/AMR_Robot/amr1_ws/install/sllidar_ros2/share/sllidar_ros2/package.bash'
[38.005s] INFO:colcon.colcon_core.shell:Creating package script '/home/theanh/Robot_Project/AMR_Robot/amr1_ws/install/sllidar_ros2/share/sllidar_ros2/package.zsh'
[38.006s] Level 1:colcon.colcon_core.environment:create_file_with_runtime_dependencies(/home/theanh/Robot_Project/AMR_Robot/amr1_ws/install/sllidar_ros2/share/colcon-core/packages/sllidar_ros2)
[86.922s] DEBUG:colcon.colcon_core.event_handler.log_command:Invoked command in '/home/theanh/Robot_Project/AMR_Robot/amr1_ws/build/laser_filters' returned '0': CMAKE_PREFIX_PATH=${CMAKE_PREFIX_PATH}:/opt/ros/humble /usr/bin/cmake --build /home/theanh/Robot_Project/AMR_Robot/amr1_ws/build/laser_filters -- -j15 -l15
[86.923s] DEBUG:colcon.colcon_core.event_handler.log_command:Invoking command in '/home/theanh/Robot_Project/AMR_Robot/amr1_ws/build/laser_filters': CMAKE_PREFIX_PATH=${CMAKE_PREFIX_PATH}:/opt/ros/humble /usr/bin/cmake --install /home/theanh/Robot_Project/AMR_Robot/amr1_ws/build/laser_filters
[87.938s] Level 1:colcon.colcon_core.environment:create_environment_scripts_only(laser_filters)
[87.938s] Level 1:colcon.colcon_core.environment:checking '/home/theanh/Robot_Project/AMR_Robot/amr1_ws/install/laser_filters' for CMake module files
[87.939s] DEBUG:colcon.colcon_core.event_handler.log_command:Invoked command in '/home/theanh/Robot_Project/AMR_Robot/amr1_ws/build/laser_filters' returned '0': CMAKE_PREFIX_PATH=${CMAKE_PREFIX_PATH}:/opt/ros/humble /usr/bin/cmake --install /home/theanh/Robot_Project/AMR_Robot/amr1_ws/build/laser_filters
[87.939s] Level 1:colcon.colcon_core.environment:checking '/home/theanh/Robot_Project/AMR_Robot/amr1_ws/install/laser_filters' for CMake config files
[87.940s] Level 1:colcon.colcon_core.shell:create_environment_hook('laser_filters', 'cmake_prefix_path')
[87.940s] INFO:colcon.colcon_core.shell:Creating environment hook '/home/theanh/Robot_Project/AMR_Robot/amr1_ws/install/laser_filters/share/laser_filters/hook/cmake_prefix_path.ps1'
[87.941s] INFO:colcon.colcon_core.shell:Creating environment descriptor '/home/theanh/Robot_Project/AMR_Robot/amr1_ws/install/laser_filters/share/laser_filters/hook/cmake_prefix_path.dsv'
[87.941s] INFO:colcon.colcon_core.shell:Creating environment hook '/home/theanh/Robot_Project/AMR_Robot/amr1_ws/install/laser_filters/share/laser_filters/hook/cmake_prefix_path.sh'
[87.942s] Level 1:colcon.colcon_core.environment:checking '/home/theanh/Robot_Project/AMR_Robot/amr1_ws/install/laser_filters/lib'
[87.942s] Level 1:colcon.colcon_core.shell:create_environment_hook('laser_filters', 'ld_library_path_lib')
[87.942s] INFO:colcon.colcon_core.shell:Creating environment hook '/home/theanh/Robot_Project/AMR_Robot/amr1_ws/install/laser_filters/share/laser_filters/hook/ld_library_path_lib.ps1'
[87.942s] INFO:colcon.colcon_core.shell:Creating environment descriptor '/home/theanh/Robot_Project/AMR_Robot/amr1_ws/install/laser_filters/share/laser_filters/hook/ld_library_path_lib.dsv'
[87.943s] INFO:colcon.colcon_core.shell:Creating environment hook '/home/theanh/Robot_Project/AMR_Robot/amr1_ws/install/laser_filters/share/laser_filters/hook/ld_library_path_lib.sh'
[87.943s] Level 1:colcon.colcon_core.environment:checking '/home/theanh/Robot_Project/AMR_Robot/amr1_ws/install/laser_filters/bin'
[87.943s] Level 1:colcon.colcon_core.environment:checking '/home/theanh/Robot_Project/AMR_Robot/amr1_ws/install/laser_filters/lib/pkgconfig/laser_filters.pc'
[87.943s] Level 1:colcon.colcon_core.environment:checking '/home/theanh/Robot_Project/AMR_Robot/amr1_ws/install/laser_filters/lib/python3.10/site-packages'
[87.943s] Level 1:colcon.colcon_core.environment:checking '/home/theanh/Robot_Project/AMR_Robot/amr1_ws/install/laser_filters/bin'
[87.944s] INFO:colcon.colcon_core.shell:Creating package script '/home/theanh/Robot_Project/AMR_Robot/amr1_ws/install/laser_filters/share/laser_filters/package.ps1'
[87.944s] INFO:colcon.colcon_core.shell:Creating package descriptor '/home/theanh/Robot_Project/AMR_Robot/amr1_ws/install/laser_filters/share/laser_filters/package.dsv'
[87.945s] INFO:colcon.colcon_core.shell:Creating package script '/home/theanh/Robot_Project/AMR_Robot/amr1_ws/install/laser_filters/share/laser_filters/package.sh'
[87.945s] INFO:colcon.colcon_core.shell:Creating package script '/home/theanh/Robot_Project/AMR_Robot/amr1_ws/install/laser_filters/share/laser_filters/package.bash'
[87.945s] INFO:colcon.colcon_core.shell:Creating package script '/home/theanh/Robot_Project/AMR_Robot/amr1_ws/install/laser_filters/share/laser_filters/package.zsh'
[87.946s] Level 1:colcon.colcon_core.environment:create_file_with_runtime_dependencies(/home/theanh/Robot_Project/AMR_Robot/amr1_ws/install/laser_filters/share/colcon-core/packages/laser_filters)
[87.946s] Level 1:colcon.colcon_core.environment:create_environment_scripts_only(laser_filters)
[87.946s] Level 1:colcon.colcon_core.environment:checking '/home/theanh/Robot_Project/AMR_Robot/amr1_ws/install/laser_filters' for CMake module files
[87.947s] Level 1:colcon.colcon_core.environment:checking '/home/theanh/Robot_Project/AMR_Robot/amr1_ws/install/laser_filters' for CMake config files
[87.948s] Level 1:colcon.colcon_core.shell:create_environment_hook('laser_filters', 'cmake_prefix_path')
[87.948s] INFO:colcon.colcon_core.shell:Creating environment hook '/home/theanh/Robot_Project/AMR_Robot/amr1_ws/install/laser_filters/share/laser_filters/hook/cmake_prefix_path.ps1'
[87.949s] INFO:colcon.colcon_core.shell:Creating environment descriptor '/home/theanh/Robot_Project/AMR_Robot/amr1_ws/install/laser_filters/share/laser_filters/hook/cmake_prefix_path.dsv'
[87.952s] INFO:colcon.colcon_core.shell:Creating environment hook '/home/theanh/Robot_Project/AMR_Robot/amr1_ws/install/laser_filters/share/laser_filters/hook/cmake_prefix_path.sh'
[87.952s] Level 1:colcon.colcon_core.environment:checking '/home/theanh/Robot_Project/AMR_Robot/amr1_ws/install/laser_filters/lib'
[87.952s] Level 1:colcon.colcon_core.shell:create_environment_hook('laser_filters', 'ld_library_path_lib')
[87.952s] INFO:colcon.colcon_core.shell:Creating environment hook '/home/theanh/Robot_Project/AMR_Robot/amr1_ws/install/laser_filters/share/laser_filters/hook/ld_library_path_lib.ps1'
[87.957s] INFO:colcon.colcon_core.shell:Creating environment descriptor '/home/theanh/Robot_Project/AMR_Robot/amr1_ws/install/laser_filters/share/laser_filters/hook/ld_library_path_lib.dsv'
[87.962s] INFO:colcon.colcon_core.shell:Creating environment hook '/home/theanh/Robot_Project/AMR_Robot/amr1_ws/install/laser_filters/share/laser_filters/hook/ld_library_path_lib.sh'
[87.965s] Level 1:colcon.colcon_core.environment:checking '/home/theanh/Robot_Project/AMR_Robot/amr1_ws/install/laser_filters/bin'
[87.965s] Level 1:colcon.colcon_core.environment:checking '/home/theanh/Robot_Project/AMR_Robot/amr1_ws/install/laser_filters/lib/pkgconfig/laser_filters.pc'
[87.965s] Level 1:colcon.colcon_core.environment:checking '/home/theanh/Robot_Project/AMR_Robot/amr1_ws/install/laser_filters/lib/python3.10/site-packages'
[87.965s] Level 1:colcon.colcon_core.environment:checking '/home/theanh/Robot_Project/AMR_Robot/amr1_ws/install/laser_filters/bin'
[87.965s] INFO:colcon.colcon_core.shell:Creating package script '/home/theanh/Robot_Project/AMR_Robot/amr1_ws/install/laser_filters/share/laser_filters/package.ps1'
[87.966s] INFO:colcon.colcon_core.shell:Creating package descriptor '/home/theanh/Robot_Project/AMR_Robot/amr1_ws/install/laser_filters/share/laser_filters/package.dsv'
[87.966s] INFO:colcon.colcon_core.shell:Creating package script '/home/theanh/Robot_Project/AMR_Robot/amr1_ws/install/laser_filters/share/laser_filters/package.sh'
[87.967s] INFO:colcon.colcon_core.shell:Creating package script '/home/theanh/Robot_Project/AMR_Robot/amr1_ws/install/laser_filters/share/laser_filters/package.bash'
[87.967s] INFO:colcon.colcon_core.shell:Creating package script '/home/theanh/Robot_Project/AMR_Robot/amr1_ws/install/laser_filters/share/laser_filters/package.zsh'
[87.968s] Level 1:colcon.colcon_core.environment:create_file_with_runtime_dependencies(/home/theanh/Robot_Project/AMR_Robot/amr1_ws/install/laser_filters/share/colcon-core/packages/laser_filters)
[87.968s] DEBUG:colcon.colcon_parallel_executor.executor.parallel:closing loop
[87.968s] DEBUG:colcon.colcon_parallel_executor.executor.parallel:loop closed
[87.968s] DEBUG:colcon.colcon_parallel_executor.executor.parallel:run_until_complete finished with '0'
[87.968s] DEBUG:colcon.colcon_core.event_reactor:joining thread
[87.973s] INFO:colcon.colcon_core.plugin_system:Skipping extension 'colcon_notification.desktop_notification.terminal_notifier': Not used on non-Darwin systems
[87.973s] INFO:colcon.colcon_core.plugin_system:Skipping extension 'colcon_notification.desktop_notification.win32': Not used on non-Windows systems
[87.973s] INFO:colcon.colcon_notification.desktop_notification:Sending desktop notification using 'notify2'
[87.986s] DEBUG:colcon.colcon_core.event_reactor:joined thread
[87.986s] INFO:colcon.colcon_core.shell:Creating prefix script '/home/theanh/Robot_Project/AMR_Robot/amr1_ws/install/local_setup.ps1'
[87.987s] INFO:colcon.colcon_core.shell:Creating prefix util module '/home/theanh/Robot_Project/AMR_Robot/amr1_ws/install/_local_setup_util_ps1.py'
[87.988s] INFO:colcon.colcon_core.shell:Creating prefix chain script '/home/theanh/Robot_Project/AMR_Robot/amr1_ws/install/setup.ps1'
[87.990s] INFO:colcon.colcon_core.shell:Creating prefix script '/home/theanh/Robot_Project/AMR_Robot/amr1_ws/install/local_setup.sh'
[87.990s] INFO:colcon.colcon_core.shell:Creating prefix util module '/home/theanh/Robot_Project/AMR_Robot/amr1_ws/install/_local_setup_util_sh.py'
[87.991s] INFO:colcon.colcon_core.shell:Creating prefix chain script '/home/theanh/Robot_Project/AMR_Robot/amr1_ws/install/setup.sh'
[87.992s] INFO:colcon.colcon_core.shell:Creating prefix script '/home/theanh/Robot_Project/AMR_Robot/amr1_ws/install/local_setup.bash'
[87.993s] INFO:colcon.colcon_core.shell:Creating prefix chain script '/home/theanh/Robot_Project/AMR_Robot/amr1_ws/install/setup.bash'
[87.994s] INFO:colcon.colcon_core.shell:Creating prefix script '/home/theanh/Robot_Project/AMR_Robot/amr1_ws/install/local_setup.zsh'
[87.995s] INFO:colcon.colcon_core.shell:Creating prefix chain script '/home/theanh/Robot_Project/AMR_Robot/amr1_ws/install/setup.zsh'
