[0.040s] Invoking command in '/home/orangepi/Robot_Project/AMR_Robot/amr_robot/build/amr_reality_pkg': CMAKE_PREFIX_PATH=${CMAKE_PREFIX_PATH}:/opt/ros/humble /usr/bin/cmake --build /home/orangepi/Robot_Project/AMR_Robot/amr_robot/build/amr_reality_pkg -- -j8 -l8
[0.165s] Built target robot_control_prepare
[1.186s] joint1: writing 4 bytes to 0x1400/1: 02 02 00 80
[1.187s] joint1: writing 1 bytes to 0x1400/2: 01
[1.187s] joint1: writing 1 bytes to 0x1600/0: 00
[1.188s] joint1: writing 4 bytes to 0x1600/1: 10 00 40 60
[1.188s] joint1: writing 4 bytes to 0x1600/2: 08 00 60 60
[1.188s] joint1: writing 1 bytes to 0x1600/0: 02
[1.189s] joint1: writing 4 bytes to 0x1400/1: 02 02 00 00
[1.189s] joint1: writing 4 bytes to 0x1401/1: 02 03 00 80
[1.190s] joint1: writing 1 bytes to 0x1401/2: 01
[1.190s] joint1: writing 1 bytes to 0x1601/0: 00
[1.190s] joint1: writing 4 bytes to 0x1601/1: 20 00 7A 60
[1.191s] joint1: writing 4 bytes to 0x1601/2: 20 00 FF 60
[1.191s] joint1: writing 1 bytes to 0x1601/0: 02
[1.192s] joint1: writing 4 bytes to 0x1401/1: 02 03 00 00
[1.192s] joint1: writing 4 bytes to 0x1800/1: 82 01 00 80
[1.192s] joint1: writing 1 bytes to 0x1800/2: 01
[1.193s] joint1: writing 1 bytes to 0x1A00/0: 00
[1.193s] joint1: writing 4 bytes to 0x1A00/1: 10 00 41 60
[1.194s] joint1: writing 4 bytes to 0x1A00/2: 08 00 61 60
[1.194s] joint1: writing 1 bytes to 0x1A00/0: 02
[1.194s] joint1: writing 4 bytes to 0x1800/1: 82 01 00 00
[1.195s] joint1: writing 4 bytes to 0x1801/1: 82 02 00 80
[1.195s] joint1: writing 1 bytes to 0x1801/2: 01
[1.196s] joint1: writing 1 bytes to 0x1A01/0: 00
[1.196s] joint1: writing 4 bytes to 0x1A01/1: 20 00 64 60
[1.196s] joint1: writing 4 bytes to 0x1A01/2: 20 00 6C 60
[1.197s] joint1: writing 1 bytes to 0x1A01/0: 02
[1.197s] joint1: writing 4 bytes to 0x1801/1: 82 02 00 00
[1.198s] joint1: writing 4 bytes to 0x1802/1: 82 03 00 80
[1.198s] joint1: writing 1 bytes to 0x1802/2: 01
[1.198s] joint1: writing 1 bytes to 0x1A02/0: 00
[1.199s] joint1: writing 4 bytes to 0x1A02/1: 10 00 3F 60
[1.199s] joint1: writing 1 bytes to 0x1A02/0: 01
[1.200s] joint1: writing 4 bytes to 0x1802/1: 82 03 00 00
[1.200s] joint1: writing 2 bytes to 0x6040/0: 80 00
[1.200s] joint1: writing 4 bytes to 0x6083/0: A0 86 01 00
[1.201s] joint1: writing 4 bytes to 0x6084/0: A0 86 01 00
[1.202s] joint2: writing 4 bytes to 0x1400/1: 03 02 00 80
[1.202s] joint2: writing 1 bytes to 0x1400/2: 01
[1.203s] joint2: writing 1 bytes to 0x1600/0: 00
[1.203s] joint2: writing 4 bytes to 0x1600/1: 10 00 40 60
[1.203s] joint2: writing 4 bytes to 0x1600/2: 08 00 60 60
[1.204s] joint2: writing 1 bytes to 0x1600/0: 02
[1.204s] joint2: writing 4 bytes to 0x1400/1: 03 02 00 00
[1.205s] joint2: writing 4 bytes to 0x1401/1: 03 03 00 80
[1.205s] joint2: writing 1 bytes to 0x1401/2: 01
[1.206s] joint2: writing 1 bytes to 0x1601/0: 00
[1.206s] joint2: writing 4 bytes to 0x1601/1: 20 00 7A 60
[1.206s] joint2: writing 4 bytes to 0x1601/2: 20 00 FF 60
[1.207s] joint2: writing 1 bytes to 0x1601/0: 02
[1.207s] joint2: writing 4 bytes to 0x1401/1: 03 03 00 00
[1.208s] joint2: writing 4 bytes to 0x1800/1: 83 01 00 80
[1.208s] joint2: writing 1 bytes to 0x1800/2: 01
[1.208s] joint2: writing 1 bytes to 0x1A00/0: 00
[1.209s] joint2: writing 4 bytes to 0x1A00/1: 10 00 41 60
[1.209s] joint2: writing 4 bytes to 0x1A00/2: 08 00 61 60
[1.209s] joint2: writing 1 bytes to 0x1A00/0: 02
[1.210s] joint2: writing 4 bytes to 0x1800/1: 83 01 00 00
[1.210s] joint2: writing 4 bytes to 0x1801/1: 83 02 00 80
[1.211s] joint2: writing 1 bytes to 0x1801/2: 01
[1.211s] joint2: writing 1 bytes to 0x1A01/0: 00
[1.211s] joint2: writing 4 bytes to 0x1A01/1: 20 00 64 60
[1.212s] joint2: writing 4 bytes to 0x1A01/2: 20 00 6C 60
[1.212s] joint2: writing 1 bytes to 0x1A01/0: 02
[1.213s] joint2: writing 4 bytes to 0x1801/1: 83 02 00 00
[1.213s] joint2: writing 4 bytes to 0x1802/1: 83 03 00 80
[1.214s] joint2: writing 1 bytes to 0x1802/2: 01
[1.214s] joint2: writing 1 bytes to 0x1A02/0: 00
[1.214s] joint2: writing 4 bytes to 0x1A02/1: 10 00 3F 60
[1.215s] joint2: writing 1 bytes to 0x1A02/0: 01
[1.215s] joint2: writing 4 bytes to 0x1802/1: 83 03 00 00
[1.216s] joint2: writing 2 bytes to 0x6040/0: 80 00
[1.216s] joint2: writing 4 bytes to 0x6083/0: A0 86 01 00
[1.217s] joint2: writing 4 bytes to 0x6084/0: A0 86 01 00
[1.516s] Built target robot_control
[1.557s] Invoked command in '/home/orangepi/Robot_Project/AMR_Robot/amr_robot/build/amr_reality_pkg' returned '0': CMAKE_PREFIX_PATH=${CMAKE_PREFIX_PATH}:/opt/ros/humble /usr/bin/cmake --build /home/orangepi/Robot_Project/AMR_Robot/amr_robot/build/amr_reality_pkg -- -j8 -l8
[1.562s] Invoking command in '/home/orangepi/Robot_Project/AMR_Robot/amr_robot/build/amr_reality_pkg': CMAKE_PREFIX_PATH=${CMAKE_PREFIX_PATH}:/opt/ros/humble /usr/bin/cmake --install /home/orangepi/Robot_Project/AMR_Robot/amr_robot/build/amr_reality_pkg
[1.582s] -- Install configuration: ""
[1.583s] -- Execute custom install script
[1.584s] -- Symlinking: /home/orangepi/Robot_Project/AMR_Robot/amr_robot/install/amr_reality_pkg/share/amr_reality_pkg/config/robot_control//cia402_slave.eds
[1.614s] -- Symlinking: /home/orangepi/Robot_Project/AMR_Robot/amr_robot/install/amr_reality_pkg/share/amr_reality_pkg/config/robot_control//ros2_controllers.yaml
[1.641s] -- Symlinking: /home/orangepi/Robot_Project/AMR_Robot/amr_robot/install/amr_reality_pkg/share/amr_reality_pkg/config/robot_control//bus.yml
[1.662s] -- Symlinking: /home/orangepi/Robot_Project/AMR_Robot/amr_robot/install/amr_reality_pkg/share/amr_reality_pkg/config/robot_control//joint1.bin
[1.685s] -- Symlinking: /home/orangepi/Robot_Project/AMR_Robot/amr_robot/install/amr_reality_pkg/share/amr_reality_pkg/config/robot_control//joint2.bin
[1.714s] -- Symlinking: /home/orangepi/Robot_Project/AMR_Robot/amr_robot/install/amr_reality_pkg/share/amr_reality_pkg/config/robot_control//master.dcf
[1.745s] -- Symlinking: /home/orangepi/Robot_Project/AMR_Robot/amr_robot/install/amr_reality_pkg/share/amr_reality_pkg/config/robot_control//preprocessed_bus.yml
[1.773s] -- Up-to-date symlink: /home/orangepi/Robot_Project/AMR_Robot/amr_robot/install/amr_reality_pkg/share/amr_reality_pkg/launch/amr_reality.launch.py
[1.774s] -- Up-to-date symlink: /home/orangepi/Robot_Project/AMR_Robot/amr_robot/install/amr_reality_pkg/share/amr_reality_pkg/launch/localization_launch.py
[1.774s] -- Up-to-date symlink: /home/orangepi/Robot_Project/AMR_Robot/amr_robot/install/amr_reality_pkg/share/amr_reality_pkg/launch/navigation_launch.py
[1.775s] -- Up-to-date symlink: /home/orangepi/Robot_Project/AMR_Robot/amr_robot/install/amr_reality_pkg/share/amr_reality_pkg/launch/online_async_launch.py
[1.776s] -- Up-to-date symlink: /home/orangepi/Robot_Project/AMR_Robot/amr_robot/install/amr_reality_pkg/share/amr_reality_pkg/descriptions/meshes/Imu_Link.STL
[1.777s] -- Up-to-date symlink: /home/orangepi/Robot_Project/AMR_Robot/amr_robot/install/amr_reality_pkg/share/amr_reality_pkg/descriptions/meshes/Left_Link.STL
[1.777s] -- Up-to-date symlink: /home/orangepi/Robot_Project/AMR_Robot/amr_robot/install/amr_reality_pkg/share/amr_reality_pkg/descriptions/meshes/Lidar_Link.STL
[1.778s] -- Up-to-date symlink: /home/orangepi/Robot_Project/AMR_Robot/amr_robot/install/amr_reality_pkg/share/amr_reality_pkg/descriptions/meshes/Right_Link.STL
[1.778s] -- Up-to-date symlink: /home/orangepi/Robot_Project/AMR_Robot/amr_robot/install/amr_reality_pkg/share/amr_reality_pkg/descriptions/meshes/Yaw_Behind_Left_Link.STL
[1.779s] -- Up-to-date symlink: /home/orangepi/Robot_Project/AMR_Robot/amr_robot/install/amr_reality_pkg/share/amr_reality_pkg/descriptions/meshes/Yaw_Behind_Right_Link.STL
[1.779s] -- Up-to-date symlink: /home/orangepi/Robot_Project/AMR_Robot/amr_robot/install/amr_reality_pkg/share/amr_reality_pkg/descriptions/meshes/Yaw_Front_Left_Link.STL
[1.780s] -- Up-to-date symlink: /home/orangepi/Robot_Project/AMR_Robot/amr_robot/install/amr_reality_pkg/share/amr_reality_pkg/descriptions/meshes/Yaw_Front_Right_Link.STL
[1.780s] -- Up-to-date symlink: /home/orangepi/Robot_Project/AMR_Robot/amr_robot/install/amr_reality_pkg/share/amr_reality_pkg/descriptions/meshes/base_link.STL
[1.781s] -- Up-to-date symlink: /home/orangepi/Robot_Project/AMR_Robot/amr_robot/install/amr_reality_pkg/share/amr_reality_pkg/descriptions/urdf/AMR1-00-Khung (1).SLDASM.urdf
[1.782s] -- Up-to-date symlink: /home/orangepi/Robot_Project/AMR_Robot/amr_robot/install/amr_reality_pkg/share/amr_reality_pkg/descriptions/urdf/robot.urdf.xacro
[1.782s] -- Up-to-date symlink: /home/orangepi/Robot_Project/AMR_Robot/amr_robot/install/amr_reality_pkg/share/amr_reality_pkg/descriptions/urdf/robot_controller/robot_controller.ros2_control.xacro
[1.783s] -- Up-to-date symlink: /home/orangepi/Robot_Project/AMR_Robot/amr_robot/install/amr_reality_pkg/share/amr_reality_pkg/descriptions/urdf/robot_controller/robot_controller.urdf.xacro
[1.783s] -- Up-to-date symlink: /home/orangepi/Robot_Project/AMR_Robot/amr_robot/install/amr_reality_pkg/share/amr_reality_pkg/config/ekf.yaml
[1.784s] -- Up-to-date symlink: /home/orangepi/Robot_Project/AMR_Robot/amr_robot/install/amr_reality_pkg/share/amr_reality_pkg/config/twist_mux.yaml
[1.784s] -- Up-to-date symlink: /home/orangepi/Robot_Project/AMR_Robot/amr_robot/install/amr_reality_pkg/share/amr_reality_pkg/config/laser_filter.yaml
[1.785s] -- Up-to-date symlink: /home/orangepi/Robot_Project/AMR_Robot/amr_robot/install/amr_reality_pkg/share/amr_reality_pkg/config/nav2_params.yaml
[1.786s] -- Up-to-date symlink: /home/orangepi/Robot_Project/AMR_Robot/amr_robot/install/amr_reality_pkg/share/amr_reality_pkg/config/mapper_params_online_async.yaml
[1.786s] -- Up-to-date symlink: /home/orangepi/Robot_Project/AMR_Robot/amr_robot/install/amr_reality_pkg/lib/amr_reality_pkg/ps4_teleop_node.py
[1.787s] -- Up-to-date symlink: /home/orangepi/Robot_Project/AMR_Robot/amr_robot/install/amr_reality_pkg/lib/amr_reality_pkg/imu_tl740D.py
[1.787s] -- Up-to-date symlink: /home/orangepi/Robot_Project/AMR_Robot/amr_robot/install/amr_reality_pkg/lib/amr_reality_pkg/cov_odom_scan.py
[1.788s] -- Up-to-date symlink: /home/orangepi/Robot_Project/AMR_Robot/amr_robot/install/amr_reality_pkg/share/ament_index/resource_index/package_run_dependencies/amr_reality_pkg
[1.789s] -- Up-to-date symlink: /home/orangepi/Robot_Project/AMR_Robot/amr_robot/install/amr_reality_pkg/share/ament_index/resource_index/parent_prefix_path/amr_reality_pkg
[1.789s] -- Up-to-date symlink: /home/orangepi/Robot_Project/AMR_Robot/amr_robot/install/amr_reality_pkg/share/amr_reality_pkg/environment/ament_prefix_path.sh
[1.791s] -- Up-to-date symlink: /home/orangepi/Robot_Project/AMR_Robot/amr_robot/install/amr_reality_pkg/share/amr_reality_pkg/environment/ament_prefix_path.dsv
[1.791s] -- Up-to-date symlink: /home/orangepi/Robot_Project/AMR_Robot/amr_robot/install/amr_reality_pkg/share/amr_reality_pkg/environment/path.sh
[1.792s] -- Up-to-date symlink: /home/orangepi/Robot_Project/AMR_Robot/amr_robot/install/amr_reality_pkg/share/amr_reality_pkg/environment/path.dsv
[1.793s] -- Up-to-date symlink: /home/orangepi/Robot_Project/AMR_Robot/amr_robot/install/amr_reality_pkg/share/amr_reality_pkg/local_setup.bash
[1.794s] -- Up-to-date symlink: /home/orangepi/Robot_Project/AMR_Robot/amr_robot/install/amr_reality_pkg/share/amr_reality_pkg/local_setup.sh
[1.794s] -- Up-to-date symlink: /home/orangepi/Robot_Project/AMR_Robot/amr_robot/install/amr_reality_pkg/share/amr_reality_pkg/local_setup.zsh
[1.795s] -- Up-to-date symlink: /home/orangepi/Robot_Project/AMR_Robot/amr_robot/install/amr_reality_pkg/share/amr_reality_pkg/local_setup.dsv
[1.796s] -- Symlinking: /home/orangepi/Robot_Project/AMR_Robot/amr_robot/install/amr_reality_pkg/share/amr_reality_pkg/package.dsv
[1.827s] -- Up-to-date symlink: /home/orangepi/Robot_Project/AMR_Robot/amr_robot/install/amr_reality_pkg/share/ament_index/resource_index/packages/amr_reality_pkg
[1.827s] -- Up-to-date symlink: /home/orangepi/Robot_Project/AMR_Robot/amr_robot/install/amr_reality_pkg/share/amr_reality_pkg/cmake/amr_reality_pkgConfig.cmake
[1.828s] -- Up-to-date symlink: /home/orangepi/Robot_Project/AMR_Robot/amr_robot/install/amr_reality_pkg/share/amr_reality_pkg/cmake/amr_reality_pkgConfig-version.cmake
[1.828s] -- Up-to-date symlink: /home/orangepi/Robot_Project/AMR_Robot/amr_robot/install/amr_reality_pkg/share/amr_reality_pkg/package.xml
[1.837s] Invoked command in '/home/orangepi/Robot_Project/AMR_Robot/amr_robot/build/amr_reality_pkg' returned '0': CMAKE_PREFIX_PATH=${CMAKE_PREFIX_PATH}:/opt/ros/humble /usr/bin/cmake --install /home/orangepi/Robot_Project/AMR_Robot/amr_robot/build/amr_reality_pkg
