[0.025s] Invoking command in '/home/theanh/Robot_Project/AMR_Robot/amr1_ws/build/amr_reality_pkg': CMAKE_PREFIX_PATH=${CMAKE_PREFIX_PATH}:/opt/ros/humble /usr/bin/cmake /home/theanh/Robot_Project/AMR_Robot/amr1_ws/src/amr_reality_pkg -DAMENT_CMAKE_SYMLINK_INSTALL=1 -DCMAKE_INSTALL_PREFIX=/home/theanh/Robot_Project/AMR_Robot/amr1_ws/install/amr_reality_pkg
[0.088s] -- The C compiler identification is GNU 11.4.0
[0.153s] -- The CXX compiler identification is GNU 11.4.0
[0.162s] -- Detecting C compiler ABI info
[0.249s] -- Detecting C compiler ABI info - done
[0.257s] -- Check for working C compiler: /usr/bin/cc - skipped
[0.257s] -- Detecting C compile features
[0.257s] -- Detecting C compile features - done
[0.261s] -- Detecting CXX compiler ABI info
[0.359s] -- Detecting CXX compiler ABI info - done
[0.368s] -- Check for working CXX compiler: /usr/bin/c++ - skipped
[0.368s] -- Detecting CXX compile features
[0.369s] -- Detecting CXX compile features - done
[0.376s] -- Found ament_cmake: 1.3.14 (/opt/ros/humble/share/ament_cmake/cmake)
[0.547s] -- Found Python3: /usr/bin/python3 (found version "3.10.12") found components: Interpreter 
[0.610s] -- Override CMake install command with custom implementation using symlinks instead of copying resources
[0.678s] -- Found rclcpp: 16.0.19 (/opt/ros/humble/share/rclcpp/cmake)
[0.755s] -- Found rosidl_generator_c: 3.1.8 (/opt/ros/humble/share/rosidl_generator_c/cmake)
[0.766s] -- Found rosidl_adapter: 3.1.8 (/opt/ros/humble/share/rosidl_adapter/cmake)
[0.781s] -- Found rosidl_generator_cpp: 3.1.8 (/opt/ros/humble/share/rosidl_generator_cpp/cmake)
[0.799s] -- Using all available rosidl_typesupport_c: rosidl_typesupport_fastrtps_c;rosidl_typesupport_introspection_c
[0.825s] -- Using all available rosidl_typesupport_cpp: rosidl_typesupport_fastrtps_cpp;rosidl_typesupport_introspection_cpp
[0.907s] -- Found rmw_implementation_cmake: 6.1.2 (/opt/ros/humble/share/rmw_implementation_cmake/cmake)
[0.914s] -- Found rmw_fastrtps_cpp: 6.2.10 (/opt/ros/humble/share/rmw_fastrtps_cpp/cmake)
[1.062s] -- Found OpenSSL: /usr/lib/x86_64-linux-gnu/libcrypto.so (found version "3.0.2")  
[1.103s] -- Found FastRTPS: /opt/ros/humble/include  
[1.168s] -- Using RMW implementation 'rmw_fastrtps_cpp' as default
[1.185s] -- Looking for pthread.h
[1.398s] -- Looking for pthread.h - found
[1.398s] -- Performing Test CMAKE_HAVE_LIBC_PTHREAD
[1.491s] -- Performing Test CMAKE_HAVE_LIBC_PTHREAD - Success
[1.492s] -- Found Threads: TRUE  
[1.561s] -- Found canopen_core: 0.2.13 (/opt/ros/humble/share/canopen_core/cmake)
[1.591s] -- Found Boost: /usr/lib/x86_64-linux-gnu/cmake/Boost-1.74.0/BoostConfig.cmake (found version "1.74.0") found components: system thread 
[1.705s] -- Found canopen_base_driver: 0.2.13 (/opt/ros/humble/share/canopen_base_driver/cmake)
[1.765s] -- Found canopen_proxy_driver: 0.2.13 (/opt/ros/humble/share/canopen_proxy_driver/cmake)
[1.785s] -- Found ament_lint_auto: 0.12.15 (/opt/ros/humble/share/ament_lint_auto/cmake)
[1.918s] -- Added test 'flake8' to check Python code syntax and style conventions
[1.920s] -- Added test 'lint_cmake' to check CMake code style
[1.921s] -- Added test 'pep257' to check Python code against some of the docstring style conventions in PEP 257
[1.925s] -- Added test 'xmllint' to check XML markup files
[1.928s] -- Configuring done
[1.942s] -- Generating done
[1.951s] -- Build files have been written to: /home/theanh/Robot_Project/AMR_Robot/amr1_ws/build/amr_reality_pkg
[1.969s] Invoked command in '/home/theanh/Robot_Project/AMR_Robot/amr1_ws/build/amr_reality_pkg' returned '0': CMAKE_PREFIX_PATH=${CMAKE_PREFIX_PATH}:/opt/ros/humble /usr/bin/cmake /home/theanh/Robot_Project/AMR_Robot/amr1_ws/src/amr_reality_pkg -DAMENT_CMAKE_SYMLINK_INSTALL=1 -DCMAKE_INSTALL_PREFIX=/home/theanh/Robot_Project/AMR_Robot/amr1_ws/install/amr_reality_pkg
[1.971s] Invoking command in '/home/theanh/Robot_Project/AMR_Robot/amr1_ws/build/amr_reality_pkg': CMAKE_PREFIX_PATH=${CMAKE_PREFIX_PATH}:/opt/ros/humble /usr/bin/cmake --build /home/theanh/Robot_Project/AMR_Robot/amr1_ws/build/amr_reality_pkg -- -j15 -l15
[2.061s] Built target robot_control_prepare
[3.800s] joint1: writing 4 bytes to 0x1400/1: 02 02 00 80
[3.801s] joint1: writing 1 bytes to 0x1400/2: 01
[3.801s] joint1: writing 1 bytes to 0x1600/0: 00
[3.801s] joint1: writing 4 bytes to 0x1600/1: 10 00 40 60
[3.801s] joint1: writing 4 bytes to 0x1600/2: 08 00 60 60
[3.802s] joint1: writing 1 bytes to 0x1600/0: 02
[3.802s] joint1: writing 4 bytes to 0x1400/1: 02 02 00 00
[3.802s] joint1: writing 4 bytes to 0x1401/1: 02 03 00 80
[3.802s] joint1: writing 1 bytes to 0x1401/2: 01
[3.802s] joint1: writing 1 bytes to 0x1601/0: 00
[3.802s] joint1: writing 4 bytes to 0x1601/1: 20 00 7A 60
[3.802s] joint1: writing 4 bytes to 0x1601/2: 20 00 FF 60
[3.802s] joint1: writing 1 bytes to 0x1601/0: 02
[3.802s] joint1: writing 4 bytes to 0x1401/1: 02 03 00 00
[3.803s] joint1: writing 4 bytes to 0x1800/1: 82 01 00 80
[3.803s] joint1: writing 1 bytes to 0x1800/2: 01
[3.803s] joint1: writing 1 bytes to 0x1A00/0: 00
[3.803s] joint1: writing 4 bytes to 0x1A00/1: 10 00 41 60
[3.803s] joint1: writing 4 bytes to 0x1A00/2: 08 00 61 60
[3.803s] joint1: writing 1 bytes to 0x1A00/0: 02
[3.803s] joint1: writing 4 bytes to 0x1800/1: 82 01 00 00
[3.803s] joint1: writing 4 bytes to 0x1801/1: 82 02 00 80
[3.803s] joint1: writing 1 bytes to 0x1801/2: 01
[3.804s] joint1: writing 1 bytes to 0x1A01/0: 00
[3.804s] joint1: writing 4 bytes to 0x1A01/1: 20 00 64 60
[3.804s] joint1: writing 4 bytes to 0x1A01/2: 20 00 6C 60
[3.804s] joint1: writing 1 bytes to 0x1A01/0: 02
[3.804s] joint1: writing 4 bytes to 0x1801/1: 82 02 00 00
[3.804s] joint1: writing 4 bytes to 0x1802/1: 82 03 00 80
[3.804s] joint1: writing 1 bytes to 0x1802/2: 01
[3.804s] joint1: writing 1 bytes to 0x1A02/0: 00
[3.804s] joint1: writing 4 bytes to 0x1A02/1: 10 00 3F 60
[3.804s] joint1: writing 1 bytes to 0x1A02/0: 01
[3.805s] joint1: writing 4 bytes to 0x1802/1: 82 03 00 00
[3.805s] joint1: writing 2 bytes to 0x6040/0: 80 00
[3.805s] joint1: writing 2 bytes to 0x6040/0: 06 00
[3.805s] joint1: writing 2 bytes to 0x6040/0: 07 00
[3.805s] joint1: writing 2 bytes to 0x6040/0: 0F 01
[3.805s] joint1: writing 4 bytes to 0x6083/0: A0 86 01 00
[3.805s] joint1: writing 4 bytes to 0x6084/0: A0 86 01 00
[3.805s] joint1: writing 1 bytes to 0x6098/0: 00
[3.805s] joint2: writing 4 bytes to 0x1400/1: 03 02 00 80
[3.806s] joint2: writing 1 bytes to 0x1400/2: 01
[3.806s] joint2: writing 1 bytes to 0x1600/0: 00
[3.806s] joint2: writing 4 bytes to 0x1600/1: 10 00 40 60
[3.806s] joint2: writing 4 bytes to 0x1600/2: 08 00 60 60
[3.806s] joint2: writing 1 bytes to 0x1600/0: 02
[3.806s] joint2: writing 4 bytes to 0x1400/1: 03 02 00 00
[3.806s] joint2: writing 4 bytes to 0x1401/1: 03 03 00 80
[3.806s] joint2: writing 1 bytes to 0x1401/2: 01
[3.806s] joint2: writing 1 bytes to 0x1601/0: 00
[3.806s] joint2: writing 4 bytes to 0x1601/1: 20 00 7A 60
[3.807s] joint2: writing 4 bytes to 0x1601/2: 20 00 FF 60
[3.807s] joint2: writing 1 bytes to 0x1601/0: 02
[3.807s] joint2: writing 4 bytes to 0x1401/1: 03 03 00 00
[3.807s] joint2: writing 4 bytes to 0x1800/1: 83 01 00 80
[3.807s] joint2: writing 1 bytes to 0x1800/2: 01
[3.807s] joint2: writing 1 bytes to 0x1A00/0: 00
[3.807s] joint2: writing 4 bytes to 0x1A00/1: 10 00 41 60
[3.807s] joint2: writing 4 bytes to 0x1A00/2: 08 00 61 60
[3.807s] joint2: writing 1 bytes to 0x1A00/0: 02
[3.808s] joint2: writing 4 bytes to 0x1800/1: 83 01 00 00
[3.808s] joint2: writing 4 bytes to 0x1801/1: 83 02 00 80
[3.808s] joint2: writing 1 bytes to 0x1801/2: 01
[3.808s] joint2: writing 1 bytes to 0x1A01/0: 00
[3.808s] joint2: writing 4 bytes to 0x1A01/1: 20 00 64 60
[3.808s] joint2: writing 4 bytes to 0x1A01/2: 20 00 6C 60
[3.808s] joint2: writing 1 bytes to 0x1A01/0: 02
[3.808s] joint2: writing 4 bytes to 0x1801/1: 83 02 00 00
[3.808s] joint2: writing 4 bytes to 0x1802/1: 83 03 00 80
[3.808s] joint2: writing 1 bytes to 0x1802/2: 01
[3.809s] joint2: writing 1 bytes to 0x1A02/0: 00
[3.809s] joint2: writing 4 bytes to 0x1A02/1: 10 00 3F 60
[3.809s] joint2: writing 1 bytes to 0x1A02/0: 01
[3.809s] joint2: writing 4 bytes to 0x1802/1: 83 03 00 00
[3.809s] joint2: writing 2 bytes to 0x6040/0: 80 00
[3.809s] joint2: writing 2 bytes to 0x6040/0: 06 00
[3.809s] joint2: writing 2 bytes to 0x6040/0: 07 00
[3.809s] joint2: writing 2 bytes to 0x6040/0: 0F 01
[3.809s] joint2: writing 4 bytes to 0x6083/0: A0 86 01 00
[3.809s] joint2: writing 4 bytes to 0x6084/0: A0 86 01 00
[3.810s] joint2: writing 1 bytes to 0x6098/0: 00
[4.152s] Built target robot_control
[4.173s] Invoked command in '/home/theanh/Robot_Project/AMR_Robot/amr1_ws/build/amr_reality_pkg' returned '0': CMAKE_PREFIX_PATH=${CMAKE_PREFIX_PATH}:/opt/ros/humble /usr/bin/cmake --build /home/theanh/Robot_Project/AMR_Robot/amr1_ws/build/amr_reality_pkg -- -j15 -l15
[4.175s] Invoking command in '/home/theanh/Robot_Project/AMR_Robot/amr1_ws/build/amr_reality_pkg': CMAKE_PREFIX_PATH=${CMAKE_PREFIX_PATH}:/opt/ros/humble /usr/bin/cmake --install /home/theanh/Robot_Project/AMR_Robot/amr1_ws/build/amr_reality_pkg
[4.186s] -- Install configuration: ""
[4.186s] -- Execute custom install script
[4.187s] -- Symlinking: /home/theanh/Robot_Project/AMR_Robot/amr1_ws/install/amr_reality_pkg/share/amr_reality_pkg/config/robot_control//cia402_slave.eds
[4.202s] -- Symlinking: /home/theanh/Robot_Project/AMR_Robot/amr1_ws/install/amr_reality_pkg/share/amr_reality_pkg/config/robot_control//ros2_controllers.yaml
[4.218s] -- Symlinking: /home/theanh/Robot_Project/AMR_Robot/amr1_ws/install/amr_reality_pkg/share/amr_reality_pkg/config/robot_control//bus.yml
[4.233s] -- Symlinking: /home/theanh/Robot_Project/AMR_Robot/amr1_ws/install/amr_reality_pkg/share/amr_reality_pkg/config/robot_control//joint1.bin
[4.248s] -- Symlinking: /home/theanh/Robot_Project/AMR_Robot/amr1_ws/install/amr_reality_pkg/share/amr_reality_pkg/config/robot_control//joint2.bin
[4.263s] -- Symlinking: /home/theanh/Robot_Project/AMR_Robot/amr1_ws/install/amr_reality_pkg/share/amr_reality_pkg/config/robot_control//master.dcf
[4.278s] -- Symlinking: /home/theanh/Robot_Project/AMR_Robot/amr1_ws/install/amr_reality_pkg/share/amr_reality_pkg/config/robot_control//preprocessed_bus.yml
[4.294s] -- Symlinking: /home/theanh/Robot_Project/AMR_Robot/amr1_ws/install/amr_reality_pkg/share/amr_reality_pkg/launch/amr_reality.launch.py
[4.310s] -- Symlinking: /home/theanh/Robot_Project/AMR_Robot/amr1_ws/install/amr_reality_pkg/share/amr_reality_pkg/launch/localization_launch.py
[4.325s] -- Symlinking: /home/theanh/Robot_Project/AMR_Robot/amr1_ws/install/amr_reality_pkg/share/amr_reality_pkg/launch/navigation_launch.py
[4.343s] -- Symlinking: /home/theanh/Robot_Project/AMR_Robot/amr1_ws/install/amr_reality_pkg/share/amr_reality_pkg/descriptions/meshes/Imu_Link.STL
[4.361s] -- Symlinking: /home/theanh/Robot_Project/AMR_Robot/amr1_ws/install/amr_reality_pkg/share/amr_reality_pkg/descriptions/meshes/Left_Link.STL
[4.381s] -- Symlinking: /home/theanh/Robot_Project/AMR_Robot/amr1_ws/install/amr_reality_pkg/share/amr_reality_pkg/descriptions/meshes/Lidar_Link.STL
[4.421s] -- Symlinking: /home/theanh/Robot_Project/AMR_Robot/amr1_ws/install/amr_reality_pkg/share/amr_reality_pkg/descriptions/meshes/Right_Link.STL
[4.424s] -- Symlinking: /home/theanh/Robot_Project/AMR_Robot/amr1_ws/install/amr_reality_pkg/share/amr_reality_pkg/descriptions/meshes/Yaw_Behind_Left_Link.STL
[4.437s] -- Symlinking: /home/theanh/Robot_Project/AMR_Robot/amr1_ws/install/amr_reality_pkg/share/amr_reality_pkg/descriptions/meshes/Yaw_Behind_Right_Link.STL
[4.452s] -- Symlinking: /home/theanh/Robot_Project/AMR_Robot/amr1_ws/install/amr_reality_pkg/share/amr_reality_pkg/descriptions/meshes/Yaw_Front_Left_Link.STL
[4.467s] -- Symlinking: /home/theanh/Robot_Project/AMR_Robot/amr1_ws/install/amr_reality_pkg/share/amr_reality_pkg/descriptions/meshes/Yaw_Front_Right_Link.STL
[4.480s] -- Symlinking: /home/theanh/Robot_Project/AMR_Robot/amr1_ws/install/amr_reality_pkg/share/amr_reality_pkg/descriptions/meshes/base_link.STL
[4.494s] -- Symlinking: /home/theanh/Robot_Project/AMR_Robot/amr1_ws/install/amr_reality_pkg/share/amr_reality_pkg/descriptions/urdf/AMR1-00-Khung (1).SLDASM.urdf
[4.508s] -- Symlinking: /home/theanh/Robot_Project/AMR_Robot/amr1_ws/install/amr_reality_pkg/share/amr_reality_pkg/descriptions/urdf/gazebo_control.xacro
[4.521s] -- Symlinking: /home/theanh/Robot_Project/AMR_Robot/amr1_ws/install/amr_reality_pkg/share/amr_reality_pkg/descriptions/urdf/robot.urdf.xacro
[4.536s] -- Symlinking: /home/theanh/Robot_Project/AMR_Robot/amr1_ws/install/amr_reality_pkg/share/amr_reality_pkg/descriptions/urdf/robot_controller/robot_controller.ros2_control.xacro
[4.549s] -- Symlinking: /home/theanh/Robot_Project/AMR_Robot/amr1_ws/install/amr_reality_pkg/share/amr_reality_pkg/descriptions/urdf/robot_controller/robot_controller.urdf.xacro
[4.564s] -- Symlinking: /home/theanh/Robot_Project/AMR_Robot/amr1_ws/install/amr_reality_pkg/share/amr_reality_pkg/config/laser_filter.yaml
[4.577s] -- Symlinking: /home/theanh/Robot_Project/AMR_Robot/amr1_ws/install/amr_reality_pkg/share/amr_reality_pkg/config/ekf.yaml
[4.591s] -- Symlinking: /home/theanh/Robot_Project/AMR_Robot/amr1_ws/install/amr_reality_pkg/share/amr_reality_pkg/config/nav2_params.yaml
[4.604s] -- Symlinking: /home/theanh/Robot_Project/AMR_Robot/amr1_ws/install/amr_reality_pkg/share/amr_reality_pkg/config/mapper_params_online_async.yaml
[4.618s] -- Symlinking: /home/theanh/Robot_Project/AMR_Robot/amr1_ws/install/amr_reality_pkg/lib/amr_reality_pkg/ps4_teleop_node.py
[4.632s] -- Symlinking: /home/theanh/Robot_Project/AMR_Robot/amr1_ws/install/amr_reality_pkg/lib/amr_reality_pkg/imu_tl740D.py
[4.646s] -- Symlinking: /home/theanh/Robot_Project/AMR_Robot/amr1_ws/install/amr_reality_pkg/share/ament_index/resource_index/package_run_dependencies/amr_reality_pkg
[4.661s] -- Symlinking: /home/theanh/Robot_Project/AMR_Robot/amr1_ws/install/amr_reality_pkg/share/ament_index/resource_index/parent_prefix_path/amr_reality_pkg
[4.674s] -- Symlinking: /home/theanh/Robot_Project/AMR_Robot/amr1_ws/install/amr_reality_pkg/share/amr_reality_pkg/environment/ament_prefix_path.sh
[4.688s] -- Symlinking: /home/theanh/Robot_Project/AMR_Robot/amr1_ws/install/amr_reality_pkg/share/amr_reality_pkg/environment/ament_prefix_path.dsv
[4.701s] -- Symlinking: /home/theanh/Robot_Project/AMR_Robot/amr1_ws/install/amr_reality_pkg/share/amr_reality_pkg/environment/path.sh
[4.715s] -- Symlinking: /home/theanh/Robot_Project/AMR_Robot/amr1_ws/install/amr_reality_pkg/share/amr_reality_pkg/environment/path.dsv
[4.729s] -- Symlinking: /home/theanh/Robot_Project/AMR_Robot/amr1_ws/install/amr_reality_pkg/share/amr_reality_pkg/local_setup.bash
[4.742s] -- Symlinking: /home/theanh/Robot_Project/AMR_Robot/amr1_ws/install/amr_reality_pkg/share/amr_reality_pkg/local_setup.sh
[4.757s] -- Symlinking: /home/theanh/Robot_Project/AMR_Robot/amr1_ws/install/amr_reality_pkg/share/amr_reality_pkg/local_setup.zsh
[4.772s] -- Symlinking: /home/theanh/Robot_Project/AMR_Robot/amr1_ws/install/amr_reality_pkg/share/amr_reality_pkg/local_setup.dsv
[4.785s] -- Symlinking: /home/theanh/Robot_Project/AMR_Robot/amr1_ws/install/amr_reality_pkg/share/amr_reality_pkg/package.dsv
[4.799s] -- Symlinking: /home/theanh/Robot_Project/AMR_Robot/amr1_ws/install/amr_reality_pkg/share/ament_index/resource_index/packages/amr_reality_pkg
[4.814s] -- Symlinking: /home/theanh/Robot_Project/AMR_Robot/amr1_ws/install/amr_reality_pkg/share/amr_reality_pkg/cmake/amr_reality_pkgConfig.cmake
[4.828s] -- Symlinking: /home/theanh/Robot_Project/AMR_Robot/amr1_ws/install/amr_reality_pkg/share/amr_reality_pkg/cmake/amr_reality_pkgConfig-version.cmake
[4.843s] -- Symlinking: /home/theanh/Robot_Project/AMR_Robot/amr1_ws/install/amr_reality_pkg/share/amr_reality_pkg/package.xml
[4.862s] Invoked command in '/home/theanh/Robot_Project/AMR_Robot/amr1_ws/build/amr_reality_pkg' returned '0': CMAKE_PREFIX_PATH=${CMAKE_PREFIX_PATH}:/opt/ros/humble /usr/bin/cmake --install /home/theanh/Robot_Project/AMR_Robot/amr1_ws/build/amr_reality_pkg
