[0.024s] Invoking command in '/home/theanh/Robot_Project/AMR_Robot/amr1_ws/build/amr_sim_pkg': CMAKE_PREFIX_PATH=${CMAKE_PREFIX_PATH}:/opt/ros/humble /usr/bin/cmake /home/theanh/Robot_Project/AMR_Robot/amr1_ws/src/amr_sim_pkg -DAMENT_CMAKE_SYMLINK_INSTALL=1 -DCMAKE_INSTALL_PREFIX=/home/theanh/Robot_Project/AMR_Robot/amr1_ws/install/amr_sim_pkg
[0.777s] -- The C compiler identification is GNU 11.4.0
[1.642s] -- The CXX compiler identification is GNU 11.4.0
[1.684s] -- Detecting C compiler ABI info
[1.886s] -- Detecting C compiler ABI info - done
[1.896s] -- Check for working C compiler: /usr/bin/cc - skipped
[1.896s] -- Detecting C compile features
[1.913s] -- Detecting C compile features - done
[1.928s] -- Detecting CXX compiler ABI info
[2.077s] -- Detecting CXX compiler ABI info - done
[2.085s] -- Check for working CXX compiler: /usr/bin/c++ - skipped
[2.086s] -- Detecting CXX compile features
[2.086s] -- Detecting CXX compile features - done
[2.207s] -- Found ament_cmake: 1.3.14 (/opt/ros/humble/share/ament_cmake/cmake)
[2.541s] -- Found Python3: /usr/bin/python3 (found version "3.10.12") found components: Interpreter 
[2.663s] -- Override CMake install command with custom implementation using symlinks instead of copying resources
[2.881s] -- Found rclcpp: 16.0.19 (/opt/ros/humble/share/rclcpp/cmake)
[3.179s] -- Found rosidl_generator_c: 3.1.8 (/opt/ros/humble/share/rosidl_generator_c/cmake)
[3.191s] -- Found rosidl_adapter: 3.1.8 (/opt/ros/humble/share/rosidl_adapter/cmake)
[3.209s] -- Found rosidl_generator_cpp: 3.1.8 (/opt/ros/humble/share/rosidl_generator_cpp/cmake)
[3.233s] -- Using all available rosidl_typesupport_c: rosidl_typesupport_fastrtps_c;rosidl_typesupport_introspection_c
[3.262s] -- Using all available rosidl_typesupport_cpp: rosidl_typesupport_fastrtps_cpp;rosidl_typesupport_introspection_cpp
[3.500s] -- Found rmw_implementation_cmake: 6.1.2 (/opt/ros/humble/share/rmw_implementation_cmake/cmake)
[3.537s] -- Found rmw_fastrtps_cpp: 6.2.10 (/opt/ros/humble/share/rmw_fastrtps_cpp/cmake)
[3.926s] -- Found OpenSSL: /usr/lib/x86_64-linux-gnu/libcrypto.so (found version "3.0.2")  
[3.973s] -- Found FastRTPS: /opt/ros/humble/include  
[4.038s] -- Using RMW implementation 'rmw_fastrtps_cpp' as default
[4.116s] -- Looking for pthread.h
[4.363s] -- Looking for pthread.h - found
[4.363s] -- Performing Test CMAKE_HAVE_LIBC_PTHREAD
[4.485s] -- Performing Test CMAKE_HAVE_LIBC_PTHREAD - Success
[4.486s] -- Found Threads: TRUE  
[4.634s] -- Found robot_state_publisher: 3.0.3 (/opt/ros/humble/share/robot_state_publisher/cmake)
[5.103s] -- Found eigen3_cmake_module: 0.1.1 (/opt/ros/humble/share/eigen3_cmake_module/cmake)
[5.105s] -- Found Eigen3: TRUE (found version "3.4.0") 
[5.106s] -- Ensuring Eigen3 include directory is part of orocos-kdl CMake target
[6.961s] -- Found xacro: 2.1.1 (/opt/ros/humble/share/xacro/cmake)
[6.967s] -- Found ament_lint_auto: 0.12.15 (/opt/ros/humble/share/ament_lint_auto/cmake)
[7.066s] -- Added test 'flake8' to check Python code syntax and style conventions
[7.067s] -- Added test 'lint_cmake' to check CMake code style
[7.068s] -- Added test 'pep257' to check Python code against some of the docstring style conventions in PEP 257
[7.071s] -- Added test 'xmllint' to check XML markup files
[7.074s] -- Configuring done
[7.083s] -- Generating done
[7.088s] -- Build files have been written to: /home/theanh/Robot_Project/AMR_Robot/amr1_ws/build/amr_sim_pkg
[7.101s] Invoked command in '/home/theanh/Robot_Project/AMR_Robot/amr1_ws/build/amr_sim_pkg' returned '0': CMAKE_PREFIX_PATH=${CMAKE_PREFIX_PATH}:/opt/ros/humble /usr/bin/cmake /home/theanh/Robot_Project/AMR_Robot/amr1_ws/src/amr_sim_pkg -DAMENT_CMAKE_SYMLINK_INSTALL=1 -DCMAKE_INSTALL_PREFIX=/home/theanh/Robot_Project/AMR_Robot/amr1_ws/install/amr_sim_pkg
[7.103s] Invoking command in '/home/theanh/Robot_Project/AMR_Robot/amr1_ws/build/amr_sim_pkg': CMAKE_PREFIX_PATH=${CMAKE_PREFIX_PATH}:/opt/ros/humble /usr/bin/cmake --build /home/theanh/Robot_Project/AMR_Robot/amr1_ws/build/amr_sim_pkg -- -j15 -l15
[7.162s] Invoked command in '/home/theanh/Robot_Project/AMR_Robot/amr1_ws/build/amr_sim_pkg' returned '0': CMAKE_PREFIX_PATH=${CMAKE_PREFIX_PATH}:/opt/ros/humble /usr/bin/cmake --build /home/theanh/Robot_Project/AMR_Robot/amr1_ws/build/amr_sim_pkg -- -j15 -l15
[7.173s] Invoking command in '/home/theanh/Robot_Project/AMR_Robot/amr1_ws/build/amr_sim_pkg': CMAKE_PREFIX_PATH=${CMAKE_PREFIX_PATH}:/opt/ros/humble /usr/bin/cmake --install /home/theanh/Robot_Project/AMR_Robot/amr1_ws/build/amr_sim_pkg
[7.182s] -- Install configuration: ""
[7.183s] -- Execute custom install script
[7.183s] -- Symlinking: /home/theanh/Robot_Project/AMR_Robot/amr1_ws/install/amr_sim_pkg/share/amr_sim_pkg/launch/amr_sim.launch.py
[7.195s] -- Symlinking: /home/theanh/Robot_Project/AMR_Robot/amr1_ws/install/amr_sim_pkg/share/amr_sim_pkg/descriptions/urdf/gazebo_control.xacro
[7.206s] -- Symlinking: /home/theanh/Robot_Project/AMR_Robot/amr1_ws/install/amr_sim_pkg/share/amr_sim_pkg/descriptions/urdf/inertial_macros.xacro
[7.219s] -- Symlinking: /home/theanh/Robot_Project/AMR_Robot/amr1_ws/install/amr_sim_pkg/share/amr_sim_pkg/descriptions/urdf/robot.urdf.xacro
[7.231s] -- Symlinking: /home/theanh/Robot_Project/AMR_Robot/amr1_ws/install/amr_sim_pkg/share/amr_sim_pkg/descriptions/urdf/robot_core.xacro
[7.246s] -- Symlinking: /home/theanh/Robot_Project/AMR_Robot/amr1_ws/install/amr_sim_pkg/share/amr_sim_pkg/descriptions/urdf/ros2_control.urdf.xacro
[7.262s] -- Symlinking: /home/theanh/Robot_Project/AMR_Robot/amr1_ws/install/amr_sim_pkg/share/amr_sim_pkg/descriptions/urdf/sensors.xacro
[7.275s] -- Symlinking: /home/theanh/Robot_Project/AMR_Robot/amr1_ws/install/amr_sim_pkg/share/amr_sim_pkg/config/laser_filter.yaml
[7.287s] -- Symlinking: /home/theanh/Robot_Project/AMR_Robot/amr1_ws/install/amr_sim_pkg/share/amr_sim_pkg/config/mapper_params_online_async.yaml
[7.299s] -- Symlinking: /home/theanh/Robot_Project/AMR_Robot/amr1_ws/install/amr_sim_pkg/share/amr_sim_pkg/config/nav2_params.yaml
[7.311s] -- Symlinking: /home/theanh/Robot_Project/AMR_Robot/amr1_ws/install/amr_sim_pkg/share/amr_sim_pkg/config/robot_control/ros2_controllers.yaml
[7.326s] -- Symlinking: /home/theanh/Robot_Project/AMR_Robot/amr1_ws/install/amr_sim_pkg/lib/amr_sim_pkg/ps4_teleop_node.py
[7.341s] -- Symlinking: /home/theanh/Robot_Project/AMR_Robot/amr1_ws/install/amr_sim_pkg/share/ament_index/resource_index/package_run_dependencies/amr_sim_pkg
[7.355s] -- Symlinking: /home/theanh/Robot_Project/AMR_Robot/amr1_ws/install/amr_sim_pkg/share/ament_index/resource_index/parent_prefix_path/amr_sim_pkg
[7.368s] -- Symlinking: /home/theanh/Robot_Project/AMR_Robot/amr1_ws/install/amr_sim_pkg/share/amr_sim_pkg/environment/ament_prefix_path.sh
[7.380s] -- Symlinking: /home/theanh/Robot_Project/AMR_Robot/amr1_ws/install/amr_sim_pkg/share/amr_sim_pkg/environment/ament_prefix_path.dsv
[7.393s] -- Symlinking: /home/theanh/Robot_Project/AMR_Robot/amr1_ws/install/amr_sim_pkg/share/amr_sim_pkg/environment/path.sh
[7.406s] -- Symlinking: /home/theanh/Robot_Project/AMR_Robot/amr1_ws/install/amr_sim_pkg/share/amr_sim_pkg/environment/path.dsv
[7.419s] -- Symlinking: /home/theanh/Robot_Project/AMR_Robot/amr1_ws/install/amr_sim_pkg/share/amr_sim_pkg/local_setup.bash
[7.431s] -- Symlinking: /home/theanh/Robot_Project/AMR_Robot/amr1_ws/install/amr_sim_pkg/share/amr_sim_pkg/local_setup.sh
[7.443s] -- Symlinking: /home/theanh/Robot_Project/AMR_Robot/amr1_ws/install/amr_sim_pkg/share/amr_sim_pkg/local_setup.zsh
[7.454s] -- Symlinking: /home/theanh/Robot_Project/AMR_Robot/amr1_ws/install/amr_sim_pkg/share/amr_sim_pkg/local_setup.dsv
[7.468s] -- Symlinking: /home/theanh/Robot_Project/AMR_Robot/amr1_ws/install/amr_sim_pkg/share/amr_sim_pkg/package.dsv
[7.485s] -- Symlinking: /home/theanh/Robot_Project/AMR_Robot/amr1_ws/install/amr_sim_pkg/share/ament_index/resource_index/packages/amr_sim_pkg
[7.499s] -- Symlinking: /home/theanh/Robot_Project/AMR_Robot/amr1_ws/install/amr_sim_pkg/share/amr_sim_pkg/cmake/amr_sim_pkgConfig.cmake
[7.511s] -- Symlinking: /home/theanh/Robot_Project/AMR_Robot/amr1_ws/install/amr_sim_pkg/share/amr_sim_pkg/cmake/amr_sim_pkgConfig-version.cmake
[7.523s] -- Symlinking: /home/theanh/Robot_Project/AMR_Robot/amr1_ws/install/amr_sim_pkg/share/amr_sim_pkg/package.xml
[7.538s] Invoked command in '/home/theanh/Robot_Project/AMR_Robot/amr1_ws/build/amr_sim_pkg' returned '0': CMAKE_PREFIX_PATH=${CMAKE_PREFIX_PATH}:/opt/ros/humble /usr/bin/cmake --install /home/theanh/Robot_Project/AMR_Robot/amr1_ws/build/amr_sim_pkg
