[0.025s] Invoking command in '/home/theanh/Robot_Project/AMR_Robot/amr1_ws/build/amr_sim_pkg': CMAKE_PREFIX_PATH=${CMAKE_PREFIX_PATH}:/opt/ros/humble /usr/bin/cmake --build /home/theanh/Robot_Project/AMR_Robot/amr1_ws/build/amr_sim_pkg -- -j15 -l15
[0.054s] -- Found ament_cmake: 1.3.14 (/opt/ros/humble/share/ament_cmake/cmake)
[0.186s] -- Override CMake install command with custom implementation using symlinks instead of copying resources
[0.193s] -- Found rclcpp: 16.0.19 (/opt/ros/humble/share/rclcpp/cmake)
[0.227s] -- Found rosidl_generator_c: 3.1.8 (/opt/ros/humble/share/rosidl_generator_c/cmake)
[0.229s] -- Found rosidl_adapter: 3.1.8 (/opt/ros/humble/share/rosidl_adapter/cmake)
[0.236s] -- Found rosidl_generator_cpp: 3.1.8 (/opt/ros/humble/share/rosidl_generator_cpp/cmake)
[0.246s] -- Using all available rosidl_typesupport_c: rosidl_typesupport_fastrtps_c;rosidl_typesupport_introspection_c
[0.258s] -- Using all available rosidl_typesupport_cpp: rosidl_typesupport_fastrtps_cpp;rosidl_typesupport_introspection_cpp
[0.291s] -- Found rmw_implementation_cmake: 6.1.2 (/opt/ros/humble/share/rmw_implementation_cmake/cmake)
[0.293s] -- Found rmw_fastrtps_cpp: 6.2.10 (/opt/ros/humble/share/rmw_fastrtps_cpp/cmake)
[0.444s] -- Using RMW implementation 'rmw_fastrtps_cpp' as default
[0.491s] -- Found robot_state_publisher: 3.0.3 (/opt/ros/humble/share/robot_state_publisher/cmake)
[0.506s] -- Found eigen3_cmake_module: 0.1.1 (/opt/ros/humble/share/eigen3_cmake_module/cmake)
[0.507s] -- Ensuring Eigen3 include directory is part of orocos-kdl CMake target
[0.635s] -- Found xacro: 2.1.1 (/opt/ros/humble/share/xacro/cmake)
[0.636s] -- Found ament_lint_auto: 0.12.15 (/opt/ros/humble/share/ament_lint_auto/cmake)
[0.703s] -- Added test 'flake8' to check Python code syntax and style conventions
[0.704s] -- Added test 'lint_cmake' to check CMake code style
[0.704s] -- Added test 'pep257' to check Python code against some of the docstring style conventions in PEP 257
[0.708s] -- Added test 'xmllint' to check XML markup files
[0.709s] -- Configuring done
[0.715s] -- Generating done
[0.718s] -- Build files have been written to: /home/theanh/Robot_Project/AMR_Robot/amr1_ws/build/amr_sim_pkg
[0.751s] Invoked command in '/home/theanh/Robot_Project/AMR_Robot/amr1_ws/build/amr_sim_pkg' returned '0': CMAKE_PREFIX_PATH=${CMAKE_PREFIX_PATH}:/opt/ros/humble /usr/bin/cmake --build /home/theanh/Robot_Project/AMR_Robot/amr1_ws/build/amr_sim_pkg -- -j15 -l15
[0.752s] Invoking command in '/home/theanh/Robot_Project/AMR_Robot/amr1_ws/build/amr_sim_pkg': CMAKE_PREFIX_PATH=${CMAKE_PREFIX_PATH}:/opt/ros/humble /usr/bin/cmake --install /home/theanh/Robot_Project/AMR_Robot/amr1_ws/build/amr_sim_pkg
[0.761s] -- Install configuration: ""
[0.761s] -- Execute custom install script
[0.762s] -- Up-to-date symlink: /home/theanh/Robot_Project/AMR_Robot/amr1_ws/install/amr_sim_pkg/share/amr_sim_pkg/launch/amr_sim.launch.py
[0.762s] -- Up-to-date symlink: /home/theanh/Robot_Project/AMR_Robot/amr1_ws/install/amr_sim_pkg/share/amr_sim_pkg/launch/localization_launch.py
[0.762s] -- Up-to-date symlink: /home/theanh/Robot_Project/AMR_Robot/amr1_ws/install/amr_sim_pkg/share/amr_sim_pkg/launch/navigation_launch.py
[0.762s] -- Up-to-date symlink: /home/theanh/Robot_Project/AMR_Robot/amr1_ws/install/amr_sim_pkg/share/amr_sim_pkg/descriptions/urdf/gazebo_control.xacro
[0.762s] -- Up-to-date symlink: /home/theanh/Robot_Project/AMR_Robot/amr1_ws/install/amr_sim_pkg/share/amr_sim_pkg/descriptions/urdf/inertial_macros.xacro
[0.762s] -- Up-to-date symlink: /home/theanh/Robot_Project/AMR_Robot/amr1_ws/install/amr_sim_pkg/share/amr_sim_pkg/descriptions/urdf/robot.urdf.xacro
[0.763s] -- Up-to-date symlink: /home/theanh/Robot_Project/AMR_Robot/amr1_ws/install/amr_sim_pkg/share/amr_sim_pkg/descriptions/urdf/robot_core.xacro
[0.763s] -- Up-to-date symlink: /home/theanh/Robot_Project/AMR_Robot/amr1_ws/install/amr_sim_pkg/share/amr_sim_pkg/descriptions/urdf/sensors.xacro
[0.763s] -- Up-to-date symlink: /home/theanh/Robot_Project/AMR_Robot/amr1_ws/install/amr_sim_pkg/share/amr_sim_pkg/config/ekf.yaml
[0.763s] -- Up-to-date symlink: /home/theanh/Robot_Project/AMR_Robot/amr1_ws/install/amr_sim_pkg/share/amr_sim_pkg/config/laser_filter.yaml
[0.763s] -- Up-to-date symlink: /home/theanh/Robot_Project/AMR_Robot/amr1_ws/install/amr_sim_pkg/share/amr_sim_pkg/config/mapper_params_online_async.yaml
[0.763s] -- Up-to-date symlink: /home/theanh/Robot_Project/AMR_Robot/amr1_ws/install/amr_sim_pkg/share/amr_sim_pkg/config/nav2_params.yaml
[0.764s] -- Up-to-date symlink: /home/theanh/Robot_Project/AMR_Robot/amr1_ws/install/amr_sim_pkg/share/amr_sim_pkg/config/robot_control/ros2_controllers.yaml
[0.764s] -- Up-to-date symlink: /home/theanh/Robot_Project/AMR_Robot/amr1_ws/install/amr_sim_pkg/share/amr_sim_pkg/worlds/empty.world
[0.764s] -- Up-to-date symlink: /home/theanh/Robot_Project/AMR_Robot/amr1_ws/install/amr_sim_pkg/share/amr_sim_pkg/worlds/floor_plan3.sdf
[0.764s] -- Up-to-date symlink: /home/theanh/Robot_Project/AMR_Robot/amr1_ws/install/amr_sim_pkg/share/amr_sim_pkg/worlds/maze.world
[0.764s] -- Up-to-date symlink: /home/theanh/Robot_Project/AMR_Robot/amr1_ws/install/amr_sim_pkg/share/amr_sim_pkg/worlds/maze/model.config
[0.764s] -- Up-to-date symlink: /home/theanh/Robot_Project/AMR_Robot/amr1_ws/install/amr_sim_pkg/share/amr_sim_pkg/worlds/maze/model.sdf
[0.764s] -- Up-to-date symlink: /home/theanh/Robot_Project/AMR_Robot/amr1_ws/install/amr_sim_pkg/share/amr_sim_pkg/worlds/maze_2.world
[0.765s] -- Up-to-date symlink: /home/theanh/Robot_Project/AMR_Robot/amr1_ws/install/amr_sim_pkg/share/amr_sim_pkg/worlds/wall.world
[0.765s] -- Up-to-date symlink: /home/theanh/Robot_Project/AMR_Robot/amr1_ws/install/amr_sim_pkg/share/amr_sim_pkg/maps/map_sim.pgm
[0.765s] -- Up-to-date symlink: /home/theanh/Robot_Project/AMR_Robot/amr1_ws/install/amr_sim_pkg/share/amr_sim_pkg/maps/map_sim.yaml
[0.765s] -- Up-to-date symlink: /home/theanh/Robot_Project/AMR_Robot/amr1_ws/install/amr_sim_pkg/lib/amr_sim_pkg/ps4_teleop_node.py
[0.765s] -- Up-to-date symlink: /home/theanh/Robot_Project/AMR_Robot/amr1_ws/install/amr_sim_pkg/lib/amr_sim_pkg/imu_cov.py
[0.765s] -- Up-to-date symlink: /home/theanh/Robot_Project/AMR_Robot/amr1_ws/install/amr_sim_pkg/share/ament_index/resource_index/package_run_dependencies/amr_sim_pkg
[0.766s] -- Up-to-date symlink: /home/theanh/Robot_Project/AMR_Robot/amr1_ws/install/amr_sim_pkg/share/ament_index/resource_index/parent_prefix_path/amr_sim_pkg
[0.766s] -- Up-to-date symlink: /home/theanh/Robot_Project/AMR_Robot/amr1_ws/install/amr_sim_pkg/share/amr_sim_pkg/environment/ament_prefix_path.sh
[0.766s] -- Up-to-date symlink: /home/theanh/Robot_Project/AMR_Robot/amr1_ws/install/amr_sim_pkg/share/amr_sim_pkg/environment/ament_prefix_path.dsv
[0.766s] -- Up-to-date symlink: /home/theanh/Robot_Project/AMR_Robot/amr1_ws/install/amr_sim_pkg/share/amr_sim_pkg/environment/path.sh
[0.766s] -- Up-to-date symlink: /home/theanh/Robot_Project/AMR_Robot/amr1_ws/install/amr_sim_pkg/share/amr_sim_pkg/environment/path.dsv
[0.766s] -- Up-to-date symlink: /home/theanh/Robot_Project/AMR_Robot/amr1_ws/install/amr_sim_pkg/share/amr_sim_pkg/local_setup.bash
[0.767s] -- Up-to-date symlink: /home/theanh/Robot_Project/AMR_Robot/amr1_ws/install/amr_sim_pkg/share/amr_sim_pkg/local_setup.sh
[0.767s] -- Up-to-date symlink: /home/theanh/Robot_Project/AMR_Robot/amr1_ws/install/amr_sim_pkg/share/amr_sim_pkg/local_setup.zsh
[0.767s] -- Up-to-date symlink: /home/theanh/Robot_Project/AMR_Robot/amr1_ws/install/amr_sim_pkg/share/amr_sim_pkg/local_setup.dsv
[0.767s] -- Symlinking: /home/theanh/Robot_Project/AMR_Robot/amr1_ws/install/amr_sim_pkg/share/amr_sim_pkg/package.dsv
[0.778s] -- Up-to-date symlink: /home/theanh/Robot_Project/AMR_Robot/amr1_ws/install/amr_sim_pkg/share/ament_index/resource_index/packages/amr_sim_pkg
[0.778s] -- Up-to-date symlink: /home/theanh/Robot_Project/AMR_Robot/amr1_ws/install/amr_sim_pkg/share/amr_sim_pkg/cmake/amr_sim_pkgConfig.cmake
[0.779s] -- Up-to-date symlink: /home/theanh/Robot_Project/AMR_Robot/amr1_ws/install/amr_sim_pkg/share/amr_sim_pkg/cmake/amr_sim_pkgConfig-version.cmake
[0.779s] -- Up-to-date symlink: /home/theanh/Robot_Project/AMR_Robot/amr1_ws/install/amr_sim_pkg/share/amr_sim_pkg/package.xml
[0.781s] Invoked command in '/home/theanh/Robot_Project/AMR_Robot/amr1_ws/build/amr_sim_pkg' returned '0': CMAKE_PREFIX_PATH=${CMAKE_PREFIX_PATH}:/opt/ros/humble /usr/bin/cmake --install /home/theanh/Robot_Project/AMR_Robot/amr1_ws/build/amr_sim_pkg
