[0.021s] Invoking command in '/home/theanh/Robot_Project/AMR_Robot/amr1_ws/build/laser_filters': CMAKE_PREFIX_PATH=${CMAKE_PREFIX_PATH}:/opt/ros/humble /usr/bin/cmake /home/theanh/Robot_Project/AMR_Robot/amr1_ws/src/laser_filters -DAMENT_CMAKE_SYMLINK_INSTALL=1 -DCMAKE_INSTALL_PREFIX=/home/theanh/Robot_Project/AMR_Robot/amr1_ws/install/laser_filters
[0.772s] -- The C compiler identification is GNU 11.4.0
[1.636s] -- The CXX compiler identification is GNU 11.4.0
[1.678s] -- Detecting C compiler ABI info
[1.881s] -- Detecting C compiler ABI info - done
[1.889s] -- Check for working C compiler: /usr/bin/cc - skipped
[1.890s] -- Detecting C compile features
[1.907s] -- Detecting C compile features - done
[1.922s] -- Detecting CXX compiler ABI info
[2.071s] -- Detecting CXX compiler ABI info - done
[2.080s] -- Check for working CXX compiler: /usr/bin/c++ - skipped
[2.081s] -- Detecting CXX compile features
[2.081s] -- Detecting CXX compile features - done
[2.180s] -- Found ament_cmake_auto: 1.3.14 (/opt/ros/humble/share/ament_cmake_auto/cmake)
[2.541s] -- Found Python3: /usr/bin/python3 (found version "3.10.12") found components: Interpreter 
[2.656s] -- Override CMake install command with custom implementation using symlinks instead of copying resources
[3.173s] -- Found rosidl_generator_c: 3.1.8 (/opt/ros/humble/share/rosidl_generator_c/cmake)
[3.185s] -- Found rosidl_adapter: 3.1.8 (/opt/ros/humble/share/rosidl_adapter/cmake)
[3.203s] -- Found rosidl_generator_cpp: 3.1.8 (/opt/ros/humble/share/rosidl_generator_cpp/cmake)
[3.227s] -- Using all available rosidl_typesupport_c: rosidl_typesupport_fastrtps_c;rosidl_typesupport_introspection_c
[3.258s] -- Using all available rosidl_typesupport_cpp: rosidl_typesupport_fastrtps_cpp;rosidl_typesupport_introspection_cpp
[3.520s] -- Found rmw_implementation_cmake: 6.1.2 (/opt/ros/humble/share/rmw_implementation_cmake/cmake)
[3.531s] -- Found rmw_fastrtps_cpp: 6.2.10 (/opt/ros/humble/share/rmw_fastrtps_cpp/cmake)
[3.920s] -- Found OpenSSL: /usr/lib/x86_64-linux-gnu/libcrypto.so (found version "3.0.2")  
[3.964s] -- Found FastRTPS: /opt/ros/humble/include  
[4.031s] -- Using RMW implementation 'rmw_fastrtps_cpp' as default
[4.110s] -- Looking for pthread.h
[4.358s] -- Looking for pthread.h - found
[4.358s] -- Performing Test CMAKE_HAVE_LIBC_PTHREAD
[4.479s] -- Performing Test CMAKE_HAVE_LIBC_PTHREAD - Success
[4.480s] -- Found Threads: TRUE  
[5.823s] -- Found Eigen3: TRUE (found version "3.4.0") 
[5.823s] -- Ensuring Eigen3 include directory is part of orocos-kdl CMake target
[6.758s] [0mIn this package, headers install destination is set to `include` by ament_auto_package. It is recommended to install `include/laser_filters` instead and will be the default behavior of ament_auto_package from ROS 2 Kilted Kaiju. On distributions before Kilted, ament_auto_package behaves the same way when you use USE_SCOPED_HEADER_INSTALL_DIR option.[0m
[6.869s] -- Found ament_cmake_gtest: 1.3.14 (/opt/ros/humble/share/ament_cmake_gtest/cmake)
[6.906s] -- Found gtest sources under '/opt/ros/humble/src/gtest_vendor': C++ tests using 'Google Test' will be built
[6.955s] -- Found launch_testing_ament_cmake: 1.0.14 (/opt/ros/humble/share/launch_testing_ament_cmake/cmake)
[6.991s] -- Found python_cmake_module: 0.10.0 (/opt/ros/humble/share/python_cmake_module/cmake)
[7.093s] -- Found PythonInterp: /usr/bin/python3 (found suitable version "3.10.12", minimum required is "3.6") 
[7.234s] -- Found PythonLibs: /usr/lib/x86_64-linux-gnu/libpython3.10.so (found suitable version "3.10.12", minimum required is "3.5") 
[7.234s] -- Using PYTHON_EXECUTABLE: /usr/bin/python3
[7.234s] -- Using PYTHON_INCLUDE_DIRS: /usr/include/python3.10
[7.234s] -- Using PYTHON_LIBRARIES: /usr/lib/x86_64-linux-gnu/libpython3.10.so
[7.264s] -- Found PythonExtra: .so  
[7.295s] -- Configuring done
[7.364s] -- Generating done
[7.389s] -- Build files have been written to: /home/theanh/Robot_Project/AMR_Robot/amr1_ws/build/laser_filters
[7.406s] Invoked command in '/home/theanh/Robot_Project/AMR_Robot/amr1_ws/build/laser_filters' returned '0': CMAKE_PREFIX_PATH=${CMAKE_PREFIX_PATH}:/opt/ros/humble /usr/bin/cmake /home/theanh/Robot_Project/AMR_Robot/amr1_ws/src/laser_filters -DAMENT_CMAKE_SYMLINK_INSTALL=1 -DCMAKE_INSTALL_PREFIX=/home/theanh/Robot_Project/AMR_Robot/amr1_ws/install/laser_filters
[7.408s] Invoking command in '/home/theanh/Robot_Project/AMR_Robot/amr1_ws/build/laser_filters': CMAKE_PREFIX_PATH=${CMAKE_PREFIX_PATH}:/opt/ros/humble /usr/bin/cmake --build /home/theanh/Robot_Project/AMR_Robot/amr1_ws/build/laser_filters -- -j15 -l15
[7.480s] [ 13%] [32mBuilding CXX object gtest/CMakeFiles/gtest_main.dir/src/gtest_main.cc.o[0m
[7.481s] [ 13%] [32mBuilding CXX object CMakeFiles/laser_scan_filters.dir/src/laser_scan_filters.cpp.o[0m
[7.481s] [ 13%] [32mBuilding CXX object CMakeFiles/scan_to_cloud_filter_chain.dir/rclcpp_components/node_main_scan_to_cloud_filter_chain.cpp.o[0m
[7.481s] [ 21%] [32mBuilding CXX object gtest/CMakeFiles/gtest.dir/src/gtest-all.cc.o[0m
[7.481s] [ 21%] [32mBuilding CXX object CMakeFiles/scan_to_scan_filter_chain.dir/rclcpp_components/node_main_scan_to_scan_filter_chain.cpp.o[0m
[9.533s] [ 26%] [32m[1mLinking CXX static library libgtest_main.a[0m
[12.396s] [ 30%] [32m[1mLinking CXX static library libgtest.a[0m
[12.686s] [ 30%] Built target gtest_main
[12.712s] [ 30%] Built target gtest
[12.717s] [ 34%] [32m[1mLinking CXX executable scan_to_scan_filter_chain[0m
[12.741s] [ 39%] [32mBuilding CXX object CMakeFiles/test_scan_filter_chain.dir/test/test_scan_filter_chain.cpp.o[0m
[12.963s] [ 43%] [32m[1mLinking CXX executable scan_to_cloud_filter_chain[0m
[13.192s] [ 43%] Built target scan_to_scan_filter_chain
[13.194s] [ 43%] Built target scan_to_cloud_filter_chain
[20.303s] [ 47%] [32m[1mLinking CXX executable test_scan_filter_chain[0m
[20.675s] [ 47%] Built target test_scan_filter_chain
[26.765s] [ 52%] [32m[1mLinking CXX shared library liblaser_scan_filters.so[0m
[27.536s] [ 52%] Built target laser_scan_filters
[27.565s] [ 73%] [32mBuilding CXX object CMakeFiles/test_scan_shadows_filter.dir/test/test_scan_shadows_filter.cpp.o[0m
[27.565s] [ 73%] [32mBuilding CXX object CMakeFiles/test_shadow_detector.dir/test/test_shadow_detector.cpp.o[0m
[27.565s] [ 73%] [32mBuilding CXX object CMakeFiles/test_speckle_filter.dir/test/test_speckle_filter.cpp.o[0m
[27.565s] [ 73%] [32mBuilding CXX object CMakeFiles/laser_filter_chains.dir/src/scan_to_cloud_filter_chain.cpp.o[0m
[27.565s] [ 73%] [32mBuilding CXX object CMakeFiles/laser_filter_chains.dir/src/scan_to_scan_filter_chain.cpp.o[0m
[28.887s] [ 78%] [32m[1mLinking CXX executable test_shadow_detector[0m
[29.216s] [ 78%] Built target test_shadow_detector
[31.637s] [ 82%] [32m[1mLinking CXX executable test_speckle_filter[0m
[31.921s] [ 82%] Built target test_speckle_filter
[33.534s] [ 86%] [32m[1mLinking CXX executable test_scan_shadows_filter[0m
[33.805s] [ 86%] Built target test_scan_shadows_filter
[42.215s] [ 91%] [32m[1mLinking CXX shared library liblaser_filter_chains.so[0m
[43.241s] [ 91%] Built target laser_filter_chains
[43.265s] [ 95%] [32mBuilding CXX object CMakeFiles/generic_laser_filter_node.dir/src/generic_laser_filter_node.cpp.o[0m
[54.965s] [100%] [32m[1mLinking CXX executable generic_laser_filter_node[0m
[55.602s] [100%] Built target generic_laser_filter_node
[55.616s] Invoked command in '/home/theanh/Robot_Project/AMR_Robot/amr1_ws/build/laser_filters' returned '0': CMAKE_PREFIX_PATH=${CMAKE_PREFIX_PATH}:/opt/ros/humble /usr/bin/cmake --build /home/theanh/Robot_Project/AMR_Robot/amr1_ws/build/laser_filters -- -j15 -l15
[55.617s] Invoking command in '/home/theanh/Robot_Project/AMR_Robot/amr1_ws/build/laser_filters': CMAKE_PREFIX_PATH=${CMAKE_PREFIX_PATH}:/opt/ros/humble /usr/bin/cmake --install /home/theanh/Robot_Project/AMR_Robot/amr1_ws/build/laser_filters
[55.627s] -- Install configuration: ""
[55.627s] -- Execute custom install script
[55.627s] -- Symlinking: /home/theanh/Robot_Project/AMR_Robot/amr1_ws/install/laser_filters/lib/laser_filters/scan_to_cloud_filter_chain
[55.639s] -- Symlinking: /home/theanh/Robot_Project/AMR_Robot/amr1_ws/install/laser_filters/lib/laser_filters/scan_to_scan_filter_chain
[55.650s] -- Symlinking: /home/theanh/Robot_Project/AMR_Robot/amr1_ws/install/laser_filters/share/laser_filters//laser_filters_plugins.xml
[55.662s] -- Symlinking: /home/theanh/Robot_Project/AMR_Robot/amr1_ws/install/laser_filters/include/laser_filters/angular_bounds_filter.h
[55.673s] -- Symlinking: /home/theanh/Robot_Project/AMR_Robot/amr1_ws/install/laser_filters/include/laser_filters/angular_bounds_filter_in_place.h
[55.683s] -- Symlinking: /home/theanh/Robot_Project/AMR_Robot/amr1_ws/install/laser_filters/include/laser_filters/array_filter.h
[55.693s] -- Symlinking: /home/theanh/Robot_Project/AMR_Robot/amr1_ws/install/laser_filters/include/laser_filters/binning_filter.h
[55.704s] -- Symlinking: /home/theanh/Robot_Project/AMR_Robot/amr1_ws/install/laser_filters/include/laser_filters/box_filter.h
[55.715s] -- Symlinking: /home/theanh/Robot_Project/AMR_Robot/amr1_ws/install/laser_filters/include/laser_filters/footprint_filter.h
[55.727s] -- Symlinking: /home/theanh/Robot_Project/AMR_Robot/amr1_ws/install/laser_filters/include/laser_filters/intensity_filter.h
[55.738s] -- Symlinking: /home/theanh/Robot_Project/AMR_Robot/amr1_ws/install/laser_filters/include/laser_filters/interpolation_filter.h
[55.748s] -- Symlinking: /home/theanh/Robot_Project/AMR_Robot/amr1_ws/install/laser_filters/include/laser_filters/median_filter.h
[55.758s] -- Symlinking: /home/theanh/Robot_Project/AMR_Robot/amr1_ws/install/laser_filters/include/laser_filters/median_spatial_filter.h
[55.769s] -- Symlinking: /home/theanh/Robot_Project/AMR_Robot/amr1_ws/install/laser_filters/include/laser_filters/polygon_filter.h
[55.780s] -- Symlinking: /home/theanh/Robot_Project/AMR_Robot/amr1_ws/install/laser_filters/include/laser_filters/range_filter.h
[55.790s] -- Symlinking: /home/theanh/Robot_Project/AMR_Robot/amr1_ws/install/laser_filters/include/laser_filters/scan_blob_filter.h
[55.801s] -- Symlinking: /home/theanh/Robot_Project/AMR_Robot/amr1_ws/install/laser_filters/include/laser_filters/scan_mask_filter.h
[55.812s] -- Symlinking: /home/theanh/Robot_Project/AMR_Robot/amr1_ws/install/laser_filters/include/laser_filters/scan_shadow_detector.h
[55.824s] -- Symlinking: /home/theanh/Robot_Project/AMR_Robot/amr1_ws/install/laser_filters/include/laser_filters/scan_shadows_filter.h
[55.835s] -- Symlinking: /home/theanh/Robot_Project/AMR_Robot/amr1_ws/install/laser_filters/include/laser_filters/sector_filter.h
[55.845s] -- Symlinking: /home/theanh/Robot_Project/AMR_Robot/amr1_ws/install/laser_filters/include/laser_filters/speckle_filter.h
[55.856s] -- Symlinking: /home/theanh/Robot_Project/AMR_Robot/amr1_ws/install/laser_filters/share/laser_filters/environment/library_path.sh
[55.866s] -- Symlinking: /home/theanh/Robot_Project/AMR_Robot/amr1_ws/install/laser_filters/share/laser_filters/environment/library_path.dsv
[55.877s] -- Symlinking: /home/theanh/Robot_Project/AMR_Robot/amr1_ws/install/laser_filters/lib/liblaser_scan_filters.so
[55.887s] -- Symlinking: /home/theanh/Robot_Project/AMR_Robot/amr1_ws/install/laser_filters/lib/liblaser_filter_chains.so
[55.898s] -- Symlinking: /home/theanh/Robot_Project/AMR_Robot/amr1_ws/install/laser_filters/lib/laser_filters/generic_laser_filter_node
[55.909s] -- Symlinking: /home/theanh/Robot_Project/AMR_Robot/amr1_ws/install/laser_filters/share/laser_filters/examples/angular_filter_example.launch.py
[55.920s] -- Symlinking: /home/theanh/Robot_Project/AMR_Robot/amr1_ws/install/laser_filters/share/laser_filters/examples/angular_filter_example.yaml
[55.932s] -- Symlinking: /home/theanh/Robot_Project/AMR_Robot/amr1_ws/install/laser_filters/share/laser_filters/examples/bin_filter_example.launch.py
[55.943s] -- Symlinking: /home/theanh/Robot_Project/AMR_Robot/amr1_ws/install/laser_filters/share/laser_filters/examples/bin_filter_example.yaml
[55.953s] -- Symlinking: /home/theanh/Robot_Project/AMR_Robot/amr1_ws/install/laser_filters/share/laser_filters/examples/box_filter_example.launch.py
[55.963s] -- Symlinking: /home/theanh/Robot_Project/AMR_Robot/amr1_ws/install/laser_filters/share/laser_filters/examples/box_filter_example.yaml
[55.974s] -- Symlinking: /home/theanh/Robot_Project/AMR_Robot/amr1_ws/install/laser_filters/share/laser_filters/examples/footprint_filter_example.launch.py
[55.985s] -- Symlinking: /home/theanh/Robot_Project/AMR_Robot/amr1_ws/install/laser_filters/share/laser_filters/examples/footprint_filter_example.yaml
[55.995s] -- Symlinking: /home/theanh/Robot_Project/AMR_Robot/amr1_ws/install/laser_filters/share/laser_filters/examples/intensity_filter_example.launch.py
[56.006s] -- Symlinking: /home/theanh/Robot_Project/AMR_Robot/amr1_ws/install/laser_filters/share/laser_filters/examples/intensity_filter_example.yaml
[56.016s] -- Symlinking: /home/theanh/Robot_Project/AMR_Robot/amr1_ws/install/laser_filters/share/laser_filters/examples/mask_filter_example.launch.py
[56.028s] -- Symlinking: /home/theanh/Robot_Project/AMR_Robot/amr1_ws/install/laser_filters/share/laser_filters/examples/mask_filter_example.yaml
[56.039s] -- Symlinking: /home/theanh/Robot_Project/AMR_Robot/amr1_ws/install/laser_filters/share/laser_filters/examples/median_filter_example.launch.py
[56.050s] -- Symlinking: /home/theanh/Robot_Project/AMR_Robot/amr1_ws/install/laser_filters/share/laser_filters/examples/median_filter_example.yaml
[56.060s] -- Symlinking: /home/theanh/Robot_Project/AMR_Robot/amr1_ws/install/laser_filters/share/laser_filters/examples/median_spatial_filter.launch.py
[56.071s] -- Symlinking: /home/theanh/Robot_Project/AMR_Robot/amr1_ws/install/laser_filters/share/laser_filters/examples/median_spatial_filter.launch.xml
[56.081s] -- Symlinking: /home/theanh/Robot_Project/AMR_Robot/amr1_ws/install/laser_filters/share/laser_filters/examples/median_spatial_filter_example.yaml
[56.092s] -- Symlinking: /home/theanh/Robot_Project/AMR_Robot/amr1_ws/install/laser_filters/share/laser_filters/examples/multiple_filters_example.launch.py
[56.103s] -- Symlinking: /home/theanh/Robot_Project/AMR_Robot/amr1_ws/install/laser_filters/share/laser_filters/examples/multiple_filters_example.yaml
[56.113s] -- Symlinking: /home/theanh/Robot_Project/AMR_Robot/amr1_ws/install/laser_filters/share/laser_filters/examples/pass_through_example.launch.py
[56.125s] -- Symlinking: /home/theanh/Robot_Project/AMR_Robot/amr1_ws/install/laser_filters/share/laser_filters/examples/pass_through_example.yaml
[56.137s] -- Symlinking: /home/theanh/Robot_Project/AMR_Robot/amr1_ws/install/laser_filters/share/laser_filters/examples/polygon_filter_example.launch.py
[56.147s] -- Symlinking: /home/theanh/Robot_Project/AMR_Robot/amr1_ws/install/laser_filters/share/laser_filters/examples/polygon_filter_example.yaml
[56.158s] -- Symlinking: /home/theanh/Robot_Project/AMR_Robot/amr1_ws/install/laser_filters/share/laser_filters/examples/range_filter_example.launch.py
[56.168s] -- Symlinking: /home/theanh/Robot_Project/AMR_Robot/amr1_ws/install/laser_filters/share/laser_filters/examples/range_filter_example.yaml
[56.178s] -- Symlinking: /home/theanh/Robot_Project/AMR_Robot/amr1_ws/install/laser_filters/share/laser_filters/examples/scan_blob_filter_example.launch.py
[56.188s] -- Symlinking: /home/theanh/Robot_Project/AMR_Robot/amr1_ws/install/laser_filters/share/laser_filters/examples/scan_blob_filter_example.yaml
[56.199s] -- Symlinking: /home/theanh/Robot_Project/AMR_Robot/amr1_ws/install/laser_filters/share/laser_filters/examples/sector_filter_example.launch.py
[56.210s] -- Symlinking: /home/theanh/Robot_Project/AMR_Robot/amr1_ws/install/laser_filters/share/laser_filters/examples/sector_filter_example.yaml
[56.221s] -- Symlinking: /home/theanh/Robot_Project/AMR_Robot/amr1_ws/install/laser_filters/share/laser_filters/examples/shadow_filter_example.launch.py
[56.232s] -- Symlinking: /home/theanh/Robot_Project/AMR_Robot/amr1_ws/install/laser_filters/share/laser_filters/examples/shadow_filter_example.yaml
[56.243s] -- Symlinking: /home/theanh/Robot_Project/AMR_Robot/amr1_ws/install/laser_filters/share/laser_filters/examples/speckle_filter_example.launch
[56.253s] -- Symlinking: /home/theanh/Robot_Project/AMR_Robot/amr1_ws/install/laser_filters/share/laser_filters/examples/speckle_filter_example.yaml
[56.264s] -- Symlinking: /home/theanh/Robot_Project/AMR_Robot/amr1_ws/install/laser_filters/share/laser_filters/test/fake_laser.py
[56.275s] -- Symlinking: /home/theanh/Robot_Project/AMR_Robot/amr1_ws/install/laser_filters/share/laser_filters/test/test_polygon_filter.test.py
[56.285s] -- Symlinking: /home/theanh/Robot_Project/AMR_Robot/amr1_ws/install/laser_filters/share/laser_filters/test/test_polygon_filter.yaml
[56.295s] -- Symlinking: /home/theanh/Robot_Project/AMR_Robot/amr1_ws/install/laser_filters/share/laser_filters/test/test_scan_filter_chain.cpp
[56.306s] -- Symlinking: /home/theanh/Robot_Project/AMR_Robot/amr1_ws/install/laser_filters/share/laser_filters/test/test_scan_filter_chain.launch
[56.316s] -- Symlinking: /home/theanh/Robot_Project/AMR_Robot/amr1_ws/install/laser_filters/share/laser_filters/test/test_scan_filter_chain.yaml
[56.328s] -- Symlinking: /home/theanh/Robot_Project/AMR_Robot/amr1_ws/install/laser_filters/share/laser_filters/test/test_scan_shadows_filter.cpp
[56.339s] -- Symlinking: /home/theanh/Robot_Project/AMR_Robot/amr1_ws/install/laser_filters/share/laser_filters/test/test_shadow_detector.cpp
[56.350s] -- Symlinking: /home/theanh/Robot_Project/AMR_Robot/amr1_ws/install/laser_filters/share/laser_filters/test/test_speckle_filter.cpp
[56.360s] -- Symlinking: /home/theanh/Robot_Project/AMR_Robot/amr1_ws/install/laser_filters/share/laser_filters/test/test_speckle_filter.test.py
[56.371s] -- Symlinking: /home/theanh/Robot_Project/AMR_Robot/amr1_ws/install/laser_filters/share/laser_filters/test/test_speckle_filter.yaml
[56.383s] -- Symlinking: /home/theanh/Robot_Project/AMR_Robot/amr1_ws/install/laser_filters/share/ament_index/resource_index/package_run_dependencies/laser_filters
[56.395s] -- Symlinking: /home/theanh/Robot_Project/AMR_Robot/amr1_ws/install/laser_filters/share/ament_index/resource_index/parent_prefix_path/laser_filters
[56.407s] -- Symlinking: /home/theanh/Robot_Project/AMR_Robot/amr1_ws/install/laser_filters/share/laser_filters/environment/ament_prefix_path.sh
[56.422s] -- Symlinking: /home/theanh/Robot_Project/AMR_Robot/amr1_ws/install/laser_filters/share/laser_filters/environment/ament_prefix_path.dsv
[56.436s] -- Symlinking: /home/theanh/Robot_Project/AMR_Robot/amr1_ws/install/laser_filters/share/laser_filters/environment/path.sh
[56.449s] -- Symlinking: /home/theanh/Robot_Project/AMR_Robot/amr1_ws/install/laser_filters/share/laser_filters/environment/path.dsv
[56.463s] -- Symlinking: /home/theanh/Robot_Project/AMR_Robot/amr1_ws/install/laser_filters/share/laser_filters/local_setup.bash
[56.476s] -- Symlinking: /home/theanh/Robot_Project/AMR_Robot/amr1_ws/install/laser_filters/share/laser_filters/local_setup.sh
[56.489s] -- Symlinking: /home/theanh/Robot_Project/AMR_Robot/amr1_ws/install/laser_filters/share/laser_filters/local_setup.zsh
[56.503s] -- Symlinking: /home/theanh/Robot_Project/AMR_Robot/amr1_ws/install/laser_filters/share/laser_filters/local_setup.dsv
[56.518s] -- Symlinking: /home/theanh/Robot_Project/AMR_Robot/amr1_ws/install/laser_filters/share/laser_filters/package.dsv
[56.532s] -- Symlinking: /home/theanh/Robot_Project/AMR_Robot/amr1_ws/install/laser_filters/share/ament_index/resource_index/packages/laser_filters
[56.545s] -- Symlinking: /home/theanh/Robot_Project/AMR_Robot/amr1_ws/install/laser_filters/share/ament_index/resource_index/filters__pluginlib__plugin/laser_filters
[56.559s] -- Symlinking: /home/theanh/Robot_Project/AMR_Robot/amr1_ws/install/laser_filters/share/ament_index/resource_index/rclcpp_components/laser_filters
[56.571s] -- Symlinking: /home/theanh/Robot_Project/AMR_Robot/amr1_ws/install/laser_filters/share/laser_filters/cmake/ament_cmake_export_dependencies-extras.cmake
[56.582s] -- Symlinking: /home/theanh/Robot_Project/AMR_Robot/amr1_ws/install/laser_filters/share/laser_filters/cmake/ament_cmake_export_include_directories-extras.cmake
[56.594s] -- Symlinking: /home/theanh/Robot_Project/AMR_Robot/amr1_ws/install/laser_filters/share/laser_filters/cmake/ament_cmake_export_libraries-extras.cmake
[56.606s] -- Symlinking: /home/theanh/Robot_Project/AMR_Robot/amr1_ws/install/laser_filters/share/laser_filters/cmake/laser_filtersConfig.cmake
[56.619s] -- Symlinking: /home/theanh/Robot_Project/AMR_Robot/amr1_ws/install/laser_filters/share/laser_filters/cmake/laser_filtersConfig-version.cmake
[56.633s] -- Symlinking: /home/theanh/Robot_Project/AMR_Robot/amr1_ws/install/laser_filters/share/laser_filters/package.xml
[56.650s] Invoked command in '/home/theanh/Robot_Project/AMR_Robot/amr1_ws/build/laser_filters' returned '0': CMAKE_PREFIX_PATH=${CMAKE_PREFIX_PATH}:/opt/ros/humble /usr/bin/cmake --install /home/theanh/Robot_Project/AMR_Robot/amr1_ws/build/laser_filters
