[2.492s] Invoking command in '/home/theanh/Robot_Project/AMR_Robot/amr1_ws/build/amr_sim_pkg': CMAKE_PREFIX_PATH=${CMAKE_PREFIX_PATH}:/opt/ros/humble /usr/bin/cmake --build /home/theanh/Robot_Project/AMR_Robot/amr1_ws/build/amr_sim_pkg -- -j15 -l15
[2.886s] Invoked command in '/home/theanh/Robot_Project/AMR_Robot/amr1_ws/build/amr_sim_pkg' returned '0': CMAKE_PREFIX_PATH=${CMAKE_PREFIX_PATH}:/opt/ros/humble /usr/bin/cmake --build /home/theanh/Robot_Project/AMR_Robot/amr1_ws/build/amr_sim_pkg -- -j15 -l15
[2.900s] Invoking command in '/home/theanh/Robot_Project/AMR_Robot/amr1_ws/build/amr_sim_pkg': CMAKE_PREFIX_PATH=${CMAKE_PREFIX_PATH}:/opt/ros/humble /usr/bin/cmake --install /home/theanh/Robot_Project/AMR_Robot/amr1_ws/build/amr_sim_pkg
[2.909s] -- Install configuration: ""
[2.909s] -- Execute custom install script
[2.910s] -- Up-to-date symlink: /home/theanh/Robot_Project/AMR_Robot/amr1_ws/install/amr_sim_pkg/share/amr_sim_pkg/launch/amr_sim.launch.py
[2.910s] -- Up-to-date symlink: /home/theanh/Robot_Project/AMR_Robot/amr1_ws/install/amr_sim_pkg/share/amr_sim_pkg/launch/localization_launch.py
[2.910s] -- Up-to-date symlink: /home/theanh/Robot_Project/AMR_Robot/amr1_ws/install/amr_sim_pkg/share/amr_sim_pkg/launch/navigation_launch.py
[2.910s] -- Up-to-date symlink: /home/theanh/Robot_Project/AMR_Robot/amr1_ws/install/amr_sim_pkg/share/amr_sim_pkg/descriptions/urdf/gazebo_control.xacro
[2.910s] -- Up-to-date symlink: /home/theanh/Robot_Project/AMR_Robot/amr1_ws/install/amr_sim_pkg/share/amr_sim_pkg/descriptions/urdf/inertial_macros.xacro
[2.911s] -- Up-to-date symlink: /home/theanh/Robot_Project/AMR_Robot/amr1_ws/install/amr_sim_pkg/share/amr_sim_pkg/descriptions/urdf/robot.urdf.xacro
[2.911s] -- Up-to-date symlink: /home/theanh/Robot_Project/AMR_Robot/amr1_ws/install/amr_sim_pkg/share/amr_sim_pkg/descriptions/urdf/robot_core.xacro
[2.911s] -- Up-to-date symlink: /home/theanh/Robot_Project/AMR_Robot/amr1_ws/install/amr_sim_pkg/share/amr_sim_pkg/descriptions/urdf/sensors.xacro
[2.911s] -- Up-to-date symlink: /home/theanh/Robot_Project/AMR_Robot/amr1_ws/install/amr_sim_pkg/share/amr_sim_pkg/config/ekf.yaml
[2.911s] -- Up-to-date symlink: /home/theanh/Robot_Project/AMR_Robot/amr1_ws/install/amr_sim_pkg/share/amr_sim_pkg/config/laser_filter.yaml
[2.912s] -- Up-to-date symlink: /home/theanh/Robot_Project/AMR_Robot/amr1_ws/install/amr_sim_pkg/share/amr_sim_pkg/config/mapper_params_online_async.yaml
[2.912s] -- Up-to-date symlink: /home/theanh/Robot_Project/AMR_Robot/amr1_ws/install/amr_sim_pkg/share/amr_sim_pkg/config/nav2_params.yaml
[2.912s] -- Up-to-date symlink: /home/theanh/Robot_Project/AMR_Robot/amr1_ws/install/amr_sim_pkg/share/amr_sim_pkg/config/robot_control/ros2_controllers.yaml
[2.912s] -- Up-to-date symlink: /home/theanh/Robot_Project/AMR_Robot/amr1_ws/install/amr_sim_pkg/share/amr_sim_pkg/worlds/empty.world
[2.912s] -- Up-to-date symlink: /home/theanh/Robot_Project/AMR_Robot/amr1_ws/install/amr_sim_pkg/share/amr_sim_pkg/worlds/floor_plan3.sdf
[2.913s] -- Up-to-date symlink: /home/theanh/Robot_Project/AMR_Robot/amr1_ws/install/amr_sim_pkg/share/amr_sim_pkg/worlds/maze.world
[2.913s] -- Up-to-date symlink: /home/theanh/Robot_Project/AMR_Robot/amr1_ws/install/amr_sim_pkg/share/amr_sim_pkg/worlds/maze/model.config
[2.913s] -- Up-to-date symlink: /home/theanh/Robot_Project/AMR_Robot/amr1_ws/install/amr_sim_pkg/share/amr_sim_pkg/worlds/maze/model.sdf
[2.913s] -- Up-to-date symlink: /home/theanh/Robot_Project/AMR_Robot/amr1_ws/install/amr_sim_pkg/share/amr_sim_pkg/worlds/maze_2.world
[2.913s] -- Up-to-date symlink: /home/theanh/Robot_Project/AMR_Robot/amr1_ws/install/amr_sim_pkg/share/amr_sim_pkg/worlds/wall.world
[2.913s] -- Up-to-date symlink: /home/theanh/Robot_Project/AMR_Robot/amr1_ws/install/amr_sim_pkg/share/amr_sim_pkg/maps/map_sim.pgm
[2.914s] -- Up-to-date symlink: /home/theanh/Robot_Project/AMR_Robot/amr1_ws/install/amr_sim_pkg/share/amr_sim_pkg/maps/map_sim.yaml
[2.914s] -- Up-to-date symlink: /home/theanh/Robot_Project/AMR_Robot/amr1_ws/install/amr_sim_pkg/lib/amr_sim_pkg/ps4_teleop_node.py
[2.914s] -- Up-to-date symlink: /home/theanh/Robot_Project/AMR_Robot/amr1_ws/install/amr_sim_pkg/lib/amr_sim_pkg/imu_cov.py
[2.914s] -- Up-to-date symlink: /home/theanh/Robot_Project/AMR_Robot/amr1_ws/install/amr_sim_pkg/share/ament_index/resource_index/package_run_dependencies/amr_sim_pkg
[2.915s] -- Up-to-date symlink: /home/theanh/Robot_Project/AMR_Robot/amr1_ws/install/amr_sim_pkg/share/ament_index/resource_index/parent_prefix_path/amr_sim_pkg
[2.915s] -- Up-to-date symlink: /home/theanh/Robot_Project/AMR_Robot/amr1_ws/install/amr_sim_pkg/share/amr_sim_pkg/environment/ament_prefix_path.sh
[2.915s] -- Up-to-date symlink: /home/theanh/Robot_Project/AMR_Robot/amr1_ws/install/amr_sim_pkg/share/amr_sim_pkg/environment/ament_prefix_path.dsv
[2.915s] -- Up-to-date symlink: /home/theanh/Robot_Project/AMR_Robot/amr1_ws/install/amr_sim_pkg/share/amr_sim_pkg/environment/path.sh
[2.915s] -- Up-to-date symlink: /home/theanh/Robot_Project/AMR_Robot/amr1_ws/install/amr_sim_pkg/share/amr_sim_pkg/environment/path.dsv
[2.916s] -- Up-to-date symlink: /home/theanh/Robot_Project/AMR_Robot/amr1_ws/install/amr_sim_pkg/share/amr_sim_pkg/local_setup.bash
[2.916s] -- Up-to-date symlink: /home/theanh/Robot_Project/AMR_Robot/amr1_ws/install/amr_sim_pkg/share/amr_sim_pkg/local_setup.sh
[2.916s] -- Up-to-date symlink: /home/theanh/Robot_Project/AMR_Robot/amr1_ws/install/amr_sim_pkg/share/amr_sim_pkg/local_setup.zsh
[2.916s] -- Up-to-date symlink: /home/theanh/Robot_Project/AMR_Robot/amr1_ws/install/amr_sim_pkg/share/amr_sim_pkg/local_setup.dsv
[2.916s] -- Symlinking: /home/theanh/Robot_Project/AMR_Robot/amr1_ws/install/amr_sim_pkg/share/amr_sim_pkg/package.dsv
[2.928s] -- Up-to-date symlink: /home/theanh/Robot_Project/AMR_Robot/amr1_ws/install/amr_sim_pkg/share/ament_index/resource_index/packages/amr_sim_pkg
[2.929s] -- Up-to-date symlink: /home/theanh/Robot_Project/AMR_Robot/amr1_ws/install/amr_sim_pkg/share/amr_sim_pkg/cmake/amr_sim_pkgConfig.cmake
[2.929s] -- Up-to-date symlink: /home/theanh/Robot_Project/AMR_Robot/amr1_ws/install/amr_sim_pkg/share/amr_sim_pkg/cmake/amr_sim_pkgConfig-version.cmake
[2.929s] -- Up-to-date symlink: /home/theanh/Robot_Project/AMR_Robot/amr1_ws/install/amr_sim_pkg/share/amr_sim_pkg/package.xml
[2.931s] Invoked command in '/home/theanh/Robot_Project/AMR_Robot/amr1_ws/build/amr_sim_pkg' returned '0': CMAKE_PREFIX_PATH=${CMAKE_PREFIX_PATH}:/opt/ros/humble /usr/bin/cmake --install /home/theanh/Robot_Project/AMR_Robot/amr1_ws/build/amr_sim_pkg
