[ 50%] [32mBuilding CXX object CMakeFiles/plicp_map_matcher.dir/src/plicp_map_matcher.cpp.o[0m
In file included from [01m[K/opt/ros/humble/include/rclcpp/rclcpp/logging.hpp:24[m[K,
                 from [01m[K/opt/ros/humble/include/rclcpp/rclcpp/client.hpp:40[m[K,
                 from [01m[K/opt/ros/humble/include/rclcpp/rclcpp/callback_group.hpp:24[m[K,
                 from [01m[K/opt/ros/humble/include/rclcpp/rclcpp/any_executable.hpp:20[m[K,
                 from [01m[K/opt/ros/humble/include/rclcpp/rclcpp/memory_strategy.hpp:25[m[K,
                 from [01m[K/opt/ros/humble/include/rclcpp/rclcpp/memory_strategies.hpp:18[m[K,
                 from [01m[K/opt/ros/humble/include/rclcpp/rclcpp/executor_options.hpp:20[m[K,
                 from [01m[K/opt/ros/humble/include/rclcpp/rclcpp/executor.hpp:37[m[K,
                 from [01m[K/opt/ros/humble/include/rclcpp/rclcpp/executors/multi_threaded_executor.hpp:25[m[K,
                 from [01m[K/opt/ros/humble/include/rclcpp/rclcpp/executors.hpp:21[m[K,
                 from [01m[K/opt/ros/humble/include/rclcpp/rclcpp/rclcpp.hpp:155[m[K,
                 from [01m[K/home/orangepi/Robot_Project/AMR_Robot/amr_robot/src/plicp_map_matcher/src/plicp_map_matcher.cpp:32[m[K:
[01m[K/home/orangepi/Robot_Project/AMR_Robot/amr_robot/src/plicp_map_matcher/src/plicp_map_matcher.cpp:[m[K In member function ‘[01m[Kbool plicp_map_matcher::PlicpMapMatcherNode::ensureLaserTf()[m[K’:
[01m[K/home/orangepi/Robot_Project/AMR_Robot/amr_robot/src/plicp_map_matcher/src/plicp_map_matcher.cpp:591:32:[m[K [01;35m[Kwarning: [m[Kformat ‘[01m[K%d[m[K’ expects argument of type ‘[01m[Kint[m[K’, but argument 5 has type ‘[01m[Kdouble[m[K’ [[01;35m[K]8;;https://gcc.gnu.org/onlinedocs/gcc/Warning-Options.html#index-Wformat=-Wformat=]8;;[m[K]
  591 |     RCLCPP_DEBUG(get_logger(), [01;35m[K"laser_yaw_offset_%d"[m[K, [32m[Klaser_yaw_offset_[m[K);
      |                                [01;35m[K^~~~~~~~~~~~~~~~~~~~~[m[K  [32m[K~~~~~~~~~~~~~~~~~[m[K
      |                                                       [32m[K|[m[K
      |                                                       [32m[Kdouble[m[K
[01m[K/home/orangepi/Robot_Project/AMR_Robot/amr_robot/src/plicp_map_matcher/src/plicp_map_matcher.cpp:591:51:[m[K [01;36m[Knote: [m[Kformat string is defined here
  591 |     RCLCPP_DEBUG(get_logger(), "laser_yaw_offset_[01;36m[K%d[m[K", laser_yaw_offset_);
      |                                                  [01;36m[K~^[m[K
      |                                                   [01;36m[K|[m[K
      |                                                   [01;36m[Kint[m[K
      |                                                  [32m[K%f[m[K
[100%] [32m[1mLinking CXX executable plicp_map_matcher[0m
[100%] Built target plicp_map_matcher
-- Install configuration: ""
-- Execute custom install script
-- Up-to-date symlink: /home/orangepi/Robot_Project/AMR_Robot/amr_robot/install/plicp_map_matcher/lib/plicp_map_matcher/plicp_map_matcher
-- Up-to-date symlink: /home/orangepi/Robot_Project/AMR_Robot/amr_robot/install/plicp_map_matcher/share/plicp_map_matcher/launch/plicp_map_matcher_launch.py
-- Up-to-date symlink: /home/orangepi/Robot_Project/AMR_Robot/amr_robot/install/plicp_map_matcher/share/plicp_map_matcher/config/plicp_map_matcher_params.yaml
-- Up-to-date symlink: /home/orangepi/Robot_Project/AMR_Robot/amr_robot/install/plicp_map_matcher/share/ament_index/resource_index/package_run_dependencies/plicp_map_matcher
-- Up-to-date symlink: /home/orangepi/Robot_Project/AMR_Robot/amr_robot/install/plicp_map_matcher/share/ament_index/resource_index/parent_prefix_path/plicp_map_matcher
-- Up-to-date symlink: /home/orangepi/Robot_Project/AMR_Robot/amr_robot/install/plicp_map_matcher/share/plicp_map_matcher/environment/ament_prefix_path.sh
-- Up-to-date symlink: /home/orangepi/Robot_Project/AMR_Robot/amr_robot/install/plicp_map_matcher/share/plicp_map_matcher/environment/ament_prefix_path.dsv
-- Up-to-date symlink: /home/orangepi/Robot_Project/AMR_Robot/amr_robot/install/plicp_map_matcher/share/plicp_map_matcher/environment/path.sh
-- Up-to-date symlink: /home/orangepi/Robot_Project/AMR_Robot/amr_robot/install/plicp_map_matcher/share/plicp_map_matcher/environment/path.dsv
-- Up-to-date symlink: /home/orangepi/Robot_Project/AMR_Robot/amr_robot/install/plicp_map_matcher/share/plicp_map_matcher/local_setup.bash
-- Up-to-date symlink: /home/orangepi/Robot_Project/AMR_Robot/amr_robot/install/plicp_map_matcher/share/plicp_map_matcher/local_setup.sh
-- Up-to-date symlink: /home/orangepi/Robot_Project/AMR_Robot/amr_robot/install/plicp_map_matcher/share/plicp_map_matcher/local_setup.zsh
-- Up-to-date symlink: /home/orangepi/Robot_Project/AMR_Robot/amr_robot/install/plicp_map_matcher/share/plicp_map_matcher/local_setup.dsv
-- Symlinking: /home/orangepi/Robot_Project/AMR_Robot/amr_robot/install/plicp_map_matcher/share/plicp_map_matcher/package.dsv
-- Up-to-date symlink: /home/orangepi/Robot_Project/AMR_Robot/amr_robot/install/plicp_map_matcher/share/ament_index/resource_index/packages/plicp_map_matcher
-- Up-to-date symlink: /home/orangepi/Robot_Project/AMR_Robot/amr_robot/install/plicp_map_matcher/share/plicp_map_matcher/cmake/plicp_map_matcherConfig.cmake
-- Up-to-date symlink: /home/orangepi/Robot_Project/AMR_Robot/amr_robot/install/plicp_map_matcher/share/plicp_map_matcher/cmake/plicp_map_matcherConfig-version.cmake
-- Up-to-date symlink: /home/orangepi/Robot_Project/AMR_Robot/amr_robot/install/plicp_map_matcher/share/plicp_map_matcher/package.xml
