[0.043s] Invoking command in '/home/orangepi/Robot_Project/AMR_Robot/amr_robot/build/amr_reality_pkg': CMAKE_PREFIX_PATH=${CMAKE_PREFIX_PATH}:/opt/ros/humble /usr/bin/cmake /home/orangepi/Robot_Project/AMR_Robot/amr_robot/src/amr_reality_pkg -DCMAKE_INSTALL_PREFIX=/home/orangepi/Robot_Project/AMR_Robot/amr_robot/install/amr_reality_pkg
[0.106s] -- Found ament_cmake: 1.3.14 (/opt/ros/humble/share/ament_cmake/cmake)
[0.385s] -- Override CMake install command with custom implementation using symlinks instead of copying resources
[0.397s] -- Found rclcpp: 16.0.19 (/opt/ros/humble/share/rclcpp/cmake)
[0.452s] -- Found rosidl_generator_c: 3.1.9 (/opt/ros/humble/share/rosidl_generator_c/cmake)
[0.457s] -- Found rosidl_adapter: 3.1.9 (/opt/ros/humble/share/rosidl_adapter/cmake)
[0.473s] -- Found rosidl_generator_cpp: 3.1.9 (/opt/ros/humble/share/rosidl_generator_cpp/cmake)
[0.498s] -- Using all available rosidl_typesupport_c: rosidl_typesupport_fastrtps_c;rosidl_typesupport_introspection_c
[0.529s] -- Using all available rosidl_typesupport_cpp: rosidl_typesupport_fastrtps_cpp;rosidl_typesupport_introspection_cpp
[0.623s] -- Found rmw_implementation_cmake: 6.1.3 (/opt/ros/humble/share/rmw_implementation_cmake/cmake)
[0.625s] -- Found rmw_fastrtps_cpp: 6.2.10 (/opt/ros/humble/share/rmw_fastrtps_cpp/cmake)
[0.812s] -- Using RMW implementation 'rmw_fastrtps_cpp' as default
[0.911s] -- Found canopen_core: 0.2.13 (/opt/ros/humble/share/canopen_core/cmake)
[1.070s] -- Found canopen_base_driver: 0.2.13 (/opt/ros/humble/share/canopen_base_driver/cmake)
[1.123s] -- Found canopen_proxy_driver: 0.2.13 (/opt/ros/humble/share/canopen_proxy_driver/cmake)
[1.138s] -- Found robot_state_publisher: 3.0.3 (/opt/ros/humble/share/robot_state_publisher/cmake)
[1.162s] -- Found eigen3_cmake_module: 0.1.1 (/opt/ros/humble/share/eigen3_cmake_module/cmake)
[1.163s] -- Ensuring Eigen3 include directory is part of orocos-kdl CMake target
[1.317s] -- Found xacro: 2.1.1 (/opt/ros/humble/share/xacro/cmake)
[1.318s] -- Found nav_msgs: 4.9.2 (/opt/ros/humble/share/nav_msgs/cmake)
[1.345s] -- Found tf2_geometry_msgs: 0.25.22 (/opt/ros/humble/share/tf2_geometry_msgs/cmake)
[1.370s] -- Found ament_lint_auto: 0.12.15 (/opt/ros/humble/share/ament_lint_auto/cmake)
[1.503s] -- Added test 'cppcheck' to perform static code analysis on C / C++ code
[1.503s] -- Configured cppcheck include dirs: /home/orangepi/Robot_Project/AMR_Robot/amr_robot/src/amr_reality_pkg/src/include
[1.503s] -- Configured cppcheck exclude dirs and/or files: 
[1.505s] -- Added test 'flake8' to check Python code syntax and style conventions
[1.506s] -- Added test 'lint_cmake' to check CMake code style
[1.506s] -- Added test 'pep257' to check Python code against some of the docstring style conventions in PEP 257
[1.510s] -- Added test 'uncrustify' to check C / C++ code style
[1.510s] -- Configured uncrustify additional arguments: 
[1.511s] -- Added test 'xmllint' to check XML markup files
[1.514s] -- Configuring done
[1.553s] -- Generating done
[1.566s] -- Build files have been written to: /home/orangepi/Robot_Project/AMR_Robot/amr_robot/build/amr_reality_pkg
[1.678s] Invoked command in '/home/orangepi/Robot_Project/AMR_Robot/amr_robot/build/amr_reality_pkg' returned '0': CMAKE_PREFIX_PATH=${CMAKE_PREFIX_PATH}:/opt/ros/humble /usr/bin/cmake /home/orangepi/Robot_Project/AMR_Robot/amr_robot/src/amr_reality_pkg -DCMAKE_INSTALL_PREFIX=/home/orangepi/Robot_Project/AMR_Robot/amr_robot/install/amr_reality_pkg
[1.682s] Invoking command in '/home/orangepi/Robot_Project/AMR_Robot/amr_robot/build/amr_reality_pkg': CMAKE_PREFIX_PATH=${CMAKE_PREFIX_PATH}:/opt/ros/humble /usr/bin/cmake --build /home/orangepi/Robot_Project/AMR_Robot/amr_robot/build/amr_reality_pkg -- -j8 -l8
[1.787s] [35m[1mConsolidate compiler generated dependencies of target plicp[0m
[1.837s] [  0%] Built target robot_control_prepare
[1.840s] [100%] Built target plicp
[2.829s] joint1: writing 4 bytes to 0x1400/1: 02 02 00 80
[2.829s] joint1: writing 1 bytes to 0x1400/2: 01
[2.829s] joint1: writing 1 bytes to 0x1600/0: 00
[2.829s] joint1: writing 4 bytes to 0x1600/1: 10 00 40 60
[2.830s] joint1: writing 4 bytes to 0x1600/2: 08 00 60 60
[2.830s] joint1: writing 1 bytes to 0x1600/0: 02
[2.830s] joint1: writing 4 bytes to 0x1400/1: 02 02 00 00
[2.830s] joint1: writing 4 bytes to 0x1401/1: 02 03 00 80
[2.830s] joint1: writing 1 bytes to 0x1401/2: 01
[2.830s] joint1: writing 1 bytes to 0x1601/0: 00
[2.830s] joint1: writing 4 bytes to 0x1601/1: 20 00 7A 60
[2.831s] joint1: writing 4 bytes to 0x1601/2: 20 00 FF 60
[2.831s] joint1: writing 1 bytes to 0x1601/0: 02
[2.831s] joint1: writing 4 bytes to 0x1401/1: 02 03 00 00
[2.831s] joint1: writing 4 bytes to 0x1800/1: 82 01 00 80
[2.831s] joint1: writing 1 bytes to 0x1800/2: 01
[2.831s] joint1: writing 1 bytes to 0x1A00/0: 00
[2.831s] joint1: writing 4 bytes to 0x1A00/1: 10 00 41 60
[2.832s] joint1: writing 4 bytes to 0x1A00/2: 08 00 61 60
[2.832s] joint1: writing 1 bytes to 0x1A00/0: 02
[2.832s] joint1: writing 4 bytes to 0x1800/1: 82 01 00 00
[2.832s] joint1: writing 4 bytes to 0x1801/1: 82 02 00 80
[2.832s] joint1: writing 1 bytes to 0x1801/2: 01
[2.832s] joint1: writing 1 bytes to 0x1A01/0: 00
[2.832s] joint1: writing 4 bytes to 0x1A01/1: 20 00 64 60
[2.833s] joint1: writing 4 bytes to 0x1A01/2: 20 00 6C 60
[2.833s] joint1: writing 1 bytes to 0x1A01/0: 02
[2.833s] joint1: writing 4 bytes to 0x1801/1: 82 02 00 00
[2.833s] joint1: writing 4 bytes to 0x1802/1: 82 03 00 80
[2.833s] joint1: writing 1 bytes to 0x1802/2: 01
[2.833s] joint1: writing 1 bytes to 0x1A02/0: 00
[2.833s] joint1: writing 4 bytes to 0x1A02/1: 10 00 3F 60
[2.834s] joint1: writing 1 bytes to 0x1A02/0: 01
[2.834s] joint1: writing 4 bytes to 0x1802/1: 82 03 00 00
[2.834s] joint1: writing 2 bytes to 0x6040/0: 80 00
[2.834s] joint1: writing 4 bytes to 0x6083/0: A0 86 01 00
[2.834s] joint1: writing 4 bytes to 0x6084/0: A0 86 01 00
[2.834s] joint2: writing 4 bytes to 0x1400/1: 03 02 00 80
[2.835s] joint2: writing 1 bytes to 0x1400/2: 01
[2.835s] joint2: writing 1 bytes to 0x1600/0: 00
[2.835s] joint2: writing 4 bytes to 0x1600/1: 10 00 40 60
[2.835s] joint2: writing 4 bytes to 0x1600/2: 08 00 60 60
[2.835s] joint2: writing 1 bytes to 0x1600/0: 02
[2.835s] joint2: writing 4 bytes to 0x1400/1: 03 02 00 00
[2.835s] joint2: writing 4 bytes to 0x1401/1: 03 03 00 80
[2.836s] joint2: writing 1 bytes to 0x1401/2: 01
[2.836s] joint2: writing 1 bytes to 0x1601/0: 00
[2.836s] joint2: writing 4 bytes to 0x1601/1: 20 00 7A 60
[2.836s] joint2: writing 4 bytes to 0x1601/2: 20 00 FF 60
[2.836s] joint2: writing 1 bytes to 0x1601/0: 02
[2.836s] joint2: writing 4 bytes to 0x1401/1: 03 03 00 00
[2.836s] joint2: writing 4 bytes to 0x1800/1: 83 01 00 80
[2.837s] joint2: writing 1 bytes to 0x1800/2: 01
[2.837s] joint2: writing 1 bytes to 0x1A00/0: 00
[2.837s] joint2: writing 4 bytes to 0x1A00/1: 10 00 41 60
[2.837s] joint2: writing 4 bytes to 0x1A00/2: 08 00 61 60
[2.837s] joint2: writing 1 bytes to 0x1A00/0: 02
[2.837s] joint2: writing 4 bytes to 0x1800/1: 83 01 00 00
[2.837s] joint2: writing 4 bytes to 0x1801/1: 83 02 00 80
[2.838s] joint2: writing 1 bytes to 0x1801/2: 01
[2.838s] joint2: writing 1 bytes to 0x1A01/0: 00
[2.838s] joint2: writing 4 bytes to 0x1A01/1: 20 00 64 60
[2.838s] joint2: writing 4 bytes to 0x1A01/2: 20 00 6C 60
[2.838s] joint2: writing 1 bytes to 0x1A01/0: 02
[2.838s] joint2: writing 4 bytes to 0x1801/1: 83 02 00 00
[2.838s] joint2: writing 4 bytes to 0x1802/1: 83 03 00 80
[2.839s] joint2: writing 1 bytes to 0x1802/2: 01
[2.839s] joint2: writing 1 bytes to 0x1A02/0: 00
[2.839s] joint2: writing 4 bytes to 0x1A02/1: 10 00 3F 60
[2.839s] joint2: writing 1 bytes to 0x1A02/0: 01
[2.839s] joint2: writing 4 bytes to 0x1802/1: 83 03 00 00
[2.839s] joint2: writing 2 bytes to 0x6040/0: 80 00
[2.839s] joint2: writing 4 bytes to 0x6083/0: A0 86 01 00
[2.840s] joint2: writing 4 bytes to 0x6084/0: A0 86 01 00
[3.164s] [100%] Built target robot_control
[3.226s] Invoked command in '/home/orangepi/Robot_Project/AMR_Robot/amr_robot/build/amr_reality_pkg' returned '0': CMAKE_PREFIX_PATH=${CMAKE_PREFIX_PATH}:/opt/ros/humble /usr/bin/cmake --build /home/orangepi/Robot_Project/AMR_Robot/amr_robot/build/amr_reality_pkg -- -j8 -l8
[3.229s] Invoking command in '/home/orangepi/Robot_Project/AMR_Robot/amr_robot/build/amr_reality_pkg': CMAKE_PREFIX_PATH=${CMAKE_PREFIX_PATH}:/opt/ros/humble /usr/bin/cmake --install /home/orangepi/Robot_Project/AMR_Robot/amr_robot/build/amr_reality_pkg
[3.251s] -- Install configuration: ""
[3.252s] -- Execute custom install script
[3.255s] -- Symlinking: /home/orangepi/Robot_Project/AMR_Robot/amr_robot/install/amr_reality_pkg/share/amr_reality_pkg/config/robot_control//cia402_slave.eds
[3.284s] -- Symlinking: /home/orangepi/Robot_Project/AMR_Robot/amr_robot/install/amr_reality_pkg/share/amr_reality_pkg/config/robot_control//ros2_controllers.yaml
[3.315s] -- Symlinking: /home/orangepi/Robot_Project/AMR_Robot/amr_robot/install/amr_reality_pkg/share/amr_reality_pkg/config/robot_control//bus.yml
[3.340s] -- Symlinking: /home/orangepi/Robot_Project/AMR_Robot/amr_robot/install/amr_reality_pkg/share/amr_reality_pkg/config/robot_control//joint1.bin
[3.366s] -- Symlinking: /home/orangepi/Robot_Project/AMR_Robot/amr_robot/install/amr_reality_pkg/share/amr_reality_pkg/config/robot_control//joint2.bin
[3.381s] -- Symlinking: /home/orangepi/Robot_Project/AMR_Robot/amr_robot/install/amr_reality_pkg/share/amr_reality_pkg/config/robot_control//master.dcf
[3.392s] -- Symlinking: /home/orangepi/Robot_Project/AMR_Robot/amr_robot/install/amr_reality_pkg/share/amr_reality_pkg/config/robot_control//preprocessed_bus.yml
[3.420s] -- Up-to-date symlink: /home/orangepi/Robot_Project/AMR_Robot/amr_robot/install/amr_reality_pkg/share/amr_reality_pkg/launch/amr_reality.launch.py
[3.421s] -- Up-to-date symlink: /home/orangepi/Robot_Project/AMR_Robot/amr_robot/install/amr_reality_pkg/share/amr_reality_pkg/launch/localization_launch.py
[3.422s] -- Up-to-date symlink: /home/orangepi/Robot_Project/AMR_Robot/amr_robot/install/amr_reality_pkg/share/amr_reality_pkg/launch/navigation_launch.py
[3.423s] -- Up-to-date symlink: /home/orangepi/Robot_Project/AMR_Robot/amr_robot/install/amr_reality_pkg/share/amr_reality_pkg/launch/online_async_launch.py
[3.425s] -- Up-to-date symlink: /home/orangepi/Robot_Project/AMR_Robot/amr_robot/install/amr_reality_pkg/share/amr_reality_pkg/launch/slamtoolbox_localization.py
[3.426s] -- Up-to-date symlink: /home/orangepi/Robot_Project/AMR_Robot/amr_robot/install/amr_reality_pkg/share/amr_reality_pkg/descriptions/meshes/Imu_Link.STL
[3.427s] -- Up-to-date symlink: /home/orangepi/Robot_Project/AMR_Robot/amr_robot/install/amr_reality_pkg/share/amr_reality_pkg/descriptions/meshes/Left_Link.STL
[3.429s] -- Up-to-date symlink: /home/orangepi/Robot_Project/AMR_Robot/amr_robot/install/amr_reality_pkg/share/amr_reality_pkg/descriptions/meshes/Lidar_Link.STL
[3.430s] -- Up-to-date symlink: /home/orangepi/Robot_Project/AMR_Robot/amr_robot/install/amr_reality_pkg/share/amr_reality_pkg/descriptions/meshes/Right_Link.STL
[3.431s] -- Up-to-date symlink: /home/orangepi/Robot_Project/AMR_Robot/amr_robot/install/amr_reality_pkg/share/amr_reality_pkg/descriptions/meshes/Yaw_Behind_Left_Link.STL
[3.432s] -- Up-to-date symlink: /home/orangepi/Robot_Project/AMR_Robot/amr_robot/install/amr_reality_pkg/share/amr_reality_pkg/descriptions/meshes/Yaw_Behind_Right_Link.STL
[3.433s] -- Up-to-date symlink: /home/orangepi/Robot_Project/AMR_Robot/amr_robot/install/amr_reality_pkg/share/amr_reality_pkg/descriptions/meshes/Yaw_Front_Left_Link.STL
[3.434s] -- Up-to-date symlink: /home/orangepi/Robot_Project/AMR_Robot/amr_robot/install/amr_reality_pkg/share/amr_reality_pkg/descriptions/meshes/Yaw_Front_Right_Link.STL
[3.435s] -- Up-to-date symlink: /home/orangepi/Robot_Project/AMR_Robot/amr_robot/install/amr_reality_pkg/share/amr_reality_pkg/descriptions/meshes/base_link.STL
[3.436s] -- Up-to-date symlink: /home/orangepi/Robot_Project/AMR_Robot/amr_robot/install/amr_reality_pkg/share/amr_reality_pkg/descriptions/meshes_2/Imu_Link.STL
[3.437s] -- Up-to-date symlink: /home/orangepi/Robot_Project/AMR_Robot/amr_robot/install/amr_reality_pkg/share/amr_reality_pkg/descriptions/meshes_2/Left_Link.STL
[3.437s] -- Up-to-date symlink: /home/orangepi/Robot_Project/AMR_Robot/amr_robot/install/amr_reality_pkg/share/amr_reality_pkg/descriptions/meshes_2/Lidar_Link.STL
[3.437s] -- Up-to-date symlink: /home/orangepi/Robot_Project/AMR_Robot/amr_robot/install/amr_reality_pkg/share/amr_reality_pkg/descriptions/meshes_2/Right_Link.STL
[3.438s] -- Up-to-date symlink: /home/orangepi/Robot_Project/AMR_Robot/amr_robot/install/amr_reality_pkg/share/amr_reality_pkg/descriptions/meshes_2/Yaw_Behind_Left_Link.STL
[3.438s] -- Up-to-date symlink: /home/orangepi/Robot_Project/AMR_Robot/amr_robot/install/amr_reality_pkg/share/amr_reality_pkg/descriptions/meshes_2/Yaw_Behind_Right_Link.STL
[3.439s] -- Up-to-date symlink: /home/orangepi/Robot_Project/AMR_Robot/amr_robot/install/amr_reality_pkg/share/amr_reality_pkg/descriptions/meshes_2/Yaw_Front_Left_Link.STL
[3.439s] -- Up-to-date symlink: /home/orangepi/Robot_Project/AMR_Robot/amr_robot/install/amr_reality_pkg/share/amr_reality_pkg/descriptions/meshes_2/Yaw_Front_Right_Link.STL
[3.440s] -- Up-to-date symlink: /home/orangepi/Robot_Project/AMR_Robot/amr_robot/install/amr_reality_pkg/share/amr_reality_pkg/descriptions/meshes_2/base_link.STL
[3.440s] -- Up-to-date symlink: /home/orangepi/Robot_Project/AMR_Robot/amr_robot/install/amr_reality_pkg/share/amr_reality_pkg/descriptions/urdf/AMR1-00-Khung (1).SLDASM.urdf
[3.440s] -- Up-to-date symlink: /home/orangepi/Robot_Project/AMR_Robot/amr_robot/install/amr_reality_pkg/share/amr_reality_pkg/descriptions/urdf/AMR1-00-Khung_urdf.SLDASM.urdf
[3.441s] -- Up-to-date symlink: /home/orangepi/Robot_Project/AMR_Robot/amr_robot/install/amr_reality_pkg/share/amr_reality_pkg/descriptions/urdf/robot.urdf.xacro
[3.441s] -- Up-to-date symlink: /home/orangepi/Robot_Project/AMR_Robot/amr_robot/install/amr_reality_pkg/share/amr_reality_pkg/descriptions/urdf/robot_controller/robot_controller.ros2_control.xacro
[3.442s] -- Up-to-date symlink: /home/orangepi/Robot_Project/AMR_Robot/amr_robot/install/amr_reality_pkg/share/amr_reality_pkg/descriptions/urdf/robot_controller/robot_controller.urdf.xacro
[3.442s] -- Up-to-date symlink: /home/orangepi/Robot_Project/AMR_Robot/amr_robot/install/amr_reality_pkg/share/amr_reality_pkg/config/ekf.yaml
[3.442s] -- Up-to-date symlink: /home/orangepi/Robot_Project/AMR_Robot/amr_robot/install/amr_reality_pkg/share/amr_reality_pkg/config/twist_mux.yaml
[3.443s] -- Up-to-date symlink: /home/orangepi/Robot_Project/AMR_Robot/amr_robot/install/amr_reality_pkg/share/amr_reality_pkg/config/laser_filter.yaml
[3.443s] -- Up-to-date symlink: /home/orangepi/Robot_Project/AMR_Robot/amr_robot/install/amr_reality_pkg/share/amr_reality_pkg/config/nav2_params.yaml
[3.444s] -- Up-to-date symlink: /home/orangepi/Robot_Project/AMR_Robot/amr_robot/install/amr_reality_pkg/share/amr_reality_pkg/config/mapper_params_online_async.yaml
[3.444s] -- Up-to-date symlink: /home/orangepi/Robot_Project/AMR_Robot/amr_robot/install/amr_reality_pkg/share/amr_reality_pkg/config/collision_monitor_params.yaml
[3.444s] -- Up-to-date symlink: /home/orangepi/Robot_Project/AMR_Robot/amr_robot/install/amr_reality_pkg/lib/amr_reality_pkg/ps4_teleop_node.py
[3.445s] -- Up-to-date symlink: /home/orangepi/Robot_Project/AMR_Robot/amr_robot/install/amr_reality_pkg/lib/amr_reality_pkg/imu_tl740D.py
[3.445s] -- Up-to-date symlink: /home/orangepi/Robot_Project/AMR_Robot/amr_robot/install/amr_reality_pkg/lib/amr_reality_pkg/cov_odom_scan.py
[3.446s] -- Up-to-date symlink: /home/orangepi/Robot_Project/AMR_Robot/amr_robot/install/amr_reality_pkg/lib/amr_reality_pkg/publish_test_path.py
[3.446s] -- Up-to-date symlink: /home/orangepi/Robot_Project/AMR_Robot/amr_robot/install/amr_reality_pkg/lib/amr_reality_pkg/plicp
[3.447s] -- Up-to-date symlink: /home/orangepi/Robot_Project/AMR_Robot/amr_robot/install/amr_reality_pkg/share/ament_index/resource_index/package_run_dependencies/amr_reality_pkg
[3.447s] -- Up-to-date symlink: /home/orangepi/Robot_Project/AMR_Robot/amr_robot/install/amr_reality_pkg/share/ament_index/resource_index/parent_prefix_path/amr_reality_pkg
[3.447s] -- Up-to-date symlink: /home/orangepi/Robot_Project/AMR_Robot/amr_robot/install/amr_reality_pkg/share/amr_reality_pkg/environment/ament_prefix_path.sh
[3.448s] -- Up-to-date symlink: /home/orangepi/Robot_Project/AMR_Robot/amr_robot/install/amr_reality_pkg/share/amr_reality_pkg/environment/ament_prefix_path.dsv
[3.448s] -- Up-to-date symlink: /home/orangepi/Robot_Project/AMR_Robot/amr_robot/install/amr_reality_pkg/share/amr_reality_pkg/environment/path.sh
[3.449s] -- Up-to-date symlink: /home/orangepi/Robot_Project/AMR_Robot/amr_robot/install/amr_reality_pkg/share/amr_reality_pkg/environment/path.dsv
[3.449s] -- Up-to-date symlink: /home/orangepi/Robot_Project/AMR_Robot/amr_robot/install/amr_reality_pkg/share/amr_reality_pkg/local_setup.bash
[3.450s] -- Up-to-date symlink: /home/orangepi/Robot_Project/AMR_Robot/amr_robot/install/amr_reality_pkg/share/amr_reality_pkg/local_setup.sh
[3.450s] -- Up-to-date symlink: /home/orangepi/Robot_Project/AMR_Robot/amr_robot/install/amr_reality_pkg/share/amr_reality_pkg/local_setup.zsh
[3.450s] -- Up-to-date symlink: /home/orangepi/Robot_Project/AMR_Robot/amr_robot/install/amr_reality_pkg/share/amr_reality_pkg/local_setup.dsv
[3.451s] -- Symlinking: /home/orangepi/Robot_Project/AMR_Robot/amr_robot/install/amr_reality_pkg/share/amr_reality_pkg/package.dsv
[3.461s] -- Up-to-date symlink: /home/orangepi/Robot_Project/AMR_Robot/amr_robot/install/amr_reality_pkg/share/ament_index/resource_index/packages/amr_reality_pkg
[3.461s] -- Up-to-date symlink: /home/orangepi/Robot_Project/AMR_Robot/amr_robot/install/amr_reality_pkg/share/amr_reality_pkg/cmake/amr_reality_pkgConfig.cmake
[3.462s] -- Up-to-date symlink: /home/orangepi/Robot_Project/AMR_Robot/amr_robot/install/amr_reality_pkg/share/amr_reality_pkg/cmake/amr_reality_pkgConfig-version.cmake
[3.463s] -- Up-to-date symlink: /home/orangepi/Robot_Project/AMR_Robot/amr_robot/install/amr_reality_pkg/share/amr_reality_pkg/package.xml
[3.470s] Invoked command in '/home/orangepi/Robot_Project/AMR_Robot/amr_robot/build/amr_reality_pkg' returned '0': CMAKE_PREFIX_PATH=${CMAKE_PREFIX_PATH}:/opt/ros/humble /usr/bin/cmake --install /home/orangepi/Robot_Project/AMR_Robot/amr_robot/build/amr_reality_pkg
