[0.044s] Invoking command in '/home/orangepi/Robot_Project/AMR_Robot/amr_robot/build/amr_reality_pkg': CMAKE_PREFIX_PATH=${CMAKE_PREFIX_PATH}:/opt/ros/humble /usr/bin/cmake /home/orangepi/Robot_Project/AMR_Robot/amr_robot/src/amr_reality_pkg -DCMAKE_INSTALL_PREFIX=/home/orangepi/Robot_Project/AMR_Robot/amr_robot/install/amr_reality_pkg
[0.061s] -- Found ament_cmake: 1.3.14 (/opt/ros/humble/share/ament_cmake/cmake)
[0.345s] -- Override CMake install command with custom implementation using symlinks instead of copying resources
[0.361s] -- Found rclcpp: 16.0.19 (/opt/ros/humble/share/rclcpp/cmake)
[0.400s] -- Found rosidl_generator_c: 3.1.9 (/opt/ros/humble/share/rosidl_generator_c/cmake)
[0.404s] -- Found rosidl_adapter: 3.1.9 (/opt/ros/humble/share/rosidl_adapter/cmake)
[0.413s] -- Found rosidl_generator_cpp: 3.1.9 (/opt/ros/humble/share/rosidl_generator_cpp/cmake)
[0.427s] -- Using all available rosidl_typesupport_c: rosidl_typesupport_fastrtps_c;rosidl_typesupport_introspection_c
[0.444s] -- Using all available rosidl_typesupport_cpp: rosidl_typesupport_fastrtps_cpp;rosidl_typesupport_introspection_cpp
[0.490s] -- Found rmw_implementation_cmake: 6.1.3 (/opt/ros/humble/share/rmw_implementation_cmake/cmake)
[0.492s] -- Found rmw_fastrtps_cpp: 6.2.10 (/opt/ros/humble/share/rmw_fastrtps_cpp/cmake)
[0.680s] -- Using RMW implementation 'rmw_fastrtps_cpp' as default
[0.763s] -- Found canopen_core: 0.2.13 (/opt/ros/humble/share/canopen_core/cmake)
[0.858s] -- Found canopen_base_driver: 0.2.13 (/opt/ros/humble/share/canopen_base_driver/cmake)
[0.910s] -- Found canopen_proxy_driver: 0.2.13 (/opt/ros/humble/share/canopen_proxy_driver/cmake)
[0.927s] -- Found robot_state_publisher: 3.0.3 (/opt/ros/humble/share/robot_state_publisher/cmake)
[0.947s] -- Found eigen3_cmake_module: 0.1.1 (/opt/ros/humble/share/eigen3_cmake_module/cmake)
[0.950s] -- Ensuring Eigen3 include directory is part of orocos-kdl CMake target
[1.108s] -- Found xacro: 2.1.1 (/opt/ros/humble/share/xacro/cmake)
[1.109s] -- Found nav_msgs: 4.9.2 (/opt/ros/humble/share/nav_msgs/cmake)
[1.135s] -- Found tf2_geometry_msgs: 0.25.22 (/opt/ros/humble/share/tf2_geometry_msgs/cmake)
[1.164s] -- Found ament_lint_auto: 0.12.15 (/opt/ros/humble/share/ament_lint_auto/cmake)
[1.327s] -- Added test 'cppcheck' to perform static code analysis on C / C++ code
[1.334s] -- Configured cppcheck include dirs: /home/orangepi/Robot_Project/AMR_Robot/amr_robot/src/amr_reality_pkg/src/include
[1.334s] -- Configured cppcheck exclude dirs and/or files: 
[1.335s] -- Added test 'flake8' to check Python code syntax and style conventions
[1.336s] -- Added test 'lint_cmake' to check CMake code style
[1.339s] -- Added test 'pep257' to check Python code against some of the docstring style conventions in PEP 257
[1.367s] -- Added test 'uncrustify' to check C / C++ code style
[1.368s] -- Configured uncrustify additional arguments: 
[1.368s] -- Added test 'xmllint' to check XML markup files
[1.369s] -- Configuring done
[1.427s] -- Generating done
[1.440s] -- Build files have been written to: /home/orangepi/Robot_Project/AMR_Robot/amr_robot/build/amr_reality_pkg
[1.466s] Invoked command in '/home/orangepi/Robot_Project/AMR_Robot/amr_robot/build/amr_reality_pkg' returned '0': CMAKE_PREFIX_PATH=${CMAKE_PREFIX_PATH}:/opt/ros/humble /usr/bin/cmake /home/orangepi/Robot_Project/AMR_Robot/amr_robot/src/amr_reality_pkg -DCMAKE_INSTALL_PREFIX=/home/orangepi/Robot_Project/AMR_Robot/amr_robot/install/amr_reality_pkg
[1.470s] Invoking command in '/home/orangepi/Robot_Project/AMR_Robot/amr_robot/build/amr_reality_pkg': CMAKE_PREFIX_PATH=${CMAKE_PREFIX_PATH}:/opt/ros/humble /usr/bin/cmake --build /home/orangepi/Robot_Project/AMR_Robot/amr_robot/build/amr_reality_pkg -- -j8 -l8
[1.549s] [35m[1mConsolidate compiler generated dependencies of target lidar_loc[0m
[1.599s] [  0%] Built target robot_control_prepare
[1.604s] [100%] Built target lidar_loc
[2.623s] joint1: writing 4 bytes to 0x1400/1: 02 02 00 80
[2.623s] joint1: writing 1 bytes to 0x1400/2: 01
[2.623s] joint1: writing 1 bytes to 0x1600/0: 00
[2.623s] joint1: writing 4 bytes to 0x1600/1: 10 00 40 60
[2.623s] joint1: writing 4 bytes to 0x1600/2: 08 00 60 60
[2.623s] joint1: writing 1 bytes to 0x1600/0: 02
[2.623s] joint1: writing 4 bytes to 0x1400/1: 02 02 00 00
[2.623s] joint1: writing 4 bytes to 0x1401/1: 02 03 00 80
[2.624s] joint1: writing 1 bytes to 0x1401/2: 01
[2.624s] joint1: writing 1 bytes to 0x1601/0: 00
[2.624s] joint1: writing 4 bytes to 0x1601/1: 20 00 7A 60
[2.624s] joint1: writing 4 bytes to 0x1601/2: 20 00 FF 60
[2.624s] joint1: writing 1 bytes to 0x1601/0: 02
[2.624s] joint1: writing 4 bytes to 0x1401/1: 02 03 00 00
[2.624s] joint1: writing 4 bytes to 0x1800/1: 82 01 00 80
[2.624s] joint1: writing 1 bytes to 0x1800/2: 01
[2.624s] joint1: writing 1 bytes to 0x1A00/0: 00
[2.624s] joint1: writing 4 bytes to 0x1A00/1: 10 00 41 60
[2.624s] joint1: writing 4 bytes to 0x1A00/2: 08 00 61 60
[2.624s] joint1: writing 1 bytes to 0x1A00/0: 02
[2.625s] joint1: writing 4 bytes to 0x1800/1: 82 01 00 00
[2.625s] joint1: writing 4 bytes to 0x1801/1: 82 02 00 80
[2.625s] joint1: writing 1 bytes to 0x1801/2: 01
[2.625s] joint1: writing 1 bytes to 0x1A01/0: 00
[2.625s] joint1: writing 4 bytes to 0x1A01/1: 20 00 64 60
[2.625s] joint1: writing 4 bytes to 0x1A01/2: 20 00 6C 60
[2.625s] joint1: writing 1 bytes to 0x1A01/0: 02
[2.625s] joint1: writing 4 bytes to 0x1801/1: 82 02 00 00
[2.625s] joint1: writing 4 bytes to 0x1802/1: 82 03 00 80
[2.625s] joint1: writing 1 bytes to 0x1802/2: 01
[2.625s] joint1: writing 1 bytes to 0x1A02/0: 00
[2.625s] joint1: writing 4 bytes to 0x1A02/1: 10 00 3F 60
[2.625s] joint1: writing 1 bytes to 0x1A02/0: 01
[2.626s] joint1: writing 4 bytes to 0x1802/1: 82 03 00 00
[2.626s] joint1: writing 2 bytes to 0x6040/0: 80 00
[2.626s] joint1: writing 4 bytes to 0x6083/0: A0 86 01 00
[2.626s] joint1: writing 4 bytes to 0x6084/0: A0 86 01 00
[2.626s] joint2: writing 4 bytes to 0x1400/1: 03 02 00 80
[2.626s] joint2: writing 1 bytes to 0x1400/2: 01
[2.626s] joint2: writing 1 bytes to 0x1600/0: 00
[2.626s] joint2: writing 4 bytes to 0x1600/1: 10 00 40 60
[2.626s] joint2: writing 4 bytes to 0x1600/2: 08 00 60 60
[2.626s] joint2: writing 1 bytes to 0x1600/0: 02
[2.626s] joint2: writing 4 bytes to 0x1400/1: 03 02 00 00
[2.626s] joint2: writing 4 bytes to 0x1401/1: 03 03 00 80
[2.626s] joint2: writing 1 bytes to 0x1401/2: 01
[2.627s] joint2: writing 1 bytes to 0x1601/0: 00
[2.627s] joint2: writing 4 bytes to 0x1601/1: 20 00 7A 60
[2.627s] joint2: writing 4 bytes to 0x1601/2: 20 00 FF 60
[2.627s] joint2: writing 1 bytes to 0x1601/0: 02
[2.627s] joint2: writing 4 bytes to 0x1401/1: 03 03 00 00
[2.627s] joint2: writing 4 bytes to 0x1800/1: 83 01 00 80
[2.627s] joint2: writing 1 bytes to 0x1800/2: 01
[2.627s] joint2: writing 1 bytes to 0x1A00/0: 00
[2.627s] joint2: writing 4 bytes to 0x1A00/1: 10 00 41 60
[2.627s] joint2: writing 4 bytes to 0x1A00/2: 08 00 61 60
[2.627s] joint2: writing 1 bytes to 0x1A00/0: 02
[2.627s] joint2: writing 4 bytes to 0x1800/1: 83 01 00 00
[2.628s] joint2: writing 4 bytes to 0x1801/1: 83 02 00 80
[2.628s] joint2: writing 1 bytes to 0x1801/2: 01
[2.628s] joint2: writing 1 bytes to 0x1A01/0: 00
[2.628s] joint2: writing 4 bytes to 0x1A01/1: 20 00 64 60
[2.628s] joint2: writing 4 bytes to 0x1A01/2: 20 00 6C 60
[2.628s] joint2: writing 1 bytes to 0x1A01/0: 02
[2.628s] joint2: writing 4 bytes to 0x1801/1: 83 02 00 00
[2.628s] joint2: writing 4 bytes to 0x1802/1: 83 03 00 80
[2.628s] joint2: writing 1 bytes to 0x1802/2: 01
[2.628s] joint2: writing 1 bytes to 0x1A02/0: 00
[2.628s] joint2: writing 4 bytes to 0x1A02/1: 10 00 3F 60
[2.628s] joint2: writing 1 bytes to 0x1A02/0: 01
[2.628s] joint2: writing 4 bytes to 0x1802/1: 83 03 00 00
[2.629s] joint2: writing 2 bytes to 0x6040/0: 80 00
[2.629s] joint2: writing 4 bytes to 0x6083/0: A0 86 01 00
[2.629s] joint2: writing 4 bytes to 0x6084/0: A0 86 01 00
[2.983s] [100%] Built target robot_control
[3.040s] Invoked command in '/home/orangepi/Robot_Project/AMR_Robot/amr_robot/build/amr_reality_pkg' returned '0': CMAKE_PREFIX_PATH=${CMAKE_PREFIX_PATH}:/opt/ros/humble /usr/bin/cmake --build /home/orangepi/Robot_Project/AMR_Robot/amr_robot/build/amr_reality_pkg -- -j8 -l8
[3.042s] Invoking command in '/home/orangepi/Robot_Project/AMR_Robot/amr_robot/build/amr_reality_pkg': CMAKE_PREFIX_PATH=${CMAKE_PREFIX_PATH}:/opt/ros/humble /usr/bin/cmake --install /home/orangepi/Robot_Project/AMR_Robot/amr_robot/build/amr_reality_pkg
[3.065s] -- Install configuration: ""
[3.067s] -- Execute custom install script
[3.068s] -- Symlinking: /home/orangepi/Robot_Project/AMR_Robot/amr_robot/install/amr_reality_pkg/share/amr_reality_pkg/config/robot_control//cia402_slave.eds
[3.089s] -- Symlinking: /home/orangepi/Robot_Project/AMR_Robot/amr_robot/install/amr_reality_pkg/share/amr_reality_pkg/config/robot_control//ros2_controllers.yaml
[3.118s] -- Symlinking: /home/orangepi/Robot_Project/AMR_Robot/amr_robot/install/amr_reality_pkg/share/amr_reality_pkg/config/robot_control//bus.yml
[3.151s] -- Symlinking: /home/orangepi/Robot_Project/AMR_Robot/amr_robot/install/amr_reality_pkg/share/amr_reality_pkg/config/robot_control//joint1.bin
[3.179s] -- Symlinking: /home/orangepi/Robot_Project/AMR_Robot/amr_robot/install/amr_reality_pkg/share/amr_reality_pkg/config/robot_control//joint2.bin
[3.210s] -- Symlinking: /home/orangepi/Robot_Project/AMR_Robot/amr_robot/install/amr_reality_pkg/share/amr_reality_pkg/config/robot_control//master.dcf
[3.242s] -- Symlinking: /home/orangepi/Robot_Project/AMR_Robot/amr_robot/install/amr_reality_pkg/share/amr_reality_pkg/config/robot_control//preprocessed_bus.yml
[3.272s] -- Up-to-date symlink: /home/orangepi/Robot_Project/AMR_Robot/amr_robot/install/amr_reality_pkg/share/amr_reality_pkg/launch/amr_reality.launch.py
[3.272s] -- Up-to-date symlink: /home/orangepi/Robot_Project/AMR_Robot/amr_robot/install/amr_reality_pkg/share/amr_reality_pkg/launch/localization_launch.py
[3.272s] -- Up-to-date symlink: /home/orangepi/Robot_Project/AMR_Robot/amr_robot/install/amr_reality_pkg/share/amr_reality_pkg/launch/navigation_launch.py
[3.273s] -- Up-to-date symlink: /home/orangepi/Robot_Project/AMR_Robot/amr_robot/install/amr_reality_pkg/share/amr_reality_pkg/launch/online_async_launch.py
[3.273s] -- Up-to-date symlink: /home/orangepi/Robot_Project/AMR_Robot/amr_robot/install/amr_reality_pkg/share/amr_reality_pkg/launch/slamtoolbox_localization.py
[3.274s] -- Up-to-date symlink: /home/orangepi/Robot_Project/AMR_Robot/amr_robot/install/amr_reality_pkg/share/amr_reality_pkg/descriptions/meshes/Imu_Link.STL
[3.275s] -- Up-to-date symlink: /home/orangepi/Robot_Project/AMR_Robot/amr_robot/install/amr_reality_pkg/share/amr_reality_pkg/descriptions/meshes/Left_Link.STL
[3.276s] -- Up-to-date symlink: /home/orangepi/Robot_Project/AMR_Robot/amr_robot/install/amr_reality_pkg/share/amr_reality_pkg/descriptions/meshes/Lidar_Link.STL
[3.276s] -- Up-to-date symlink: /home/orangepi/Robot_Project/AMR_Robot/amr_robot/install/amr_reality_pkg/share/amr_reality_pkg/descriptions/meshes/Right_Link.STL
[3.277s] -- Up-to-date symlink: /home/orangepi/Robot_Project/AMR_Robot/amr_robot/install/amr_reality_pkg/share/amr_reality_pkg/descriptions/meshes/Yaw_Behind_Left_Link.STL
[3.278s] -- Up-to-date symlink: /home/orangepi/Robot_Project/AMR_Robot/amr_robot/install/amr_reality_pkg/share/amr_reality_pkg/descriptions/meshes/Yaw_Behind_Right_Link.STL
[3.279s] -- Up-to-date symlink: /home/orangepi/Robot_Project/AMR_Robot/amr_robot/install/amr_reality_pkg/share/amr_reality_pkg/descriptions/meshes/Yaw_Front_Left_Link.STL
[3.279s] -- Up-to-date symlink: /home/orangepi/Robot_Project/AMR_Robot/amr_robot/install/amr_reality_pkg/share/amr_reality_pkg/descriptions/meshes/Yaw_Front_Right_Link.STL
[3.280s] -- Up-to-date symlink: /home/orangepi/Robot_Project/AMR_Robot/amr_robot/install/amr_reality_pkg/share/amr_reality_pkg/descriptions/meshes/base_link.STL
[3.281s] -- Up-to-date symlink: /home/orangepi/Robot_Project/AMR_Robot/amr_robot/install/amr_reality_pkg/share/amr_reality_pkg/descriptions/urdf/AMR1-00-Khung (1).SLDASM.urdf
[3.281s] -- Up-to-date symlink: /home/orangepi/Robot_Project/AMR_Robot/amr_robot/install/amr_reality_pkg/share/amr_reality_pkg/descriptions/urdf/robot.urdf.xacro
[3.282s] -- Up-to-date symlink: /home/orangepi/Robot_Project/AMR_Robot/amr_robot/install/amr_reality_pkg/share/amr_reality_pkg/descriptions/urdf/robot_controller/robot_controller.ros2_control.xacro
[3.283s] -- Up-to-date symlink: /home/orangepi/Robot_Project/AMR_Robot/amr_robot/install/amr_reality_pkg/share/amr_reality_pkg/descriptions/urdf/robot_controller/robot_controller.urdf.xacro
[3.283s] -- Up-to-date symlink: /home/orangepi/Robot_Project/AMR_Robot/amr_robot/install/amr_reality_pkg/share/amr_reality_pkg/config/ekf.yaml
[3.284s] -- Up-to-date symlink: /home/orangepi/Robot_Project/AMR_Robot/amr_robot/install/amr_reality_pkg/share/amr_reality_pkg/config/twist_mux.yaml
[3.284s] -- Up-to-date symlink: /home/orangepi/Robot_Project/AMR_Robot/amr_robot/install/amr_reality_pkg/share/amr_reality_pkg/config/laser_filter.yaml
[3.285s] -- Up-to-date symlink: /home/orangepi/Robot_Project/AMR_Robot/amr_robot/install/amr_reality_pkg/share/amr_reality_pkg/config/nav2_params.yaml
[3.285s] -- Up-to-date symlink: /home/orangepi/Robot_Project/AMR_Robot/amr_robot/install/amr_reality_pkg/share/amr_reality_pkg/config/mapper_params_online_async.yaml
[3.286s] -- Up-to-date symlink: /home/orangepi/Robot_Project/AMR_Robot/amr_robot/install/amr_reality_pkg/lib/amr_reality_pkg/ps4_teleop_node.py
[3.287s] -- Up-to-date symlink: /home/orangepi/Robot_Project/AMR_Robot/amr_robot/install/amr_reality_pkg/lib/amr_reality_pkg/imu_tl740D.py
[3.287s] -- Up-to-date symlink: /home/orangepi/Robot_Project/AMR_Robot/amr_robot/install/amr_reality_pkg/lib/amr_reality_pkg/cov_odom_scan.py
[3.288s] -- Up-to-date symlink: /home/orangepi/Robot_Project/AMR_Robot/amr_robot/install/amr_reality_pkg/lib/amr_reality_pkg/lidar_loc
[3.288s] -- Up-to-date symlink: /home/orangepi/Robot_Project/AMR_Robot/amr_robot/install/amr_reality_pkg/share/ament_index/resource_index/package_run_dependencies/amr_reality_pkg
[3.289s] -- Up-to-date symlink: /home/orangepi/Robot_Project/AMR_Robot/amr_robot/install/amr_reality_pkg/share/ament_index/resource_index/parent_prefix_path/amr_reality_pkg
[3.289s] -- Up-to-date symlink: /home/orangepi/Robot_Project/AMR_Robot/amr_robot/install/amr_reality_pkg/share/amr_reality_pkg/environment/ament_prefix_path.sh
[3.290s] -- Up-to-date symlink: /home/orangepi/Robot_Project/AMR_Robot/amr_robot/install/amr_reality_pkg/share/amr_reality_pkg/environment/ament_prefix_path.dsv
[3.290s] -- Up-to-date symlink: /home/orangepi/Robot_Project/AMR_Robot/amr_robot/install/amr_reality_pkg/share/amr_reality_pkg/environment/path.sh
[3.291s] -- Up-to-date symlink: /home/orangepi/Robot_Project/AMR_Robot/amr_robot/install/amr_reality_pkg/share/amr_reality_pkg/environment/path.dsv
[3.291s] -- Up-to-date symlink: /home/orangepi/Robot_Project/AMR_Robot/amr_robot/install/amr_reality_pkg/share/amr_reality_pkg/local_setup.bash
[3.292s] -- Up-to-date symlink: /home/orangepi/Robot_Project/AMR_Robot/amr_robot/install/amr_reality_pkg/share/amr_reality_pkg/local_setup.sh
[3.292s] -- Up-to-date symlink: /home/orangepi/Robot_Project/AMR_Robot/amr_robot/install/amr_reality_pkg/share/amr_reality_pkg/local_setup.zsh
[3.293s] -- Up-to-date symlink: /home/orangepi/Robot_Project/AMR_Robot/amr_robot/install/amr_reality_pkg/share/amr_reality_pkg/local_setup.dsv
[3.293s] -- Symlinking: /home/orangepi/Robot_Project/AMR_Robot/amr_robot/install/amr_reality_pkg/share/amr_reality_pkg/package.dsv
[3.326s] -- Up-to-date symlink: /home/orangepi/Robot_Project/AMR_Robot/amr_robot/install/amr_reality_pkg/share/ament_index/resource_index/packages/amr_reality_pkg
[3.326s] -- Up-to-date symlink: /home/orangepi/Robot_Project/AMR_Robot/amr_robot/install/amr_reality_pkg/share/amr_reality_pkg/cmake/amr_reality_pkgConfig.cmake
[3.327s] -- Up-to-date symlink: /home/orangepi/Robot_Project/AMR_Robot/amr_robot/install/amr_reality_pkg/share/amr_reality_pkg/cmake/amr_reality_pkgConfig-version.cmake
[3.327s] -- Up-to-date symlink: /home/orangepi/Robot_Project/AMR_Robot/amr_robot/install/amr_reality_pkg/share/amr_reality_pkg/package.xml
[3.331s] Invoked command in '/home/orangepi/Robot_Project/AMR_Robot/amr_robot/build/amr_reality_pkg' returned '0': CMAKE_PREFIX_PATH=${CMAKE_PREFIX_PATH}:/opt/ros/humble /usr/bin/cmake --install /home/orangepi/Robot_Project/AMR_Robot/amr_robot/build/amr_reality_pkg
