[0.056s] Invoking command in '/home/orangepi/Robot_Project/AMR_Robot/amr_robot/build/amr_reality_pkg': CMAKE_PREFIX_PATH=${CMAKE_PREFIX_PATH}:/opt/ros/humble /usr/bin/cmake --build /home/orangepi/Robot_Project/AMR_Robot/amr_robot/build/amr_reality_pkg -- -j8 -l8
[0.278s] [  0%] Built target robot_control_prepare
[0.308s] [100%] Built target plicp
[1.270s] joint1: writing 4 bytes to 0x1400/1: 02 02 00 80
[1.270s] joint1: writing 1 bytes to 0x1400/2: 01
[1.271s] joint1: writing 1 bytes to 0x1600/0: 00
[1.271s] joint1: writing 4 bytes to 0x1600/1: 10 00 40 60
[1.272s] joint1: writing 4 bytes to 0x1600/2: 08 00 60 60
[1.272s] joint1: writing 1 bytes to 0x1600/0: 02
[1.272s] joint1: writing 4 bytes to 0x1400/1: 02 02 00 00
[1.273s] joint1: writing 4 bytes to 0x1401/1: 02 03 00 80
[1.273s] joint1: writing 1 bytes to 0x1401/2: 01
[1.274s] joint1: writing 1 bytes to 0x1601/0: 00
[1.274s] joint1: writing 4 bytes to 0x1601/1: 20 00 7A 60
[1.274s] joint1: writing 4 bytes to 0x1601/2: 20 00 FF 60
[1.275s] joint1: writing 1 bytes to 0x1601/0: 02
[1.275s] joint1: writing 4 bytes to 0x1401/1: 02 03 00 00
[1.276s] joint1: writing 4 bytes to 0x1800/1: 82 01 00 80
[1.276s] joint1: writing 1 bytes to 0x1800/2: 01
[1.276s] joint1: writing 1 bytes to 0x1A00/0: 00
[1.277s] joint1: writing 4 bytes to 0x1A00/1: 10 00 41 60
[1.277s] joint1: writing 4 bytes to 0x1A00/2: 08 00 61 60
[1.278s] joint1: writing 1 bytes to 0x1A00/0: 02
[1.278s] joint1: writing 4 bytes to 0x1800/1: 82 01 00 00
[1.279s] joint1: writing 4 bytes to 0x1801/1: 82 02 00 80
[1.279s] joint1: writing 1 bytes to 0x1801/2: 01
[1.279s] joint1: writing 1 bytes to 0x1A01/0: 00
[1.280s] joint1: writing 4 bytes to 0x1A01/1: 20 00 64 60
[1.280s] joint1: writing 4 bytes to 0x1A01/2: 20 00 6C 60
[1.280s] joint1: writing 1 bytes to 0x1A01/0: 02
[1.281s] joint1: writing 4 bytes to 0x1801/1: 82 02 00 00
[1.281s] joint1: writing 4 bytes to 0x1802/1: 82 03 00 80
[1.282s] joint1: writing 1 bytes to 0x1802/2: 01
[1.282s] joint1: writing 1 bytes to 0x1A02/0: 00
[1.282s] joint1: writing 4 bytes to 0x1A02/1: 10 00 3F 60
[1.283s] joint1: writing 1 bytes to 0x1A02/0: 01
[1.283s] joint1: writing 4 bytes to 0x1802/1: 82 03 00 00
[1.284s] joint1: writing 2 bytes to 0x6040/0: 80 00
[1.284s] joint1: writing 4 bytes to 0x6083/0: A0 86 01 00
[1.284s] joint1: writing 4 bytes to 0x6084/0: A0 86 01 00
[1.285s] joint2: writing 4 bytes to 0x1400/1: 03 02 00 80
[1.285s] joint2: writing 1 bytes to 0x1400/2: 01
[1.286s] joint2: writing 1 bytes to 0x1600/0: 00
[1.286s] joint2: writing 4 bytes to 0x1600/1: 10 00 40 60
[1.286s] joint2: writing 4 bytes to 0x1600/2: 08 00 60 60
[1.287s] joint2: writing 1 bytes to 0x1600/0: 02
[1.287s] joint2: writing 4 bytes to 0x1400/1: 03 02 00 00
[1.288s] joint2: writing 4 bytes to 0x1401/1: 03 03 00 80
[1.288s] joint2: writing 1 bytes to 0x1401/2: 01
[1.288s] joint2: writing 1 bytes to 0x1601/0: 00
[1.289s] joint2: writing 4 bytes to 0x1601/1: 20 00 7A 60
[1.289s] joint2: writing 4 bytes to 0x1601/2: 20 00 FF 60
[1.290s] joint2: writing 1 bytes to 0x1601/0: 02
[1.290s] joint2: writing 4 bytes to 0x1401/1: 03 03 00 00
[1.290s] joint2: writing 4 bytes to 0x1800/1: 83 01 00 80
[1.291s] joint2: writing 1 bytes to 0x1800/2: 01
[1.291s] joint2: writing 1 bytes to 0x1A00/0: 00
[1.292s] joint2: writing 4 bytes to 0x1A00/1: 10 00 41 60
[1.292s] joint2: writing 4 bytes to 0x1A00/2: 08 00 61 60
[1.293s] joint2: writing 1 bytes to 0x1A00/0: 02
[1.293s] joint2: writing 4 bytes to 0x1800/1: 83 01 00 00
[1.294s] joint2: writing 4 bytes to 0x1801/1: 83 02 00 80
[1.294s] joint2: writing 1 bytes to 0x1801/2: 01
[1.295s] joint2: writing 1 bytes to 0x1A01/0: 00
[1.295s] joint2: writing 4 bytes to 0x1A01/1: 20 00 64 60
[1.295s] joint2: writing 4 bytes to 0x1A01/2: 20 00 6C 60
[1.296s] joint2: writing 1 bytes to 0x1A01/0: 02
[1.296s] joint2: writing 4 bytes to 0x1801/1: 83 02 00 00
[1.297s] joint2: writing 4 bytes to 0x1802/1: 83 03 00 80
[1.297s] joint2: writing 1 bytes to 0x1802/2: 01
[1.297s] joint2: writing 1 bytes to 0x1A02/0: 00
[1.298s] joint2: writing 4 bytes to 0x1A02/1: 10 00 3F 60
[1.298s] joint2: writing 1 bytes to 0x1A02/0: 01
[1.299s] joint2: writing 4 bytes to 0x1802/1: 83 03 00 00
[1.299s] joint2: writing 2 bytes to 0x6040/0: 80 00
[1.300s] joint2: writing 4 bytes to 0x6083/0: A0 86 01 00
[1.300s] joint2: writing 4 bytes to 0x6084/0: A0 86 01 00
[1.624s] [100%] Built target robot_control
[1.659s] Invoked command in '/home/orangepi/Robot_Project/AMR_Robot/amr_robot/build/amr_reality_pkg' returned '0': CMAKE_PREFIX_PATH=${CMAKE_PREFIX_PATH}:/opt/ros/humble /usr/bin/cmake --build /home/orangepi/Robot_Project/AMR_Robot/amr_robot/build/amr_reality_pkg -- -j8 -l8
[1.664s] Invoking command in '/home/orangepi/Robot_Project/AMR_Robot/amr_robot/build/amr_reality_pkg': CMAKE_PREFIX_PATH=${CMAKE_PREFIX_PATH}:/opt/ros/humble /usr/bin/cmake --install /home/orangepi/Robot_Project/AMR_Robot/amr_robot/build/amr_reality_pkg
[1.696s] -- Install configuration: ""
[1.701s] -- Execute custom install script
[1.702s] -- Symlinking: /home/orangepi/Robot_Project/AMR_Robot/amr_robot/install/amr_reality_pkg/share/amr_reality_pkg/config/robot_control//cia402_slave.eds
[1.728s] -- Symlinking: /home/orangepi/Robot_Project/AMR_Robot/amr_robot/install/amr_reality_pkg/share/amr_reality_pkg/config/robot_control//ros2_controllers.yaml
[1.761s] -- Symlinking: /home/orangepi/Robot_Project/AMR_Robot/amr_robot/install/amr_reality_pkg/share/amr_reality_pkg/config/robot_control//bus.yml
[1.788s] -- Symlinking: /home/orangepi/Robot_Project/AMR_Robot/amr_robot/install/amr_reality_pkg/share/amr_reality_pkg/config/robot_control//joint1.bin
[1.820s] -- Symlinking: /home/orangepi/Robot_Project/AMR_Robot/amr_robot/install/amr_reality_pkg/share/amr_reality_pkg/config/robot_control//joint2.bin
[1.846s] -- Symlinking: /home/orangepi/Robot_Project/AMR_Robot/amr_robot/install/amr_reality_pkg/share/amr_reality_pkg/config/robot_control//master.dcf
[1.871s] -- Symlinking: /home/orangepi/Robot_Project/AMR_Robot/amr_robot/install/amr_reality_pkg/share/amr_reality_pkg/config/robot_control//preprocessed_bus.yml
[1.900s] -- Up-to-date symlink: /home/orangepi/Robot_Project/AMR_Robot/amr_robot/install/amr_reality_pkg/share/amr_reality_pkg/launch/amr_reality.launch.py
[1.900s] -- Up-to-date symlink: /home/orangepi/Robot_Project/AMR_Robot/amr_robot/install/amr_reality_pkg/share/amr_reality_pkg/launch/localization_launch.py
[1.900s] -- Up-to-date symlink: /home/orangepi/Robot_Project/AMR_Robot/amr_robot/install/amr_reality_pkg/share/amr_reality_pkg/launch/navigation_launch.py
[1.901s] -- Up-to-date symlink: /home/orangepi/Robot_Project/AMR_Robot/amr_robot/install/amr_reality_pkg/share/amr_reality_pkg/launch/online_async_launch.py
[1.901s] -- Up-to-date symlink: /home/orangepi/Robot_Project/AMR_Robot/amr_robot/install/amr_reality_pkg/share/amr_reality_pkg/launch/slamtoolbox_localization.py
[1.903s] -- Up-to-date symlink: /home/orangepi/Robot_Project/AMR_Robot/amr_robot/install/amr_reality_pkg/share/amr_reality_pkg/descriptions/meshes/Imu_Link.STL
[1.903s] -- Up-to-date symlink: /home/orangepi/Robot_Project/AMR_Robot/amr_robot/install/amr_reality_pkg/share/amr_reality_pkg/descriptions/meshes/Left_Link.STL
[1.904s] -- Up-to-date symlink: /home/orangepi/Robot_Project/AMR_Robot/amr_robot/install/amr_reality_pkg/share/amr_reality_pkg/descriptions/meshes/Lidar_Link.STL
[1.904s] -- Up-to-date symlink: /home/orangepi/Robot_Project/AMR_Robot/amr_robot/install/amr_reality_pkg/share/amr_reality_pkg/descriptions/meshes/Right_Link.STL
[1.905s] -- Up-to-date symlink: /home/orangepi/Robot_Project/AMR_Robot/amr_robot/install/amr_reality_pkg/share/amr_reality_pkg/descriptions/meshes/Yaw_Behind_Left_Link.STL
[1.905s] -- Up-to-date symlink: /home/orangepi/Robot_Project/AMR_Robot/amr_robot/install/amr_reality_pkg/share/amr_reality_pkg/descriptions/meshes/Yaw_Behind_Right_Link.STL
[1.906s] -- Up-to-date symlink: /home/orangepi/Robot_Project/AMR_Robot/amr_robot/install/amr_reality_pkg/share/amr_reality_pkg/descriptions/meshes/Yaw_Front_Left_Link.STL
[1.906s] -- Up-to-date symlink: /home/orangepi/Robot_Project/AMR_Robot/amr_robot/install/amr_reality_pkg/share/amr_reality_pkg/descriptions/meshes/Yaw_Front_Right_Link.STL
[1.907s] -- Up-to-date symlink: /home/orangepi/Robot_Project/AMR_Robot/amr_robot/install/amr_reality_pkg/share/amr_reality_pkg/descriptions/meshes/base_link.STL
[1.907s] -- Up-to-date symlink: /home/orangepi/Robot_Project/AMR_Robot/amr_robot/install/amr_reality_pkg/share/amr_reality_pkg/descriptions/urdf/AMR1-00-Khung (1).SLDASM.urdf
[1.908s] -- Up-to-date symlink: /home/orangepi/Robot_Project/AMR_Robot/amr_robot/install/amr_reality_pkg/share/amr_reality_pkg/descriptions/urdf/robot.urdf.xacro
[1.909s] -- Up-to-date symlink: /home/orangepi/Robot_Project/AMR_Robot/amr_robot/install/amr_reality_pkg/share/amr_reality_pkg/descriptions/urdf/robot_controller/robot_controller.ros2_control.xacro
[1.909s] -- Up-to-date symlink: /home/orangepi/Robot_Project/AMR_Robot/amr_robot/install/amr_reality_pkg/share/amr_reality_pkg/descriptions/urdf/robot_controller/robot_controller.urdf.xacro
[1.910s] -- Up-to-date symlink: /home/orangepi/Robot_Project/AMR_Robot/amr_robot/install/amr_reality_pkg/share/amr_reality_pkg/config/ekf.yaml
[1.910s] -- Up-to-date symlink: /home/orangepi/Robot_Project/AMR_Robot/amr_robot/install/amr_reality_pkg/share/amr_reality_pkg/config/twist_mux.yaml
[1.911s] -- Up-to-date symlink: /home/orangepi/Robot_Project/AMR_Robot/amr_robot/install/amr_reality_pkg/share/amr_reality_pkg/config/laser_filter.yaml
[1.911s] -- Up-to-date symlink: /home/orangepi/Robot_Project/AMR_Robot/amr_robot/install/amr_reality_pkg/share/amr_reality_pkg/config/nav2_params.yaml
[1.912s] -- Up-to-date symlink: /home/orangepi/Robot_Project/AMR_Robot/amr_robot/install/amr_reality_pkg/share/amr_reality_pkg/config/mapper_params_online_async.yaml
[1.912s] -- Up-to-date symlink: /home/orangepi/Robot_Project/AMR_Robot/amr_robot/install/amr_reality_pkg/share/amr_reality_pkg/config/collision_monitor_params.yaml
[1.913s] -- Up-to-date symlink: /home/orangepi/Robot_Project/AMR_Robot/amr_robot/install/amr_reality_pkg/lib/amr_reality_pkg/ps4_teleop_node.py
[1.914s] -- Up-to-date symlink: /home/orangepi/Robot_Project/AMR_Robot/amr_robot/install/amr_reality_pkg/lib/amr_reality_pkg/imu_tl740D.py
[1.914s] -- Up-to-date symlink: /home/orangepi/Robot_Project/AMR_Robot/amr_robot/install/amr_reality_pkg/lib/amr_reality_pkg/cov_odom_scan.py
[1.915s] -- Up-to-date symlink: /home/orangepi/Robot_Project/AMR_Robot/amr_robot/install/amr_reality_pkg/lib/amr_reality_pkg/publish_test_path.py
[1.916s] -- Up-to-date symlink: /home/orangepi/Robot_Project/AMR_Robot/amr_robot/install/amr_reality_pkg/lib/amr_reality_pkg/plicp
[1.917s] -- Up-to-date symlink: /home/orangepi/Robot_Project/AMR_Robot/amr_robot/install/amr_reality_pkg/share/ament_index/resource_index/package_run_dependencies/amr_reality_pkg
[1.918s] -- Up-to-date symlink: /home/orangepi/Robot_Project/AMR_Robot/amr_robot/install/amr_reality_pkg/share/ament_index/resource_index/parent_prefix_path/amr_reality_pkg
[1.919s] -- Up-to-date symlink: /home/orangepi/Robot_Project/AMR_Robot/amr_robot/install/amr_reality_pkg/share/amr_reality_pkg/environment/ament_prefix_path.sh
[1.919s] -- Up-to-date symlink: /home/orangepi/Robot_Project/AMR_Robot/amr_robot/install/amr_reality_pkg/share/amr_reality_pkg/environment/ament_prefix_path.dsv
[1.920s] -- Up-to-date symlink: /home/orangepi/Robot_Project/AMR_Robot/amr_robot/install/amr_reality_pkg/share/amr_reality_pkg/environment/path.sh
[1.921s] -- Up-to-date symlink: /home/orangepi/Robot_Project/AMR_Robot/amr_robot/install/amr_reality_pkg/share/amr_reality_pkg/environment/path.dsv
[1.921s] -- Up-to-date symlink: /home/orangepi/Robot_Project/AMR_Robot/amr_robot/install/amr_reality_pkg/share/amr_reality_pkg/local_setup.bash
[1.922s] -- Up-to-date symlink: /home/orangepi/Robot_Project/AMR_Robot/amr_robot/install/amr_reality_pkg/share/amr_reality_pkg/local_setup.sh
[1.923s] -- Up-to-date symlink: /home/orangepi/Robot_Project/AMR_Robot/amr_robot/install/amr_reality_pkg/share/amr_reality_pkg/local_setup.zsh
[1.923s] -- Up-to-date symlink: /home/orangepi/Robot_Project/AMR_Robot/amr_robot/install/amr_reality_pkg/share/amr_reality_pkg/local_setup.dsv
[1.924s] -- Symlinking: /home/orangepi/Robot_Project/AMR_Robot/amr_robot/install/amr_reality_pkg/share/amr_reality_pkg/package.dsv
[1.953s] -- Up-to-date symlink: /home/orangepi/Robot_Project/AMR_Robot/amr_robot/install/amr_reality_pkg/share/ament_index/resource_index/packages/amr_reality_pkg
[1.954s] -- Up-to-date symlink: /home/orangepi/Robot_Project/AMR_Robot/amr_robot/install/amr_reality_pkg/share/amr_reality_pkg/cmake/amr_reality_pkgConfig.cmake
[1.954s] -- Up-to-date symlink: /home/orangepi/Robot_Project/AMR_Robot/amr_robot/install/amr_reality_pkg/share/amr_reality_pkg/cmake/amr_reality_pkgConfig-version.cmake
[1.955s] -- Up-to-date symlink: /home/orangepi/Robot_Project/AMR_Robot/amr_robot/install/amr_reality_pkg/share/amr_reality_pkg/package.xml
[1.964s] Invoked command in '/home/orangepi/Robot_Project/AMR_Robot/amr_robot/build/amr_reality_pkg' returned '0': CMAKE_PREFIX_PATH=${CMAKE_PREFIX_PATH}:/opt/ros/humble /usr/bin/cmake --install /home/orangepi/Robot_Project/AMR_Robot/amr_robot/build/amr_reality_pkg
