[0.051s] Invoking command in '/home/orangepi/Robot_Project/AMR_Robot/amr_robot/build/csm': CMAKE_PREFIX_PATH=${CMAKE_PREFIX_PATH}:/opt/ros/humble /usr/bin/cmake /home/orangepi/Robot_Project/AMR_Robot/amr_robot/src/csm -DAMENT_CMAKE_SYMLINK_INSTALL=1 -DCMAKE_INSTALL_PREFIX=/home/orangepi/Robot_Project/AMR_Robot/amr_robot/install/csm
[0.271s] -- The C compiler identification is GNU 11.4.0
[0.400s] -- The CXX compiler identification is GNU 11.4.0
[0.412s] -- Detecting C compiler ABI info
[0.527s] -- Detecting C compiler ABI info - done
[0.567s] -- Check for working C compiler: /usr/bin/cc - skipped
[0.573s] -- Detecting C compile features
[0.573s] -- Detecting C compile features - done
[0.584s] -- Detecting CXX compiler ABI info
[0.731s] -- Detecting CXX compiler ABI info - done
[0.781s] -- Check for working CXX compiler: /usr/bin/c++ - skipped
[0.784s] -- Detecting CXX compile features
[0.788s] -- Detecting CXX compile features - done
[0.799s] -- Found ament_cmake: 1.3.14 (/opt/ros/humble/share/ament_cmake/cmake)
[1.076s] -- Found Python3: /usr/bin/python3 (found version "3.10.12") found components: Interpreter 
[1.198s] -- Override CMake install command with custom implementation using symlinks instead of copying resources
[1.261s] -- Found rclcpp: 16.0.19 (/opt/ros/humble/share/rclcpp/cmake)
[1.371s] -- Found rosidl_generator_c: 3.1.9 (/opt/ros/humble/share/rosidl_generator_c/cmake)
[1.379s] -- Found rosidl_adapter: 3.1.9 (/opt/ros/humble/share/rosidl_adapter/cmake)
[1.419s] -- Found rosidl_generator_cpp: 3.1.9 (/opt/ros/humble/share/rosidl_generator_cpp/cmake)
[1.443s] -- Using all available rosidl_typesupport_c: rosidl_typesupport_fastrtps_c;rosidl_typesupport_introspection_c
[1.492s] -- Using all available rosidl_typesupport_cpp: rosidl_typesupport_fastrtps_cpp;rosidl_typesupport_introspection_cpp
[1.588s] -- Found rmw_implementation_cmake: 6.1.3 (/opt/ros/humble/share/rmw_implementation_cmake/cmake)
[1.595s] -- Found rmw_fastrtps_cpp: 6.2.10 (/opt/ros/humble/share/rmw_fastrtps_cpp/cmake)
[1.782s] -- Found OpenSSL: /usr/lib/aarch64-linux-gnu/libcrypto.so (found version "3.0.2")  
[1.818s] -- Found FastRTPS: /opt/ros/humble/include  
[1.890s] -- Using RMW implementation 'rmw_fastrtps_cpp' as default
[1.901s] -- Looking for pthread.h
[2.020s] -- Looking for pthread.h - found
[2.021s] -- Performing Test CMAKE_HAVE_LIBC_PTHREAD
[2.240s] -- Performing Test CMAKE_HAVE_LIBC_PTHREAD - Success
[2.247s] -- Found Threads: TRUE  
[2.534s] -- Configuring done
[2.578s] -- Generating done
[2.582s] -- Build files have been written to: /home/orangepi/Robot_Project/AMR_Robot/amr_robot/build/csm
[2.608s] Invoked command in '/home/orangepi/Robot_Project/AMR_Robot/amr_robot/build/csm' returned '0': CMAKE_PREFIX_PATH=${CMAKE_PREFIX_PATH}:/opt/ros/humble /usr/bin/cmake /home/orangepi/Robot_Project/AMR_Robot/amr_robot/src/csm -DAMENT_CMAKE_SYMLINK_INSTALL=1 -DCMAKE_INSTALL_PREFIX=/home/orangepi/Robot_Project/AMR_Robot/amr_robot/install/csm
[2.613s] Invoking command in '/home/orangepi/Robot_Project/AMR_Robot/amr_robot/build/csm': CMAKE_PREFIX_PATH=${CMAKE_PREFIX_PATH}:/opt/ros/humble /usr/bin/cmake --build /home/orangepi/Robot_Project/AMR_Robot/amr_robot/build/csm -- -j8 -l8
[2.778s] [  4%] [32mBuilding CXX object CMakeFiles/csm.dir/src/csm/laser_data.cpp.o[0m
[2.792s] [  8%] [32mBuilding CXX object CMakeFiles/csm.dir/src/csm/math_utils.cpp.o[0m
[2.795s] [ 12%] [32mBuilding CXX object CMakeFiles/csm.dir/src/csm/math_utils_gsl.cpp.o[0m
[2.802s] [ 16%] [32mBuilding CXX object CMakeFiles/csm.dir/src/csm/logging.cpp.o[0m
[2.804s] [ 20%] [32mBuilding CXX object CMakeFiles/csm.dir/src/csm/utils.cpp.o[0m
[2.806s] [ 25%] [32mBuilding CXX object CMakeFiles/csm.dir/src/csm/sm_options.cpp.o[0m
[2.820s] [ 29%] [32mBuilding CXX object CMakeFiles/csm.dir/src/csm/orientation.cpp.o[0m
[2.929s] [ 33%] [32mBuilding CXX object CMakeFiles/csm.dir/src/csm/clustering.cpp.o[0m
[12.682s] [ 37%] [32mBuilding CXX object CMakeFiles/csm.dir/src/egsl/egsl.cpp.o[0m
[13.502s] [ 41%] [32mBuilding CXX object CMakeFiles/csm.dir/src/egsl/egsl_conversions.cpp.o[0m
[13.715s] [ 45%] [32mBuilding CXX object CMakeFiles/csm.dir/src/egsl/egsl_misc.cpp.o[0m
[20.266s] [ 50%] [32mBuilding CXX object CMakeFiles/csm.dir/src/icp/icp_covariance.cpp.o[0m
[25.757s] [ 54%] [32mBuilding CXX object CMakeFiles/csm.dir/src/icp/icp_debug.cpp.o[0m
[33.012s] [ 58%] [32mBuilding CXX object CMakeFiles/csm.dir/src/icp/icp_loop.cpp.o[0m
[40.846s] [ 62%] [32mBuilding CXX object CMakeFiles/csm.dir/src/icp/icp_outliers.cpp.o[0m
[45.799s] [ 66%] [32mBuilding CXX object CMakeFiles/csm.dir/src/options/options.cpp.o[0m
[46.906s] [ 70%] [32mBuilding CXX object CMakeFiles/csm.dir/src/options/options_interface.cpp.o[0m
[47.096s] [ 75%] [32mBuilding CXX object CMakeFiles/csm.dir/src/icp/icp_corr_tricks.cpp.o[0m
[50.790s] [ 79%] [32mBuilding CXX object CMakeFiles/csm.dir/src/icp/icp_corr_dumb.cpp.o[0m
[54.816s] [ 83%] [32mBuilding CXX object CMakeFiles/csm.dir/src/icp/icp.cpp.o[0m
[57.821s] [ 87%] [32mBuilding CXX object CMakeFiles/csm.dir/src/gpc/gpc_utils.cpp.o[0m
[79.180s] [ 95%] [32mBuilding CXX object CMakeFiles/csm.dir/src/gpc/gpc.cpp.o[0m
[79.181s] [ 95%] [32mBuilding CXX object CMakeFiles/csm.dir/src/egsl/egsl_ops.cpp.o[0m
[85.493s] [100%] [32m[1mLinking CXX shared library libcsm.so[0m
[86.291s] [100%] Built target csm
[86.327s] Invoked command in '/home/orangepi/Robot_Project/AMR_Robot/amr_robot/build/csm' returned '0': CMAKE_PREFIX_PATH=${CMAKE_PREFIX_PATH}:/opt/ros/humble /usr/bin/cmake --build /home/orangepi/Robot_Project/AMR_Robot/amr_robot/build/csm -- -j8 -l8
[86.334s] Invoking command in '/home/orangepi/Robot_Project/AMR_Robot/amr_robot/build/csm': CMAKE_PREFIX_PATH=${CMAKE_PREFIX_PATH}:/opt/ros/humble /usr/bin/cmake --install /home/orangepi/Robot_Project/AMR_Robot/amr_robot/build/csm
[86.358s] -- Install configuration: ""
[86.359s] -- Execute custom install script
[86.360s] -- Symlinking: /home/orangepi/Robot_Project/AMR_Robot/amr_robot/install/csm/lib/libcsm.so
[86.392s] -- Symlinking: /home/orangepi/Robot_Project/AMR_Robot/amr_robot/install/csm/include/..//include/csm/algos.h
[86.422s] -- Symlinking: /home/orangepi/Robot_Project/AMR_Robot/amr_robot/install/csm/include/..//include/csm/csm.h
[86.452s] -- Symlinking: /home/orangepi/Robot_Project/AMR_Robot/amr_robot/install/csm/include/..//include/csm/laser_data.h
[86.481s] -- Symlinking: /home/orangepi/Robot_Project/AMR_Robot/amr_robot/install/csm/include/..//include/csm/laser_data_inline.h
[86.495s] -- Symlinking: /home/orangepi/Robot_Project/AMR_Robot/amr_robot/install/csm/include/..//include/csm/restrict.h
[86.524s] -- Symlinking: /home/orangepi/Robot_Project/AMR_Robot/amr_robot/install/csm/include/..//include/gsl_eigen/gsl_eigen.h
[86.538s] -- Symlinking: /home/orangepi/Robot_Project/AMR_Robot/amr_robot/install/csm/share/csm/resource/csm
[86.565s] -- Symlinking: /home/orangepi/Robot_Project/AMR_Robot/amr_robot/install/csm/include/../gsl_eigen/gsl_eigen.h
[86.594s] -- Symlinking: /home/orangepi/Robot_Project/AMR_Robot/amr_robot/install/csm/share/csm/environment/library_path.sh
[86.622s] -- Symlinking: /home/orangepi/Robot_Project/AMR_Robot/amr_robot/install/csm/share/csm/environment/library_path.dsv
[86.635s] -- Symlinking: /home/orangepi/Robot_Project/AMR_Robot/amr_robot/install/csm/share/ament_index/resource_index/package_run_dependencies/csm
[86.665s] -- Symlinking: /home/orangepi/Robot_Project/AMR_Robot/amr_robot/install/csm/share/ament_index/resource_index/parent_prefix_path/csm
[86.693s] -- Symlinking: /home/orangepi/Robot_Project/AMR_Robot/amr_robot/install/csm/share/csm/environment/ament_prefix_path.sh
[86.719s] -- Symlinking: /home/orangepi/Robot_Project/AMR_Robot/amr_robot/install/csm/share/csm/environment/ament_prefix_path.dsv
[86.745s] -- Symlinking: /home/orangepi/Robot_Project/AMR_Robot/amr_robot/install/csm/share/csm/environment/path.sh
[86.778s] -- Symlinking: /home/orangepi/Robot_Project/AMR_Robot/amr_robot/install/csm/share/csm/environment/path.dsv
[86.806s] -- Symlinking: /home/orangepi/Robot_Project/AMR_Robot/amr_robot/install/csm/share/csm/local_setup.bash
[86.839s] -- Symlinking: /home/orangepi/Robot_Project/AMR_Robot/amr_robot/install/csm/share/csm/local_setup.sh
[86.871s] -- Symlinking: /home/orangepi/Robot_Project/AMR_Robot/amr_robot/install/csm/share/csm/local_setup.zsh
[86.903s] -- Symlinking: /home/orangepi/Robot_Project/AMR_Robot/amr_robot/install/csm/share/csm/local_setup.dsv
[86.932s] -- Symlinking: /home/orangepi/Robot_Project/AMR_Robot/amr_robot/install/csm/share/csm/package.dsv
[86.966s] -- Symlinking: /home/orangepi/Robot_Project/AMR_Robot/amr_robot/install/csm/share/ament_index/resource_index/packages/csm
[86.995s] -- Symlinking: /home/orangepi/Robot_Project/AMR_Robot/amr_robot/install/csm/share/csm/cmake/ament_cmake_export_dependencies-extras.cmake
[87.028s] -- Symlinking: /home/orangepi/Robot_Project/AMR_Robot/amr_robot/install/csm/share/csm/cmake/ament_cmake_export_include_directories-extras.cmake
[87.056s] -- Symlinking: /home/orangepi/Robot_Project/AMR_Robot/amr_robot/install/csm/share/csm/cmake/ament_cmake_export_libraries-extras.cmake
[87.091s] -- Symlinking: /home/orangepi/Robot_Project/AMR_Robot/amr_robot/install/csm/share/csm/cmake/csmConfig.cmake
[87.119s] -- Symlinking: /home/orangepi/Robot_Project/AMR_Robot/amr_robot/install/csm/share/csm/cmake/csmConfig-version.cmake
[87.151s] -- Symlinking: /home/orangepi/Robot_Project/AMR_Robot/amr_robot/install/csm/share/csm/package.xml
[87.190s] Invoked command in '/home/orangepi/Robot_Project/AMR_Robot/amr_robot/build/csm' returned '0': CMAKE_PREFIX_PATH=${CMAKE_PREFIX_PATH}:/opt/ros/humble /usr/bin/cmake --install /home/orangepi/Robot_Project/AMR_Robot/amr_robot/build/csm
