[0.100s] DEBUG:colcon:Command line arguments: ['/usr/bin/colcon', 'build', '--symlink-install']
[0.100s] DEBUG:colcon:Parsed command line arguments: Namespace(log_base=None, log_level=None, verb_name='build', build_base='build', install_base='install', merge_install=False, symlink_install=True, test_result_base=None, continue_on_error=False, executor='parallel', parallel_workers=15, event_handlers=None, ignore_user_meta=False, metas=['./colcon.meta'], base_paths=['.'], packages_ignore=None, packages_ignore_regex=None, paths=None, packages_up_to=None, packages_up_to_regex=None, packages_above=None, packages_above_and_dependencies=None, packages_above_depth=None, packages_select_by_dep=None, packages_skip_by_dep=None, packages_skip_up_to=None, packages_select_build_failed=False, packages_skip_build_finished=False, packages_select_test_failures=False, packages_skip_test_passed=False, packages_select=None, packages_skip=None, packages_select_regex=None, packages_skip_regex=None, packages_start=None, packages_end=None, allow_overriding=[], cmake_args=None, cmake_target=None, cmake_target_skip_unavailable=False, cmake_clean_cache=False, cmake_clean_first=False, cmake_force_configure=False, ament_cmake_args=None, catkin_cmake_args=None, catkin_skip_building_tests=False, verb_parser=<colcon_defaults.argument_parser.defaults.DefaultArgumentsDecorator object at 0x7e6234df2ec0>, verb_extension=<colcon_core.verb.build.BuildVerb object at 0x7e6234df2980>, main=<bound method BuildVerb.main of <colcon_core.verb.build.BuildVerb object at 0x7e6234df2980>>)
[0.312s] Level 1:colcon.colcon_core.package_discovery:discover_packages(colcon_meta) check parameters
[0.312s] Level 1:colcon.colcon_core.package_discovery:discover_packages(recursive) check parameters
[0.312s] Level 1:colcon.colcon_core.package_discovery:discover_packages(ignore) check parameters
[0.312s] Level 1:colcon.colcon_core.package_discovery:discover_packages(path) check parameters
[0.312s] Level 1:colcon.colcon_core.package_discovery:discover_packages(colcon_meta) discover
[0.312s] Level 1:colcon.colcon_core.package_discovery:discover_packages(recursive) discover
[0.312s] INFO:colcon.colcon_core.package_discovery:Crawling recursively for packages in '/home/theanh/Robot_Project/AMR_Robot/amr1_ws'
[0.312s] Level 1:colcon.colcon_core.package_identification:_identify(.) by extensions ['ignore', 'ignore_ament_install']
[0.312s] Level 1:colcon.colcon_core.package_identification:_identify(.) by extension 'ignore'
[0.312s] Level 1:colcon.colcon_core.package_identification:_identify(.) by extension 'ignore_ament_install'
[0.312s] Level 1:colcon.colcon_core.package_identification:_identify(.) by extensions ['colcon_pkg']
[0.312s] Level 1:colcon.colcon_core.package_identification:_identify(.) by extension 'colcon_pkg'
[0.312s] Level 1:colcon.colcon_core.package_identification:_identify(.) by extensions ['colcon_meta']
[0.312s] Level 1:colcon.colcon_core.package_identification:_identify(.) by extension 'colcon_meta'
[0.312s] Level 1:colcon.colcon_core.package_identification:_identify(.) by extensions ['ros']
[0.312s] Level 1:colcon.colcon_core.package_identification:_identify(.) by extension 'ros'
[0.331s] Level 1:colcon.colcon_core.package_identification:_identify(.) by extensions ['cmake', 'python']
[0.331s] Level 1:colcon.colcon_core.package_identification:_identify(.) by extension 'cmake'
[0.331s] Level 1:colcon.colcon_core.package_identification:_identify(.) by extension 'python'
[0.331s] Level 1:colcon.colcon_core.package_identification:_identify(.) by extensions ['python_setup_py']
[0.331s] Level 1:colcon.colcon_core.package_identification:_identify(.) by extension 'python_setup_py'
[0.331s] Level 1:colcon.colcon_core.package_identification:_identify(build) by extensions ['ignore', 'ignore_ament_install']
[0.331s] Level 1:colcon.colcon_core.package_identification:_identify(build) by extension 'ignore'
[0.331s] Level 1:colcon.colcon_core.package_identification:_identify(build) ignored
[0.331s] Level 1:colcon.colcon_core.package_identification:_identify(install) by extensions ['ignore', 'ignore_ament_install']
[0.331s] Level 1:colcon.colcon_core.package_identification:_identify(install) by extension 'ignore'
[0.331s] Level 1:colcon.colcon_core.package_identification:_identify(install) ignored
[0.331s] Level 1:colcon.colcon_core.package_identification:_identify(log) by extensions ['ignore', 'ignore_ament_install']
[0.331s] Level 1:colcon.colcon_core.package_identification:_identify(log) by extension 'ignore'
[0.332s] Level 1:colcon.colcon_core.package_identification:_identify(log) ignored
[0.332s] Level 1:colcon.colcon_core.package_identification:_identify(src) by extensions ['ignore', 'ignore_ament_install']
[0.332s] Level 1:colcon.colcon_core.package_identification:_identify(src) by extension 'ignore'
[0.332s] Level 1:colcon.colcon_core.package_identification:_identify(src) by extension 'ignore_ament_install'
[0.332s] Level 1:colcon.colcon_core.package_identification:_identify(src) by extensions ['colcon_pkg']
[0.332s] Level 1:colcon.colcon_core.package_identification:_identify(src) by extension 'colcon_pkg'
[0.332s] Level 1:colcon.colcon_core.package_identification:_identify(src) by extensions ['colcon_meta']
[0.332s] Level 1:colcon.colcon_core.package_identification:_identify(src) by extension 'colcon_meta'
[0.332s] Level 1:colcon.colcon_core.package_identification:_identify(src) by extensions ['ros']
[0.332s] Level 1:colcon.colcon_core.package_identification:_identify(src) by extension 'ros'
[0.332s] Level 1:colcon.colcon_core.package_identification:_identify(src) by extensions ['cmake', 'python']
[0.332s] Level 1:colcon.colcon_core.package_identification:_identify(src) by extension 'cmake'
[0.332s] Level 1:colcon.colcon_core.package_identification:_identify(src) by extension 'python'
[0.332s] Level 1:colcon.colcon_core.package_identification:_identify(src) by extensions ['python_setup_py']
[0.332s] Level 1:colcon.colcon_core.package_identification:_identify(src) by extension 'python_setup_py'
[0.332s] Level 1:colcon.colcon_core.package_identification:_identify(src/amr_reality_pkg) by extensions ['ignore', 'ignore_ament_install']
[0.332s] Level 1:colcon.colcon_core.package_identification:_identify(src/amr_reality_pkg) by extension 'ignore'
[0.332s] Level 1:colcon.colcon_core.package_identification:_identify(src/amr_reality_pkg) by extension 'ignore_ament_install'
[0.333s] Level 1:colcon.colcon_core.package_identification:_identify(src/amr_reality_pkg) by extensions ['colcon_pkg']
[0.333s] Level 1:colcon.colcon_core.package_identification:_identify(src/amr_reality_pkg) by extension 'colcon_pkg'
[0.333s] Level 1:colcon.colcon_core.package_identification:_identify(src/amr_reality_pkg) by extensions ['colcon_meta']
[0.333s] Level 1:colcon.colcon_core.package_identification:_identify(src/amr_reality_pkg) by extension 'colcon_meta'
[0.333s] Level 1:colcon.colcon_core.package_identification:_identify(src/amr_reality_pkg) by extensions ['ros']
[0.333s] Level 1:colcon.colcon_core.package_identification:_identify(src/amr_reality_pkg) by extension 'ros'
[0.335s] DEBUG:colcon.colcon_core.package_identification:Package 'src/amr_reality_pkg' with type 'ros.ament_cmake' and name 'amr_reality_pkg'
[0.335s] Level 1:colcon.colcon_core.package_identification:_identify(src/amr_sim_pkg) by extensions ['ignore', 'ignore_ament_install']
[0.335s] Level 1:colcon.colcon_core.package_identification:_identify(src/amr_sim_pkg) by extension 'ignore'
[0.335s] Level 1:colcon.colcon_core.package_identification:_identify(src/amr_sim_pkg) by extension 'ignore_ament_install'
[0.335s] Level 1:colcon.colcon_core.package_identification:_identify(src/amr_sim_pkg) by extensions ['colcon_pkg']
[0.335s] Level 1:colcon.colcon_core.package_identification:_identify(src/amr_sim_pkg) by extension 'colcon_pkg'
[0.336s] Level 1:colcon.colcon_core.package_identification:_identify(src/amr_sim_pkg) by extensions ['colcon_meta']
[0.336s] Level 1:colcon.colcon_core.package_identification:_identify(src/amr_sim_pkg) by extension 'colcon_meta'
[0.336s] Level 1:colcon.colcon_core.package_identification:_identify(src/amr_sim_pkg) by extensions ['ros']
[0.336s] Level 1:colcon.colcon_core.package_identification:_identify(src/amr_sim_pkg) by extension 'ros'
[0.336s] DEBUG:colcon.colcon_core.package_identification:Package 'src/amr_sim_pkg' with type 'ros.ament_cmake' and name 'amr_sim_pkg'
[0.336s] Level 1:colcon.colcon_core.package_identification:_identify(src/laser_filters) by extensions ['ignore', 'ignore_ament_install']
[0.336s] Level 1:colcon.colcon_core.package_identification:_identify(src/laser_filters) by extension 'ignore'
[0.336s] Level 1:colcon.colcon_core.package_identification:_identify(src/laser_filters) by extension 'ignore_ament_install'
[0.337s] Level 1:colcon.colcon_core.package_identification:_identify(src/laser_filters) by extensions ['colcon_pkg']
[0.337s] Level 1:colcon.colcon_core.package_identification:_identify(src/laser_filters) by extension 'colcon_pkg'
[0.337s] Level 1:colcon.colcon_core.package_identification:_identify(src/laser_filters) by extensions ['colcon_meta']
[0.337s] Level 1:colcon.colcon_core.package_identification:_identify(src/laser_filters) by extension 'colcon_meta'
[0.337s] Level 1:colcon.colcon_core.package_identification:_identify(src/laser_filters) by extensions ['ros']
[0.337s] Level 1:colcon.colcon_core.package_identification:_identify(src/laser_filters) by extension 'ros'
[0.338s] DEBUG:colcon.colcon_core.package_identification:Package 'src/laser_filters' with type 'ros.ament_cmake' and name 'laser_filters'
[0.338s] Level 1:colcon.colcon_core.package_identification:_identify(src/sllidar_ros2) by extensions ['ignore', 'ignore_ament_install']
[0.338s] Level 1:colcon.colcon_core.package_identification:_identify(src/sllidar_ros2) by extension 'ignore'
[0.339s] Level 1:colcon.colcon_core.package_identification:_identify(src/sllidar_ros2) by extension 'ignore_ament_install'
[0.339s] Level 1:colcon.colcon_core.package_identification:_identify(src/sllidar_ros2) by extensions ['colcon_pkg']
[0.339s] Level 1:colcon.colcon_core.package_identification:_identify(src/sllidar_ros2) by extension 'colcon_pkg'
[0.339s] Level 1:colcon.colcon_core.package_identification:_identify(src/sllidar_ros2) by extensions ['colcon_meta']
[0.339s] Level 1:colcon.colcon_core.package_identification:_identify(src/sllidar_ros2) by extension 'colcon_meta'
[0.339s] Level 1:colcon.colcon_core.package_identification:_identify(src/sllidar_ros2) by extensions ['ros']
[0.339s] Level 1:colcon.colcon_core.package_identification:_identify(src/sllidar_ros2) by extension 'ros'
[0.339s] DEBUG:colcon.colcon_core.package_identification:Package 'src/sllidar_ros2' with type 'ros.ament_cmake' and name 'sllidar_ros2'
[0.339s] Level 1:colcon.colcon_core.package_discovery:discover_packages(recursive) using defaults
[0.339s] Level 1:colcon.colcon_core.package_discovery:discover_packages(ignore) discover
[0.340s] Level 1:colcon.colcon_core.package_discovery:discover_packages(ignore) using defaults
[0.340s] Level 1:colcon.colcon_core.package_discovery:discover_packages(path) discover
[0.340s] Level 1:colcon.colcon_core.package_discovery:discover_packages(path) using defaults
[0.359s] Level 1:colcon.colcon_core.package_discovery:discover_packages(prefix_path) check parameters
[0.359s] Level 1:colcon.colcon_core.package_discovery:discover_packages(prefix_path) discover
[0.361s] DEBUG:colcon.colcon_installed_package_information.package_discovery:Found 4 installed packages in /home/theanh/Robot_Project/AMR_Robot/amr1_ws/install
[0.362s] DEBUG:colcon.colcon_installed_package_information.package_discovery:Found 9 installed packages in /home/theanh/ros2_ws1/install
[0.362s] DEBUG:colcon.colcon_installed_package_information.package_discovery:Found 2 installed packages in /home/theanh/agv_test_ws/install
[0.365s] DEBUG:colcon.colcon_installed_package_information.package_discovery:Found 483 installed packages in /opt/ros/humble
[0.368s] Level 1:colcon.colcon_core.package_discovery:discover_packages(prefix_path) using defaults
[0.427s] Level 5:colcon.colcon_core.verb:set package 'amr_reality_pkg' build argument 'cmake_args' from command line to 'None'
[0.427s] Level 5:colcon.colcon_core.verb:set package 'amr_reality_pkg' build argument 'cmake_target' from command line to 'None'
[0.427s] Level 5:colcon.colcon_core.verb:set package 'amr_reality_pkg' build argument 'cmake_target_skip_unavailable' from command line to 'False'
[0.427s] Level 5:colcon.colcon_core.verb:set package 'amr_reality_pkg' build argument 'cmake_clean_cache' from command line to 'False'
[0.427s] Level 5:colcon.colcon_core.verb:set package 'amr_reality_pkg' build argument 'cmake_clean_first' from command line to 'False'
[0.427s] Level 5:colcon.colcon_core.verb:set package 'amr_reality_pkg' build argument 'cmake_force_configure' from command line to 'False'
[0.427s] Level 5:colcon.colcon_core.verb:set package 'amr_reality_pkg' build argument 'ament_cmake_args' from command line to 'None'
[0.427s] Level 5:colcon.colcon_core.verb:set package 'amr_reality_pkg' build argument 'catkin_cmake_args' from command line to 'None'
[0.427s] Level 5:colcon.colcon_core.verb:set package 'amr_reality_pkg' build argument 'catkin_skip_building_tests' from command line to 'False'
[0.427s] DEBUG:colcon.colcon_core.verb:Building package 'amr_reality_pkg' with the following arguments: {'ament_cmake_args': None, 'build_base': '/home/theanh/Robot_Project/AMR_Robot/amr1_ws/build/amr_reality_pkg', 'catkin_cmake_args': None, 'catkin_skip_building_tests': False, 'cmake_args': None, 'cmake_clean_cache': False, 'cmake_clean_first': False, 'cmake_force_configure': False, 'cmake_target': None, 'cmake_target_skip_unavailable': False, 'install_base': '/home/theanh/Robot_Project/AMR_Robot/amr1_ws/install/amr_reality_pkg', 'merge_install': False, 'path': '/home/theanh/Robot_Project/AMR_Robot/amr1_ws/src/amr_reality_pkg', 'symlink_install': True, 'test_result_base': None}
[0.428s] Level 5:colcon.colcon_core.verb:set package 'amr_sim_pkg' build argument 'cmake_args' from command line to 'None'
[0.428s] Level 5:colcon.colcon_core.verb:set package 'amr_sim_pkg' build argument 'cmake_target' from command line to 'None'
[0.428s] Level 5:colcon.colcon_core.verb:set package 'amr_sim_pkg' build argument 'cmake_target_skip_unavailable' from command line to 'False'
[0.428s] Level 5:colcon.colcon_core.verb:set package 'amr_sim_pkg' build argument 'cmake_clean_cache' from command line to 'False'
[0.428s] Level 5:colcon.colcon_core.verb:set package 'amr_sim_pkg' build argument 'cmake_clean_first' from command line to 'False'
[0.428s] Level 5:colcon.colcon_core.verb:set package 'amr_sim_pkg' build argument 'cmake_force_configure' from command line to 'False'
[0.428s] Level 5:colcon.colcon_core.verb:set package 'amr_sim_pkg' build argument 'ament_cmake_args' from command line to 'None'
[0.428s] Level 5:colcon.colcon_core.verb:set package 'amr_sim_pkg' build argument 'catkin_cmake_args' from command line to 'None'
[0.428s] Level 5:colcon.colcon_core.verb:set package 'amr_sim_pkg' build argument 'catkin_skip_building_tests' from command line to 'False'
[0.428s] DEBUG:colcon.colcon_core.verb:Building package 'amr_sim_pkg' with the following arguments: {'ament_cmake_args': None, 'build_base': '/home/theanh/Robot_Project/AMR_Robot/amr1_ws/build/amr_sim_pkg', 'catkin_cmake_args': None, 'catkin_skip_building_tests': False, 'cmake_args': None, 'cmake_clean_cache': False, 'cmake_clean_first': False, 'cmake_force_configure': False, 'cmake_target': None, 'cmake_target_skip_unavailable': False, 'install_base': '/home/theanh/Robot_Project/AMR_Robot/amr1_ws/install/amr_sim_pkg', 'merge_install': False, 'path': '/home/theanh/Robot_Project/AMR_Robot/amr1_ws/src/amr_sim_pkg', 'symlink_install': True, 'test_result_base': None}
[0.428s] Level 5:colcon.colcon_core.verb:set package 'laser_filters' build argument 'cmake_args' from command line to 'None'
[0.428s] Level 5:colcon.colcon_core.verb:set package 'laser_filters' build argument 'cmake_target' from command line to 'None'
[0.428s] Level 5:colcon.colcon_core.verb:set package 'laser_filters' build argument 'cmake_target_skip_unavailable' from command line to 'False'
[0.428s] Level 5:colcon.colcon_core.verb:set package 'laser_filters' build argument 'cmake_clean_cache' from command line to 'False'
[0.428s] Level 5:colcon.colcon_core.verb:set package 'laser_filters' build argument 'cmake_clean_first' from command line to 'False'
[0.428s] Level 5:colcon.colcon_core.verb:set package 'laser_filters' build argument 'cmake_force_configure' from command line to 'False'
[0.428s] Level 5:colcon.colcon_core.verb:set package 'laser_filters' build argument 'ament_cmake_args' from command line to 'None'
[0.428s] Level 5:colcon.colcon_core.verb:set package 'laser_filters' build argument 'catkin_cmake_args' from command line to 'None'
[0.428s] Level 5:colcon.colcon_core.verb:set package 'laser_filters' build argument 'catkin_skip_building_tests' from command line to 'False'
[0.428s] DEBUG:colcon.colcon_core.verb:Building package 'laser_filters' with the following arguments: {'ament_cmake_args': None, 'build_base': '/home/theanh/Robot_Project/AMR_Robot/amr1_ws/build/laser_filters', 'catkin_cmake_args': None, 'catkin_skip_building_tests': False, 'cmake_args': None, 'cmake_clean_cache': False, 'cmake_clean_first': False, 'cmake_force_configure': False, 'cmake_target': None, 'cmake_target_skip_unavailable': False, 'install_base': '/home/theanh/Robot_Project/AMR_Robot/amr1_ws/install/laser_filters', 'merge_install': False, 'path': '/home/theanh/Robot_Project/AMR_Robot/amr1_ws/src/laser_filters', 'symlink_install': True, 'test_result_base': None}
[0.429s] Level 5:colcon.colcon_core.verb:set package 'sllidar_ros2' build argument 'cmake_args' from command line to 'None'
[0.429s] Level 5:colcon.colcon_core.verb:set package 'sllidar_ros2' build argument 'cmake_target' from command line to 'None'
[0.429s] Level 5:colcon.colcon_core.verb:set package 'sllidar_ros2' build argument 'cmake_target_skip_unavailable' from command line to 'False'
[0.429s] Level 5:colcon.colcon_core.verb:set package 'sllidar_ros2' build argument 'cmake_clean_cache' from command line to 'False'
[0.429s] Level 5:colcon.colcon_core.verb:set package 'sllidar_ros2' build argument 'cmake_clean_first' from command line to 'False'
[0.429s] Level 5:colcon.colcon_core.verb:set package 'sllidar_ros2' build argument 'cmake_force_configure' from command line to 'False'
[0.429s] Level 5:colcon.colcon_core.verb:set package 'sllidar_ros2' build argument 'ament_cmake_args' from command line to 'None'
[0.429s] Level 5:colcon.colcon_core.verb:set package 'sllidar_ros2' build argument 'catkin_cmake_args' from command line to 'None'
[0.429s] Level 5:colcon.colcon_core.verb:set package 'sllidar_ros2' build argument 'catkin_skip_building_tests' from command line to 'False'
[0.429s] DEBUG:colcon.colcon_core.verb:Building package 'sllidar_ros2' with the following arguments: {'ament_cmake_args': None, 'build_base': '/home/theanh/Robot_Project/AMR_Robot/amr1_ws/build/sllidar_ros2', 'catkin_cmake_args': None, 'catkin_skip_building_tests': False, 'cmake_args': None, 'cmake_clean_cache': False, 'cmake_clean_first': False, 'cmake_force_configure': False, 'cmake_target': None, 'cmake_target_skip_unavailable': False, 'install_base': '/home/theanh/Robot_Project/AMR_Robot/amr1_ws/install/sllidar_ros2', 'merge_install': False, 'path': '/home/theanh/Robot_Project/AMR_Robot/amr1_ws/src/sllidar_ros2', 'symlink_install': True, 'test_result_base': None}
[0.429s] INFO:colcon.colcon_core.executor:Executing jobs using 'parallel' executor
[0.430s] DEBUG:colcon.colcon_parallel_executor.executor.parallel:run_until_complete
[0.431s] INFO:colcon.colcon_ros.task.ament_cmake.build:Building ROS package in '/home/theanh/Robot_Project/AMR_Robot/amr1_ws/src/amr_reality_pkg' with build type 'ament_cmake'
[0.431s] INFO:colcon.colcon_cmake.task.cmake.build:Building CMake package in '/home/theanh/Robot_Project/AMR_Robot/amr1_ws/src/amr_reality_pkg'
[0.433s] INFO:colcon.colcon_core.plugin_system:Skipping extension 'colcon_core.shell.bat': Not used on non-Windows systems
[0.433s] INFO:colcon.colcon_core.shell:Skip shell extension 'powershell' for command environment: Not usable outside of PowerShell
[0.433s] DEBUG:colcon.colcon_core.shell:Skip shell extension 'dsv' for command environment
[0.439s] INFO:colcon.colcon_ros.task.ament_cmake.build:Building ROS package in '/home/theanh/Robot_Project/AMR_Robot/amr1_ws/src/amr_sim_pkg' with build type 'ament_cmake'
[0.439s] INFO:colcon.colcon_cmake.task.cmake.build:Building CMake package in '/home/theanh/Robot_Project/AMR_Robot/amr1_ws/src/amr_sim_pkg'
[0.439s] INFO:colcon.colcon_core.shell:Skip shell extension 'powershell' for command environment: Not usable outside of PowerShell
[0.439s] DEBUG:colcon.colcon_core.shell:Skip shell extension 'dsv' for command environment
[0.446s] INFO:colcon.colcon_ros.task.ament_cmake.build:Building ROS package in '/home/theanh/Robot_Project/AMR_Robot/amr1_ws/src/laser_filters' with build type 'ament_cmake'
[0.446s] INFO:colcon.colcon_cmake.task.cmake.build:Building CMake package in '/home/theanh/Robot_Project/AMR_Robot/amr1_ws/src/laser_filters'
[0.446s] INFO:colcon.colcon_core.shell:Skip shell extension 'powershell' for command environment: Not usable outside of PowerShell
[0.446s] DEBUG:colcon.colcon_core.shell:Skip shell extension 'dsv' for command environment
[0.452s] INFO:colcon.colcon_ros.task.ament_cmake.build:Building ROS package in '/home/theanh/Robot_Project/AMR_Robot/amr1_ws/src/sllidar_ros2' with build type 'ament_cmake'
[0.452s] INFO:colcon.colcon_cmake.task.cmake.build:Building CMake package in '/home/theanh/Robot_Project/AMR_Robot/amr1_ws/src/sllidar_ros2'
[0.452s] INFO:colcon.colcon_core.shell:Skip shell extension 'powershell' for command environment: Not usable outside of PowerShell
[0.453s] DEBUG:colcon.colcon_core.shell:Skip shell extension 'dsv' for command environment
[0.463s] DEBUG:colcon.colcon_core.event_handler.log_command:Invoking command in '/home/theanh/Robot_Project/AMR_Robot/amr1_ws/build/amr_reality_pkg': CMAKE_PREFIX_PATH=${CMAKE_PREFIX_PATH}:/opt/ros/humble /usr/bin/cmake --build /home/theanh/Robot_Project/AMR_Robot/amr1_ws/build/amr_reality_pkg -- -j15 -l15
[0.467s] DEBUG:colcon.colcon_core.event_handler.log_command:Invoking command in '/home/theanh/Robot_Project/AMR_Robot/amr1_ws/build/amr_sim_pkg': CMAKE_PREFIX_PATH=${CMAKE_PREFIX_PATH}:/opt/ros/humble /usr/bin/cmake --build /home/theanh/Robot_Project/AMR_Robot/amr1_ws/build/amr_sim_pkg -- -j15 -l15
[0.471s] DEBUG:colcon.colcon_core.event_handler.log_command:Invoking command in '/home/theanh/Robot_Project/AMR_Robot/amr1_ws/build/laser_filters': CMAKE_PREFIX_PATH=${CMAKE_PREFIX_PATH}:/opt/ros/humble /usr/bin/cmake --build /home/theanh/Robot_Project/AMR_Robot/amr1_ws/build/laser_filters -- -j15 -l15
[0.475s] DEBUG:colcon.colcon_core.event_handler.log_command:Invoking command in '/home/theanh/Robot_Project/AMR_Robot/amr1_ws/build/sllidar_ros2': CMAKE_PREFIX_PATH=${CMAKE_PREFIX_PATH}:/opt/ros/humble /usr/bin/cmake --build /home/theanh/Robot_Project/AMR_Robot/amr1_ws/build/sllidar_ros2 -- -j15 -l15
[0.529s] DEBUG:colcon.colcon_core.event_handler.log_command:Invoked command in '/home/theanh/Robot_Project/AMR_Robot/amr1_ws/build/amr_sim_pkg' returned '0': CMAKE_PREFIX_PATH=${CMAKE_PREFIX_PATH}:/opt/ros/humble /usr/bin/cmake --build /home/theanh/Robot_Project/AMR_Robot/amr1_ws/build/amr_sim_pkg -- -j15 -l15
[0.548s] DEBUG:colcon.colcon_core.event_handler.log_command:Invoking command in '/home/theanh/Robot_Project/AMR_Robot/amr1_ws/build/amr_sim_pkg': CMAKE_PREFIX_PATH=${CMAKE_PREFIX_PATH}:/opt/ros/humble /usr/bin/cmake --install /home/theanh/Robot_Project/AMR_Robot/amr1_ws/build/amr_sim_pkg
[0.588s] Level 1:colcon.colcon_core.environment:create_environment_scripts_only(amr_sim_pkg)
[0.589s] DEBUG:colcon.colcon_core.event_handler.log_command:Invoked command in '/home/theanh/Robot_Project/AMR_Robot/amr1_ws/build/amr_sim_pkg' returned '0': CMAKE_PREFIX_PATH=${CMAKE_PREFIX_PATH}:/opt/ros/humble /usr/bin/cmake --install /home/theanh/Robot_Project/AMR_Robot/amr1_ws/build/amr_sim_pkg
[0.592s] Level 1:colcon.colcon_core.environment:checking '/home/theanh/Robot_Project/AMR_Robot/amr1_ws/install/amr_sim_pkg' for CMake module files
[0.593s] Level 1:colcon.colcon_core.environment:checking '/home/theanh/Robot_Project/AMR_Robot/amr1_ws/install/amr_sim_pkg' for CMake config files
[0.594s] Level 1:colcon.colcon_core.shell:create_environment_hook('amr_sim_pkg', 'cmake_prefix_path')
[0.594s] INFO:colcon.colcon_core.shell:Creating environment hook '/home/theanh/Robot_Project/AMR_Robot/amr1_ws/install/amr_sim_pkg/share/amr_sim_pkg/hook/cmake_prefix_path.ps1'
[0.595s] INFO:colcon.colcon_core.shell:Creating environment descriptor '/home/theanh/Robot_Project/AMR_Robot/amr1_ws/install/amr_sim_pkg/share/amr_sim_pkg/hook/cmake_prefix_path.dsv'
[0.596s] INFO:colcon.colcon_core.shell:Creating environment hook '/home/theanh/Robot_Project/AMR_Robot/amr1_ws/install/amr_sim_pkg/share/amr_sim_pkg/hook/cmake_prefix_path.sh'
[0.597s] Level 1:colcon.colcon_core.environment:checking '/home/theanh/Robot_Project/AMR_Robot/amr1_ws/install/amr_sim_pkg/lib'
[0.597s] Level 1:colcon.colcon_core.environment:checking '/home/theanh/Robot_Project/AMR_Robot/amr1_ws/install/amr_sim_pkg/bin'
[0.598s] Level 1:colcon.colcon_core.environment:checking '/home/theanh/Robot_Project/AMR_Robot/amr1_ws/install/amr_sim_pkg/lib/pkgconfig/amr_sim_pkg.pc'
[0.598s] Level 1:colcon.colcon_core.environment:checking '/home/theanh/Robot_Project/AMR_Robot/amr1_ws/install/amr_sim_pkg/lib/python3.10/site-packages'
[0.599s] Level 1:colcon.colcon_core.environment:checking '/home/theanh/Robot_Project/AMR_Robot/amr1_ws/install/amr_sim_pkg/bin'
[0.599s] INFO:colcon.colcon_core.shell:Creating package script '/home/theanh/Robot_Project/AMR_Robot/amr1_ws/install/amr_sim_pkg/share/amr_sim_pkg/package.ps1'
[0.602s] INFO:colcon.colcon_core.shell:Creating package descriptor '/home/theanh/Robot_Project/AMR_Robot/amr1_ws/install/amr_sim_pkg/share/amr_sim_pkg/package.dsv'
[0.602s] INFO:colcon.colcon_core.shell:Creating package script '/home/theanh/Robot_Project/AMR_Robot/amr1_ws/install/amr_sim_pkg/share/amr_sim_pkg/package.sh'
[0.604s] INFO:colcon.colcon_core.shell:Creating package script '/home/theanh/Robot_Project/AMR_Robot/amr1_ws/install/amr_sim_pkg/share/amr_sim_pkg/package.bash'
[0.605s] INFO:colcon.colcon_core.shell:Creating package script '/home/theanh/Robot_Project/AMR_Robot/amr1_ws/install/amr_sim_pkg/share/amr_sim_pkg/package.zsh'
[0.606s] Level 1:colcon.colcon_core.environment:create_file_with_runtime_dependencies(/home/theanh/Robot_Project/AMR_Robot/amr1_ws/install/amr_sim_pkg/share/colcon-core/packages/amr_sim_pkg)
[0.607s] Level 1:colcon.colcon_core.environment:create_environment_scripts_only(amr_sim_pkg)
[0.608s] Level 1:colcon.colcon_core.environment:checking '/home/theanh/Robot_Project/AMR_Robot/amr1_ws/install/amr_sim_pkg' for CMake module files
[0.609s] Level 1:colcon.colcon_core.environment:checking '/home/theanh/Robot_Project/AMR_Robot/amr1_ws/install/amr_sim_pkg' for CMake config files
[0.610s] Level 1:colcon.colcon_core.shell:create_environment_hook('amr_sim_pkg', 'cmake_prefix_path')
[0.611s] INFO:colcon.colcon_core.shell:Creating environment hook '/home/theanh/Robot_Project/AMR_Robot/amr1_ws/install/amr_sim_pkg/share/amr_sim_pkg/hook/cmake_prefix_path.ps1'
[0.612s] INFO:colcon.colcon_core.shell:Creating environment descriptor '/home/theanh/Robot_Project/AMR_Robot/amr1_ws/install/amr_sim_pkg/share/amr_sim_pkg/hook/cmake_prefix_path.dsv'
[0.612s] INFO:colcon.colcon_core.shell:Creating environment hook '/home/theanh/Robot_Project/AMR_Robot/amr1_ws/install/amr_sim_pkg/share/amr_sim_pkg/hook/cmake_prefix_path.sh'
[0.613s] Level 1:colcon.colcon_core.environment:checking '/home/theanh/Robot_Project/AMR_Robot/amr1_ws/install/amr_sim_pkg/lib'
[0.613s] Level 1:colcon.colcon_core.environment:checking '/home/theanh/Robot_Project/AMR_Robot/amr1_ws/install/amr_sim_pkg/bin'
[0.614s] Level 1:colcon.colcon_core.environment:checking '/home/theanh/Robot_Project/AMR_Robot/amr1_ws/install/amr_sim_pkg/lib/pkgconfig/amr_sim_pkg.pc'
[0.614s] Level 1:colcon.colcon_core.environment:checking '/home/theanh/Robot_Project/AMR_Robot/amr1_ws/install/amr_sim_pkg/lib/python3.10/site-packages'
[0.615s] Level 1:colcon.colcon_core.environment:checking '/home/theanh/Robot_Project/AMR_Robot/amr1_ws/install/amr_sim_pkg/bin'
[0.615s] INFO:colcon.colcon_core.shell:Creating package script '/home/theanh/Robot_Project/AMR_Robot/amr1_ws/install/amr_sim_pkg/share/amr_sim_pkg/package.ps1'
[0.616s] INFO:colcon.colcon_core.shell:Creating package descriptor '/home/theanh/Robot_Project/AMR_Robot/amr1_ws/install/amr_sim_pkg/share/amr_sim_pkg/package.dsv'
[0.617s] INFO:colcon.colcon_core.shell:Creating package script '/home/theanh/Robot_Project/AMR_Robot/amr1_ws/install/amr_sim_pkg/share/amr_sim_pkg/package.sh'
[0.617s] INFO:colcon.colcon_core.shell:Creating package script '/home/theanh/Robot_Project/AMR_Robot/amr1_ws/install/amr_sim_pkg/share/amr_sim_pkg/package.bash'
[0.618s] INFO:colcon.colcon_core.shell:Creating package script '/home/theanh/Robot_Project/AMR_Robot/amr1_ws/install/amr_sim_pkg/share/amr_sim_pkg/package.zsh'
[0.618s] Level 1:colcon.colcon_core.environment:create_file_with_runtime_dependencies(/home/theanh/Robot_Project/AMR_Robot/amr1_ws/install/amr_sim_pkg/share/colcon-core/packages/amr_sim_pkg)
[0.619s] DEBUG:colcon.colcon_core.event_handler.log_command:Invoked command in '/home/theanh/Robot_Project/AMR_Robot/amr1_ws/build/sllidar_ros2' returned '0': CMAKE_PREFIX_PATH=${CMAKE_PREFIX_PATH}:/opt/ros/humble /usr/bin/cmake --build /home/theanh/Robot_Project/AMR_Robot/amr1_ws/build/sllidar_ros2 -- -j15 -l15
[0.621s] DEBUG:colcon.colcon_core.event_handler.log_command:Invoking command in '/home/theanh/Robot_Project/AMR_Robot/amr1_ws/build/sllidar_ros2': CMAKE_PREFIX_PATH=${CMAKE_PREFIX_PATH}:/opt/ros/humble /usr/bin/cmake --install /home/theanh/Robot_Project/AMR_Robot/amr1_ws/build/sllidar_ros2
[0.659s] Level 1:colcon.colcon_core.environment:create_environment_scripts_only(sllidar_ros2)
[0.659s] Level 1:colcon.colcon_core.environment:checking '/home/theanh/Robot_Project/AMR_Robot/amr1_ws/install/sllidar_ros2' for CMake module files
[0.660s] DEBUG:colcon.colcon_core.event_handler.log_command:Invoked command in '/home/theanh/Robot_Project/AMR_Robot/amr1_ws/build/sllidar_ros2' returned '0': CMAKE_PREFIX_PATH=${CMAKE_PREFIX_PATH}:/opt/ros/humble /usr/bin/cmake --install /home/theanh/Robot_Project/AMR_Robot/amr1_ws/build/sllidar_ros2
[0.660s] Level 1:colcon.colcon_core.environment:checking '/home/theanh/Robot_Project/AMR_Robot/amr1_ws/install/sllidar_ros2' for CMake config files
[0.661s] Level 1:colcon.colcon_core.shell:create_environment_hook('sllidar_ros2', 'cmake_prefix_path')
[0.661s] INFO:colcon.colcon_core.shell:Creating environment hook '/home/theanh/Robot_Project/AMR_Robot/amr1_ws/install/sllidar_ros2/share/sllidar_ros2/hook/cmake_prefix_path.ps1'
[0.661s] INFO:colcon.colcon_core.shell:Creating environment descriptor '/home/theanh/Robot_Project/AMR_Robot/amr1_ws/install/sllidar_ros2/share/sllidar_ros2/hook/cmake_prefix_path.dsv'
[0.662s] INFO:colcon.colcon_core.shell:Creating environment hook '/home/theanh/Robot_Project/AMR_Robot/amr1_ws/install/sllidar_ros2/share/sllidar_ros2/hook/cmake_prefix_path.sh'
[0.662s] Level 1:colcon.colcon_core.environment:checking '/home/theanh/Robot_Project/AMR_Robot/amr1_ws/install/sllidar_ros2/lib'
[0.662s] Level 1:colcon.colcon_core.environment:checking '/home/theanh/Robot_Project/AMR_Robot/amr1_ws/install/sllidar_ros2/bin'
[0.662s] Level 1:colcon.colcon_core.environment:checking '/home/theanh/Robot_Project/AMR_Robot/amr1_ws/install/sllidar_ros2/lib/pkgconfig/sllidar_ros2.pc'
[0.663s] Level 1:colcon.colcon_core.environment:checking '/home/theanh/Robot_Project/AMR_Robot/amr1_ws/install/sllidar_ros2/lib/python3.10/site-packages'
[0.663s] Level 1:colcon.colcon_core.environment:checking '/home/theanh/Robot_Project/AMR_Robot/amr1_ws/install/sllidar_ros2/bin'
[0.663s] INFO:colcon.colcon_core.shell:Creating package script '/home/theanh/Robot_Project/AMR_Robot/amr1_ws/install/sllidar_ros2/share/sllidar_ros2/package.ps1'
[0.664s] INFO:colcon.colcon_core.shell:Creating package descriptor '/home/theanh/Robot_Project/AMR_Robot/amr1_ws/install/sllidar_ros2/share/sllidar_ros2/package.dsv'
[0.664s] INFO:colcon.colcon_core.shell:Creating package script '/home/theanh/Robot_Project/AMR_Robot/amr1_ws/install/sllidar_ros2/share/sllidar_ros2/package.sh'
[0.665s] INFO:colcon.colcon_core.shell:Creating package script '/home/theanh/Robot_Project/AMR_Robot/amr1_ws/install/sllidar_ros2/share/sllidar_ros2/package.bash'
[0.665s] INFO:colcon.colcon_core.shell:Creating package script '/home/theanh/Robot_Project/AMR_Robot/amr1_ws/install/sllidar_ros2/share/sllidar_ros2/package.zsh'
[0.665s] Level 1:colcon.colcon_core.environment:create_file_with_runtime_dependencies(/home/theanh/Robot_Project/AMR_Robot/amr1_ws/install/sllidar_ros2/share/colcon-core/packages/sllidar_ros2)
[0.666s] Level 1:colcon.colcon_core.environment:create_environment_scripts_only(sllidar_ros2)
[0.666s] Level 1:colcon.colcon_core.environment:checking '/home/theanh/Robot_Project/AMR_Robot/amr1_ws/install/sllidar_ros2' for CMake module files
[0.667s] Level 1:colcon.colcon_core.environment:checking '/home/theanh/Robot_Project/AMR_Robot/amr1_ws/install/sllidar_ros2' for CMake config files
[0.667s] Level 1:colcon.colcon_core.shell:create_environment_hook('sllidar_ros2', 'cmake_prefix_path')
[0.668s] INFO:colcon.colcon_core.shell:Creating environment hook '/home/theanh/Robot_Project/AMR_Robot/amr1_ws/install/sllidar_ros2/share/sllidar_ros2/hook/cmake_prefix_path.ps1'
[0.668s] INFO:colcon.colcon_core.shell:Creating environment descriptor '/home/theanh/Robot_Project/AMR_Robot/amr1_ws/install/sllidar_ros2/share/sllidar_ros2/hook/cmake_prefix_path.dsv'
[0.668s] INFO:colcon.colcon_core.shell:Creating environment hook '/home/theanh/Robot_Project/AMR_Robot/amr1_ws/install/sllidar_ros2/share/sllidar_ros2/hook/cmake_prefix_path.sh'
[0.669s] Level 1:colcon.colcon_core.environment:checking '/home/theanh/Robot_Project/AMR_Robot/amr1_ws/install/sllidar_ros2/lib'
[0.669s] Level 1:colcon.colcon_core.environment:checking '/home/theanh/Robot_Project/AMR_Robot/amr1_ws/install/sllidar_ros2/bin'
[0.669s] Level 1:colcon.colcon_core.environment:checking '/home/theanh/Robot_Project/AMR_Robot/amr1_ws/install/sllidar_ros2/lib/pkgconfig/sllidar_ros2.pc'
[0.669s] Level 1:colcon.colcon_core.environment:checking '/home/theanh/Robot_Project/AMR_Robot/amr1_ws/install/sllidar_ros2/lib/python3.10/site-packages'
[0.670s] Level 1:colcon.colcon_core.environment:checking '/home/theanh/Robot_Project/AMR_Robot/amr1_ws/install/sllidar_ros2/bin'
[0.670s] INFO:colcon.colcon_core.shell:Creating package script '/home/theanh/Robot_Project/AMR_Robot/amr1_ws/install/sllidar_ros2/share/sllidar_ros2/package.ps1'
[0.670s] INFO:colcon.colcon_core.shell:Creating package descriptor '/home/theanh/Robot_Project/AMR_Robot/amr1_ws/install/sllidar_ros2/share/sllidar_ros2/package.dsv'
[0.671s] INFO:colcon.colcon_core.shell:Creating package script '/home/theanh/Robot_Project/AMR_Robot/amr1_ws/install/sllidar_ros2/share/sllidar_ros2/package.sh'
[0.671s] INFO:colcon.colcon_core.shell:Creating package script '/home/theanh/Robot_Project/AMR_Robot/amr1_ws/install/sllidar_ros2/share/sllidar_ros2/package.bash'
[0.672s] INFO:colcon.colcon_core.shell:Creating package script '/home/theanh/Robot_Project/AMR_Robot/amr1_ws/install/sllidar_ros2/share/sllidar_ros2/package.zsh'
[0.672s] Level 1:colcon.colcon_core.environment:create_file_with_runtime_dependencies(/home/theanh/Robot_Project/AMR_Robot/amr1_ws/install/sllidar_ros2/share/colcon-core/packages/sllidar_ros2)
[0.674s] DEBUG:colcon.colcon_core.event_handler.log_command:Invoked command in '/home/theanh/Robot_Project/AMR_Robot/amr1_ws/build/laser_filters' returned '0': CMAKE_PREFIX_PATH=${CMAKE_PREFIX_PATH}:/opt/ros/humble /usr/bin/cmake --build /home/theanh/Robot_Project/AMR_Robot/amr1_ws/build/laser_filters -- -j15 -l15
[0.675s] DEBUG:colcon.colcon_core.event_handler.log_command:Invoking command in '/home/theanh/Robot_Project/AMR_Robot/amr1_ws/build/laser_filters': CMAKE_PREFIX_PATH=${CMAKE_PREFIX_PATH}:/opt/ros/humble /usr/bin/cmake --install /home/theanh/Robot_Project/AMR_Robot/amr1_ws/build/laser_filters
[0.721s] Level 1:colcon.colcon_core.environment:create_environment_scripts_only(laser_filters)
[0.721s] Level 1:colcon.colcon_core.environment:checking '/home/theanh/Robot_Project/AMR_Robot/amr1_ws/install/laser_filters' for CMake module files
[0.721s] DEBUG:colcon.colcon_core.event_handler.log_command:Invoked command in '/home/theanh/Robot_Project/AMR_Robot/amr1_ws/build/laser_filters' returned '0': CMAKE_PREFIX_PATH=${CMAKE_PREFIX_PATH}:/opt/ros/humble /usr/bin/cmake --install /home/theanh/Robot_Project/AMR_Robot/amr1_ws/build/laser_filters
[0.722s] Level 1:colcon.colcon_core.environment:checking '/home/theanh/Robot_Project/AMR_Robot/amr1_ws/install/laser_filters' for CMake config files
[0.723s] Level 1:colcon.colcon_core.shell:create_environment_hook('laser_filters', 'cmake_prefix_path')
[0.723s] INFO:colcon.colcon_core.shell:Creating environment hook '/home/theanh/Robot_Project/AMR_Robot/amr1_ws/install/laser_filters/share/laser_filters/hook/cmake_prefix_path.ps1'
[0.724s] INFO:colcon.colcon_core.shell:Creating environment descriptor '/home/theanh/Robot_Project/AMR_Robot/amr1_ws/install/laser_filters/share/laser_filters/hook/cmake_prefix_path.dsv'
[0.724s] INFO:colcon.colcon_core.shell:Creating environment hook '/home/theanh/Robot_Project/AMR_Robot/amr1_ws/install/laser_filters/share/laser_filters/hook/cmake_prefix_path.sh'
[0.725s] Level 1:colcon.colcon_core.environment:checking '/home/theanh/Robot_Project/AMR_Robot/amr1_ws/install/laser_filters/lib'
[0.725s] Level 1:colcon.colcon_core.shell:create_environment_hook('laser_filters', 'ld_library_path_lib')
[0.725s] INFO:colcon.colcon_core.shell:Creating environment hook '/home/theanh/Robot_Project/AMR_Robot/amr1_ws/install/laser_filters/share/laser_filters/hook/ld_library_path_lib.ps1'
[0.725s] INFO:colcon.colcon_core.shell:Creating environment descriptor '/home/theanh/Robot_Project/AMR_Robot/amr1_ws/install/laser_filters/share/laser_filters/hook/ld_library_path_lib.dsv'
[0.726s] INFO:colcon.colcon_core.shell:Creating environment hook '/home/theanh/Robot_Project/AMR_Robot/amr1_ws/install/laser_filters/share/laser_filters/hook/ld_library_path_lib.sh'
[0.726s] Level 1:colcon.colcon_core.environment:checking '/home/theanh/Robot_Project/AMR_Robot/amr1_ws/install/laser_filters/bin'
[0.726s] Level 1:colcon.colcon_core.environment:checking '/home/theanh/Robot_Project/AMR_Robot/amr1_ws/install/laser_filters/lib/pkgconfig/laser_filters.pc'
[0.727s] Level 1:colcon.colcon_core.environment:checking '/home/theanh/Robot_Project/AMR_Robot/amr1_ws/install/laser_filters/lib/python3.10/site-packages'
[0.727s] Level 1:colcon.colcon_core.environment:checking '/home/theanh/Robot_Project/AMR_Robot/amr1_ws/install/laser_filters/bin'
[0.727s] INFO:colcon.colcon_core.shell:Creating package script '/home/theanh/Robot_Project/AMR_Robot/amr1_ws/install/laser_filters/share/laser_filters/package.ps1'
[0.728s] INFO:colcon.colcon_core.shell:Creating package descriptor '/home/theanh/Robot_Project/AMR_Robot/amr1_ws/install/laser_filters/share/laser_filters/package.dsv'
[0.728s] INFO:colcon.colcon_core.shell:Creating package script '/home/theanh/Robot_Project/AMR_Robot/amr1_ws/install/laser_filters/share/laser_filters/package.sh'
[0.729s] INFO:colcon.colcon_core.shell:Creating package script '/home/theanh/Robot_Project/AMR_Robot/amr1_ws/install/laser_filters/share/laser_filters/package.bash'
[0.729s] INFO:colcon.colcon_core.shell:Creating package script '/home/theanh/Robot_Project/AMR_Robot/amr1_ws/install/laser_filters/share/laser_filters/package.zsh'
[0.730s] Level 1:colcon.colcon_core.environment:create_file_with_runtime_dependencies(/home/theanh/Robot_Project/AMR_Robot/amr1_ws/install/laser_filters/share/colcon-core/packages/laser_filters)
[0.730s] Level 1:colcon.colcon_core.environment:create_environment_scripts_only(laser_filters)
[0.731s] Level 1:colcon.colcon_core.environment:checking '/home/theanh/Robot_Project/AMR_Robot/amr1_ws/install/laser_filters' for CMake module files
[0.731s] Level 1:colcon.colcon_core.environment:checking '/home/theanh/Robot_Project/AMR_Robot/amr1_ws/install/laser_filters' for CMake config files
[0.732s] Level 1:colcon.colcon_core.shell:create_environment_hook('laser_filters', 'cmake_prefix_path')
[0.732s] INFO:colcon.colcon_core.shell:Creating environment hook '/home/theanh/Robot_Project/AMR_Robot/amr1_ws/install/laser_filters/share/laser_filters/hook/cmake_prefix_path.ps1'
[0.733s] INFO:colcon.colcon_core.shell:Creating environment descriptor '/home/theanh/Robot_Project/AMR_Robot/amr1_ws/install/laser_filters/share/laser_filters/hook/cmake_prefix_path.dsv'
[0.733s] INFO:colcon.colcon_core.shell:Creating environment hook '/home/theanh/Robot_Project/AMR_Robot/amr1_ws/install/laser_filters/share/laser_filters/hook/cmake_prefix_path.sh'
[0.734s] Level 1:colcon.colcon_core.environment:checking '/home/theanh/Robot_Project/AMR_Robot/amr1_ws/install/laser_filters/lib'
[0.734s] Level 1:colcon.colcon_core.shell:create_environment_hook('laser_filters', 'ld_library_path_lib')
[0.734s] INFO:colcon.colcon_core.shell:Creating environment hook '/home/theanh/Robot_Project/AMR_Robot/amr1_ws/install/laser_filters/share/laser_filters/hook/ld_library_path_lib.ps1'
[0.735s] INFO:colcon.colcon_core.shell:Creating environment descriptor '/home/theanh/Robot_Project/AMR_Robot/amr1_ws/install/laser_filters/share/laser_filters/hook/ld_library_path_lib.dsv'
[0.735s] INFO:colcon.colcon_core.shell:Creating environment hook '/home/theanh/Robot_Project/AMR_Robot/amr1_ws/install/laser_filters/share/laser_filters/hook/ld_library_path_lib.sh'
[0.735s] Level 1:colcon.colcon_core.environment:checking '/home/theanh/Robot_Project/AMR_Robot/amr1_ws/install/laser_filters/bin'
[0.735s] Level 1:colcon.colcon_core.environment:checking '/home/theanh/Robot_Project/AMR_Robot/amr1_ws/install/laser_filters/lib/pkgconfig/laser_filters.pc'
[0.736s] Level 1:colcon.colcon_core.environment:checking '/home/theanh/Robot_Project/AMR_Robot/amr1_ws/install/laser_filters/lib/python3.10/site-packages'
[0.736s] Level 1:colcon.colcon_core.environment:checking '/home/theanh/Robot_Project/AMR_Robot/amr1_ws/install/laser_filters/bin'
[0.736s] INFO:colcon.colcon_core.shell:Creating package script '/home/theanh/Robot_Project/AMR_Robot/amr1_ws/install/laser_filters/share/laser_filters/package.ps1'
[0.737s] INFO:colcon.colcon_core.shell:Creating package descriptor '/home/theanh/Robot_Project/AMR_Robot/amr1_ws/install/laser_filters/share/laser_filters/package.dsv'
[0.738s] INFO:colcon.colcon_core.shell:Creating package script '/home/theanh/Robot_Project/AMR_Robot/amr1_ws/install/laser_filters/share/laser_filters/package.sh'
[0.738s] INFO:colcon.colcon_core.shell:Creating package script '/home/theanh/Robot_Project/AMR_Robot/amr1_ws/install/laser_filters/share/laser_filters/package.bash'
[0.738s] INFO:colcon.colcon_core.shell:Creating package script '/home/theanh/Robot_Project/AMR_Robot/amr1_ws/install/laser_filters/share/laser_filters/package.zsh'
[0.739s] Level 1:colcon.colcon_core.environment:create_file_with_runtime_dependencies(/home/theanh/Robot_Project/AMR_Robot/amr1_ws/install/laser_filters/share/colcon-core/packages/laser_filters)
[1.619s] DEBUG:colcon.colcon_core.event_handler.log_command:Invoked command in '/home/theanh/Robot_Project/AMR_Robot/amr1_ws/build/amr_reality_pkg' returned '0': CMAKE_PREFIX_PATH=${CMAKE_PREFIX_PATH}:/opt/ros/humble /usr/bin/cmake --build /home/theanh/Robot_Project/AMR_Robot/amr1_ws/build/amr_reality_pkg -- -j15 -l15
[1.621s] DEBUG:colcon.colcon_core.event_handler.log_command:Invoking command in '/home/theanh/Robot_Project/AMR_Robot/amr1_ws/build/amr_reality_pkg': CMAKE_PREFIX_PATH=${CMAKE_PREFIX_PATH}:/opt/ros/humble /usr/bin/cmake --install /home/theanh/Robot_Project/AMR_Robot/amr1_ws/build/amr_reality_pkg
[1.727s] Level 1:colcon.colcon_core.environment:create_environment_scripts_only(amr_reality_pkg)
[1.727s] Level 1:colcon.colcon_core.environment:checking '/home/theanh/Robot_Project/AMR_Robot/amr1_ws/install/amr_reality_pkg' for CMake module files
[1.727s] DEBUG:colcon.colcon_core.event_handler.log_command:Invoked command in '/home/theanh/Robot_Project/AMR_Robot/amr1_ws/build/amr_reality_pkg' returned '0': CMAKE_PREFIX_PATH=${CMAKE_PREFIX_PATH}:/opt/ros/humble /usr/bin/cmake --install /home/theanh/Robot_Project/AMR_Robot/amr1_ws/build/amr_reality_pkg
[1.728s] Level 1:colcon.colcon_core.environment:checking '/home/theanh/Robot_Project/AMR_Robot/amr1_ws/install/amr_reality_pkg' for CMake config files
[1.728s] Level 1:colcon.colcon_core.shell:create_environment_hook('amr_reality_pkg', 'cmake_prefix_path')
[1.729s] INFO:colcon.colcon_core.shell:Creating environment hook '/home/theanh/Robot_Project/AMR_Robot/amr1_ws/install/amr_reality_pkg/share/amr_reality_pkg/hook/cmake_prefix_path.ps1'
[1.729s] INFO:colcon.colcon_core.shell:Creating environment descriptor '/home/theanh/Robot_Project/AMR_Robot/amr1_ws/install/amr_reality_pkg/share/amr_reality_pkg/hook/cmake_prefix_path.dsv'
[1.730s] INFO:colcon.colcon_core.shell:Creating environment hook '/home/theanh/Robot_Project/AMR_Robot/amr1_ws/install/amr_reality_pkg/share/amr_reality_pkg/hook/cmake_prefix_path.sh'
[1.730s] Level 1:colcon.colcon_core.environment:checking '/home/theanh/Robot_Project/AMR_Robot/amr1_ws/install/amr_reality_pkg/lib'
[1.730s] Level 1:colcon.colcon_core.environment:checking '/home/theanh/Robot_Project/AMR_Robot/amr1_ws/install/amr_reality_pkg/bin'
[1.730s] Level 1:colcon.colcon_core.environment:checking '/home/theanh/Robot_Project/AMR_Robot/amr1_ws/install/amr_reality_pkg/lib/pkgconfig/amr_reality_pkg.pc'
[1.730s] Level 1:colcon.colcon_core.environment:checking '/home/theanh/Robot_Project/AMR_Robot/amr1_ws/install/amr_reality_pkg/lib/python3.10/site-packages'
[1.731s] Level 1:colcon.colcon_core.environment:checking '/home/theanh/Robot_Project/AMR_Robot/amr1_ws/install/amr_reality_pkg/bin'
[1.731s] INFO:colcon.colcon_core.shell:Creating package script '/home/theanh/Robot_Project/AMR_Robot/amr1_ws/install/amr_reality_pkg/share/amr_reality_pkg/package.ps1'
[1.731s] INFO:colcon.colcon_core.shell:Creating package descriptor '/home/theanh/Robot_Project/AMR_Robot/amr1_ws/install/amr_reality_pkg/share/amr_reality_pkg/package.dsv'
[1.732s] INFO:colcon.colcon_core.shell:Creating package script '/home/theanh/Robot_Project/AMR_Robot/amr1_ws/install/amr_reality_pkg/share/amr_reality_pkg/package.sh'
[1.732s] INFO:colcon.colcon_core.shell:Creating package script '/home/theanh/Robot_Project/AMR_Robot/amr1_ws/install/amr_reality_pkg/share/amr_reality_pkg/package.bash'
[1.733s] INFO:colcon.colcon_core.shell:Creating package script '/home/theanh/Robot_Project/AMR_Robot/amr1_ws/install/amr_reality_pkg/share/amr_reality_pkg/package.zsh'
[1.733s] Level 1:colcon.colcon_core.environment:create_file_with_runtime_dependencies(/home/theanh/Robot_Project/AMR_Robot/amr1_ws/install/amr_reality_pkg/share/colcon-core/packages/amr_reality_pkg)
[1.733s] Level 1:colcon.colcon_core.environment:create_environment_scripts_only(amr_reality_pkg)
[1.734s] Level 1:colcon.colcon_core.environment:checking '/home/theanh/Robot_Project/AMR_Robot/amr1_ws/install/amr_reality_pkg' for CMake module files
[1.734s] Level 1:colcon.colcon_core.environment:checking '/home/theanh/Robot_Project/AMR_Robot/amr1_ws/install/amr_reality_pkg' for CMake config files
[1.735s] Level 1:colcon.colcon_core.shell:create_environment_hook('amr_reality_pkg', 'cmake_prefix_path')
[1.735s] INFO:colcon.colcon_core.shell:Creating environment hook '/home/theanh/Robot_Project/AMR_Robot/amr1_ws/install/amr_reality_pkg/share/amr_reality_pkg/hook/cmake_prefix_path.ps1'
[1.736s] INFO:colcon.colcon_core.shell:Creating environment descriptor '/home/theanh/Robot_Project/AMR_Robot/amr1_ws/install/amr_reality_pkg/share/amr_reality_pkg/hook/cmake_prefix_path.dsv'
[1.736s] INFO:colcon.colcon_core.shell:Creating environment hook '/home/theanh/Robot_Project/AMR_Robot/amr1_ws/install/amr_reality_pkg/share/amr_reality_pkg/hook/cmake_prefix_path.sh'
[1.737s] Level 1:colcon.colcon_core.environment:checking '/home/theanh/Robot_Project/AMR_Robot/amr1_ws/install/amr_reality_pkg/lib'
[1.737s] Level 1:colcon.colcon_core.environment:checking '/home/theanh/Robot_Project/AMR_Robot/amr1_ws/install/amr_reality_pkg/bin'
[1.737s] Level 1:colcon.colcon_core.environment:checking '/home/theanh/Robot_Project/AMR_Robot/amr1_ws/install/amr_reality_pkg/lib/pkgconfig/amr_reality_pkg.pc'
[1.737s] Level 1:colcon.colcon_core.environment:checking '/home/theanh/Robot_Project/AMR_Robot/amr1_ws/install/amr_reality_pkg/lib/python3.10/site-packages'
[1.737s] Level 1:colcon.colcon_core.environment:checking '/home/theanh/Robot_Project/AMR_Robot/amr1_ws/install/amr_reality_pkg/bin'
[1.737s] INFO:colcon.colcon_core.shell:Creating package script '/home/theanh/Robot_Project/AMR_Robot/amr1_ws/install/amr_reality_pkg/share/amr_reality_pkg/package.ps1'
[1.738s] INFO:colcon.colcon_core.shell:Creating package descriptor '/home/theanh/Robot_Project/AMR_Robot/amr1_ws/install/amr_reality_pkg/share/amr_reality_pkg/package.dsv'
[1.738s] INFO:colcon.colcon_core.shell:Creating package script '/home/theanh/Robot_Project/AMR_Robot/amr1_ws/install/amr_reality_pkg/share/amr_reality_pkg/package.sh'
[1.739s] INFO:colcon.colcon_core.shell:Creating package script '/home/theanh/Robot_Project/AMR_Robot/amr1_ws/install/amr_reality_pkg/share/amr_reality_pkg/package.bash'
[1.739s] INFO:colcon.colcon_core.shell:Creating package script '/home/theanh/Robot_Project/AMR_Robot/amr1_ws/install/amr_reality_pkg/share/amr_reality_pkg/package.zsh'
[1.739s] Level 1:colcon.colcon_core.environment:create_file_with_runtime_dependencies(/home/theanh/Robot_Project/AMR_Robot/amr1_ws/install/amr_reality_pkg/share/colcon-core/packages/amr_reality_pkg)
[1.740s] DEBUG:colcon.colcon_parallel_executor.executor.parallel:closing loop
[1.740s] DEBUG:colcon.colcon_parallel_executor.executor.parallel:loop closed
[1.740s] DEBUG:colcon.colcon_parallel_executor.executor.parallel:run_until_complete finished with '0'
[1.740s] DEBUG:colcon.colcon_core.event_reactor:joining thread
[1.763s] INFO:colcon.colcon_core.plugin_system:Skipping extension 'colcon_notification.desktop_notification.terminal_notifier': Not used on non-Darwin systems
[1.763s] INFO:colcon.colcon_core.plugin_system:Skipping extension 'colcon_notification.desktop_notification.win32': Not used on non-Windows systems
[1.764s] INFO:colcon.colcon_notification.desktop_notification:Sending desktop notification using 'notify2'
[1.776s] DEBUG:colcon.colcon_core.event_reactor:joined thread
[1.776s] INFO:colcon.colcon_core.shell:Creating prefix script '/home/theanh/Robot_Project/AMR_Robot/amr1_ws/install/local_setup.ps1'
[1.777s] INFO:colcon.colcon_core.shell:Creating prefix util module '/home/theanh/Robot_Project/AMR_Robot/amr1_ws/install/_local_setup_util_ps1.py'
[1.778s] INFO:colcon.colcon_core.shell:Creating prefix chain script '/home/theanh/Robot_Project/AMR_Robot/amr1_ws/install/setup.ps1'
[1.780s] INFO:colcon.colcon_core.shell:Creating prefix script '/home/theanh/Robot_Project/AMR_Robot/amr1_ws/install/local_setup.sh'
[1.780s] INFO:colcon.colcon_core.shell:Creating prefix util module '/home/theanh/Robot_Project/AMR_Robot/amr1_ws/install/_local_setup_util_sh.py'
[1.781s] INFO:colcon.colcon_core.shell:Creating prefix chain script '/home/theanh/Robot_Project/AMR_Robot/amr1_ws/install/setup.sh'
[1.783s] INFO:colcon.colcon_core.shell:Creating prefix script '/home/theanh/Robot_Project/AMR_Robot/amr1_ws/install/local_setup.bash'
[1.784s] INFO:colcon.colcon_core.shell:Creating prefix chain script '/home/theanh/Robot_Project/AMR_Robot/amr1_ws/install/setup.bash'
[1.785s] INFO:colcon.colcon_core.shell:Creating prefix script '/home/theanh/Robot_Project/AMR_Robot/amr1_ws/install/local_setup.zsh'
[1.786s] INFO:colcon.colcon_core.shell:Creating prefix chain script '/home/theanh/Robot_Project/AMR_Robot/amr1_ws/install/setup.zsh'
