[0.034s] Invoking command in '/home/orangepi/Robot_Project/AMR_Robot/amr_robot/build/amr_reality_pkg': CMAKE_PREFIX_PATH=${CMAKE_PREFIX_PATH}:/opt/ros/humble /usr/bin/cmake /home/orangepi/Robot_Project/AMR_Robot/amr_robot/src/amr_reality_pkg -DCMAKE_INSTALL_PREFIX=/home/orangepi/Robot_Project/AMR_Robot/amr_robot/install/amr_reality_pkg
[0.059s] -- Found ament_cmake: 1.3.14 (/opt/ros/humble/share/ament_cmake/cmake)
[0.260s] -- Override CMake install command with custom implementation using symlinks instead of copying resources
[0.271s] -- Found rclcpp: 16.0.19 (/opt/ros/humble/share/rclcpp/cmake)
[0.311s] -- Found rosidl_generator_c: 3.1.9 (/opt/ros/humble/share/rosidl_generator_c/cmake)
[0.315s] -- Found rosidl_adapter: 3.1.9 (/opt/ros/humble/share/rosidl_adapter/cmake)
[0.324s] -- Found rosidl_generator_cpp: 3.1.9 (/opt/ros/humble/share/rosidl_generator_cpp/cmake)
[0.338s] -- Using all available rosidl_typesupport_c: rosidl_typesupport_fastrtps_c;rosidl_typesupport_introspection_c
[0.357s] -- Using all available rosidl_typesupport_cpp: rosidl_typesupport_fastrtps_cpp;rosidl_typesupport_introspection_cpp
[0.428s] -- Found rmw_implementation_cmake: 6.1.3 (/opt/ros/humble/share/rmw_implementation_cmake/cmake)
[0.432s] -- Found rmw_fastrtps_cpp: 6.2.10 (/opt/ros/humble/share/rmw_fastrtps_cpp/cmake)
[0.624s] -- Using RMW implementation 'rmw_fastrtps_cpp' as default
[0.707s] -- Found canopen_core: 0.2.13 (/opt/ros/humble/share/canopen_core/cmake)
[0.800s] -- Found canopen_base_driver: 0.2.13 (/opt/ros/humble/share/canopen_base_driver/cmake)
[0.852s] -- Found canopen_proxy_driver: 0.2.13 (/opt/ros/humble/share/canopen_proxy_driver/cmake)
[0.864s] -- Found robot_state_publisher: 3.0.3 (/opt/ros/humble/share/robot_state_publisher/cmake)
[0.890s] -- Found eigen3_cmake_module: 0.1.1 (/opt/ros/humble/share/eigen3_cmake_module/cmake)
[0.892s] -- Ensuring Eigen3 include directory is part of orocos-kdl CMake target
[1.052s] -- Found xacro: 2.1.1 (/opt/ros/humble/share/xacro/cmake)
[1.053s] -- Found nav_msgs: 4.9.2 (/opt/ros/humble/share/nav_msgs/cmake)
[1.084s] -- Found tf2_geometry_msgs: 0.25.22 (/opt/ros/humble/share/tf2_geometry_msgs/cmake)
[1.108s] -- Found ament_lint_auto: 0.12.15 (/opt/ros/humble/share/ament_lint_auto/cmake)
[1.256s] -- Added test 'cppcheck' to perform static code analysis on C / C++ code
[1.256s] -- Configured cppcheck include dirs: /home/orangepi/Robot_Project/AMR_Robot/amr_robot/src/amr_reality_pkg/src/include
[1.257s] -- Configured cppcheck exclude dirs and/or files: 
[1.257s] -- Added test 'flake8' to check Python code syntax and style conventions
[1.258s] -- Added test 'lint_cmake' to check CMake code style
[1.259s] -- Added test 'pep257' to check Python code against some of the docstring style conventions in PEP 257
[1.262s] -- Added test 'uncrustify' to check C / C++ code style
[1.263s] -- Configured uncrustify additional arguments: 
[1.265s] -- Added test 'xmllint' to check XML markup files
[1.265s] -- Configuring done
[1.297s] -- Generating done
[1.308s] -- Build files have been written to: /home/orangepi/Robot_Project/AMR_Robot/amr_robot/build/amr_reality_pkg
[1.339s] Invoked command in '/home/orangepi/Robot_Project/AMR_Robot/amr_robot/build/amr_reality_pkg' returned '0': CMAKE_PREFIX_PATH=${CMAKE_PREFIX_PATH}:/opt/ros/humble /usr/bin/cmake /home/orangepi/Robot_Project/AMR_Robot/amr_robot/src/amr_reality_pkg -DCMAKE_INSTALL_PREFIX=/home/orangepi/Robot_Project/AMR_Robot/amr_robot/install/amr_reality_pkg
[1.344s] Invoking command in '/home/orangepi/Robot_Project/AMR_Robot/amr_robot/build/amr_reality_pkg': CMAKE_PREFIX_PATH=${CMAKE_PREFIX_PATH}:/opt/ros/humble /usr/bin/cmake --build /home/orangepi/Robot_Project/AMR_Robot/amr_robot/build/amr_reality_pkg -- -j8 -l8
[1.493s] [35m[1mConsolidate compiler generated dependencies of target lidar_loc[0m
[1.494s] [  0%] Built target robot_control_prepare
[1.583s] [100%] Built target lidar_loc
[2.583s] joint1: writing 4 bytes to 0x1400/1: 02 02 00 80
[2.584s] joint1: writing 1 bytes to 0x1400/2: 01
[2.584s] joint1: writing 1 bytes to 0x1600/0: 00
[2.585s] joint1: writing 4 bytes to 0x1600/1: 10 00 40 60
[2.585s] joint1: writing 4 bytes to 0x1600/2: 08 00 60 60
[2.585s] joint1: writing 1 bytes to 0x1600/0: 02
[2.586s] joint1: writing 4 bytes to 0x1400/1: 02 02 00 00
[2.586s] joint1: writing 4 bytes to 0x1401/1: 02 03 00 80
[2.587s] joint1: writing 1 bytes to 0x1401/2: 01
[2.587s] joint1: writing 1 bytes to 0x1601/0: 00
[2.587s] joint1: writing 4 bytes to 0x1601/1: 20 00 7A 60
[2.588s] joint1: writing 4 bytes to 0x1601/2: 20 00 FF 60
[2.588s] joint1: writing 1 bytes to 0x1601/0: 02
[2.589s] joint1: writing 4 bytes to 0x1401/1: 02 03 00 00
[2.589s] joint1: writing 4 bytes to 0x1800/1: 82 01 00 80
[2.589s] joint1: writing 1 bytes to 0x1800/2: 01
[2.590s] joint1: writing 1 bytes to 0x1A00/0: 00
[2.590s] joint1: writing 4 bytes to 0x1A00/1: 10 00 41 60
[2.591s] joint1: writing 4 bytes to 0x1A00/2: 08 00 61 60
[2.591s] joint1: writing 1 bytes to 0x1A00/0: 02
[2.591s] joint1: writing 4 bytes to 0x1800/1: 82 01 00 00
[2.592s] joint1: writing 4 bytes to 0x1801/1: 82 02 00 80
[2.592s] joint1: writing 1 bytes to 0x1801/2: 01
[2.593s] joint1: writing 1 bytes to 0x1A01/0: 00
[2.593s] joint1: writing 4 bytes to 0x1A01/1: 20 00 64 60
[2.593s] joint1: writing 4 bytes to 0x1A01/2: 20 00 6C 60
[2.594s] joint1: writing 1 bytes to 0x1A01/0: 02
[2.594s] joint1: writing 4 bytes to 0x1801/1: 82 02 00 00
[2.595s] joint1: writing 4 bytes to 0x1802/1: 82 03 00 80
[2.595s] joint1: writing 1 bytes to 0x1802/2: 01
[2.596s] joint1: writing 1 bytes to 0x1A02/0: 00
[2.597s] joint1: writing 4 bytes to 0x1A02/1: 10 00 3F 60
[2.599s] joint1: writing 1 bytes to 0x1A02/0: 01
[2.600s] joint1: writing 4 bytes to 0x1802/1: 82 03 00 00
[2.600s] joint1: writing 2 bytes to 0x6040/0: 80 00
[2.600s] joint1: writing 4 bytes to 0x6083/0: A0 86 01 00
[2.601s] joint1: writing 4 bytes to 0x6084/0: A0 86 01 00
[2.601s] joint2: writing 4 bytes to 0x1400/1: 03 02 00 80
[2.601s] joint2: writing 1 bytes to 0x1400/2: 01
[2.601s] joint2: writing 1 bytes to 0x1600/0: 00
[2.601s] joint2: writing 4 bytes to 0x1600/1: 10 00 40 60
[2.601s] joint2: writing 4 bytes to 0x1600/2: 08 00 60 60
[2.601s] joint2: writing 1 bytes to 0x1600/0: 02
[2.601s] joint2: writing 4 bytes to 0x1400/1: 03 02 00 00
[2.601s] joint2: writing 4 bytes to 0x1401/1: 03 03 00 80
[2.601s] joint2: writing 1 bytes to 0x1401/2: 01
[2.601s] joint2: writing 1 bytes to 0x1601/0: 00
[2.601s] joint2: writing 4 bytes to 0x1601/1: 20 00 7A 60
[2.602s] joint2: writing 4 bytes to 0x1601/2: 20 00 FF 60
[2.602s] joint2: writing 1 bytes to 0x1601/0: 02
[2.602s] joint2: writing 4 bytes to 0x1401/1: 03 03 00 00
[2.602s] joint2: writing 4 bytes to 0x1800/1: 83 01 00 80
[2.602s] joint2: writing 1 bytes to 0x1800/2: 01
[2.602s] joint2: writing 1 bytes to 0x1A00/0: 00
[2.602s] joint2: writing 4 bytes to 0x1A00/1: 10 00 41 60
[2.602s] joint2: writing 4 bytes to 0x1A00/2: 08 00 61 60
[2.602s] joint2: writing 1 bytes to 0x1A00/0: 02
[2.602s] joint2: writing 4 bytes to 0x1800/1: 83 01 00 00
[2.603s] joint2: writing 4 bytes to 0x1801/1: 83 02 00 80
[2.603s] joint2: writing 1 bytes to 0x1801/2: 01
[2.603s] joint2: writing 1 bytes to 0x1A01/0: 00
[2.603s] joint2: writing 4 bytes to 0x1A01/1: 20 00 64 60
[2.603s] joint2: writing 4 bytes to 0x1A01/2: 20 00 6C 60
[2.603s] joint2: writing 1 bytes to 0x1A01/0: 02
[2.603s] joint2: writing 4 bytes to 0x1801/1: 83 02 00 00
[2.603s] joint2: writing 4 bytes to 0x1802/1: 83 03 00 80
[2.603s] joint2: writing 1 bytes to 0x1802/2: 01
[2.604s] joint2: writing 1 bytes to 0x1A02/0: 00
[2.604s] joint2: writing 4 bytes to 0x1A02/1: 10 00 3F 60
[2.604s] joint2: writing 1 bytes to 0x1A02/0: 01
[2.604s] joint2: writing 4 bytes to 0x1802/1: 83 03 00 00
[2.604s] joint2: writing 2 bytes to 0x6040/0: 80 00
[2.604s] joint2: writing 4 bytes to 0x6083/0: A0 86 01 00
[2.604s] joint2: writing 4 bytes to 0x6084/0: A0 86 01 00
[2.937s] [100%] Built target robot_control
[2.986s] Invoked command in '/home/orangepi/Robot_Project/AMR_Robot/amr_robot/build/amr_reality_pkg' returned '0': CMAKE_PREFIX_PATH=${CMAKE_PREFIX_PATH}:/opt/ros/humble /usr/bin/cmake --build /home/orangepi/Robot_Project/AMR_Robot/amr_robot/build/amr_reality_pkg -- -j8 -l8
[2.991s] Invoking command in '/home/orangepi/Robot_Project/AMR_Robot/amr_robot/build/amr_reality_pkg': CMAKE_PREFIX_PATH=${CMAKE_PREFIX_PATH}:/opt/ros/humble /usr/bin/cmake --install /home/orangepi/Robot_Project/AMR_Robot/amr_robot/build/amr_reality_pkg
[3.016s] -- Install configuration: ""
[3.017s] -- Execute custom install script
[3.019s] -- Symlinking: /home/orangepi/Robot_Project/AMR_Robot/amr_robot/install/amr_reality_pkg/share/amr_reality_pkg/config/robot_control//cia402_slave.eds
[3.050s] -- Symlinking: /home/orangepi/Robot_Project/AMR_Robot/amr_robot/install/amr_reality_pkg/share/amr_reality_pkg/config/robot_control//ros2_controllers.yaml
[3.081s] -- Symlinking: /home/orangepi/Robot_Project/AMR_Robot/amr_robot/install/amr_reality_pkg/share/amr_reality_pkg/config/robot_control//bus.yml
[3.111s] -- Symlinking: /home/orangepi/Robot_Project/AMR_Robot/amr_robot/install/amr_reality_pkg/share/amr_reality_pkg/config/robot_control//joint1.bin
[3.140s] -- Symlinking: /home/orangepi/Robot_Project/AMR_Robot/amr_robot/install/amr_reality_pkg/share/amr_reality_pkg/config/robot_control//joint2.bin
[3.171s] -- Symlinking: /home/orangepi/Robot_Project/AMR_Robot/amr_robot/install/amr_reality_pkg/share/amr_reality_pkg/config/robot_control//master.dcf
[3.201s] -- Symlinking: /home/orangepi/Robot_Project/AMR_Robot/amr_robot/install/amr_reality_pkg/share/amr_reality_pkg/config/robot_control//preprocessed_bus.yml
[3.230s] -- Up-to-date symlink: /home/orangepi/Robot_Project/AMR_Robot/amr_robot/install/amr_reality_pkg/share/amr_reality_pkg/launch/amr_reality.launch.py
[3.230s] -- Up-to-date symlink: /home/orangepi/Robot_Project/AMR_Robot/amr_robot/install/amr_reality_pkg/share/amr_reality_pkg/launch/localization_launch.py
[3.230s] -- Up-to-date symlink: /home/orangepi/Robot_Project/AMR_Robot/amr_robot/install/amr_reality_pkg/share/amr_reality_pkg/launch/navigation_launch.py
[3.231s] -- Up-to-date symlink: /home/orangepi/Robot_Project/AMR_Robot/amr_robot/install/amr_reality_pkg/share/amr_reality_pkg/launch/online_async_launch.py
[3.232s] -- Up-to-date symlink: /home/orangepi/Robot_Project/AMR_Robot/amr_robot/install/amr_reality_pkg/share/amr_reality_pkg/launch/slamtoolbox_localization.py
[3.234s] -- Up-to-date symlink: /home/orangepi/Robot_Project/AMR_Robot/amr_robot/install/amr_reality_pkg/share/amr_reality_pkg/descriptions/meshes/Imu_Link.STL
[3.234s] -- Up-to-date symlink: /home/orangepi/Robot_Project/AMR_Robot/amr_robot/install/amr_reality_pkg/share/amr_reality_pkg/descriptions/meshes/Left_Link.STL
[3.235s] -- Up-to-date symlink: /home/orangepi/Robot_Project/AMR_Robot/amr_robot/install/amr_reality_pkg/share/amr_reality_pkg/descriptions/meshes/Lidar_Link.STL
[3.235s] -- Up-to-date symlink: /home/orangepi/Robot_Project/AMR_Robot/amr_robot/install/amr_reality_pkg/share/amr_reality_pkg/descriptions/meshes/Right_Link.STL
[3.236s] -- Up-to-date symlink: /home/orangepi/Robot_Project/AMR_Robot/amr_robot/install/amr_reality_pkg/share/amr_reality_pkg/descriptions/meshes/Yaw_Behind_Left_Link.STL
[3.237s] -- Up-to-date symlink: /home/orangepi/Robot_Project/AMR_Robot/amr_robot/install/amr_reality_pkg/share/amr_reality_pkg/descriptions/meshes/Yaw_Behind_Right_Link.STL
[3.237s] -- Up-to-date symlink: /home/orangepi/Robot_Project/AMR_Robot/amr_robot/install/amr_reality_pkg/share/amr_reality_pkg/descriptions/meshes/Yaw_Front_Left_Link.STL
[3.238s] -- Up-to-date symlink: /home/orangepi/Robot_Project/AMR_Robot/amr_robot/install/amr_reality_pkg/share/amr_reality_pkg/descriptions/meshes/Yaw_Front_Right_Link.STL
[3.238s] -- Up-to-date symlink: /home/orangepi/Robot_Project/AMR_Robot/amr_robot/install/amr_reality_pkg/share/amr_reality_pkg/descriptions/meshes/base_link.STL
[3.239s] -- Up-to-date symlink: /home/orangepi/Robot_Project/AMR_Robot/amr_robot/install/amr_reality_pkg/share/amr_reality_pkg/descriptions/urdf/AMR1-00-Khung (1).SLDASM.urdf
[3.239s] -- Up-to-date symlink: /home/orangepi/Robot_Project/AMR_Robot/amr_robot/install/amr_reality_pkg/share/amr_reality_pkg/descriptions/urdf/robot.urdf.xacro
[3.240s] -- Up-to-date symlink: /home/orangepi/Robot_Project/AMR_Robot/amr_robot/install/amr_reality_pkg/share/amr_reality_pkg/descriptions/urdf/robot_controller/robot_controller.ros2_control.xacro
[3.241s] -- Up-to-date symlink: /home/orangepi/Robot_Project/AMR_Robot/amr_robot/install/amr_reality_pkg/share/amr_reality_pkg/descriptions/urdf/robot_controller/robot_controller.urdf.xacro
[3.242s] -- Up-to-date symlink: /home/orangepi/Robot_Project/AMR_Robot/amr_robot/install/amr_reality_pkg/share/amr_reality_pkg/config/ekf.yaml
[3.242s] -- Up-to-date symlink: /home/orangepi/Robot_Project/AMR_Robot/amr_robot/install/amr_reality_pkg/share/amr_reality_pkg/config/twist_mux.yaml
[3.243s] -- Up-to-date symlink: /home/orangepi/Robot_Project/AMR_Robot/amr_robot/install/amr_reality_pkg/share/amr_reality_pkg/config/laser_filter.yaml
[3.243s] -- Up-to-date symlink: /home/orangepi/Robot_Project/AMR_Robot/amr_robot/install/amr_reality_pkg/share/amr_reality_pkg/config/nav2_params.yaml
[3.244s] -- Up-to-date symlink: /home/orangepi/Robot_Project/AMR_Robot/amr_robot/install/amr_reality_pkg/share/amr_reality_pkg/config/mapper_params_online_async.yaml
[3.245s] -- Up-to-date symlink: /home/orangepi/Robot_Project/AMR_Robot/amr_robot/install/amr_reality_pkg/lib/amr_reality_pkg/ps4_teleop_node.py
[3.245s] -- Up-to-date symlink: /home/orangepi/Robot_Project/AMR_Robot/amr_robot/install/amr_reality_pkg/lib/amr_reality_pkg/imu_tl740D.py
[3.246s] -- Up-to-date symlink: /home/orangepi/Robot_Project/AMR_Robot/amr_robot/install/amr_reality_pkg/lib/amr_reality_pkg/cov_odom_scan.py
[3.247s] -- Up-to-date symlink: /home/orangepi/Robot_Project/AMR_Robot/amr_robot/install/amr_reality_pkg/lib/amr_reality_pkg/lidar_loc
[3.248s] -- Up-to-date symlink: /home/orangepi/Robot_Project/AMR_Robot/amr_robot/install/amr_reality_pkg/share/ament_index/resource_index/package_run_dependencies/amr_reality_pkg
[3.249s] -- Up-to-date symlink: /home/orangepi/Robot_Project/AMR_Robot/amr_robot/install/amr_reality_pkg/share/ament_index/resource_index/parent_prefix_path/amr_reality_pkg
[3.250s] -- Up-to-date symlink: /home/orangepi/Robot_Project/AMR_Robot/amr_robot/install/amr_reality_pkg/share/amr_reality_pkg/environment/ament_prefix_path.sh
[3.250s] -- Up-to-date symlink: /home/orangepi/Robot_Project/AMR_Robot/amr_robot/install/amr_reality_pkg/share/amr_reality_pkg/environment/ament_prefix_path.dsv
[3.251s] -- Up-to-date symlink: /home/orangepi/Robot_Project/AMR_Robot/amr_robot/install/amr_reality_pkg/share/amr_reality_pkg/environment/path.sh
[3.252s] -- Up-to-date symlink: /home/orangepi/Robot_Project/AMR_Robot/amr_robot/install/amr_reality_pkg/share/amr_reality_pkg/environment/path.dsv
[3.253s] -- Up-to-date symlink: /home/orangepi/Robot_Project/AMR_Robot/amr_robot/install/amr_reality_pkg/share/amr_reality_pkg/local_setup.bash
[3.253s] -- Up-to-date symlink: /home/orangepi/Robot_Project/AMR_Robot/amr_robot/install/amr_reality_pkg/share/amr_reality_pkg/local_setup.sh
[3.254s] -- Up-to-date symlink: /home/orangepi/Robot_Project/AMR_Robot/amr_robot/install/amr_reality_pkg/share/amr_reality_pkg/local_setup.zsh
[3.255s] -- Up-to-date symlink: /home/orangepi/Robot_Project/AMR_Robot/amr_robot/install/amr_reality_pkg/share/amr_reality_pkg/local_setup.dsv
[3.255s] -- Symlinking: /home/orangepi/Robot_Project/AMR_Robot/amr_robot/install/amr_reality_pkg/share/amr_reality_pkg/package.dsv
[3.284s] -- Up-to-date symlink: /home/orangepi/Robot_Project/AMR_Robot/amr_robot/install/amr_reality_pkg/share/ament_index/resource_index/packages/amr_reality_pkg
[3.284s] -- Up-to-date symlink: /home/orangepi/Robot_Project/AMR_Robot/amr_robot/install/amr_reality_pkg/share/amr_reality_pkg/cmake/amr_reality_pkgConfig.cmake
[3.285s] -- Up-to-date symlink: /home/orangepi/Robot_Project/AMR_Robot/amr_robot/install/amr_reality_pkg/share/amr_reality_pkg/cmake/amr_reality_pkgConfig-version.cmake
[3.286s] -- Up-to-date symlink: /home/orangepi/Robot_Project/AMR_Robot/amr_robot/install/amr_reality_pkg/share/amr_reality_pkg/package.xml
[3.293s] Invoked command in '/home/orangepi/Robot_Project/AMR_Robot/amr_robot/build/amr_reality_pkg' returned '0': CMAKE_PREFIX_PATH=${CMAKE_PREFIX_PATH}:/opt/ros/humble /usr/bin/cmake --install /home/orangepi/Robot_Project/AMR_Robot/amr_robot/build/amr_reality_pkg
