[0.056s] Invoking command in '/home/theanh/Robot_Project/AMR_Robot/amr1_ws/build/laser_filters': CMAKE_PREFIX_PATH=${CMAKE_PREFIX_PATH}:/opt/ros/humble /usr/bin/cmake --build /home/theanh/Robot_Project/AMR_Robot/amr1_ws/build/laser_filters -- -j15 -l15
[0.956s] [ 17%] Built target gtest_main
[0.956s] [ 17%] Built target gtest
[0.966s] [ 34%] Built target scan_to_cloud_filter_chain
[0.966s] [ 34%] Built target scan_to_scan_filter_chain
[1.069s] [ 43%] Built target laser_scan_filters
[1.189s] [ 52%] Built target test_scan_filter_chain
[1.208s] [ 60%] Built target test_shadow_detector
[1.212s] [ 69%] Built target test_scan_shadows_filter
[1.279s] [ 78%] Built target test_speckle_filter
[1.280s] [ 91%] Built target laser_filter_chains
[1.362s] [100%] Built target generic_laser_filter_node
[1.378s] Invoked command in '/home/theanh/Robot_Project/AMR_Robot/amr1_ws/build/laser_filters' returned '0': CMAKE_PREFIX_PATH=${CMAKE_PREFIX_PATH}:/opt/ros/humble /usr/bin/cmake --build /home/theanh/Robot_Project/AMR_Robot/amr1_ws/build/laser_filters -- -j15 -l15
[1.420s] Invoking command in '/home/theanh/Robot_Project/AMR_Robot/amr1_ws/build/laser_filters': CMAKE_PREFIX_PATH=${CMAKE_PREFIX_PATH}:/opt/ros/humble /usr/bin/cmake --install /home/theanh/Robot_Project/AMR_Robot/amr1_ws/build/laser_filters
[1.430s] -- Install configuration: ""
[1.430s] -- Execute custom install script
[1.478s] -- Up-to-date symlink: /home/theanh/Robot_Project/AMR_Robot/amr1_ws/install/laser_filters/lib/laser_filters/scan_to_cloud_filter_chain
[1.479s] -- Up-to-date symlink: /home/theanh/Robot_Project/AMR_Robot/amr1_ws/install/laser_filters/lib/laser_filters/scan_to_scan_filter_chain
[1.544s] -- Up-to-date symlink: /home/theanh/Robot_Project/AMR_Robot/amr1_ws/install/laser_filters/share/laser_filters//laser_filters_plugins.xml
[1.573s] -- Up-to-date symlink: /home/theanh/Robot_Project/AMR_Robot/amr1_ws/install/laser_filters/include/laser_filters/angular_bounds_filter.h
[1.614s] -- Up-to-date symlink: /home/theanh/Robot_Project/AMR_Robot/amr1_ws/install/laser_filters/include/laser_filters/angular_bounds_filter_in_place.h
[1.615s] -- Up-to-date symlink: /home/theanh/Robot_Project/AMR_Robot/amr1_ws/install/laser_filters/include/laser_filters/array_filter.h
[1.615s] -- Up-to-date symlink: /home/theanh/Robot_Project/AMR_Robot/amr1_ws/install/laser_filters/include/laser_filters/binning_filter.h
[1.637s] -- Up-to-date symlink: /home/theanh/Robot_Project/AMR_Robot/amr1_ws/install/laser_filters/include/laser_filters/box_filter.h
[1.660s] -- Up-to-date symlink: /home/theanh/Robot_Project/AMR_Robot/amr1_ws/install/laser_filters/include/laser_filters/footprint_filter.h
[1.660s] -- Up-to-date symlink: /home/theanh/Robot_Project/AMR_Robot/amr1_ws/install/laser_filters/include/laser_filters/intensity_filter.h
[1.682s] -- Up-to-date symlink: /home/theanh/Robot_Project/AMR_Robot/amr1_ws/install/laser_filters/include/laser_filters/interpolation_filter.h
[1.683s] -- Up-to-date symlink: /home/theanh/Robot_Project/AMR_Robot/amr1_ws/install/laser_filters/include/laser_filters/median_filter.h
[1.683s] -- Up-to-date symlink: /home/theanh/Robot_Project/AMR_Robot/amr1_ws/install/laser_filters/include/laser_filters/median_spatial_filter.h
[1.683s] -- Up-to-date symlink: /home/theanh/Robot_Project/AMR_Robot/amr1_ws/install/laser_filters/include/laser_filters/polygon_filter.h
[1.684s] -- Up-to-date symlink: /home/theanh/Robot_Project/AMR_Robot/amr1_ws/install/laser_filters/include/laser_filters/range_filter.h
[1.706s] -- Up-to-date symlink: /home/theanh/Robot_Project/AMR_Robot/amr1_ws/install/laser_filters/include/laser_filters/scan_blob_filter.h
[1.706s] -- Up-to-date symlink: /home/theanh/Robot_Project/AMR_Robot/amr1_ws/install/laser_filters/include/laser_filters/scan_mask_filter.h
[1.707s] -- Up-to-date symlink: /home/theanh/Robot_Project/AMR_Robot/amr1_ws/install/laser_filters/include/laser_filters/scan_shadow_detector.h
[1.729s] -- Up-to-date symlink: /home/theanh/Robot_Project/AMR_Robot/amr1_ws/install/laser_filters/include/laser_filters/scan_shadows_filter.h
[1.752s] -- Up-to-date symlink: /home/theanh/Robot_Project/AMR_Robot/amr1_ws/install/laser_filters/include/laser_filters/sector_filter.h
[1.752s] -- Up-to-date symlink: /home/theanh/Robot_Project/AMR_Robot/amr1_ws/install/laser_filters/include/laser_filters/speckle_filter.h
[1.752s] -- Up-to-date symlink: /home/theanh/Robot_Project/AMR_Robot/amr1_ws/install/laser_filters/share/laser_filters/environment/library_path.sh
[1.773s] -- Up-to-date symlink: /home/theanh/Robot_Project/AMR_Robot/amr1_ws/install/laser_filters/share/laser_filters/environment/library_path.dsv
[1.774s] -- Up-to-date symlink: /home/theanh/Robot_Project/AMR_Robot/amr1_ws/install/laser_filters/lib/liblaser_scan_filters.so
[1.774s] -- Up-to-date symlink: /home/theanh/Robot_Project/AMR_Robot/amr1_ws/install/laser_filters/lib/liblaser_filter_chains.so
[1.812s] -- Up-to-date symlink: /home/theanh/Robot_Project/AMR_Robot/amr1_ws/install/laser_filters/lib/laser_filters/generic_laser_filter_node
[1.854s] -- Up-to-date symlink: /home/theanh/Robot_Project/AMR_Robot/amr1_ws/install/laser_filters/share/laser_filters/examples/angular_filter_example.launch.py
[1.854s] -- Up-to-date symlink: /home/theanh/Robot_Project/AMR_Robot/amr1_ws/install/laser_filters/share/laser_filters/examples/angular_filter_example.yaml
[1.854s] -- Up-to-date symlink: /home/theanh/Robot_Project/AMR_Robot/amr1_ws/install/laser_filters/share/laser_filters/examples/bin_filter_example.launch.py
[1.855s] -- Up-to-date symlink: /home/theanh/Robot_Project/AMR_Robot/amr1_ws/install/laser_filters/share/laser_filters/examples/bin_filter_example.yaml
[1.855s] -- Up-to-date symlink: /home/theanh/Robot_Project/AMR_Robot/amr1_ws/install/laser_filters/share/laser_filters/examples/box_filter_example.launch.py
[1.895s] -- Up-to-date symlink: /home/theanh/Robot_Project/AMR_Robot/amr1_ws/install/laser_filters/share/laser_filters/examples/box_filter_example.yaml
[1.933s] -- Up-to-date symlink: /home/theanh/Robot_Project/AMR_Robot/amr1_ws/install/laser_filters/share/laser_filters/examples/footprint_filter_example.launch.py
[1.953s] -- Up-to-date symlink: /home/theanh/Robot_Project/AMR_Robot/amr1_ws/install/laser_filters/share/laser_filters/examples/footprint_filter_example.yaml
[1.953s] -- Up-to-date symlink: /home/theanh/Robot_Project/AMR_Robot/amr1_ws/install/laser_filters/share/laser_filters/examples/intensity_filter_example.launch.py
[1.955s] -- Up-to-date symlink: /home/theanh/Robot_Project/AMR_Robot/amr1_ws/install/laser_filters/share/laser_filters/examples/intensity_filter_example.yaml
[1.955s] -- Up-to-date symlink: /home/theanh/Robot_Project/AMR_Robot/amr1_ws/install/laser_filters/share/laser_filters/examples/mask_filter_example.launch.py
[1.989s] -- Up-to-date symlink: /home/theanh/Robot_Project/AMR_Robot/amr1_ws/install/laser_filters/share/laser_filters/examples/mask_filter_example.yaml
[1.989s] -- Up-to-date symlink: /home/theanh/Robot_Project/AMR_Robot/amr1_ws/install/laser_filters/share/laser_filters/examples/median_filter_example.launch.py
[1.990s] -- Up-to-date symlink: /home/theanh/Robot_Project/AMR_Robot/amr1_ws/install/laser_filters/share/laser_filters/examples/median_filter_example.yaml
[1.990s] -- Up-to-date symlink: /home/theanh/Robot_Project/AMR_Robot/amr1_ws/install/laser_filters/share/laser_filters/examples/median_spatial_filter.launch.py
[2.012s] -- Up-to-date symlink: /home/theanh/Robot_Project/AMR_Robot/amr1_ws/install/laser_filters/share/laser_filters/examples/median_spatial_filter.launch.xml
[2.012s] -- Up-to-date symlink: /home/theanh/Robot_Project/AMR_Robot/amr1_ws/install/laser_filters/share/laser_filters/examples/median_spatial_filter_example.yaml
[2.013s] -- Up-to-date symlink: /home/theanh/Robot_Project/AMR_Robot/amr1_ws/install/laser_filters/share/laser_filters/examples/multiple_filters_example.launch.py
[2.013s] -- Up-to-date symlink: /home/theanh/Robot_Project/AMR_Robot/amr1_ws/install/laser_filters/share/laser_filters/examples/multiple_filters_example.yaml
[2.013s] -- Up-to-date symlink: /home/theanh/Robot_Project/AMR_Robot/amr1_ws/install/laser_filters/share/laser_filters/examples/pass_through_example.launch.py
[2.013s] -- Up-to-date symlink: /home/theanh/Robot_Project/AMR_Robot/amr1_ws/install/laser_filters/share/laser_filters/examples/pass_through_example.yaml
[2.013s] -- Up-to-date symlink: /home/theanh/Robot_Project/AMR_Robot/amr1_ws/install/laser_filters/share/laser_filters/examples/polygon_filter_example.launch.py
[2.014s] -- Up-to-date symlink: /home/theanh/Robot_Project/AMR_Robot/amr1_ws/install/laser_filters/share/laser_filters/examples/polygon_filter_example.yaml
[2.014s] -- Up-to-date symlink: /home/theanh/Robot_Project/AMR_Robot/amr1_ws/install/laser_filters/share/laser_filters/examples/range_filter_example.launch.py
[2.014s] -- Up-to-date symlink: /home/theanh/Robot_Project/AMR_Robot/amr1_ws/install/laser_filters/share/laser_filters/examples/range_filter_example.yaml
[2.014s] -- Up-to-date symlink: /home/theanh/Robot_Project/AMR_Robot/amr1_ws/install/laser_filters/share/laser_filters/examples/scan_blob_filter_example.launch.py
[2.014s] -- Up-to-date symlink: /home/theanh/Robot_Project/AMR_Robot/amr1_ws/install/laser_filters/share/laser_filters/examples/scan_blob_filter_example.yaml
[2.015s] -- Up-to-date symlink: /home/theanh/Robot_Project/AMR_Robot/amr1_ws/install/laser_filters/share/laser_filters/examples/sector_filter_example.launch.py
[2.015s] -- Up-to-date symlink: /home/theanh/Robot_Project/AMR_Robot/amr1_ws/install/laser_filters/share/laser_filters/examples/sector_filter_example.yaml
[2.015s] -- Up-to-date symlink: /home/theanh/Robot_Project/AMR_Robot/amr1_ws/install/laser_filters/share/laser_filters/examples/shadow_filter_example.launch.py
[2.015s] -- Up-to-date symlink: /home/theanh/Robot_Project/AMR_Robot/amr1_ws/install/laser_filters/share/laser_filters/examples/shadow_filter_example.yaml
[2.016s] -- Up-to-date symlink: /home/theanh/Robot_Project/AMR_Robot/amr1_ws/install/laser_filters/share/laser_filters/examples/speckle_filter_example.launch
[2.036s] -- Up-to-date symlink: /home/theanh/Robot_Project/AMR_Robot/amr1_ws/install/laser_filters/share/laser_filters/examples/speckle_filter_example.yaml
[2.049s] -- Up-to-date symlink: /home/theanh/Robot_Project/AMR_Robot/amr1_ws/install/laser_filters/share/laser_filters/test/fake_laser.py
[2.116s] -- Up-to-date symlink: /home/theanh/Robot_Project/AMR_Robot/amr1_ws/install/laser_filters/share/laser_filters/test/test_polygon_filter.test.py
[2.147s] -- Up-to-date symlink: /home/theanh/Robot_Project/AMR_Robot/amr1_ws/install/laser_filters/share/laser_filters/test/test_polygon_filter.yaml
[2.147s] -- Up-to-date symlink: /home/theanh/Robot_Project/AMR_Robot/amr1_ws/install/laser_filters/share/laser_filters/test/test_scan_filter_chain.cpp
[2.148s] -- Up-to-date symlink: /home/theanh/Robot_Project/AMR_Robot/amr1_ws/install/laser_filters/share/laser_filters/test/test_scan_filter_chain.launch
[2.169s] -- Up-to-date symlink: /home/theanh/Robot_Project/AMR_Robot/amr1_ws/install/laser_filters/share/laser_filters/test/test_scan_filter_chain.yaml
[2.169s] -- Up-to-date symlink: /home/theanh/Robot_Project/AMR_Robot/amr1_ws/install/laser_filters/share/laser_filters/test/test_scan_shadows_filter.cpp
[2.170s] -- Up-to-date symlink: /home/theanh/Robot_Project/AMR_Robot/amr1_ws/install/laser_filters/share/laser_filters/test/test_shadow_detector.cpp
[2.209s] -- Up-to-date symlink: /home/theanh/Robot_Project/AMR_Robot/amr1_ws/install/laser_filters/share/laser_filters/test/test_speckle_filter.cpp
[2.209s] -- Up-to-date symlink: /home/theanh/Robot_Project/AMR_Robot/amr1_ws/install/laser_filters/share/laser_filters/test/test_speckle_filter.test.py
[2.209s] -- Up-to-date symlink: /home/theanh/Robot_Project/AMR_Robot/amr1_ws/install/laser_filters/share/laser_filters/test/test_speckle_filter.yaml
[2.209s] -- Up-to-date symlink: /home/theanh/Robot_Project/AMR_Robot/amr1_ws/install/laser_filters/share/ament_index/resource_index/package_run_dependencies/laser_filters
[2.248s] -- Up-to-date symlink: /home/theanh/Robot_Project/AMR_Robot/amr1_ws/install/laser_filters/share/ament_index/resource_index/parent_prefix_path/laser_filters
[2.268s] -- Up-to-date symlink: /home/theanh/Robot_Project/AMR_Robot/amr1_ws/install/laser_filters/share/laser_filters/environment/ament_prefix_path.sh
[2.268s] -- Up-to-date symlink: /home/theanh/Robot_Project/AMR_Robot/amr1_ws/install/laser_filters/share/laser_filters/environment/ament_prefix_path.dsv
[2.268s] -- Up-to-date symlink: /home/theanh/Robot_Project/AMR_Robot/amr1_ws/install/laser_filters/share/laser_filters/environment/path.sh
[2.304s] -- Up-to-date symlink: /home/theanh/Robot_Project/AMR_Robot/amr1_ws/install/laser_filters/share/laser_filters/environment/path.dsv
[2.328s] -- Up-to-date symlink: /home/theanh/Robot_Project/AMR_Robot/amr1_ws/install/laser_filters/share/laser_filters/local_setup.bash
[2.350s] -- Up-to-date symlink: /home/theanh/Robot_Project/AMR_Robot/amr1_ws/install/laser_filters/share/laser_filters/local_setup.sh
[2.351s] -- Up-to-date symlink: /home/theanh/Robot_Project/AMR_Robot/amr1_ws/install/laser_filters/share/laser_filters/local_setup.zsh
[2.373s] -- Up-to-date symlink: /home/theanh/Robot_Project/AMR_Robot/amr1_ws/install/laser_filters/share/laser_filters/local_setup.dsv
[2.373s] -- Symlinking: /home/theanh/Robot_Project/AMR_Robot/amr1_ws/install/laser_filters/share/laser_filters/package.dsv
[2.396s] -- Up-to-date symlink: /home/theanh/Robot_Project/AMR_Robot/amr1_ws/install/laser_filters/share/ament_index/resource_index/packages/laser_filters
[2.419s] -- Up-to-date symlink: /home/theanh/Robot_Project/AMR_Robot/amr1_ws/install/laser_filters/share/ament_index/resource_index/filters__pluginlib__plugin/laser_filters
[2.514s] -- Up-to-date symlink: /home/theanh/Robot_Project/AMR_Robot/amr1_ws/install/laser_filters/share/ament_index/resource_index/rclcpp_components/laser_filters
[2.515s] -- Up-to-date symlink: /home/theanh/Robot_Project/AMR_Robot/amr1_ws/install/laser_filters/share/laser_filters/cmake/ament_cmake_export_dependencies-extras.cmake
[2.515s] -- Up-to-date symlink: /home/theanh/Robot_Project/AMR_Robot/amr1_ws/install/laser_filters/share/laser_filters/cmake/ament_cmake_export_include_directories-extras.cmake
[2.515s] -- Up-to-date symlink: /home/theanh/Robot_Project/AMR_Robot/amr1_ws/install/laser_filters/share/laser_filters/cmake/ament_cmake_export_libraries-extras.cmake
[2.522s] -- Up-to-date symlink: /home/theanh/Robot_Project/AMR_Robot/amr1_ws/install/laser_filters/share/laser_filters/cmake/laser_filtersConfig.cmake
[2.523s] -- Up-to-date symlink: /home/theanh/Robot_Project/AMR_Robot/amr1_ws/install/laser_filters/share/laser_filters/cmake/laser_filtersConfig-version.cmake
[2.525s] -- Up-to-date symlink: /home/theanh/Robot_Project/AMR_Robot/amr1_ws/install/laser_filters/share/laser_filters/package.xml
[2.527s] Invoked command in '/home/theanh/Robot_Project/AMR_Robot/amr1_ws/build/laser_filters' returned '0': CMAKE_PREFIX_PATH=${CMAKE_PREFIX_PATH}:/opt/ros/humble /usr/bin/cmake --install /home/theanh/Robot_Project/AMR_Robot/amr1_ws/build/laser_filters
