-- The C compiler identification is GNU 11.4.0
-- The CXX compiler identification is GNU 11.4.0
-- Detecting C compiler ABI info
-- Detecting C compiler ABI info - done
-- Check for working C compiler: /usr/bin/cc - skipped
-- Detecting C compile features
-- Detecting C compile features - done
-- Detecting CXX compiler ABI info
-- Detecting CXX compiler ABI info - done
-- Check for working CXX compiler: /usr/bin/c++ - skipped
-- Detecting CXX compile features
-- Detecting CXX compile features - done
-- Found ament_cmake: 1.3.14 (/opt/ros/humble/share/ament_cmake/cmake)
-- Found Python3: /usr/bin/python3 (found version "3.10.12") found components: Interpreter 
-- Override CMake install command with custom implementation using symlinks instead of copying resources
-- Found rclcpp: 16.0.19 (/opt/ros/humble/share/rclcpp/cmake)
-- Found rosidl_generator_c: 3.1.8 (/opt/ros/humble/share/rosidl_generator_c/cmake)
-- Found rosidl_adapter: 3.1.8 (/opt/ros/humble/share/rosidl_adapter/cmake)
-- Found rosidl_generator_cpp: 3.1.8 (/opt/ros/humble/share/rosidl_generator_cpp/cmake)
-- Using all available rosidl_typesupport_c: rosidl_typesupport_fastrtps_c;rosidl_typesupport_introspection_c
-- Using all available rosidl_typesupport_cpp: rosidl_typesupport_fastrtps_cpp;rosidl_typesupport_introspection_cpp
-- Found rmw_implementation_cmake: 6.1.2 (/opt/ros/humble/share/rmw_implementation_cmake/cmake)
-- Found rmw_fastrtps_cpp: 6.2.10 (/opt/ros/humble/share/rmw_fastrtps_cpp/cmake)
-- Found OpenSSL: /usr/lib/x86_64-linux-gnu/libcrypto.so (found version "3.0.2")  
-- Found FastRTPS: /opt/ros/humble/include  
-- Using RMW implementation 'rmw_fastrtps_cpp' as default
-- Looking for pthread.h
-- Looking for pthread.h - found
-- Performing Test CMAKE_HAVE_LIBC_PTHREAD
-- Performing Test CMAKE_HAVE_LIBC_PTHREAD - Success
-- Found Threads: TRUE  
-- Found canopen_core: 0.2.13 (/opt/ros/humble/share/canopen_core/cmake)
-- Found Boost: /usr/lib/x86_64-linux-gnu/cmake/Boost-1.74.0/BoostConfig.cmake (found version "1.74.0") found components: system thread 
-- Found canopen_base_driver: 0.2.13 (/opt/ros/humble/share/canopen_base_driver/cmake)
-- Found canopen_proxy_driver: 0.2.13 (/opt/ros/humble/share/canopen_proxy_driver/cmake)
-- Found ament_lint_auto: 0.12.15 (/opt/ros/humble/share/ament_lint_auto/cmake)
-- Added test 'flake8' to check Python code syntax and style conventions
-- Added test 'lint_cmake' to check CMake code style
-- Added test 'pep257' to check Python code against some of the docstring style conventions in PEP 257
-- Added test 'xmllint' to check XML markup files
-- Configuring done
-- Generating done
-- Build files have been written to: /home/theanh/Robot_Project/AMR_Robot/amr1_ws/build/amr_reality_pkg
Built target robot_control_prepare
joint1: writing 4 bytes to 0x1400/1: 02 02 00 80
joint1: writing 1 bytes to 0x1400/2: 01
joint1: writing 1 bytes to 0x1600/0: 00
joint1: writing 4 bytes to 0x1600/1: 10 00 40 60
joint1: writing 4 bytes to 0x1600/2: 08 00 60 60
joint1: writing 1 bytes to 0x1600/0: 02
joint1: writing 4 bytes to 0x1400/1: 02 02 00 00
joint1: writing 4 bytes to 0x1401/1: 02 03 00 80
joint1: writing 1 bytes to 0x1401/2: 01
joint1: writing 1 bytes to 0x1601/0: 00
joint1: writing 4 bytes to 0x1601/1: 20 00 7A 60
joint1: writing 4 bytes to 0x1601/2: 20 00 FF 60
joint1: writing 1 bytes to 0x1601/0: 02
joint1: writing 4 bytes to 0x1401/1: 02 03 00 00
joint1: writing 4 bytes to 0x1800/1: 82 01 00 80
joint1: writing 1 bytes to 0x1800/2: 01
joint1: writing 1 bytes to 0x1A00/0: 00
joint1: writing 4 bytes to 0x1A00/1: 10 00 41 60
joint1: writing 4 bytes to 0x1A00/2: 08 00 61 60
joint1: writing 1 bytes to 0x1A00/0: 02
joint1: writing 4 bytes to 0x1800/1: 82 01 00 00
joint1: writing 4 bytes to 0x1801/1: 82 02 00 80
joint1: writing 1 bytes to 0x1801/2: 01
joint1: writing 1 bytes to 0x1A01/0: 00
joint1: writing 4 bytes to 0x1A01/1: 20 00 64 60
joint1: writing 4 bytes to 0x1A01/2: 20 00 6C 60
joint1: writing 1 bytes to 0x1A01/0: 02
joint1: writing 4 bytes to 0x1801/1: 82 02 00 00
joint1: writing 4 bytes to 0x1802/1: 82 03 00 80
joint1: writing 1 bytes to 0x1802/2: 01
joint1: writing 1 bytes to 0x1A02/0: 00
joint1: writing 4 bytes to 0x1A02/1: 10 00 3F 60
joint1: writing 1 bytes to 0x1A02/0: 01
joint1: writing 4 bytes to 0x1802/1: 82 03 00 00
joint1: writing 2 bytes to 0x6040/0: 80 00
joint1: writing 2 bytes to 0x6040/0: 06 00
joint1: writing 2 bytes to 0x6040/0: 07 00
joint1: writing 2 bytes to 0x6040/0: 0F 01
joint1: writing 4 bytes to 0x6083/0: 10 27 00 00
joint1: writing 4 bytes to 0x6084/0: 10 27 00 00
joint1: writing 1 bytes to 0x6098/0: 25
joint1: writing 1 bytes to 0x6060/0: 03
joint2: writing 4 bytes to 0x1400/1: 03 02 00 80
joint2: writing 1 bytes to 0x1400/2: 01
joint2: writing 1 bytes to 0x1600/0: 00
joint2: writing 4 bytes to 0x1600/1: 10 00 40 60
joint2: writing 4 bytes to 0x1600/2: 08 00 60 60
joint2: writing 1 bytes to 0x1600/0: 02
joint2: writing 4 bytes to 0x1400/1: 03 02 00 00
joint2: writing 4 bytes to 0x1401/1: 03 03 00 80
joint2: writing 1 bytes to 0x1401/2: 01
joint2: writing 1 bytes to 0x1601/0: 00
joint2: writing 4 bytes to 0x1601/1: 20 00 7A 60
joint2: writing 4 bytes to 0x1601/2: 20 00 FF 60
joint2: writing 1 bytes to 0x1601/0: 02
joint2: writing 4 bytes to 0x1401/1: 03 03 00 00
joint2: writing 4 bytes to 0x1800/1: 83 01 00 80
joint2: writing 1 bytes to 0x1800/2: 01
joint2: writing 1 bytes to 0x1A00/0: 00
joint2: writing 4 bytes to 0x1A00/1: 10 00 41 60
joint2: writing 4 bytes to 0x1A00/2: 08 00 61 60
joint2: writing 1 bytes to 0x1A00/0: 02
joint2: writing 4 bytes to 0x1800/1: 83 01 00 00
joint2: writing 4 bytes to 0x1801/1: 83 02 00 80
joint2: writing 1 bytes to 0x1801/2: 01
joint2: writing 1 bytes to 0x1A01/0: 00
joint2: writing 4 bytes to 0x1A01/1: 20 00 64 60
joint2: writing 4 bytes to 0x1A01/2: 20 00 6C 60
joint2: writing 1 bytes to 0x1A01/0: 02
joint2: writing 4 bytes to 0x1801/1: 83 02 00 00
joint2: writing 4 bytes to 0x1802/1: 83 03 00 80
joint2: writing 1 bytes to 0x1802/2: 01
joint2: writing 1 bytes to 0x1A02/0: 00
joint2: writing 4 bytes to 0x1A02/1: 10 00 3F 60
joint2: writing 1 bytes to 0x1A02/0: 01
joint2: writing 4 bytes to 0x1802/1: 83 03 00 00
joint2: writing 2 bytes to 0x6040/0: 80 00
joint2: writing 2 bytes to 0x6040/0: 06 00
joint2: writing 2 bytes to 0x6040/0: 07 00
joint2: writing 2 bytes to 0x6040/0: 0F 01
joint2: writing 4 bytes to 0x6083/0: 10 27 00 00
joint2: writing 4 bytes to 0x6084/0: 10 27 00 00
joint2: writing 1 bytes to 0x6098/0: 25
joint2: writing 1 bytes to 0x6060/0: 03
Built target robot_control
-- Install configuration: ""
-- Execute custom install script
-- Symlinking: /home/theanh/Robot_Project/AMR_Robot/amr1_ws/install/amr_reality_pkg/share/amr_reality_pkg/config/robot_control//cia402_slave.eds
-- Symlinking: /home/theanh/Robot_Project/AMR_Robot/amr1_ws/install/amr_reality_pkg/share/amr_reality_pkg/config/robot_control//ros2_controllers.yaml
-- Symlinking: /home/theanh/Robot_Project/AMR_Robot/amr1_ws/install/amr_reality_pkg/share/amr_reality_pkg/config/robot_control//bus.yml
-- Symlinking: /home/theanh/Robot_Project/AMR_Robot/amr1_ws/install/amr_reality_pkg/share/amr_reality_pkg/config/robot_control//joint1.bin
-- Symlinking: /home/theanh/Robot_Project/AMR_Robot/amr1_ws/install/amr_reality_pkg/share/amr_reality_pkg/config/robot_control//joint2.bin
-- Symlinking: /home/theanh/Robot_Project/AMR_Robot/amr1_ws/install/amr_reality_pkg/share/amr_reality_pkg/config/robot_control//master.dcf
-- Symlinking: /home/theanh/Robot_Project/AMR_Robot/amr1_ws/install/amr_reality_pkg/share/amr_reality_pkg/config/robot_control//preprocessed_bus.yml
-- Symlinking: /home/theanh/Robot_Project/AMR_Robot/amr1_ws/install/amr_reality_pkg/share/amr_reality_pkg/launch/amr_reality.launch.py
-- Symlinking: /home/theanh/Robot_Project/AMR_Robot/amr1_ws/install/amr_reality_pkg/share/amr_reality_pkg/descriptions/meshes/Left_Link.STL
-- Symlinking: /home/theanh/Robot_Project/AMR_Robot/amr1_ws/install/amr_reality_pkg/share/amr_reality_pkg/descriptions/meshes/Lidar_Link.STL
-- Symlinking: /home/theanh/Robot_Project/AMR_Robot/amr1_ws/install/amr_reality_pkg/share/amr_reality_pkg/descriptions/meshes/Right_Link.STL
-- Symlinking: /home/theanh/Robot_Project/AMR_Robot/amr1_ws/install/amr_reality_pkg/share/amr_reality_pkg/descriptions/meshes/Yaw_Behind_Left_Link.STL
-- Symlinking: /home/theanh/Robot_Project/AMR_Robot/amr1_ws/install/amr_reality_pkg/share/amr_reality_pkg/descriptions/meshes/Yaw_Behind_Right_Link.STL
-- Symlinking: /home/theanh/Robot_Project/AMR_Robot/amr1_ws/install/amr_reality_pkg/share/amr_reality_pkg/descriptions/meshes/Yaw_Front_Left_Link.STL
-- Symlinking: /home/theanh/Robot_Project/AMR_Robot/amr1_ws/install/amr_reality_pkg/share/amr_reality_pkg/descriptions/meshes/Yaw_Front_Right_Link.STL
-- Symlinking: /home/theanh/Robot_Project/AMR_Robot/amr1_ws/install/amr_reality_pkg/share/amr_reality_pkg/descriptions/meshes/base_link.STL
-- Symlinking: /home/theanh/Robot_Project/AMR_Robot/amr1_ws/install/amr_reality_pkg/share/amr_reality_pkg/descriptions/urdf/AMR1-00-Khung (1).SLDASM.urdf
-- Symlinking: /home/theanh/Robot_Project/AMR_Robot/amr1_ws/install/amr_reality_pkg/share/amr_reality_pkg/descriptions/urdf/gazebo_control.xacro
-- Symlinking: /home/theanh/Robot_Project/AMR_Robot/amr1_ws/install/amr_reality_pkg/share/amr_reality_pkg/descriptions/urdf/robot.urdf.xacro
-- Symlinking: /home/theanh/Robot_Project/AMR_Robot/amr1_ws/install/amr_reality_pkg/share/amr_reality_pkg/descriptions/urdf/robot_controller/robot_controller.ros2_control.xacro
-- Symlinking: /home/theanh/Robot_Project/AMR_Robot/amr1_ws/install/amr_reality_pkg/share/amr_reality_pkg/descriptions/urdf/robot_controller/robot_controller.urdf.xacro
-- Symlinking: /home/theanh/Robot_Project/AMR_Robot/amr1_ws/install/amr_reality_pkg/share/ament_index/resource_index/package_run_dependencies/amr_reality_pkg
-- Symlinking: /home/theanh/Robot_Project/AMR_Robot/amr1_ws/install/amr_reality_pkg/share/ament_index/resource_index/parent_prefix_path/amr_reality_pkg
-- Symlinking: /home/theanh/Robot_Project/AMR_Robot/amr1_ws/install/amr_reality_pkg/share/amr_reality_pkg/environment/ament_prefix_path.sh
-- Symlinking: /home/theanh/Robot_Project/AMR_Robot/amr1_ws/install/amr_reality_pkg/share/amr_reality_pkg/environment/ament_prefix_path.dsv
-- Symlinking: /home/theanh/Robot_Project/AMR_Robot/amr1_ws/install/amr_reality_pkg/share/amr_reality_pkg/environment/path.sh
-- Symlinking: /home/theanh/Robot_Project/AMR_Robot/amr1_ws/install/amr_reality_pkg/share/amr_reality_pkg/environment/path.dsv
-- Symlinking: /home/theanh/Robot_Project/AMR_Robot/amr1_ws/install/amr_reality_pkg/share/amr_reality_pkg/local_setup.bash
-- Symlinking: /home/theanh/Robot_Project/AMR_Robot/amr1_ws/install/amr_reality_pkg/share/amr_reality_pkg/local_setup.sh
-- Symlinking: /home/theanh/Robot_Project/AMR_Robot/amr1_ws/install/amr_reality_pkg/share/amr_reality_pkg/local_setup.zsh
-- Symlinking: /home/theanh/Robot_Project/AMR_Robot/amr1_ws/install/amr_reality_pkg/share/amr_reality_pkg/local_setup.dsv
-- Symlinking: /home/theanh/Robot_Project/AMR_Robot/amr1_ws/install/amr_reality_pkg/share/amr_reality_pkg/package.dsv
-- Symlinking: /home/theanh/Robot_Project/AMR_Robot/amr1_ws/install/amr_reality_pkg/share/ament_index/resource_index/packages/amr_reality_pkg
-- Symlinking: /home/theanh/Robot_Project/AMR_Robot/amr1_ws/install/amr_reality_pkg/share/amr_reality_pkg/cmake/amr_reality_pkgConfig.cmake
-- Symlinking: /home/theanh/Robot_Project/AMR_Robot/amr1_ws/install/amr_reality_pkg/share/amr_reality_pkg/cmake/amr_reality_pkgConfig-version.cmake
-- Symlinking: /home/theanh/Robot_Project/AMR_Robot/amr1_ws/install/amr_reality_pkg/share/amr_reality_pkg/package.xml
