[0.016s] Invoking command in '/home/theanh/Robot_Project/AMR_Robot/amr1_ws/build/amr_reality_pkg': CMAKE_PREFIX_PATH=${CMAKE_PREFIX_PATH}:/opt/ros/humble /usr/bin/cmake /home/theanh/Robot_Project/AMR_Robot/amr1_ws/src/amr_reality_pkg -DAMENT_CMAKE_SYMLINK_INSTALL=1 -DCMAKE_INSTALL_PREFIX=/home/theanh/Robot_Project/AMR_Robot/amr1_ws/install/amr_reality_pkg
[0.077s] -- The C compiler identification is GNU 11.4.0
[0.137s] -- The CXX compiler identification is GNU 11.4.0
[0.144s] -- Detecting C compiler ABI info
[0.221s] -- Detecting C compiler ABI info - done
[0.229s] -- Check for working C compiler: /usr/bin/cc - skipped
[0.229s] -- Detecting C compile features
[0.230s] -- Detecting C compile features - done
[0.233s] -- Detecting CXX compiler ABI info
[0.322s] -- Detecting CXX compiler ABI info - done
[0.330s] -- Check for working CXX compiler: /usr/bin/c++ - skipped
[0.331s] -- Detecting CXX compile features
[0.331s] -- Detecting CXX compile features - done
[0.337s] -- Found ament_cmake: 1.3.14 (/opt/ros/humble/share/ament_cmake/cmake)
[0.495s] -- Found Python3: /usr/bin/python3 (found version "3.10.12") found components: Interpreter 
[0.554s] -- Override CMake install command with custom implementation using symlinks instead of copying resources
[0.618s] -- Found rclcpp: 16.0.19 (/opt/ros/humble/share/rclcpp/cmake)
[0.691s] -- Found rosidl_generator_c: 3.1.8 (/opt/ros/humble/share/rosidl_generator_c/cmake)
[0.701s] -- Found rosidl_adapter: 3.1.8 (/opt/ros/humble/share/rosidl_adapter/cmake)
[0.715s] -- Found rosidl_generator_cpp: 3.1.8 (/opt/ros/humble/share/rosidl_generator_cpp/cmake)
[0.733s] -- Using all available rosidl_typesupport_c: rosidl_typesupport_fastrtps_c;rosidl_typesupport_introspection_c
[0.757s] -- Using all available rosidl_typesupport_cpp: rosidl_typesupport_fastrtps_cpp;rosidl_typesupport_introspection_cpp
[0.826s] -- Found rmw_implementation_cmake: 6.1.2 (/opt/ros/humble/share/rmw_implementation_cmake/cmake)
[0.831s] -- Found rmw_fastrtps_cpp: 6.2.10 (/opt/ros/humble/share/rmw_fastrtps_cpp/cmake)
[0.961s] -- Found OpenSSL: /usr/lib/x86_64-linux-gnu/libcrypto.so (found version "3.0.2")  
[1.003s] -- Found FastRTPS: /opt/ros/humble/include  
[1.068s] -- Using RMW implementation 'rmw_fastrtps_cpp' as default
[1.084s] -- Looking for pthread.h
[1.165s] -- Looking for pthread.h - found
[1.165s] -- Performing Test CMAKE_HAVE_LIBC_PTHREAD
[1.247s] -- Performing Test CMAKE_HAVE_LIBC_PTHREAD - Success
[1.248s] -- Found Threads: TRUE  
[1.313s] -- Found canopen_core: 0.2.13 (/opt/ros/humble/share/canopen_core/cmake)
[1.343s] -- Found Boost: /usr/lib/x86_64-linux-gnu/cmake/Boost-1.74.0/BoostConfig.cmake (found version "1.74.0") found components: system thread 
[1.450s] -- Found canopen_base_driver: 0.2.13 (/opt/ros/humble/share/canopen_base_driver/cmake)
[1.502s] -- Found canopen_proxy_driver: 0.2.13 (/opt/ros/humble/share/canopen_proxy_driver/cmake)
[1.514s] -- Found ament_lint_auto: 0.12.15 (/opt/ros/humble/share/ament_lint_auto/cmake)
[1.609s] -- Added test 'flake8' to check Python code syntax and style conventions
[1.610s] -- Added test 'lint_cmake' to check CMake code style
[1.611s] -- Added test 'pep257' to check Python code against some of the docstring style conventions in PEP 257
[1.614s] -- Added test 'xmllint' to check XML markup files
[1.616s] -- Configuring done
[1.624s] -- Generating done
[1.627s] -- Build files have been written to: /home/theanh/Robot_Project/AMR_Robot/amr1_ws/build/amr_reality_pkg
[1.642s] Invoked command in '/home/theanh/Robot_Project/AMR_Robot/amr1_ws/build/amr_reality_pkg' returned '0': CMAKE_PREFIX_PATH=${CMAKE_PREFIX_PATH}:/opt/ros/humble /usr/bin/cmake /home/theanh/Robot_Project/AMR_Robot/amr1_ws/src/amr_reality_pkg -DAMENT_CMAKE_SYMLINK_INSTALL=1 -DCMAKE_INSTALL_PREFIX=/home/theanh/Robot_Project/AMR_Robot/amr1_ws/install/amr_reality_pkg
[1.644s] Invoking command in '/home/theanh/Robot_Project/AMR_Robot/amr1_ws/build/amr_reality_pkg': CMAKE_PREFIX_PATH=${CMAKE_PREFIX_PATH}:/opt/ros/humble /usr/bin/cmake --build /home/theanh/Robot_Project/AMR_Robot/amr1_ws/build/amr_reality_pkg -- -j15 -l15
[1.711s] Built target robot_control_prepare
[2.470s] joint1: writing 4 bytes to 0x1400/1: 02 02 00 80
[2.471s] joint1: writing 1 bytes to 0x1400/2: 01
[2.471s] joint1: writing 1 bytes to 0x1600/0: 00
[2.471s] joint1: writing 4 bytes to 0x1600/1: 10 00 40 60
[2.471s] joint1: writing 4 bytes to 0x1600/2: 08 00 60 60
[2.471s] joint1: writing 1 bytes to 0x1600/0: 02
[2.471s] joint1: writing 4 bytes to 0x1400/1: 02 02 00 00
[2.471s] joint1: writing 4 bytes to 0x1401/1: 02 03 00 80
[2.471s] joint1: writing 1 bytes to 0x1401/2: 01
[2.471s] joint1: writing 1 bytes to 0x1601/0: 00
[2.471s] joint1: writing 4 bytes to 0x1601/1: 20 00 7A 60
[2.471s] joint1: writing 4 bytes to 0x1601/2: 20 00 FF 60
[2.471s] joint1: writing 1 bytes to 0x1601/0: 02
[2.471s] joint1: writing 4 bytes to 0x1401/1: 02 03 00 00
[2.471s] joint1: writing 4 bytes to 0x1800/1: 82 01 00 80
[2.472s] joint1: writing 1 bytes to 0x1800/2: 01
[2.472s] joint1: writing 1 bytes to 0x1A00/0: 00
[2.472s] joint1: writing 4 bytes to 0x1A00/1: 10 00 41 60
[2.472s] joint1: writing 4 bytes to 0x1A00/2: 08 00 61 60
[2.472s] joint1: writing 1 bytes to 0x1A00/0: 02
[2.472s] joint1: writing 4 bytes to 0x1800/1: 82 01 00 00
[2.472s] joint1: writing 4 bytes to 0x1801/1: 82 02 00 80
[2.472s] joint1: writing 1 bytes to 0x1801/2: 01
[2.472s] joint1: writing 1 bytes to 0x1A01/0: 00
[2.472s] joint1: writing 4 bytes to 0x1A01/1: 20 00 64 60
[2.472s] joint1: writing 4 bytes to 0x1A01/2: 20 00 6C 60
[2.472s] joint1: writing 1 bytes to 0x1A01/0: 02
[2.472s] joint1: writing 4 bytes to 0x1801/1: 82 02 00 00
[2.472s] joint1: writing 4 bytes to 0x1802/1: 82 03 00 80
[2.472s] joint1: writing 1 bytes to 0x1802/2: 01
[2.472s] joint1: writing 1 bytes to 0x1A02/0: 00
[2.472s] joint1: writing 4 bytes to 0x1A02/1: 10 00 3F 60
[2.472s] joint1: writing 1 bytes to 0x1A02/0: 01
[2.472s] joint1: writing 4 bytes to 0x1802/1: 82 03 00 00
[2.473s] joint1: writing 2 bytes to 0x6040/0: 80 00
[2.473s] joint1: writing 2 bytes to 0x6040/0: 06 00
[2.473s] joint1: writing 2 bytes to 0x6040/0: 07 00
[2.473s] joint1: writing 2 bytes to 0x6040/0: 0F 01
[2.473s] joint1: writing 4 bytes to 0x6083/0: 10 27 00 00
[2.473s] joint1: writing 4 bytes to 0x6084/0: 10 27 00 00
[2.473s] joint1: writing 1 bytes to 0x6098/0: 25
[2.473s] joint1: writing 1 bytes to 0x6060/0: 03
[2.473s] joint2: writing 4 bytes to 0x1400/1: 03 02 00 80
[2.473s] joint2: writing 1 bytes to 0x1400/2: 01
[2.473s] joint2: writing 1 bytes to 0x1600/0: 00
[2.473s] joint2: writing 4 bytes to 0x1600/1: 10 00 40 60
[2.473s] joint2: writing 4 bytes to 0x1600/2: 08 00 60 60
[2.473s] joint2: writing 1 bytes to 0x1600/0: 02
[2.473s] joint2: writing 4 bytes to 0x1400/1: 03 02 00 00
[2.473s] joint2: writing 4 bytes to 0x1401/1: 03 03 00 80
[2.473s] joint2: writing 1 bytes to 0x1401/2: 01
[2.473s] joint2: writing 1 bytes to 0x1601/0: 00
[2.473s] joint2: writing 4 bytes to 0x1601/1: 20 00 7A 60
[2.474s] joint2: writing 4 bytes to 0x1601/2: 20 00 FF 60
[2.474s] joint2: writing 1 bytes to 0x1601/0: 02
[2.474s] joint2: writing 4 bytes to 0x1401/1: 03 03 00 00
[2.474s] joint2: writing 4 bytes to 0x1800/1: 83 01 00 80
[2.474s] joint2: writing 1 bytes to 0x1800/2: 01
[2.474s] joint2: writing 1 bytes to 0x1A00/0: 00
[2.474s] joint2: writing 4 bytes to 0x1A00/1: 10 00 41 60
[2.474s] joint2: writing 4 bytes to 0x1A00/2: 08 00 61 60
[2.474s] joint2: writing 1 bytes to 0x1A00/0: 02
[2.474s] joint2: writing 4 bytes to 0x1800/1: 83 01 00 00
[2.474s] joint2: writing 4 bytes to 0x1801/1: 83 02 00 80
[2.474s] joint2: writing 1 bytes to 0x1801/2: 01
[2.474s] joint2: writing 1 bytes to 0x1A01/0: 00
[2.474s] joint2: writing 4 bytes to 0x1A01/1: 20 00 64 60
[2.474s] joint2: writing 4 bytes to 0x1A01/2: 20 00 6C 60
[2.474s] joint2: writing 1 bytes to 0x1A01/0: 02
[2.474s] joint2: writing 4 bytes to 0x1801/1: 83 02 00 00
[2.474s] joint2: writing 4 bytes to 0x1802/1: 83 03 00 80
[2.474s] joint2: writing 1 bytes to 0x1802/2: 01
[2.474s] joint2: writing 1 bytes to 0x1A02/0: 00
[2.475s] joint2: writing 4 bytes to 0x1A02/1: 10 00 3F 60
[2.475s] joint2: writing 1 bytes to 0x1A02/0: 01
[2.475s] joint2: writing 4 bytes to 0x1802/1: 83 03 00 00
[2.475s] joint2: writing 2 bytes to 0x6040/0: 80 00
[2.475s] joint2: writing 2 bytes to 0x6040/0: 06 00
[2.475s] joint2: writing 2 bytes to 0x6040/0: 07 00
[2.475s] joint2: writing 2 bytes to 0x6040/0: 0F 01
[2.475s] joint2: writing 4 bytes to 0x6083/0: 10 27 00 00
[2.475s] joint2: writing 4 bytes to 0x6084/0: 10 27 00 00
[2.475s] joint2: writing 1 bytes to 0x6098/0: 25
[2.475s] joint2: writing 1 bytes to 0x6060/0: 03
[2.671s] Built target robot_control
[2.687s] Invoked command in '/home/theanh/Robot_Project/AMR_Robot/amr1_ws/build/amr_reality_pkg' returned '0': CMAKE_PREFIX_PATH=${CMAKE_PREFIX_PATH}:/opt/ros/humble /usr/bin/cmake --build /home/theanh/Robot_Project/AMR_Robot/amr1_ws/build/amr_reality_pkg -- -j15 -l15
[2.688s] Invoking command in '/home/theanh/Robot_Project/AMR_Robot/amr1_ws/build/amr_reality_pkg': CMAKE_PREFIX_PATH=${CMAKE_PREFIX_PATH}:/opt/ros/humble /usr/bin/cmake --install /home/theanh/Robot_Project/AMR_Robot/amr1_ws/build/amr_reality_pkg
[2.698s] -- Install configuration: ""
[2.698s] -- Execute custom install script
[2.699s] -- Symlinking: /home/theanh/Robot_Project/AMR_Robot/amr1_ws/install/amr_reality_pkg/share/amr_reality_pkg/config/robot_control//cia402_slave.eds
[2.711s] -- Symlinking: /home/theanh/Robot_Project/AMR_Robot/amr1_ws/install/amr_reality_pkg/share/amr_reality_pkg/config/robot_control//ros2_controllers.yaml
[2.723s] -- Symlinking: /home/theanh/Robot_Project/AMR_Robot/amr1_ws/install/amr_reality_pkg/share/amr_reality_pkg/config/robot_control//bus.yml
[2.735s] -- Symlinking: /home/theanh/Robot_Project/AMR_Robot/amr1_ws/install/amr_reality_pkg/share/amr_reality_pkg/config/robot_control//joint1.bin
[2.746s] -- Symlinking: /home/theanh/Robot_Project/AMR_Robot/amr1_ws/install/amr_reality_pkg/share/amr_reality_pkg/config/robot_control//joint2.bin
[2.759s] -- Symlinking: /home/theanh/Robot_Project/AMR_Robot/amr1_ws/install/amr_reality_pkg/share/amr_reality_pkg/config/robot_control//master.dcf
[2.771s] -- Symlinking: /home/theanh/Robot_Project/AMR_Robot/amr1_ws/install/amr_reality_pkg/share/amr_reality_pkg/config/robot_control//preprocessed_bus.yml
[2.782s] -- Symlinking: /home/theanh/Robot_Project/AMR_Robot/amr1_ws/install/amr_reality_pkg/share/amr_reality_pkg/launch/amr_reality.launch.py
[2.794s] -- Symlinking: /home/theanh/Robot_Project/AMR_Robot/amr1_ws/install/amr_reality_pkg/share/amr_reality_pkg/descriptions/meshes/Left_Link.STL
[2.805s] -- Symlinking: /home/theanh/Robot_Project/AMR_Robot/amr1_ws/install/amr_reality_pkg/share/amr_reality_pkg/descriptions/meshes/Lidar_Link.STL
[2.816s] -- Symlinking: /home/theanh/Robot_Project/AMR_Robot/amr1_ws/install/amr_reality_pkg/share/amr_reality_pkg/descriptions/meshes/Right_Link.STL
[2.828s] -- Symlinking: /home/theanh/Robot_Project/AMR_Robot/amr1_ws/install/amr_reality_pkg/share/amr_reality_pkg/descriptions/meshes/Yaw_Behind_Left_Link.STL
[2.840s] -- Symlinking: /home/theanh/Robot_Project/AMR_Robot/amr1_ws/install/amr_reality_pkg/share/amr_reality_pkg/descriptions/meshes/Yaw_Behind_Right_Link.STL
[2.856s] -- Symlinking: /home/theanh/Robot_Project/AMR_Robot/amr1_ws/install/amr_reality_pkg/share/amr_reality_pkg/descriptions/meshes/Yaw_Front_Left_Link.STL
[2.868s] -- Symlinking: /home/theanh/Robot_Project/AMR_Robot/amr1_ws/install/amr_reality_pkg/share/amr_reality_pkg/descriptions/meshes/Yaw_Front_Right_Link.STL
[2.883s] -- Symlinking: /home/theanh/Robot_Project/AMR_Robot/amr1_ws/install/amr_reality_pkg/share/amr_reality_pkg/descriptions/meshes/base_link.STL
[2.894s] -- Symlinking: /home/theanh/Robot_Project/AMR_Robot/amr1_ws/install/amr_reality_pkg/share/amr_reality_pkg/descriptions/urdf/AMR1-00-Khung (1).SLDASM.urdf
[2.906s] -- Symlinking: /home/theanh/Robot_Project/AMR_Robot/amr1_ws/install/amr_reality_pkg/share/amr_reality_pkg/descriptions/urdf/gazebo_control.xacro
[2.917s] -- Symlinking: /home/theanh/Robot_Project/AMR_Robot/amr1_ws/install/amr_reality_pkg/share/amr_reality_pkg/descriptions/urdf/robot.urdf.xacro
[2.929s] -- Symlinking: /home/theanh/Robot_Project/AMR_Robot/amr1_ws/install/amr_reality_pkg/share/amr_reality_pkg/descriptions/urdf/robot_controller/robot_controller.ros2_control.xacro
[2.939s] -- Symlinking: /home/theanh/Robot_Project/AMR_Robot/amr1_ws/install/amr_reality_pkg/share/amr_reality_pkg/descriptions/urdf/robot_controller/robot_controller.urdf.xacro
[2.950s] -- Symlinking: /home/theanh/Robot_Project/AMR_Robot/amr1_ws/install/amr_reality_pkg/share/ament_index/resource_index/package_run_dependencies/amr_reality_pkg
[2.960s] -- Symlinking: /home/theanh/Robot_Project/AMR_Robot/amr1_ws/install/amr_reality_pkg/share/ament_index/resource_index/parent_prefix_path/amr_reality_pkg
[2.970s] -- Symlinking: /home/theanh/Robot_Project/AMR_Robot/amr1_ws/install/amr_reality_pkg/share/amr_reality_pkg/environment/ament_prefix_path.sh
[2.981s] -- Symlinking: /home/theanh/Robot_Project/AMR_Robot/amr1_ws/install/amr_reality_pkg/share/amr_reality_pkg/environment/ament_prefix_path.dsv
[2.990s] -- Symlinking: /home/theanh/Robot_Project/AMR_Robot/amr1_ws/install/amr_reality_pkg/share/amr_reality_pkg/environment/path.sh
[3.000s] -- Symlinking: /home/theanh/Robot_Project/AMR_Robot/amr1_ws/install/amr_reality_pkg/share/amr_reality_pkg/environment/path.dsv
[3.010s] -- Symlinking: /home/theanh/Robot_Project/AMR_Robot/amr1_ws/install/amr_reality_pkg/share/amr_reality_pkg/local_setup.bash
[3.020s] -- Symlinking: /home/theanh/Robot_Project/AMR_Robot/amr1_ws/install/amr_reality_pkg/share/amr_reality_pkg/local_setup.sh
[3.030s] -- Symlinking: /home/theanh/Robot_Project/AMR_Robot/amr1_ws/install/amr_reality_pkg/share/amr_reality_pkg/local_setup.zsh
[3.041s] -- Symlinking: /home/theanh/Robot_Project/AMR_Robot/amr1_ws/install/amr_reality_pkg/share/amr_reality_pkg/local_setup.dsv
[3.051s] -- Symlinking: /home/theanh/Robot_Project/AMR_Robot/amr1_ws/install/amr_reality_pkg/share/amr_reality_pkg/package.dsv
[3.061s] -- Symlinking: /home/theanh/Robot_Project/AMR_Robot/amr1_ws/install/amr_reality_pkg/share/ament_index/resource_index/packages/amr_reality_pkg
[3.071s] -- Symlinking: /home/theanh/Robot_Project/AMR_Robot/amr1_ws/install/amr_reality_pkg/share/amr_reality_pkg/cmake/amr_reality_pkgConfig.cmake
[3.081s] -- Symlinking: /home/theanh/Robot_Project/AMR_Robot/amr1_ws/install/amr_reality_pkg/share/amr_reality_pkg/cmake/amr_reality_pkgConfig-version.cmake
[3.090s] -- Symlinking: /home/theanh/Robot_Project/AMR_Robot/amr1_ws/install/amr_reality_pkg/share/amr_reality_pkg/package.xml
[3.102s] Invoked command in '/home/theanh/Robot_Project/AMR_Robot/amr1_ws/build/amr_reality_pkg' returned '0': CMAKE_PREFIX_PATH=${CMAKE_PREFIX_PATH}:/opt/ros/humble /usr/bin/cmake --install /home/theanh/Robot_Project/AMR_Robot/amr1_ws/build/amr_reality_pkg
