[0.072s] Invoking command in '/home/orangepi/Robot_Project/AMR_Robot/amr_robot/build/csm': CMAKE_PREFIX_PATH=${CMAKE_PREFIX_PATH}:/opt/ros/humble /usr/bin/cmake /home/orangepi/Robot_Project/AMR_Robot/amr_robot/src/csm -DAMENT_CMAKE_SYMLINK_INSTALL=1 -DCMAKE_INSTALL_PREFIX=/home/orangepi/Robot_Project/AMR_Robot/amr_robot/install/csm
[0.333s] -- The C compiler identification is GNU 11.4.0
[0.580s] -- The CXX compiler identification is GNU 11.4.0
[0.628s] -- Detecting C compiler ABI info
[0.820s] -- Detecting C compiler ABI info - done
[0.859s] -- Check for working C compiler: /usr/bin/cc - skipped
[0.860s] -- Detecting C compile features
[0.862s] -- Detecting C compile features - done
[0.876s] -- Detecting CXX compiler ABI info
[1.193s] -- Detecting CXX compiler ABI info - done
[1.236s] -- Check for working CXX compiler: /usr/bin/c++ - skipped
[1.237s] -- Detecting CXX compile features
[1.240s] -- Detecting CXX compile features - done
[1.251s] -- Found ament_cmake: 1.3.14 (/opt/ros/humble/share/ament_cmake/cmake)
[1.722s] -- Found Python3: /usr/bin/python3 (found version "3.10.12") found components: Interpreter 
[2.117s] -- Override CMake install command with custom implementation using symlinks instead of copying resources
[2.229s] -- Found rclcpp: 16.0.19 (/opt/ros/humble/share/rclcpp/cmake)
[2.517s] -- Found rosidl_generator_c: 3.1.9 (/opt/ros/humble/share/rosidl_generator_c/cmake)
[2.541s] -- Found rosidl_adapter: 3.1.9 (/opt/ros/humble/share/rosidl_adapter/cmake)
[2.583s] -- Found rosidl_generator_cpp: 3.1.9 (/opt/ros/humble/share/rosidl_generator_cpp/cmake)
[2.644s] -- Using all available rosidl_typesupport_c: rosidl_typesupport_fastrtps_c;rosidl_typesupport_introspection_c
[2.727s] -- Using all available rosidl_typesupport_cpp: rosidl_typesupport_fastrtps_cpp;rosidl_typesupport_introspection_cpp
[2.950s] -- Found rmw_implementation_cmake: 6.1.3 (/opt/ros/humble/share/rmw_implementation_cmake/cmake)
[2.963s] -- Found rmw_fastrtps_cpp: 6.2.10 (/opt/ros/humble/share/rmw_fastrtps_cpp/cmake)
[3.284s] -- Found OpenSSL: /usr/lib/aarch64-linux-gnu/libcrypto.so (found version "3.0.2")  
[3.347s] -- Found FastRTPS: /opt/ros/humble/include  
[3.442s] -- Using RMW implementation 'rmw_fastrtps_cpp' as default
[3.464s] -- Looking for pthread.h
[3.671s] -- Looking for pthread.h - found
[3.672s] -- Performing Test CMAKE_HAVE_LIBC_PTHREAD
[3.945s] -- Performing Test CMAKE_HAVE_LIBC_PTHREAD - Success
[3.947s] -- Found Threads: TRUE  
[4.408s] -- Configuring done
[4.462s] -- Generating done
[4.478s] -- Build files have been written to: /home/orangepi/Robot_Project/AMR_Robot/amr_robot/build/csm
[4.522s] Invoked command in '/home/orangepi/Robot_Project/AMR_Robot/amr_robot/build/csm' returned '0': CMAKE_PREFIX_PATH=${CMAKE_PREFIX_PATH}:/opt/ros/humble /usr/bin/cmake /home/orangepi/Robot_Project/AMR_Robot/amr_robot/src/csm -DAMENT_CMAKE_SYMLINK_INSTALL=1 -DCMAKE_INSTALL_PREFIX=/home/orangepi/Robot_Project/AMR_Robot/amr_robot/install/csm
[4.523s] Invoking command in '/home/orangepi/Robot_Project/AMR_Robot/amr_robot/build/csm': CMAKE_PREFIX_PATH=${CMAKE_PREFIX_PATH}:/opt/ros/humble /usr/bin/cmake --build /home/orangepi/Robot_Project/AMR_Robot/amr_robot/build/csm -- -j8 -l8
[4.809s] [  4%] [32mBuilding CXX object CMakeFiles/csm.dir/src/csm/laser_data.cpp.o[0m
[4.834s] [  8%] [32mBuilding CXX object CMakeFiles/csm.dir/src/csm/math_utils.cpp.o[0m
[4.856s] [ 12%] [32mBuilding CXX object CMakeFiles/csm.dir/src/csm/math_utils_gsl.cpp.o[0m
[4.868s] [ 16%] [32mBuilding CXX object CMakeFiles/csm.dir/src/csm/utils.cpp.o[0m
[4.873s] [ 20%] [32mBuilding CXX object CMakeFiles/csm.dir/src/csm/logging.cpp.o[0m
[4.874s] [ 25%] [32mBuilding CXX object CMakeFiles/csm.dir/src/csm/orientation.cpp.o[0m
[4.940s] [ 29%] [32mBuilding CXX object CMakeFiles/csm.dir/src/csm/clustering.cpp.o[0m
[4.952s] [ 33%] [32mBuilding CXX object CMakeFiles/csm.dir/src/csm/sm_options.cpp.o[0m
[22.139s] [ 37%] [32mBuilding CXX object CMakeFiles/csm.dir/src/icp/icp.cpp.o[0m
[28.717s] [ 41%] [32mBuilding CXX object CMakeFiles/csm.dir/src/icp/icp_corr_dumb.cpp.o[0m
[34.629s] [ 45%] [32mBuilding CXX object CMakeFiles/csm.dir/src/icp/icp_corr_tricks.cpp.o[0m
[37.998s] [ 50%] [32mBuilding CXX object CMakeFiles/csm.dir/src/icp/icp_covariance.cpp.o[0m
[43.974s] [ 54%] [32mBuilding CXX object CMakeFiles/csm.dir/src/icp/icp_debug.cpp.o[0m
[46.005s] [ 58%] [32mBuilding CXX object CMakeFiles/csm.dir/src/icp/icp_loop.cpp.o[0m
[48.037s] [ 62%] [32mBuilding CXX object CMakeFiles/csm.dir/src/gpc/gpc_utils.cpp.o[0m
[49.480s] [ 66%] [32mBuilding CXX object CMakeFiles/csm.dir/src/gpc/gpc.cpp.o[0m
[50.026s] [ 70%] [32mBuilding CXX object CMakeFiles/csm.dir/src/icp/icp_outliers.cpp.o[0m
[52.058s] [ 75%] [32mBuilding CXX object CMakeFiles/csm.dir/src/options/options.cpp.o[0m
[53.157s] [ 79%] [32mBuilding CXX object CMakeFiles/csm.dir/src/options/options_interface.cpp.o[0m
[53.283s] [ 83%] [32mBuilding CXX object CMakeFiles/csm.dir/src/egsl/egsl_ops.cpp.o[0m
[56.143s] [ 87%] [32mBuilding CXX object CMakeFiles/csm.dir/src/egsl/egsl_misc.cpp.o[0m
[59.518s] [ 91%] [32mBuilding CXX object CMakeFiles/csm.dir/src/egsl/egsl_conversions.cpp.o[0m
[98.543s] [ 95%] [32mBuilding CXX object CMakeFiles/csm.dir/src/egsl/egsl.cpp.o[0m
[102.033s] [100%] [32m[1mLinking CXX shared library libcsm.so[0m
[103.189s] [100%] Built target csm
[103.228s] Invoked command in '/home/orangepi/Robot_Project/AMR_Robot/amr_robot/build/csm' returned '0': CMAKE_PREFIX_PATH=${CMAKE_PREFIX_PATH}:/opt/ros/humble /usr/bin/cmake --build /home/orangepi/Robot_Project/AMR_Robot/amr_robot/build/csm -- -j8 -l8
[103.233s] Invoking command in '/home/orangepi/Robot_Project/AMR_Robot/amr_robot/build/csm': CMAKE_PREFIX_PATH=${CMAKE_PREFIX_PATH}:/opt/ros/humble /usr/bin/cmake --install /home/orangepi/Robot_Project/AMR_Robot/amr_robot/build/csm
[103.258s] -- Install configuration: ""
[103.260s] -- Execute custom install script
[103.261s] -- Symlinking: /home/orangepi/Robot_Project/AMR_Robot/amr_robot/install/csm/lib/libcsm.so
[103.290s] -- Symlinking: /home/orangepi/Robot_Project/AMR_Robot/amr_robot/install/csm/include/..//include/csm/algos.h
[103.321s] -- Symlinking: /home/orangepi/Robot_Project/AMR_Robot/amr_robot/install/csm/include/..//include/csm/csm.h
[103.347s] -- Symlinking: /home/orangepi/Robot_Project/AMR_Robot/amr_robot/install/csm/include/..//include/csm/laser_data.h
[103.374s] -- Symlinking: /home/orangepi/Robot_Project/AMR_Robot/amr_robot/install/csm/include/..//include/csm/laser_data_inline.h
[103.401s] -- Symlinking: /home/orangepi/Robot_Project/AMR_Robot/amr_robot/install/csm/include/..//include/csm/restrict.h
[103.428s] -- Symlinking: /home/orangepi/Robot_Project/AMR_Robot/amr_robot/install/csm/include/..//include/gsl_eigen/gsl_eigen.h
[103.457s] -- Symlinking: /home/orangepi/Robot_Project/AMR_Robot/amr_robot/install/csm/share/csm/resource/csm
[103.485s] -- Symlinking: /home/orangepi/Robot_Project/AMR_Robot/amr_robot/install/csm/include/../gsl_eigen/gsl_eigen.h
[103.513s] -- Symlinking: /home/orangepi/Robot_Project/AMR_Robot/amr_robot/install/csm/share/csm/environment/library_path.sh
[103.539s] -- Symlinking: /home/orangepi/Robot_Project/AMR_Robot/amr_robot/install/csm/share/csm/environment/library_path.dsv
[103.568s] -- Symlinking: /home/orangepi/Robot_Project/AMR_Robot/amr_robot/install/csm/share/ament_index/resource_index/package_run_dependencies/csm
[103.596s] -- Symlinking: /home/orangepi/Robot_Project/AMR_Robot/amr_robot/install/csm/share/ament_index/resource_index/parent_prefix_path/csm
[103.622s] -- Symlinking: /home/orangepi/Robot_Project/AMR_Robot/amr_robot/install/csm/share/csm/environment/ament_prefix_path.sh
[103.651s] -- Symlinking: /home/orangepi/Robot_Project/AMR_Robot/amr_robot/install/csm/share/csm/environment/ament_prefix_path.dsv
[103.676s] -- Symlinking: /home/orangepi/Robot_Project/AMR_Robot/amr_robot/install/csm/share/csm/environment/path.sh
[103.703s] -- Symlinking: /home/orangepi/Robot_Project/AMR_Robot/amr_robot/install/csm/share/csm/environment/path.dsv
[103.728s] -- Symlinking: /home/orangepi/Robot_Project/AMR_Robot/amr_robot/install/csm/share/csm/local_setup.bash
[103.756s] -- Symlinking: /home/orangepi/Robot_Project/AMR_Robot/amr_robot/install/csm/share/csm/local_setup.sh
[103.783s] -- Symlinking: /home/orangepi/Robot_Project/AMR_Robot/amr_robot/install/csm/share/csm/local_setup.zsh
[103.809s] -- Symlinking: /home/orangepi/Robot_Project/AMR_Robot/amr_robot/install/csm/share/csm/local_setup.dsv
[103.836s] -- Symlinking: /home/orangepi/Robot_Project/AMR_Robot/amr_robot/install/csm/share/csm/package.dsv
[103.864s] -- Symlinking: /home/orangepi/Robot_Project/AMR_Robot/amr_robot/install/csm/share/ament_index/resource_index/packages/csm
[103.894s] -- Symlinking: /home/orangepi/Robot_Project/AMR_Robot/amr_robot/install/csm/share/csm/cmake/ament_cmake_export_dependencies-extras.cmake
[103.922s] -- Symlinking: /home/orangepi/Robot_Project/AMR_Robot/amr_robot/install/csm/share/csm/cmake/ament_cmake_export_include_directories-extras.cmake
[103.948s] -- Symlinking: /home/orangepi/Robot_Project/AMR_Robot/amr_robot/install/csm/share/csm/cmake/ament_cmake_export_libraries-extras.cmake
[103.975s] -- Symlinking: /home/orangepi/Robot_Project/AMR_Robot/amr_robot/install/csm/share/csm/cmake/csmConfig.cmake
[104.003s] -- Symlinking: /home/orangepi/Robot_Project/AMR_Robot/amr_robot/install/csm/share/csm/cmake/csmConfig-version.cmake
[104.034s] -- Symlinking: /home/orangepi/Robot_Project/AMR_Robot/amr_robot/install/csm/share/csm/package.xml
[104.069s] Invoked command in '/home/orangepi/Robot_Project/AMR_Robot/amr_robot/build/csm' returned '0': CMAKE_PREFIX_PATH=${CMAKE_PREFIX_PATH}:/opt/ros/humble /usr/bin/cmake --install /home/orangepi/Robot_Project/AMR_Robot/amr_robot/build/csm
