[0.047s] Invoking command in '/home/orangepi/Robot_Project/AMR_Robot/amr_robot/build/amr_reality_pkg': CMAKE_PREFIX_PATH=${CMAKE_PREFIX_PATH}:/opt/ros/humble /usr/bin/cmake --build /home/orangepi/Robot_Project/AMR_Robot/amr_robot/build/amr_reality_pkg -- -j8 -l8
[0.121s] -- Found ament_cmake: 1.3.14 (/opt/ros/humble/share/ament_cmake/cmake)
[0.342s] -- Override CMake install command with custom implementation using symlinks instead of copying resources
[0.355s] -- Found rclcpp: 16.0.19 (/opt/ros/humble/share/rclcpp/cmake)
[0.397s] -- Found rosidl_generator_c: 3.1.9 (/opt/ros/humble/share/rosidl_generator_c/cmake)
[0.404s] -- Found rosidl_adapter: 3.1.9 (/opt/ros/humble/share/rosidl_adapter/cmake)
[0.410s] -- Found rosidl_generator_cpp: 3.1.9 (/opt/ros/humble/share/rosidl_generator_cpp/cmake)
[0.424s] -- Using all available rosidl_typesupport_c: rosidl_typesupport_fastrtps_c;rosidl_typesupport_introspection_c
[0.443s] -- Using all available rosidl_typesupport_cpp: rosidl_typesupport_fastrtps_cpp;rosidl_typesupport_introspection_cpp
[0.493s] -- Found rmw_implementation_cmake: 6.1.3 (/opt/ros/humble/share/rmw_implementation_cmake/cmake)
[0.495s] -- Found rmw_fastrtps_cpp: 6.2.10 (/opt/ros/humble/share/rmw_fastrtps_cpp/cmake)
[0.659s] -- Using RMW implementation 'rmw_fastrtps_cpp' as default
[0.746s] -- Found canopen_core: 0.2.13 (/opt/ros/humble/share/canopen_core/cmake)
[0.839s] -- Found canopen_base_driver: 0.2.13 (/opt/ros/humble/share/canopen_base_driver/cmake)
[0.892s] -- Found canopen_proxy_driver: 0.2.13 (/opt/ros/humble/share/canopen_proxy_driver/cmake)
[0.906s] -- Found robot_state_publisher: 3.0.3 (/opt/ros/humble/share/robot_state_publisher/cmake)
[0.932s] -- Found eigen3_cmake_module: 0.1.1 (/opt/ros/humble/share/eigen3_cmake_module/cmake)
[0.934s] -- Ensuring Eigen3 include directory is part of orocos-kdl CMake target
[1.095s] -- Found xacro: 2.1.1 (/opt/ros/humble/share/xacro/cmake)
[1.096s] -- Found nav_msgs: 4.9.2 (/opt/ros/humble/share/nav_msgs/cmake)
[1.124s] -- Found tf2_geometry_msgs: 0.25.22 (/opt/ros/humble/share/tf2_geometry_msgs/cmake)
[1.147s] -- Found ament_lint_auto: 0.12.15 (/opt/ros/humble/share/ament_lint_auto/cmake)
[1.274s] -- Added test 'cppcheck' to perform static code analysis on C / C++ code
[1.275s] -- Configured cppcheck include dirs: /home/orangepi/Robot_Project/AMR_Robot/amr_robot/src/amr_reality_pkg/src/include
[1.275s] -- Configured cppcheck exclude dirs and/or files: 
[1.276s] -- Added test 'flake8' to check Python code syntax and style conventions
[1.276s] -- Added test 'lint_cmake' to check CMake code style
[1.277s] -- Added test 'pep257' to check Python code against some of the docstring style conventions in PEP 257
[1.280s] -- Added test 'uncrustify' to check C / C++ code style
[1.281s] -- Configured uncrustify additional arguments: 
[1.281s] -- Added test 'xmllint' to check XML markup files
[1.282s] -- Configuring done
[1.315s] -- Generating done
[1.326s] -- Build files have been written to: /home/orangepi/Robot_Project/AMR_Robot/amr_robot/build/amr_reality_pkg
[1.416s] [35m[1mConsolidate compiler generated dependencies of target lidar_loc[0m
[1.471s] [  0%] Built target robot_control_prepare
[1.482s] [100%] Built target lidar_loc
[2.470s] joint1: writing 4 bytes to 0x1400/1: 02 02 00 80
[2.470s] joint1: writing 1 bytes to 0x1400/2: 01
[2.471s] joint1: writing 1 bytes to 0x1600/0: 00
[2.471s] joint1: writing 4 bytes to 0x1600/1: 10 00 40 60
[2.471s] joint1: writing 4 bytes to 0x1600/2: 08 00 60 60
[2.472s] joint1: writing 1 bytes to 0x1600/0: 02
[2.472s] joint1: writing 4 bytes to 0x1400/1: 02 02 00 00
[2.473s] joint1: writing 4 bytes to 0x1401/1: 02 03 00 80
[2.473s] joint1: writing 1 bytes to 0x1401/2: 01
[2.474s] joint1: writing 1 bytes to 0x1601/0: 00
[2.474s] joint1: writing 4 bytes to 0x1601/1: 20 00 7A 60
[2.474s] joint1: writing 4 bytes to 0x1601/2: 20 00 FF 60
[2.475s] joint1: writing 1 bytes to 0x1601/0: 02
[2.475s] joint1: writing 4 bytes to 0x1401/1: 02 03 00 00
[2.476s] joint1: writing 4 bytes to 0x1800/1: 82 01 00 80
[2.476s] joint1: writing 1 bytes to 0x1800/2: 01
[2.476s] joint1: writing 1 bytes to 0x1A00/0: 00
[2.477s] joint1: writing 4 bytes to 0x1A00/1: 10 00 41 60
[2.477s] joint1: writing 4 bytes to 0x1A00/2: 08 00 61 60
[2.478s] joint1: writing 1 bytes to 0x1A00/0: 02
[2.478s] joint1: writing 4 bytes to 0x1800/1: 82 01 00 00
[2.479s] joint1: writing 4 bytes to 0x1801/1: 82 02 00 80
[2.479s] joint1: writing 1 bytes to 0x1801/2: 01
[2.479s] joint1: writing 1 bytes to 0x1A01/0: 00
[2.480s] joint1: writing 4 bytes to 0x1A01/1: 20 00 64 60
[2.480s] joint1: writing 4 bytes to 0x1A01/2: 20 00 6C 60
[2.481s] joint1: writing 1 bytes to 0x1A01/0: 02
[2.481s] joint1: writing 4 bytes to 0x1801/1: 82 02 00 00
[2.481s] joint1: writing 4 bytes to 0x1802/1: 82 03 00 80
[2.482s] joint1: writing 1 bytes to 0x1802/2: 01
[2.482s] joint1: writing 1 bytes to 0x1A02/0: 00
[2.482s] joint1: writing 4 bytes to 0x1A02/1: 10 00 3F 60
[2.483s] joint1: writing 1 bytes to 0x1A02/0: 01
[2.483s] joint1: writing 4 bytes to 0x1802/1: 82 03 00 00
[2.484s] joint1: writing 2 bytes to 0x6040/0: 80 00
[2.484s] joint1: writing 4 bytes to 0x6083/0: A0 86 01 00
[2.485s] joint1: writing 4 bytes to 0x6084/0: A0 86 01 00
[2.485s] joint2: writing 4 bytes to 0x1400/1: 03 02 00 80
[2.485s] joint2: writing 1 bytes to 0x1400/2: 01
[2.486s] joint2: writing 1 bytes to 0x1600/0: 00
[2.486s] joint2: writing 4 bytes to 0x1600/1: 10 00 40 60
[2.487s] joint2: writing 4 bytes to 0x1600/2: 08 00 60 60
[2.487s] joint2: writing 1 bytes to 0x1600/0: 02
[2.487s] joint2: writing 4 bytes to 0x1400/1: 03 02 00 00
[2.488s] joint2: writing 4 bytes to 0x1401/1: 03 03 00 80
[2.488s] joint2: writing 1 bytes to 0x1401/2: 01
[2.489s] joint2: writing 1 bytes to 0x1601/0: 00
[2.489s] joint2: writing 4 bytes to 0x1601/1: 20 00 7A 60
[2.489s] joint2: writing 4 bytes to 0x1601/2: 20 00 FF 60
[2.490s] joint2: writing 1 bytes to 0x1601/0: 02
[2.490s] joint2: writing 4 bytes to 0x1401/1: 03 03 00 00
[2.490s] joint2: writing 4 bytes to 0x1800/1: 83 01 00 80
[2.491s] joint2: writing 1 bytes to 0x1800/2: 01
[2.491s] joint2: writing 1 bytes to 0x1A00/0: 00
[2.492s] joint2: writing 4 bytes to 0x1A00/1: 10 00 41 60
[2.492s] joint2: writing 4 bytes to 0x1A00/2: 08 00 61 60
[2.492s] joint2: writing 1 bytes to 0x1A00/0: 02
[2.493s] joint2: writing 4 bytes to 0x1800/1: 83 01 00 00
[2.493s] joint2: writing 4 bytes to 0x1801/1: 83 02 00 80
[2.494s] joint2: writing 1 bytes to 0x1801/2: 01
[2.494s] joint2: writing 1 bytes to 0x1A01/0: 00
[2.495s] joint2: writing 4 bytes to 0x1A01/1: 20 00 64 60
[2.495s] joint2: writing 4 bytes to 0x1A01/2: 20 00 6C 60
[2.496s] joint2: writing 1 bytes to 0x1A01/0: 02
[2.496s] joint2: writing 4 bytes to 0x1801/1: 83 02 00 00
[2.497s] joint2: writing 4 bytes to 0x1802/1: 83 03 00 80
[2.497s] joint2: writing 1 bytes to 0x1802/2: 01
[2.497s] joint2: writing 1 bytes to 0x1A02/0: 00
[2.498s] joint2: writing 4 bytes to 0x1A02/1: 10 00 3F 60
[2.498s] joint2: writing 1 bytes to 0x1A02/0: 01
[2.499s] joint2: writing 4 bytes to 0x1802/1: 83 03 00 00
[2.499s] joint2: writing 2 bytes to 0x6040/0: 80 00
[2.499s] joint2: writing 4 bytes to 0x6083/0: A0 86 01 00
[2.500s] joint2: writing 4 bytes to 0x6084/0: A0 86 01 00
[2.815s] [100%] Built target robot_control
[2.853s] Invoked command in '/home/orangepi/Robot_Project/AMR_Robot/amr_robot/build/amr_reality_pkg' returned '0': CMAKE_PREFIX_PATH=${CMAKE_PREFIX_PATH}:/opt/ros/humble /usr/bin/cmake --build /home/orangepi/Robot_Project/AMR_Robot/amr_robot/build/amr_reality_pkg -- -j8 -l8
[2.864s] Invoking command in '/home/orangepi/Robot_Project/AMR_Robot/amr_robot/build/amr_reality_pkg': CMAKE_PREFIX_PATH=${CMAKE_PREFIX_PATH}:/opt/ros/humble /usr/bin/cmake --install /home/orangepi/Robot_Project/AMR_Robot/amr_robot/build/amr_reality_pkg
[2.894s] -- Install configuration: ""
[2.895s] -- Execute custom install script
[2.896s] -- Symlinking: /home/orangepi/Robot_Project/AMR_Robot/amr_robot/install/amr_reality_pkg/share/amr_reality_pkg/config/robot_control//cia402_slave.eds
[2.926s] -- Symlinking: /home/orangepi/Robot_Project/AMR_Robot/amr_robot/install/amr_reality_pkg/share/amr_reality_pkg/config/robot_control//ros2_controllers.yaml
[2.957s] -- Symlinking: /home/orangepi/Robot_Project/AMR_Robot/amr_robot/install/amr_reality_pkg/share/amr_reality_pkg/config/robot_control//bus.yml
[2.986s] -- Symlinking: /home/orangepi/Robot_Project/AMR_Robot/amr_robot/install/amr_reality_pkg/share/amr_reality_pkg/config/robot_control//joint1.bin
[3.019s] -- Symlinking: /home/orangepi/Robot_Project/AMR_Robot/amr_robot/install/amr_reality_pkg/share/amr_reality_pkg/config/robot_control//joint2.bin
[3.048s] -- Symlinking: /home/orangepi/Robot_Project/AMR_Robot/amr_robot/install/amr_reality_pkg/share/amr_reality_pkg/config/robot_control//master.dcf
[3.074s] -- Symlinking: /home/orangepi/Robot_Project/AMR_Robot/amr_robot/install/amr_reality_pkg/share/amr_reality_pkg/config/robot_control//preprocessed_bus.yml
[3.107s] -- Up-to-date symlink: /home/orangepi/Robot_Project/AMR_Robot/amr_robot/install/amr_reality_pkg/share/amr_reality_pkg/launch/amr_reality.launch.py
[3.107s] -- Up-to-date symlink: /home/orangepi/Robot_Project/AMR_Robot/amr_robot/install/amr_reality_pkg/share/amr_reality_pkg/launch/localization_launch.py
[3.107s] -- Up-to-date symlink: /home/orangepi/Robot_Project/AMR_Robot/amr_robot/install/amr_reality_pkg/share/amr_reality_pkg/launch/navigation_launch.py
[3.108s] -- Up-to-date symlink: /home/orangepi/Robot_Project/AMR_Robot/amr_robot/install/amr_reality_pkg/share/amr_reality_pkg/launch/online_async_launch.py
[3.108s] -- Up-to-date symlink: /home/orangepi/Robot_Project/AMR_Robot/amr_robot/install/amr_reality_pkg/share/amr_reality_pkg/launch/slamtoolbox_localization.py
[3.109s] -- Up-to-date symlink: /home/orangepi/Robot_Project/AMR_Robot/amr_robot/install/amr_reality_pkg/share/amr_reality_pkg/descriptions/meshes/Imu_Link.STL
[3.110s] -- Up-to-date symlink: /home/orangepi/Robot_Project/AMR_Robot/amr_robot/install/amr_reality_pkg/share/amr_reality_pkg/descriptions/meshes/Left_Link.STL
[3.110s] -- Up-to-date symlink: /home/orangepi/Robot_Project/AMR_Robot/amr_robot/install/amr_reality_pkg/share/amr_reality_pkg/descriptions/meshes/Lidar_Link.STL
[3.110s] -- Up-to-date symlink: /home/orangepi/Robot_Project/AMR_Robot/amr_robot/install/amr_reality_pkg/share/amr_reality_pkg/descriptions/meshes/Right_Link.STL
[3.111s] -- Up-to-date symlink: /home/orangepi/Robot_Project/AMR_Robot/amr_robot/install/amr_reality_pkg/share/amr_reality_pkg/descriptions/meshes/Yaw_Behind_Left_Link.STL
[3.111s] -- Up-to-date symlink: /home/orangepi/Robot_Project/AMR_Robot/amr_robot/install/amr_reality_pkg/share/amr_reality_pkg/descriptions/meshes/Yaw_Behind_Right_Link.STL
[3.111s] -- Up-to-date symlink: /home/orangepi/Robot_Project/AMR_Robot/amr_robot/install/amr_reality_pkg/share/amr_reality_pkg/descriptions/meshes/Yaw_Front_Left_Link.STL
[3.113s] -- Up-to-date symlink: /home/orangepi/Robot_Project/AMR_Robot/amr_robot/install/amr_reality_pkg/share/amr_reality_pkg/descriptions/meshes/Yaw_Front_Right_Link.STL
[3.113s] -- Up-to-date symlink: /home/orangepi/Robot_Project/AMR_Robot/amr_robot/install/amr_reality_pkg/share/amr_reality_pkg/descriptions/meshes/base_link.STL
[3.113s] -- Up-to-date symlink: /home/orangepi/Robot_Project/AMR_Robot/amr_robot/install/amr_reality_pkg/share/amr_reality_pkg/descriptions/urdf/AMR1-00-Khung (1).SLDASM.urdf
[3.114s] -- Up-to-date symlink: /home/orangepi/Robot_Project/AMR_Robot/amr_robot/install/amr_reality_pkg/share/amr_reality_pkg/descriptions/urdf/robot.urdf.xacro
[3.115s] -- Up-to-date symlink: /home/orangepi/Robot_Project/AMR_Robot/amr_robot/install/amr_reality_pkg/share/amr_reality_pkg/descriptions/urdf/robot_controller/robot_controller.ros2_control.xacro
[3.115s] -- Up-to-date symlink: /home/orangepi/Robot_Project/AMR_Robot/amr_robot/install/amr_reality_pkg/share/amr_reality_pkg/descriptions/urdf/robot_controller/robot_controller.urdf.xacro
[3.115s] -- Up-to-date symlink: /home/orangepi/Robot_Project/AMR_Robot/amr_robot/install/amr_reality_pkg/share/amr_reality_pkg/config/ekf.yaml
[3.116s] -- Up-to-date symlink: /home/orangepi/Robot_Project/AMR_Robot/amr_robot/install/amr_reality_pkg/share/amr_reality_pkg/config/twist_mux.yaml
[3.116s] -- Up-to-date symlink: /home/orangepi/Robot_Project/AMR_Robot/amr_robot/install/amr_reality_pkg/share/amr_reality_pkg/config/laser_filter.yaml
[3.116s] -- Up-to-date symlink: /home/orangepi/Robot_Project/AMR_Robot/amr_robot/install/amr_reality_pkg/share/amr_reality_pkg/config/nav2_params.yaml
[3.116s] -- Up-to-date symlink: /home/orangepi/Robot_Project/AMR_Robot/amr_robot/install/amr_reality_pkg/share/amr_reality_pkg/config/mapper_params_online_async.yaml
[3.117s] -- Up-to-date symlink: /home/orangepi/Robot_Project/AMR_Robot/amr_robot/install/amr_reality_pkg/lib/amr_reality_pkg/ps4_teleop_node.py
[3.117s] -- Up-to-date symlink: /home/orangepi/Robot_Project/AMR_Robot/amr_robot/install/amr_reality_pkg/lib/amr_reality_pkg/imu_tl740D.py
[3.118s] -- Up-to-date symlink: /home/orangepi/Robot_Project/AMR_Robot/amr_robot/install/amr_reality_pkg/lib/amr_reality_pkg/cov_odom_scan.py
[3.119s] -- Up-to-date symlink: /home/orangepi/Robot_Project/AMR_Robot/amr_robot/install/amr_reality_pkg/lib/amr_reality_pkg/lidar_loc
[3.119s] -- Up-to-date symlink: /home/orangepi/Robot_Project/AMR_Robot/amr_robot/install/amr_reality_pkg/share/ament_index/resource_index/package_run_dependencies/amr_reality_pkg
[3.120s] -- Up-to-date symlink: /home/orangepi/Robot_Project/AMR_Robot/amr_robot/install/amr_reality_pkg/share/ament_index/resource_index/parent_prefix_path/amr_reality_pkg
[3.120s] -- Up-to-date symlink: /home/orangepi/Robot_Project/AMR_Robot/amr_robot/install/amr_reality_pkg/share/amr_reality_pkg/environment/ament_prefix_path.sh
[3.121s] -- Up-to-date symlink: /home/orangepi/Robot_Project/AMR_Robot/amr_robot/install/amr_reality_pkg/share/amr_reality_pkg/environment/ament_prefix_path.dsv
[3.121s] -- Up-to-date symlink: /home/orangepi/Robot_Project/AMR_Robot/amr_robot/install/amr_reality_pkg/share/amr_reality_pkg/environment/path.sh
[3.121s] -- Up-to-date symlink: /home/orangepi/Robot_Project/AMR_Robot/amr_robot/install/amr_reality_pkg/share/amr_reality_pkg/environment/path.dsv
[3.122s] -- Up-to-date symlink: /home/orangepi/Robot_Project/AMR_Robot/amr_robot/install/amr_reality_pkg/share/amr_reality_pkg/local_setup.bash
[3.122s] -- Up-to-date symlink: /home/orangepi/Robot_Project/AMR_Robot/amr_robot/install/amr_reality_pkg/share/amr_reality_pkg/local_setup.sh
[3.122s] -- Up-to-date symlink: /home/orangepi/Robot_Project/AMR_Robot/amr_robot/install/amr_reality_pkg/share/amr_reality_pkg/local_setup.zsh
[3.123s] -- Up-to-date symlink: /home/orangepi/Robot_Project/AMR_Robot/amr_robot/install/amr_reality_pkg/share/amr_reality_pkg/local_setup.dsv
[3.123s] -- Symlinking: /home/orangepi/Robot_Project/AMR_Robot/amr_robot/install/amr_reality_pkg/share/amr_reality_pkg/package.dsv
[3.154s] -- Up-to-date symlink: /home/orangepi/Robot_Project/AMR_Robot/amr_robot/install/amr_reality_pkg/share/ament_index/resource_index/packages/amr_reality_pkg
[3.155s] -- Up-to-date symlink: /home/orangepi/Robot_Project/AMR_Robot/amr_robot/install/amr_reality_pkg/share/amr_reality_pkg/cmake/amr_reality_pkgConfig.cmake
[3.156s] -- Up-to-date symlink: /home/orangepi/Robot_Project/AMR_Robot/amr_robot/install/amr_reality_pkg/share/amr_reality_pkg/cmake/amr_reality_pkgConfig-version.cmake
[3.157s] -- Up-to-date symlink: /home/orangepi/Robot_Project/AMR_Robot/amr_robot/install/amr_reality_pkg/share/amr_reality_pkg/package.xml
[3.169s] Invoked command in '/home/orangepi/Robot_Project/AMR_Robot/amr_robot/build/amr_reality_pkg' returned '0': CMAKE_PREFIX_PATH=${CMAKE_PREFIX_PATH}:/opt/ros/humble /usr/bin/cmake --install /home/orangepi/Robot_Project/AMR_Robot/amr_robot/build/amr_reality_pkg
