[0.012s] Invoking command in '/home/theanh/Robot_Project/AMR_Robot/amr1_ws/build/amr_sim_pkg': CMAKE_PREFIX_PATH=${CMAKE_PREFIX_PATH}:/opt/ros/humble /usr/bin/cmake /home/theanh/Robot_Project/AMR_Robot/amr1_ws/src/amr_sim_pkg -DAMENT_CMAKE_SYMLINK_INSTALL=1 -DCMAKE_INSTALL_PREFIX=/home/theanh/Robot_Project/AMR_Robot/amr1_ws/install/amr_sim_pkg
[0.070s] -- The C compiler identification is GNU 11.4.0
[0.128s] -- The CXX compiler identification is GNU 11.4.0
[0.136s] -- Detecting C compiler ABI info
[0.214s] -- Detecting C compiler ABI info - done
[0.222s] -- Check for working C compiler: /usr/bin/cc - skipped
[0.222s] -- Detecting C compile features
[0.222s] -- Detecting C compile features - done
[0.226s] -- Detecting CXX compiler ABI info
[0.317s] -- Detecting CXX compiler ABI info - done
[0.325s] -- Check for working CXX compiler: /usr/bin/c++ - skipped
[0.325s] -- Detecting CXX compile features
[0.326s] -- Detecting CXX compile features - done
[0.331s] -- Found ament_cmake: 1.3.14 (/opt/ros/humble/share/ament_cmake/cmake)
[0.488s] -- Found Python3: /usr/bin/python3 (found version "3.10.12") found components: Interpreter 
[0.547s] -- Override CMake install command with custom implementation using symlinks instead of copying resources
[0.611s] -- Found rclcpp: 16.0.19 (/opt/ros/humble/share/rclcpp/cmake)
[0.684s] -- Found rosidl_generator_c: 3.1.8 (/opt/ros/humble/share/rosidl_generator_c/cmake)
[0.694s] -- Found rosidl_adapter: 3.1.8 (/opt/ros/humble/share/rosidl_adapter/cmake)
[0.708s] -- Found rosidl_generator_cpp: 3.1.8 (/opt/ros/humble/share/rosidl_generator_cpp/cmake)
[0.725s] -- Using all available rosidl_typesupport_c: rosidl_typesupport_fastrtps_c;rosidl_typesupport_introspection_c
[0.749s] -- Using all available rosidl_typesupport_cpp: rosidl_typesupport_fastrtps_cpp;rosidl_typesupport_introspection_cpp
[0.818s] -- Found rmw_implementation_cmake: 6.1.2 (/opt/ros/humble/share/rmw_implementation_cmake/cmake)
[0.824s] -- Found rmw_fastrtps_cpp: 6.2.10 (/opt/ros/humble/share/rmw_fastrtps_cpp/cmake)
[0.950s] -- Found OpenSSL: /usr/lib/x86_64-linux-gnu/libcrypto.so (found version "3.0.2")  
[0.992s] -- Found FastRTPS: /opt/ros/humble/include  
[1.058s] -- Using RMW implementation 'rmw_fastrtps_cpp' as default
[1.074s] -- Looking for pthread.h
[1.157s] -- Looking for pthread.h - found
[1.157s] -- Performing Test CMAKE_HAVE_LIBC_PTHREAD
[1.240s] -- Performing Test CMAKE_HAVE_LIBC_PTHREAD - Success
[1.241s] -- Found Threads: TRUE  
[1.305s] -- Found robot_state_publisher: 3.0.3 (/opt/ros/humble/share/robot_state_publisher/cmake)
[1.355s] -- Found eigen3_cmake_module: 0.1.1 (/opt/ros/humble/share/eigen3_cmake_module/cmake)
[1.356s] -- Found Eigen3: TRUE (found version "3.4.0") 
[1.356s] -- Ensuring Eigen3 include directory is part of orocos-kdl CMake target
[1.570s] -- Found xacro: 2.1.1 (/opt/ros/humble/share/xacro/cmake)
[1.574s] -- Found ament_lint_auto: 0.12.15 (/opt/ros/humble/share/ament_lint_auto/cmake)
[1.672s] -- Added test 'flake8' to check Python code syntax and style conventions
[1.673s] -- Added test 'lint_cmake' to check CMake code style
[1.674s] -- Added test 'pep257' to check Python code against some of the docstring style conventions in PEP 257
[1.677s] -- Added test 'xmllint' to check XML markup files
[1.679s] -- Configuring done
[1.685s] -- Generating done
[1.688s] -- Build files have been written to: /home/theanh/Robot_Project/AMR_Robot/amr1_ws/build/amr_sim_pkg
[1.700s] Invoked command in '/home/theanh/Robot_Project/AMR_Robot/amr1_ws/build/amr_sim_pkg' returned '0': CMAKE_PREFIX_PATH=${CMAKE_PREFIX_PATH}:/opt/ros/humble /usr/bin/cmake /home/theanh/Robot_Project/AMR_Robot/amr1_ws/src/amr_sim_pkg -DAMENT_CMAKE_SYMLINK_INSTALL=1 -DCMAKE_INSTALL_PREFIX=/home/theanh/Robot_Project/AMR_Robot/amr1_ws/install/amr_sim_pkg
[1.701s] Invoking command in '/home/theanh/Robot_Project/AMR_Robot/amr1_ws/build/amr_sim_pkg': CMAKE_PREFIX_PATH=${CMAKE_PREFIX_PATH}:/opt/ros/humble /usr/bin/cmake --build /home/theanh/Robot_Project/AMR_Robot/amr1_ws/build/amr_sim_pkg -- -j15 -l15
[1.750s] Invoked command in '/home/theanh/Robot_Project/AMR_Robot/amr1_ws/build/amr_sim_pkg' returned '0': CMAKE_PREFIX_PATH=${CMAKE_PREFIX_PATH}:/opt/ros/humble /usr/bin/cmake --build /home/theanh/Robot_Project/AMR_Robot/amr1_ws/build/amr_sim_pkg -- -j15 -l15
[1.762s] Invoking command in '/home/theanh/Robot_Project/AMR_Robot/amr1_ws/build/amr_sim_pkg': CMAKE_PREFIX_PATH=${CMAKE_PREFIX_PATH}:/opt/ros/humble /usr/bin/cmake --install /home/theanh/Robot_Project/AMR_Robot/amr1_ws/build/amr_sim_pkg
[1.770s] -- Install configuration: ""
[1.771s] -- Execute custom install script
[1.771s] -- Symlinking: /home/theanh/Robot_Project/AMR_Robot/amr1_ws/install/amr_sim_pkg/share/amr_sim_pkg/launch/amr_sim.launch.py
[1.783s] -- Symlinking: /home/theanh/Robot_Project/AMR_Robot/amr1_ws/install/amr_sim_pkg/share/amr_sim_pkg/descriptions/urdf/gazebo_control.xacro
[1.793s] -- Symlinking: /home/theanh/Robot_Project/AMR_Robot/amr1_ws/install/amr_sim_pkg/share/amr_sim_pkg/descriptions/urdf/inertial_macros.xacro
[1.804s] -- Symlinking: /home/theanh/Robot_Project/AMR_Robot/amr1_ws/install/amr_sim_pkg/share/amr_sim_pkg/descriptions/urdf/robot.urdf.xacro
[1.815s] -- Symlinking: /home/theanh/Robot_Project/AMR_Robot/amr1_ws/install/amr_sim_pkg/share/amr_sim_pkg/descriptions/urdf/robot_core.xacro
[1.827s] -- Symlinking: /home/theanh/Robot_Project/AMR_Robot/amr1_ws/install/amr_sim_pkg/share/amr_sim_pkg/descriptions/urdf/ros2_control.urdf.xacro
[1.841s] -- Symlinking: /home/theanh/Robot_Project/AMR_Robot/amr1_ws/install/amr_sim_pkg/share/amr_sim_pkg/descriptions/urdf/sensors.xacro
[1.853s] -- Symlinking: /home/theanh/Robot_Project/AMR_Robot/amr1_ws/install/amr_sim_pkg/share/amr_sim_pkg/config/mapper_params_online_async.yaml
[1.865s] -- Symlinking: /home/theanh/Robot_Project/AMR_Robot/amr1_ws/install/amr_sim_pkg/share/amr_sim_pkg/config/nav2_params.yaml
[1.876s] -- Symlinking: /home/theanh/Robot_Project/AMR_Robot/amr1_ws/install/amr_sim_pkg/share/amr_sim_pkg/config/robot_control/ros2_controllers.yaml
[1.887s] -- Symlinking: /home/theanh/Robot_Project/AMR_Robot/amr1_ws/install/amr_sim_pkg/share/ament_index/resource_index/package_run_dependencies/amr_sim_pkg
[1.898s] -- Symlinking: /home/theanh/Robot_Project/AMR_Robot/amr1_ws/install/amr_sim_pkg/share/ament_index/resource_index/parent_prefix_path/amr_sim_pkg
[1.909s] -- Symlinking: /home/theanh/Robot_Project/AMR_Robot/amr1_ws/install/amr_sim_pkg/share/amr_sim_pkg/environment/ament_prefix_path.sh
[1.921s] -- Symlinking: /home/theanh/Robot_Project/AMR_Robot/amr1_ws/install/amr_sim_pkg/share/amr_sim_pkg/environment/ament_prefix_path.dsv
[1.932s] -- Symlinking: /home/theanh/Robot_Project/AMR_Robot/amr1_ws/install/amr_sim_pkg/share/amr_sim_pkg/environment/path.sh
[1.944s] -- Symlinking: /home/theanh/Robot_Project/AMR_Robot/amr1_ws/install/amr_sim_pkg/share/amr_sim_pkg/environment/path.dsv
[1.955s] -- Symlinking: /home/theanh/Robot_Project/AMR_Robot/amr1_ws/install/amr_sim_pkg/share/amr_sim_pkg/local_setup.bash
[1.965s] -- Symlinking: /home/theanh/Robot_Project/AMR_Robot/amr1_ws/install/amr_sim_pkg/share/amr_sim_pkg/local_setup.sh
[1.976s] -- Symlinking: /home/theanh/Robot_Project/AMR_Robot/amr1_ws/install/amr_sim_pkg/share/amr_sim_pkg/local_setup.zsh
[1.987s] -- Symlinking: /home/theanh/Robot_Project/AMR_Robot/amr1_ws/install/amr_sim_pkg/share/amr_sim_pkg/local_setup.dsv
[1.998s] -- Symlinking: /home/theanh/Robot_Project/AMR_Robot/amr1_ws/install/amr_sim_pkg/share/amr_sim_pkg/package.dsv
[2.012s] -- Symlinking: /home/theanh/Robot_Project/AMR_Robot/amr1_ws/install/amr_sim_pkg/share/ament_index/resource_index/packages/amr_sim_pkg
[2.023s] -- Symlinking: /home/theanh/Robot_Project/AMR_Robot/amr1_ws/install/amr_sim_pkg/share/amr_sim_pkg/cmake/amr_sim_pkgConfig.cmake
[2.034s] -- Symlinking: /home/theanh/Robot_Project/AMR_Robot/amr1_ws/install/amr_sim_pkg/share/amr_sim_pkg/cmake/amr_sim_pkgConfig-version.cmake
[2.045s] -- Symlinking: /home/theanh/Robot_Project/AMR_Robot/amr1_ws/install/amr_sim_pkg/share/amr_sim_pkg/package.xml
[2.058s] Invoked command in '/home/theanh/Robot_Project/AMR_Robot/amr1_ws/build/amr_sim_pkg' returned '0': CMAKE_PREFIX_PATH=${CMAKE_PREFIX_PATH}:/opt/ros/humble /usr/bin/cmake --install /home/theanh/Robot_Project/AMR_Robot/amr1_ws/build/amr_sim_pkg
