[0.056s] Invoking command in '/home/orangepi/Robot_Project/AMR_Robot/amr_robot/build/amr_reality_pkg': CMAKE_PREFIX_PATH=${CMAKE_PREFIX_PATH}:/opt/ros/humble /usr/bin/cmake --build /home/orangepi/Robot_Project/AMR_Robot/amr_robot/build/amr_reality_pkg -- -j8 -l8
[0.151s] [  0%] Built target robot_control_prepare
[0.161s] [100%] Built target plicp
[1.129s] joint1: writing 4 bytes to 0x1400/1: 02 02 00 80
[1.129s] joint1: writing 1 bytes to 0x1400/2: 01
[1.130s] joint1: writing 1 bytes to 0x1600/0: 00
[1.130s] joint1: writing 4 bytes to 0x1600/1: 10 00 40 60
[1.130s] joint1: writing 4 bytes to 0x1600/2: 08 00 60 60
[1.131s] joint1: writing 1 bytes to 0x1600/0: 02
[1.131s] joint1: writing 4 bytes to 0x1400/1: 02 02 00 00
[1.132s] joint1: writing 4 bytes to 0x1401/1: 02 03 00 80
[1.132s] joint1: writing 1 bytes to 0x1401/2: 01
[1.132s] joint1: writing 1 bytes to 0x1601/0: 00
[1.133s] joint1: writing 4 bytes to 0x1601/1: 20 00 7A 60
[1.133s] joint1: writing 4 bytes to 0x1601/2: 20 00 FF 60
[1.134s] joint1: writing 1 bytes to 0x1601/0: 02
[1.134s] joint1: writing 4 bytes to 0x1401/1: 02 03 00 00
[1.135s] joint1: writing 4 bytes to 0x1800/1: 82 01 00 80
[1.135s] joint1: writing 1 bytes to 0x1800/2: 01
[1.135s] joint1: writing 1 bytes to 0x1A00/0: 00
[1.136s] joint1: writing 4 bytes to 0x1A00/1: 10 00 41 60
[1.136s] joint1: writing 4 bytes to 0x1A00/2: 08 00 61 60
[1.137s] joint1: writing 1 bytes to 0x1A00/0: 02
[1.137s] joint1: writing 4 bytes to 0x1800/1: 82 01 00 00
[1.137s] joint1: writing 4 bytes to 0x1801/1: 82 02 00 80
[1.138s] joint1: writing 1 bytes to 0x1801/2: 01
[1.138s] joint1: writing 1 bytes to 0x1A01/0: 00
[1.139s] joint1: writing 4 bytes to 0x1A01/1: 20 00 64 60
[1.139s] joint1: writing 4 bytes to 0x1A01/2: 20 00 6C 60
[1.139s] joint1: writing 1 bytes to 0x1A01/0: 02
[1.140s] joint1: writing 4 bytes to 0x1801/1: 82 02 00 00
[1.140s] joint1: writing 4 bytes to 0x1802/1: 82 03 00 80
[1.141s] joint1: writing 1 bytes to 0x1802/2: 01
[1.141s] joint1: writing 1 bytes to 0x1A02/0: 00
[1.141s] joint1: writing 4 bytes to 0x1A02/1: 10 00 3F 60
[1.142s] joint1: writing 1 bytes to 0x1A02/0: 01
[1.142s] joint1: writing 4 bytes to 0x1802/1: 82 03 00 00
[1.143s] joint1: writing 2 bytes to 0x6040/0: 80 00
[1.143s] joint1: writing 4 bytes to 0x6083/0: A0 86 01 00
[1.143s] joint1: writing 4 bytes to 0x6084/0: A0 86 01 00
[1.144s] joint2: writing 4 bytes to 0x1400/1: 03 02 00 80
[1.144s] joint2: writing 1 bytes to 0x1400/2: 01
[1.145s] joint2: writing 1 bytes to 0x1600/0: 00
[1.145s] joint2: writing 4 bytes to 0x1600/1: 10 00 40 60
[1.145s] joint2: writing 4 bytes to 0x1600/2: 08 00 60 60
[1.146s] joint2: writing 1 bytes to 0x1600/0: 02
[1.146s] joint2: writing 4 bytes to 0x1400/1: 03 02 00 00
[1.147s] joint2: writing 4 bytes to 0x1401/1: 03 03 00 80
[1.147s] joint2: writing 1 bytes to 0x1401/2: 01
[1.148s] joint2: writing 1 bytes to 0x1601/0: 00
[1.148s] joint2: writing 4 bytes to 0x1601/1: 20 00 7A 60
[1.148s] joint2: writing 4 bytes to 0x1601/2: 20 00 FF 60
[1.149s] joint2: writing 1 bytes to 0x1601/0: 02
[1.149s] joint2: writing 4 bytes to 0x1401/1: 03 03 00 00
[1.150s] joint2: writing 4 bytes to 0x1800/1: 83 01 00 80
[1.150s] joint2: writing 1 bytes to 0x1800/2: 01
[1.151s] joint2: writing 1 bytes to 0x1A00/0: 00
[1.151s] joint2: writing 4 bytes to 0x1A00/1: 10 00 41 60
[1.151s] joint2: writing 4 bytes to 0x1A00/2: 08 00 61 60
[1.152s] joint2: writing 1 bytes to 0x1A00/0: 02
[1.152s] joint2: writing 4 bytes to 0x1800/1: 83 01 00 00
[1.153s] joint2: writing 4 bytes to 0x1801/1: 83 02 00 80
[1.153s] joint2: writing 1 bytes to 0x1801/2: 01
[1.153s] joint2: writing 1 bytes to 0x1A01/0: 00
[1.154s] joint2: writing 4 bytes to 0x1A01/1: 20 00 64 60
[1.154s] joint2: writing 4 bytes to 0x1A01/2: 20 00 6C 60
[1.155s] joint2: writing 1 bytes to 0x1A01/0: 02
[1.155s] joint2: writing 4 bytes to 0x1801/1: 83 02 00 00
[1.156s] joint2: writing 4 bytes to 0x1802/1: 83 03 00 80
[1.156s] joint2: writing 1 bytes to 0x1802/2: 01
[1.156s] joint2: writing 1 bytes to 0x1A02/0: 00
[1.157s] joint2: writing 4 bytes to 0x1A02/1: 10 00 3F 60
[1.157s] joint2: writing 1 bytes to 0x1A02/0: 01
[1.158s] joint2: writing 4 bytes to 0x1802/1: 83 03 00 00
[1.158s] joint2: writing 2 bytes to 0x6040/0: 80 00
[1.158s] joint2: writing 4 bytes to 0x6083/0: A0 86 01 00
[1.159s] joint2: writing 4 bytes to 0x6084/0: A0 86 01 00
[1.466s] [100%] Built target robot_control
[1.505s] Invoked command in '/home/orangepi/Robot_Project/AMR_Robot/amr_robot/build/amr_reality_pkg' returned '0': CMAKE_PREFIX_PATH=${CMAKE_PREFIX_PATH}:/opt/ros/humble /usr/bin/cmake --build /home/orangepi/Robot_Project/AMR_Robot/amr_robot/build/amr_reality_pkg -- -j8 -l8
[1.510s] Invoking command in '/home/orangepi/Robot_Project/AMR_Robot/amr_robot/build/amr_reality_pkg': CMAKE_PREFIX_PATH=${CMAKE_PREFIX_PATH}:/opt/ros/humble /usr/bin/cmake --install /home/orangepi/Robot_Project/AMR_Robot/amr_robot/build/amr_reality_pkg
[1.533s] -- Install configuration: ""
[1.535s] -- Execute custom install script
[1.537s] -- Symlinking: /home/orangepi/Robot_Project/AMR_Robot/amr_robot/install/amr_reality_pkg/share/amr_reality_pkg/config/robot_control//cia402_slave.eds
[1.565s] -- Symlinking: /home/orangepi/Robot_Project/AMR_Robot/amr_robot/install/amr_reality_pkg/share/amr_reality_pkg/config/robot_control//ros2_controllers.yaml
[1.593s] -- Symlinking: /home/orangepi/Robot_Project/AMR_Robot/amr_robot/install/amr_reality_pkg/share/amr_reality_pkg/config/robot_control//bus.yml
[1.623s] -- Symlinking: /home/orangepi/Robot_Project/AMR_Robot/amr_robot/install/amr_reality_pkg/share/amr_reality_pkg/config/robot_control//joint1.bin
[1.648s] -- Symlinking: /home/orangepi/Robot_Project/AMR_Robot/amr_robot/install/amr_reality_pkg/share/amr_reality_pkg/config/robot_control//joint2.bin
[1.669s] -- Symlinking: /home/orangepi/Robot_Project/AMR_Robot/amr_robot/install/amr_reality_pkg/share/amr_reality_pkg/config/robot_control//master.dcf
[1.685s] -- Symlinking: /home/orangepi/Robot_Project/AMR_Robot/amr_robot/install/amr_reality_pkg/share/amr_reality_pkg/config/robot_control//preprocessed_bus.yml
[1.698s] -- Up-to-date symlink: /home/orangepi/Robot_Project/AMR_Robot/amr_robot/install/amr_reality_pkg/share/amr_reality_pkg/launch/amr_reality.launch.py
[1.699s] -- Up-to-date symlink: /home/orangepi/Robot_Project/AMR_Robot/amr_robot/install/amr_reality_pkg/share/amr_reality_pkg/launch/localization_launch.py
[1.699s] -- Up-to-date symlink: /home/orangepi/Robot_Project/AMR_Robot/amr_robot/install/amr_reality_pkg/share/amr_reality_pkg/launch/navigation_launch.py
[1.700s] -- Up-to-date symlink: /home/orangepi/Robot_Project/AMR_Robot/amr_robot/install/amr_reality_pkg/share/amr_reality_pkg/launch/online_async_launch.py
[1.700s] -- Up-to-date symlink: /home/orangepi/Robot_Project/AMR_Robot/amr_robot/install/amr_reality_pkg/share/amr_reality_pkg/launch/slamtoolbox_localization.py
[1.702s] -- Up-to-date symlink: /home/orangepi/Robot_Project/AMR_Robot/amr_robot/install/amr_reality_pkg/share/amr_reality_pkg/descriptions/meshes/Imu_Link.STL
[1.703s] -- Up-to-date symlink: /home/orangepi/Robot_Project/AMR_Robot/amr_robot/install/amr_reality_pkg/share/amr_reality_pkg/descriptions/meshes/Left_Link.STL
[1.703s] -- Up-to-date symlink: /home/orangepi/Robot_Project/AMR_Robot/amr_robot/install/amr_reality_pkg/share/amr_reality_pkg/descriptions/meshes/Lidar_Link.STL
[1.704s] -- Up-to-date symlink: /home/orangepi/Robot_Project/AMR_Robot/amr_robot/install/amr_reality_pkg/share/amr_reality_pkg/descriptions/meshes/Right_Link.STL
[1.705s] -- Up-to-date symlink: /home/orangepi/Robot_Project/AMR_Robot/amr_robot/install/amr_reality_pkg/share/amr_reality_pkg/descriptions/meshes/Yaw_Behind_Left_Link.STL
[1.705s] -- Up-to-date symlink: /home/orangepi/Robot_Project/AMR_Robot/amr_robot/install/amr_reality_pkg/share/amr_reality_pkg/descriptions/meshes/Yaw_Behind_Right_Link.STL
[1.706s] -- Up-to-date symlink: /home/orangepi/Robot_Project/AMR_Robot/amr_robot/install/amr_reality_pkg/share/amr_reality_pkg/descriptions/meshes/Yaw_Front_Left_Link.STL
[1.706s] -- Up-to-date symlink: /home/orangepi/Robot_Project/AMR_Robot/amr_robot/install/amr_reality_pkg/share/amr_reality_pkg/descriptions/meshes/Yaw_Front_Right_Link.STL
[1.707s] -- Up-to-date symlink: /home/orangepi/Robot_Project/AMR_Robot/amr_robot/install/amr_reality_pkg/share/amr_reality_pkg/descriptions/meshes/base_link.STL
[1.707s] -- Up-to-date symlink: /home/orangepi/Robot_Project/AMR_Robot/amr_robot/install/amr_reality_pkg/share/amr_reality_pkg/descriptions/meshes_2/Imu_Link.STL
[1.708s] -- Up-to-date symlink: /home/orangepi/Robot_Project/AMR_Robot/amr_robot/install/amr_reality_pkg/share/amr_reality_pkg/descriptions/meshes_2/Left_Link.STL
[1.708s] -- Up-to-date symlink: /home/orangepi/Robot_Project/AMR_Robot/amr_robot/install/amr_reality_pkg/share/amr_reality_pkg/descriptions/meshes_2/Lidar_Link.STL
[1.709s] -- Up-to-date symlink: /home/orangepi/Robot_Project/AMR_Robot/amr_robot/install/amr_reality_pkg/share/amr_reality_pkg/descriptions/meshes_2/Right_Link.STL
[1.710s] -- Up-to-date symlink: /home/orangepi/Robot_Project/AMR_Robot/amr_robot/install/amr_reality_pkg/share/amr_reality_pkg/descriptions/meshes_2/Yaw_Behind_Left_Link.STL
[1.710s] -- Up-to-date symlink: /home/orangepi/Robot_Project/AMR_Robot/amr_robot/install/amr_reality_pkg/share/amr_reality_pkg/descriptions/meshes_2/Yaw_Behind_Right_Link.STL
[1.711s] -- Up-to-date symlink: /home/orangepi/Robot_Project/AMR_Robot/amr_robot/install/amr_reality_pkg/share/amr_reality_pkg/descriptions/meshes_2/Yaw_Front_Left_Link.STL
[1.711s] -- Up-to-date symlink: /home/orangepi/Robot_Project/AMR_Robot/amr_robot/install/amr_reality_pkg/share/amr_reality_pkg/descriptions/meshes_2/Yaw_Front_Right_Link.STL
[1.712s] -- Up-to-date symlink: /home/orangepi/Robot_Project/AMR_Robot/amr_robot/install/amr_reality_pkg/share/amr_reality_pkg/descriptions/meshes_2/base_link.STL
[1.713s] -- Up-to-date symlink: /home/orangepi/Robot_Project/AMR_Robot/amr_robot/install/amr_reality_pkg/share/amr_reality_pkg/descriptions/urdf/AMR1-00-Khung (1).SLDASM.urdf
[1.713s] -- Up-to-date symlink: /home/orangepi/Robot_Project/AMR_Robot/amr_robot/install/amr_reality_pkg/share/amr_reality_pkg/descriptions/urdf/AMR1-00-Khung_urdf.SLDASM.urdf
[1.714s] -- Up-to-date symlink: /home/orangepi/Robot_Project/AMR_Robot/amr_robot/install/amr_reality_pkg/share/amr_reality_pkg/descriptions/urdf/robot.urdf.xacro
[1.714s] -- Up-to-date symlink: /home/orangepi/Robot_Project/AMR_Robot/amr_robot/install/amr_reality_pkg/share/amr_reality_pkg/descriptions/urdf/robot_controller/robot_controller.ros2_control.xacro
[1.715s] -- Up-to-date symlink: /home/orangepi/Robot_Project/AMR_Robot/amr_robot/install/amr_reality_pkg/share/amr_reality_pkg/descriptions/urdf/robot_controller/robot_controller.urdf.xacro
[1.716s] -- Up-to-date symlink: /home/orangepi/Robot_Project/AMR_Robot/amr_robot/install/amr_reality_pkg/share/amr_reality_pkg/config/ekf.yaml
[1.717s] -- Up-to-date symlink: /home/orangepi/Robot_Project/AMR_Robot/amr_robot/install/amr_reality_pkg/share/amr_reality_pkg/config/twist_mux.yaml
[1.717s] -- Up-to-date symlink: /home/orangepi/Robot_Project/AMR_Robot/amr_robot/install/amr_reality_pkg/share/amr_reality_pkg/config/laser_filter.yaml
[1.718s] -- Up-to-date symlink: /home/orangepi/Robot_Project/AMR_Robot/amr_robot/install/amr_reality_pkg/share/amr_reality_pkg/config/nav2_params.yaml
[1.718s] -- Up-to-date symlink: /home/orangepi/Robot_Project/AMR_Robot/amr_robot/install/amr_reality_pkg/share/amr_reality_pkg/config/mapper_params_online_async.yaml
[1.719s] -- Up-to-date symlink: /home/orangepi/Robot_Project/AMR_Robot/amr_robot/install/amr_reality_pkg/share/amr_reality_pkg/config/collision_monitor_params.yaml
[1.719s] -- Up-to-date symlink: /home/orangepi/Robot_Project/AMR_Robot/amr_robot/install/amr_reality_pkg/lib/amr_reality_pkg/ps4_teleop_node.py
[1.720s] -- Up-to-date symlink: /home/orangepi/Robot_Project/AMR_Robot/amr_robot/install/amr_reality_pkg/lib/amr_reality_pkg/imu_tl740D.py
[1.720s] -- Up-to-date symlink: /home/orangepi/Robot_Project/AMR_Robot/amr_robot/install/amr_reality_pkg/lib/amr_reality_pkg/cov_odom_scan.py
[1.721s] -- Up-to-date symlink: /home/orangepi/Robot_Project/AMR_Robot/amr_robot/install/amr_reality_pkg/lib/amr_reality_pkg/publish_test_path.py
[1.722s] -- Up-to-date symlink: /home/orangepi/Robot_Project/AMR_Robot/amr_robot/install/amr_reality_pkg/lib/amr_reality_pkg/plicp
[1.723s] -- Up-to-date symlink: /home/orangepi/Robot_Project/AMR_Robot/amr_robot/install/amr_reality_pkg/share/ament_index/resource_index/package_run_dependencies/amr_reality_pkg
[1.723s] -- Up-to-date symlink: /home/orangepi/Robot_Project/AMR_Robot/amr_robot/install/amr_reality_pkg/share/ament_index/resource_index/parent_prefix_path/amr_reality_pkg
[1.724s] -- Up-to-date symlink: /home/orangepi/Robot_Project/AMR_Robot/amr_robot/install/amr_reality_pkg/share/amr_reality_pkg/environment/ament_prefix_path.sh
[1.725s] -- Up-to-date symlink: /home/orangepi/Robot_Project/AMR_Robot/amr_robot/install/amr_reality_pkg/share/amr_reality_pkg/environment/ament_prefix_path.dsv
[1.726s] -- Up-to-date symlink: /home/orangepi/Robot_Project/AMR_Robot/amr_robot/install/amr_reality_pkg/share/amr_reality_pkg/environment/path.sh
[1.726s] -- Up-to-date symlink: /home/orangepi/Robot_Project/AMR_Robot/amr_robot/install/amr_reality_pkg/share/amr_reality_pkg/environment/path.dsv
[1.727s] -- Up-to-date symlink: /home/orangepi/Robot_Project/AMR_Robot/amr_robot/install/amr_reality_pkg/share/amr_reality_pkg/local_setup.bash
[1.728s] -- Up-to-date symlink: /home/orangepi/Robot_Project/AMR_Robot/amr_robot/install/amr_reality_pkg/share/amr_reality_pkg/local_setup.sh
[1.728s] -- Up-to-date symlink: /home/orangepi/Robot_Project/AMR_Robot/amr_robot/install/amr_reality_pkg/share/amr_reality_pkg/local_setup.zsh
[1.729s] -- Up-to-date symlink: /home/orangepi/Robot_Project/AMR_Robot/amr_robot/install/amr_reality_pkg/share/amr_reality_pkg/local_setup.dsv
[1.730s] -- Symlinking: /home/orangepi/Robot_Project/AMR_Robot/amr_robot/install/amr_reality_pkg/share/amr_reality_pkg/package.dsv
[1.760s] -- Up-to-date symlink: /home/orangepi/Robot_Project/AMR_Robot/amr_robot/install/amr_reality_pkg/share/ament_index/resource_index/packages/amr_reality_pkg
[1.761s] -- Up-to-date symlink: /home/orangepi/Robot_Project/AMR_Robot/amr_robot/install/amr_reality_pkg/share/amr_reality_pkg/cmake/amr_reality_pkgConfig.cmake
[1.761s] -- Up-to-date symlink: /home/orangepi/Robot_Project/AMR_Robot/amr_robot/install/amr_reality_pkg/share/amr_reality_pkg/cmake/amr_reality_pkgConfig-version.cmake
[1.762s] -- Up-to-date symlink: /home/orangepi/Robot_Project/AMR_Robot/amr_robot/install/amr_reality_pkg/share/amr_reality_pkg/package.xml
[1.767s] Invoked command in '/home/orangepi/Robot_Project/AMR_Robot/amr_robot/build/amr_reality_pkg' returned '0': CMAKE_PREFIX_PATH=${CMAKE_PREFIX_PATH}:/opt/ros/humble /usr/bin/cmake --install /home/orangepi/Robot_Project/AMR_Robot/amr_robot/build/amr_reality_pkg
