[0.119s] DEBUG:colcon:Command line arguments: ['/usr/bin/colcon', 'build', '--symlink-install']
[0.119s] DEBUG:colcon:Parsed command line arguments: Namespace(log_base=None, log_level=None, verb_name='build', build_base='build', install_base='install', merge_install=False, symlink_install=True, test_result_base=None, continue_on_error=False, executor='parallel', parallel_workers=15, event_handlers=None, ignore_user_meta=False, metas=['./colcon.meta'], base_paths=['.'], packages_ignore=None, packages_ignore_regex=None, paths=None, packages_up_to=None, packages_up_to_regex=None, packages_above=None, packages_above_and_dependencies=None, packages_above_depth=None, packages_select_by_dep=None, packages_skip_by_dep=None, packages_skip_up_to=None, packages_select_build_failed=False, packages_skip_build_finished=False, packages_select_test_failures=False, packages_skip_test_passed=False, packages_select=None, packages_skip=None, packages_select_regex=None, packages_skip_regex=None, packages_start=None, packages_end=None, allow_overriding=[], cmake_args=None, cmake_target=None, cmake_target_skip_unavailable=False, cmake_clean_cache=False, cmake_clean_first=False, cmake_force_configure=False, ament_cmake_args=None, catkin_cmake_args=None, catkin_skip_building_tests=False, verb_parser=<colcon_defaults.argument_parser.defaults.DefaultArgumentsDecorator object at 0x7d64ca22f250>, verb_extension=<colcon_core.verb.build.BuildVerb object at 0x7d64ca3f9090>, main=<bound method BuildVerb.main of <colcon_core.verb.build.BuildVerb object at 0x7d64ca3f9090>>)
[0.360s] Level 1:colcon.colcon_core.package_discovery:discover_packages(colcon_meta) check parameters
[0.360s] Level 1:colcon.colcon_core.package_discovery:discover_packages(recursive) check parameters
[0.360s] Level 1:colcon.colcon_core.package_discovery:discover_packages(ignore) check parameters
[0.360s] Level 1:colcon.colcon_core.package_discovery:discover_packages(path) check parameters
[0.360s] Level 1:colcon.colcon_core.package_discovery:discover_packages(colcon_meta) discover
[0.361s] Level 1:colcon.colcon_core.package_discovery:discover_packages(recursive) discover
[0.361s] INFO:colcon.colcon_core.package_discovery:Crawling recursively for packages in '/home/theanh/Robot_Project/AMR_Robot/amr1_ws'
[0.361s] Level 1:colcon.colcon_core.package_identification:_identify(.) by extensions ['ignore', 'ignore_ament_install']
[0.361s] Level 1:colcon.colcon_core.package_identification:_identify(.) by extension 'ignore'
[0.361s] Level 1:colcon.colcon_core.package_identification:_identify(.) by extension 'ignore_ament_install'
[0.361s] Level 1:colcon.colcon_core.package_identification:_identify(.) by extensions ['colcon_pkg']
[0.361s] Level 1:colcon.colcon_core.package_identification:_identify(.) by extension 'colcon_pkg'
[0.361s] Level 1:colcon.colcon_core.package_identification:_identify(.) by extensions ['colcon_meta']
[0.361s] Level 1:colcon.colcon_core.package_identification:_identify(.) by extension 'colcon_meta'
[0.361s] Level 1:colcon.colcon_core.package_identification:_identify(.) by extensions ['ros']
[0.361s] Level 1:colcon.colcon_core.package_identification:_identify(.) by extension 'ros'
[0.385s] Level 1:colcon.colcon_core.package_identification:_identify(.) by extensions ['cmake', 'python']
[0.385s] Level 1:colcon.colcon_core.package_identification:_identify(.) by extension 'cmake'
[0.385s] Level 1:colcon.colcon_core.package_identification:_identify(.) by extension 'python'
[0.385s] Level 1:colcon.colcon_core.package_identification:_identify(.) by extensions ['python_setup_py']
[0.385s] Level 1:colcon.colcon_core.package_identification:_identify(.) by extension 'python_setup_py'
[0.385s] Level 1:colcon.colcon_core.package_identification:_identify(build) by extensions ['ignore', 'ignore_ament_install']
[0.385s] Level 1:colcon.colcon_core.package_identification:_identify(build) by extension 'ignore'
[0.385s] Level 1:colcon.colcon_core.package_identification:_identify(build) ignored
[0.385s] Level 1:colcon.colcon_core.package_identification:_identify(install) by extensions ['ignore', 'ignore_ament_install']
[0.385s] Level 1:colcon.colcon_core.package_identification:_identify(install) by extension 'ignore'
[0.386s] Level 1:colcon.colcon_core.package_identification:_identify(install) ignored
[0.386s] Level 1:colcon.colcon_core.package_identification:_identify(log) by extensions ['ignore', 'ignore_ament_install']
[0.386s] Level 1:colcon.colcon_core.package_identification:_identify(log) by extension 'ignore'
[0.386s] Level 1:colcon.colcon_core.package_identification:_identify(log) ignored
[0.386s] Level 1:colcon.colcon_core.package_identification:_identify(src) by extensions ['ignore', 'ignore_ament_install']
[0.386s] Level 1:colcon.colcon_core.package_identification:_identify(src) by extension 'ignore'
[0.386s] Level 1:colcon.colcon_core.package_identification:_identify(src) by extension 'ignore_ament_install'
[0.386s] Level 1:colcon.colcon_core.package_identification:_identify(src) by extensions ['colcon_pkg']
[0.386s] Level 1:colcon.colcon_core.package_identification:_identify(src) by extension 'colcon_pkg'
[0.386s] Level 1:colcon.colcon_core.package_identification:_identify(src) by extensions ['colcon_meta']
[0.386s] Level 1:colcon.colcon_core.package_identification:_identify(src) by extension 'colcon_meta'
[0.386s] Level 1:colcon.colcon_core.package_identification:_identify(src) by extensions ['ros']
[0.386s] Level 1:colcon.colcon_core.package_identification:_identify(src) by extension 'ros'
[0.386s] Level 1:colcon.colcon_core.package_identification:_identify(src) by extensions ['cmake', 'python']
[0.386s] Level 1:colcon.colcon_core.package_identification:_identify(src) by extension 'cmake'
[0.386s] Level 1:colcon.colcon_core.package_identification:_identify(src) by extension 'python'
[0.386s] Level 1:colcon.colcon_core.package_identification:_identify(src) by extensions ['python_setup_py']
[0.386s] Level 1:colcon.colcon_core.package_identification:_identify(src) by extension 'python_setup_py'
[0.387s] Level 1:colcon.colcon_core.package_identification:_identify(src/amr_reality_pkg) by extensions ['ignore', 'ignore_ament_install']
[0.387s] Level 1:colcon.colcon_core.package_identification:_identify(src/amr_reality_pkg) by extension 'ignore'
[0.387s] Level 1:colcon.colcon_core.package_identification:_identify(src/amr_reality_pkg) by extension 'ignore_ament_install'
[0.387s] Level 1:colcon.colcon_core.package_identification:_identify(src/amr_reality_pkg) by extensions ['colcon_pkg']
[0.387s] Level 1:colcon.colcon_core.package_identification:_identify(src/amr_reality_pkg) by extension 'colcon_pkg'
[0.387s] Level 1:colcon.colcon_core.package_identification:_identify(src/amr_reality_pkg) by extensions ['colcon_meta']
[0.387s] Level 1:colcon.colcon_core.package_identification:_identify(src/amr_reality_pkg) by extension 'colcon_meta'
[0.387s] Level 1:colcon.colcon_core.package_identification:_identify(src/amr_reality_pkg) by extensions ['ros']
[0.387s] Level 1:colcon.colcon_core.package_identification:_identify(src/amr_reality_pkg) by extension 'ros'
[0.389s] DEBUG:colcon.colcon_core.package_identification:Package 'src/amr_reality_pkg' with type 'ros.ament_cmake' and name 'amr_reality_pkg'
[0.389s] Level 1:colcon.colcon_core.package_identification:_identify(src/amr_sim_pkg) by extensions ['ignore', 'ignore_ament_install']
[0.389s] Level 1:colcon.colcon_core.package_identification:_identify(src/amr_sim_pkg) by extension 'ignore'
[0.390s] Level 1:colcon.colcon_core.package_identification:_identify(src/amr_sim_pkg) by extension 'ignore_ament_install'
[0.390s] Level 1:colcon.colcon_core.package_identification:_identify(src/amr_sim_pkg) by extensions ['colcon_pkg']
[0.390s] Level 1:colcon.colcon_core.package_identification:_identify(src/amr_sim_pkg) by extension 'colcon_pkg'
[0.390s] Level 1:colcon.colcon_core.package_identification:_identify(src/amr_sim_pkg) by extensions ['colcon_meta']
[0.390s] Level 1:colcon.colcon_core.package_identification:_identify(src/amr_sim_pkg) by extension 'colcon_meta'
[0.390s] Level 1:colcon.colcon_core.package_identification:_identify(src/amr_sim_pkg) by extensions ['ros']
[0.390s] Level 1:colcon.colcon_core.package_identification:_identify(src/amr_sim_pkg) by extension 'ros'
[0.390s] DEBUG:colcon.colcon_core.package_identification:Package 'src/amr_sim_pkg' with type 'ros.ament_cmake' and name 'amr_sim_pkg'
[0.390s] Level 1:colcon.colcon_core.package_identification:_identify(src/laser_filters) by extensions ['ignore', 'ignore_ament_install']
[0.391s] Level 1:colcon.colcon_core.package_identification:_identify(src/laser_filters) by extension 'ignore'
[0.391s] Level 1:colcon.colcon_core.package_identification:_identify(src/laser_filters) by extension 'ignore_ament_install'
[0.391s] Level 1:colcon.colcon_core.package_identification:_identify(src/laser_filters) by extensions ['colcon_pkg']
[0.391s] Level 1:colcon.colcon_core.package_identification:_identify(src/laser_filters) by extension 'colcon_pkg'
[0.391s] Level 1:colcon.colcon_core.package_identification:_identify(src/laser_filters) by extensions ['colcon_meta']
[0.391s] Level 1:colcon.colcon_core.package_identification:_identify(src/laser_filters) by extension 'colcon_meta'
[0.391s] Level 1:colcon.colcon_core.package_identification:_identify(src/laser_filters) by extensions ['ros']
[0.391s] Level 1:colcon.colcon_core.package_identification:_identify(src/laser_filters) by extension 'ros'
[0.392s] DEBUG:colcon.colcon_core.package_identification:Package 'src/laser_filters' with type 'ros.ament_cmake' and name 'laser_filters'
[0.393s] Level 1:colcon.colcon_core.package_identification:_identify(src/sllidar_ros2) by extensions ['ignore', 'ignore_ament_install']
[0.393s] Level 1:colcon.colcon_core.package_identification:_identify(src/sllidar_ros2) by extension 'ignore'
[0.393s] Level 1:colcon.colcon_core.package_identification:_identify(src/sllidar_ros2) by extension 'ignore_ament_install'
[0.393s] Level 1:colcon.colcon_core.package_identification:_identify(src/sllidar_ros2) by extensions ['colcon_pkg']
[0.393s] Level 1:colcon.colcon_core.package_identification:_identify(src/sllidar_ros2) by extension 'colcon_pkg'
[0.393s] Level 1:colcon.colcon_core.package_identification:_identify(src/sllidar_ros2) by extensions ['colcon_meta']
[0.393s] Level 1:colcon.colcon_core.package_identification:_identify(src/sllidar_ros2) by extension 'colcon_meta'
[0.393s] Level 1:colcon.colcon_core.package_identification:_identify(src/sllidar_ros2) by extensions ['ros']
[0.393s] Level 1:colcon.colcon_core.package_identification:_identify(src/sllidar_ros2) by extension 'ros'
[0.394s] DEBUG:colcon.colcon_core.package_identification:Package 'src/sllidar_ros2' with type 'ros.ament_cmake' and name 'sllidar_ros2'
[0.394s] Level 1:colcon.colcon_core.package_discovery:discover_packages(recursive) using defaults
[0.394s] Level 1:colcon.colcon_core.package_discovery:discover_packages(ignore) discover
[0.394s] Level 1:colcon.colcon_core.package_discovery:discover_packages(ignore) using defaults
[0.394s] Level 1:colcon.colcon_core.package_discovery:discover_packages(path) discover
[0.394s] Level 1:colcon.colcon_core.package_discovery:discover_packages(path) using defaults
[0.414s] Level 1:colcon.colcon_core.package_discovery:discover_packages(prefix_path) check parameters
[0.414s] Level 1:colcon.colcon_core.package_discovery:discover_packages(prefix_path) discover
[0.417s] DEBUG:colcon.colcon_installed_package_information.package_discovery:Found 4 installed packages in /home/theanh/Robot_Project/AMR_Robot/amr1_ws/install
[0.418s] DEBUG:colcon.colcon_installed_package_information.package_discovery:Found 9 installed packages in /home/theanh/ros2_ws1/install
[0.419s] DEBUG:colcon.colcon_installed_package_information.package_discovery:Found 2 installed packages in /home/theanh/agv_test_ws/install
[0.421s] DEBUG:colcon.colcon_installed_package_information.package_discovery:Found 484 installed packages in /opt/ros/humble
[0.423s] Level 1:colcon.colcon_core.package_discovery:discover_packages(prefix_path) using defaults
[0.486s] Level 5:colcon.colcon_core.verb:set package 'amr_reality_pkg' build argument 'cmake_args' from command line to 'None'
[0.486s] Level 5:colcon.colcon_core.verb:set package 'amr_reality_pkg' build argument 'cmake_target' from command line to 'None'
[0.486s] Level 5:colcon.colcon_core.verb:set package 'amr_reality_pkg' build argument 'cmake_target_skip_unavailable' from command line to 'False'
[0.486s] Level 5:colcon.colcon_core.verb:set package 'amr_reality_pkg' build argument 'cmake_clean_cache' from command line to 'False'
[0.486s] Level 5:colcon.colcon_core.verb:set package 'amr_reality_pkg' build argument 'cmake_clean_first' from command line to 'False'
[0.486s] Level 5:colcon.colcon_core.verb:set package 'amr_reality_pkg' build argument 'cmake_force_configure' from command line to 'False'
[0.486s] Level 5:colcon.colcon_core.verb:set package 'amr_reality_pkg' build argument 'ament_cmake_args' from command line to 'None'
[0.487s] Level 5:colcon.colcon_core.verb:set package 'amr_reality_pkg' build argument 'catkin_cmake_args' from command line to 'None'
[0.487s] Level 5:colcon.colcon_core.verb:set package 'amr_reality_pkg' build argument 'catkin_skip_building_tests' from command line to 'False'
[0.487s] DEBUG:colcon.colcon_core.verb:Building package 'amr_reality_pkg' with the following arguments: {'ament_cmake_args': None, 'build_base': '/home/theanh/Robot_Project/AMR_Robot/amr1_ws/build/amr_reality_pkg', 'catkin_cmake_args': None, 'catkin_skip_building_tests': False, 'cmake_args': None, 'cmake_clean_cache': False, 'cmake_clean_first': False, 'cmake_force_configure': False, 'cmake_target': None, 'cmake_target_skip_unavailable': False, 'install_base': '/home/theanh/Robot_Project/AMR_Robot/amr1_ws/install/amr_reality_pkg', 'merge_install': False, 'path': '/home/theanh/Robot_Project/AMR_Robot/amr1_ws/src/amr_reality_pkg', 'symlink_install': True, 'test_result_base': None}
[0.487s] Level 5:colcon.colcon_core.verb:set package 'amr_sim_pkg' build argument 'cmake_args' from command line to 'None'
[0.487s] Level 5:colcon.colcon_core.verb:set package 'amr_sim_pkg' build argument 'cmake_target' from command line to 'None'
[0.487s] Level 5:colcon.colcon_core.verb:set package 'amr_sim_pkg' build argument 'cmake_target_skip_unavailable' from command line to 'False'
[0.487s] Level 5:colcon.colcon_core.verb:set package 'amr_sim_pkg' build argument 'cmake_clean_cache' from command line to 'False'
[0.487s] Level 5:colcon.colcon_core.verb:set package 'amr_sim_pkg' build argument 'cmake_clean_first' from command line to 'False'
[0.487s] Level 5:colcon.colcon_core.verb:set package 'amr_sim_pkg' build argument 'cmake_force_configure' from command line to 'False'
[0.487s] Level 5:colcon.colcon_core.verb:set package 'amr_sim_pkg' build argument 'ament_cmake_args' from command line to 'None'
[0.487s] Level 5:colcon.colcon_core.verb:set package 'amr_sim_pkg' build argument 'catkin_cmake_args' from command line to 'None'
[0.487s] Level 5:colcon.colcon_core.verb:set package 'amr_sim_pkg' build argument 'catkin_skip_building_tests' from command line to 'False'
[0.487s] DEBUG:colcon.colcon_core.verb:Building package 'amr_sim_pkg' with the following arguments: {'ament_cmake_args': None, 'build_base': '/home/theanh/Robot_Project/AMR_Robot/amr1_ws/build/amr_sim_pkg', 'catkin_cmake_args': None, 'catkin_skip_building_tests': False, 'cmake_args': None, 'cmake_clean_cache': False, 'cmake_clean_first': False, 'cmake_force_configure': False, 'cmake_target': None, 'cmake_target_skip_unavailable': False, 'install_base': '/home/theanh/Robot_Project/AMR_Robot/amr1_ws/install/amr_sim_pkg', 'merge_install': False, 'path': '/home/theanh/Robot_Project/AMR_Robot/amr1_ws/src/amr_sim_pkg', 'symlink_install': True, 'test_result_base': None}
[0.487s] Level 5:colcon.colcon_core.verb:set package 'laser_filters' build argument 'cmake_args' from command line to 'None'
[0.487s] Level 5:colcon.colcon_core.verb:set package 'laser_filters' build argument 'cmake_target' from command line to 'None'
[0.487s] Level 5:colcon.colcon_core.verb:set package 'laser_filters' build argument 'cmake_target_skip_unavailable' from command line to 'False'
[0.487s] Level 5:colcon.colcon_core.verb:set package 'laser_filters' build argument 'cmake_clean_cache' from command line to 'False'
[0.487s] Level 5:colcon.colcon_core.verb:set package 'laser_filters' build argument 'cmake_clean_first' from command line to 'False'
[0.487s] Level 5:colcon.colcon_core.verb:set package 'laser_filters' build argument 'cmake_force_configure' from command line to 'False'
[0.488s] Level 5:colcon.colcon_core.verb:set package 'laser_filters' build argument 'ament_cmake_args' from command line to 'None'
[0.488s] Level 5:colcon.colcon_core.verb:set package 'laser_filters' build argument 'catkin_cmake_args' from command line to 'None'
[0.488s] Level 5:colcon.colcon_core.verb:set package 'laser_filters' build argument 'catkin_skip_building_tests' from command line to 'False'
[0.488s] DEBUG:colcon.colcon_core.verb:Building package 'laser_filters' with the following arguments: {'ament_cmake_args': None, 'build_base': '/home/theanh/Robot_Project/AMR_Robot/amr1_ws/build/laser_filters', 'catkin_cmake_args': None, 'catkin_skip_building_tests': False, 'cmake_args': None, 'cmake_clean_cache': False, 'cmake_clean_first': False, 'cmake_force_configure': False, 'cmake_target': None, 'cmake_target_skip_unavailable': False, 'install_base': '/home/theanh/Robot_Project/AMR_Robot/amr1_ws/install/laser_filters', 'merge_install': False, 'path': '/home/theanh/Robot_Project/AMR_Robot/amr1_ws/src/laser_filters', 'symlink_install': True, 'test_result_base': None}
[0.488s] Level 5:colcon.colcon_core.verb:set package 'sllidar_ros2' build argument 'cmake_args' from command line to 'None'
[0.488s] Level 5:colcon.colcon_core.verb:set package 'sllidar_ros2' build argument 'cmake_target' from command line to 'None'
[0.488s] Level 5:colcon.colcon_core.verb:set package 'sllidar_ros2' build argument 'cmake_target_skip_unavailable' from command line to 'False'
[0.488s] Level 5:colcon.colcon_core.verb:set package 'sllidar_ros2' build argument 'cmake_clean_cache' from command line to 'False'
[0.488s] Level 5:colcon.colcon_core.verb:set package 'sllidar_ros2' build argument 'cmake_clean_first' from command line to 'False'
[0.488s] Level 5:colcon.colcon_core.verb:set package 'sllidar_ros2' build argument 'cmake_force_configure' from command line to 'False'
[0.488s] Level 5:colcon.colcon_core.verb:set package 'sllidar_ros2' build argument 'ament_cmake_args' from command line to 'None'
[0.488s] Level 5:colcon.colcon_core.verb:set package 'sllidar_ros2' build argument 'catkin_cmake_args' from command line to 'None'
[0.488s] Level 5:colcon.colcon_core.verb:set package 'sllidar_ros2' build argument 'catkin_skip_building_tests' from command line to 'False'
[0.488s] DEBUG:colcon.colcon_core.verb:Building package 'sllidar_ros2' with the following arguments: {'ament_cmake_args': None, 'build_base': '/home/theanh/Robot_Project/AMR_Robot/amr1_ws/build/sllidar_ros2', 'catkin_cmake_args': None, 'catkin_skip_building_tests': False, 'cmake_args': None, 'cmake_clean_cache': False, 'cmake_clean_first': False, 'cmake_force_configure': False, 'cmake_target': None, 'cmake_target_skip_unavailable': False, 'install_base': '/home/theanh/Robot_Project/AMR_Robot/amr1_ws/install/sllidar_ros2', 'merge_install': False, 'path': '/home/theanh/Robot_Project/AMR_Robot/amr1_ws/src/sllidar_ros2', 'symlink_install': True, 'test_result_base': None}
[0.488s] INFO:colcon.colcon_core.executor:Executing jobs using 'parallel' executor
[0.489s] DEBUG:colcon.colcon_parallel_executor.executor.parallel:run_until_complete
[0.489s] INFO:colcon.colcon_ros.task.ament_cmake.build:Building ROS package in '/home/theanh/Robot_Project/AMR_Robot/amr1_ws/src/amr_reality_pkg' with build type 'ament_cmake'
[0.490s] INFO:colcon.colcon_cmake.task.cmake.build:Building CMake package in '/home/theanh/Robot_Project/AMR_Robot/amr1_ws/src/amr_reality_pkg'
[0.491s] INFO:colcon.colcon_core.plugin_system:Skipping extension 'colcon_core.shell.bat': Not used on non-Windows systems
[0.491s] INFO:colcon.colcon_core.shell:Skip shell extension 'powershell' for command environment: Not usable outside of PowerShell
[0.492s] DEBUG:colcon.colcon_core.shell:Skip shell extension 'dsv' for command environment
[0.498s] INFO:colcon.colcon_ros.task.ament_cmake.build:Building ROS package in '/home/theanh/Robot_Project/AMR_Robot/amr1_ws/src/amr_sim_pkg' with build type 'ament_cmake'
[0.499s] INFO:colcon.colcon_cmake.task.cmake.build:Building CMake package in '/home/theanh/Robot_Project/AMR_Robot/amr1_ws/src/amr_sim_pkg'
[0.499s] INFO:colcon.colcon_core.shell:Skip shell extension 'powershell' for command environment: Not usable outside of PowerShell
[0.499s] DEBUG:colcon.colcon_core.shell:Skip shell extension 'dsv' for command environment
[0.507s] INFO:colcon.colcon_ros.task.ament_cmake.build:Building ROS package in '/home/theanh/Robot_Project/AMR_Robot/amr1_ws/src/laser_filters' with build type 'ament_cmake'
[0.507s] INFO:colcon.colcon_cmake.task.cmake.build:Building CMake package in '/home/theanh/Robot_Project/AMR_Robot/amr1_ws/src/laser_filters'
[0.507s] INFO:colcon.colcon_core.shell:Skip shell extension 'powershell' for command environment: Not usable outside of PowerShell
[0.507s] DEBUG:colcon.colcon_core.shell:Skip shell extension 'dsv' for command environment
[0.513s] INFO:colcon.colcon_ros.task.ament_cmake.build:Building ROS package in '/home/theanh/Robot_Project/AMR_Robot/amr1_ws/src/sllidar_ros2' with build type 'ament_cmake'
[0.513s] INFO:colcon.colcon_cmake.task.cmake.build:Building CMake package in '/home/theanh/Robot_Project/AMR_Robot/amr1_ws/src/sllidar_ros2'
[0.513s] INFO:colcon.colcon_core.shell:Skip shell extension 'powershell' for command environment: Not usable outside of PowerShell
[0.513s] DEBUG:colcon.colcon_core.shell:Skip shell extension 'dsv' for command environment
[0.524s] DEBUG:colcon.colcon_core.event_handler.log_command:Invoking command in '/home/theanh/Robot_Project/AMR_Robot/amr1_ws/build/amr_reality_pkg': CMAKE_PREFIX_PATH=${CMAKE_PREFIX_PATH}:/opt/ros/humble /usr/bin/cmake --build /home/theanh/Robot_Project/AMR_Robot/amr1_ws/build/amr_reality_pkg -- -j15 -l15
[0.526s] DEBUG:colcon.colcon_core.event_handler.log_command:Invoking command in '/home/theanh/Robot_Project/AMR_Robot/amr1_ws/build/amr_sim_pkg': CMAKE_PREFIX_PATH=${CMAKE_PREFIX_PATH}:/opt/ros/humble /usr/bin/cmake --build /home/theanh/Robot_Project/AMR_Robot/amr1_ws/build/amr_sim_pkg -- -j15 -l15
[0.529s] DEBUG:colcon.colcon_core.event_handler.log_command:Invoking command in '/home/theanh/Robot_Project/AMR_Robot/amr1_ws/build/laser_filters': CMAKE_PREFIX_PATH=${CMAKE_PREFIX_PATH}:/opt/ros/humble /usr/bin/cmake --build /home/theanh/Robot_Project/AMR_Robot/amr1_ws/build/laser_filters -- -j15 -l15
[0.534s] DEBUG:colcon.colcon_core.event_handler.log_command:Invoking command in '/home/theanh/Robot_Project/AMR_Robot/amr1_ws/build/sllidar_ros2': CMAKE_PREFIX_PATH=${CMAKE_PREFIX_PATH}:/opt/ros/humble /usr/bin/cmake --build /home/theanh/Robot_Project/AMR_Robot/amr1_ws/build/sllidar_ros2 -- -j15 -l15
[0.666s] DEBUG:colcon.colcon_core.event_handler.log_command:Invoked command in '/home/theanh/Robot_Project/AMR_Robot/amr1_ws/build/sllidar_ros2' returned '0': CMAKE_PREFIX_PATH=${CMAKE_PREFIX_PATH}:/opt/ros/humble /usr/bin/cmake --build /home/theanh/Robot_Project/AMR_Robot/amr1_ws/build/sllidar_ros2 -- -j15 -l15
[0.681s] DEBUG:colcon.colcon_core.event_handler.log_command:Invoking command in '/home/theanh/Robot_Project/AMR_Robot/amr1_ws/build/sllidar_ros2': CMAKE_PREFIX_PATH=${CMAKE_PREFIX_PATH}:/opt/ros/humble /usr/bin/cmake --install /home/theanh/Robot_Project/AMR_Robot/amr1_ws/build/sllidar_ros2
[0.720s] Level 1:colcon.colcon_core.environment:create_environment_scripts_only(sllidar_ros2)
[0.721s] DEBUG:colcon.colcon_core.event_handler.log_command:Invoked command in '/home/theanh/Robot_Project/AMR_Robot/amr1_ws/build/sllidar_ros2' returned '0': CMAKE_PREFIX_PATH=${CMAKE_PREFIX_PATH}:/opt/ros/humble /usr/bin/cmake --install /home/theanh/Robot_Project/AMR_Robot/amr1_ws/build/sllidar_ros2
[0.724s] Level 1:colcon.colcon_core.environment:checking '/home/theanh/Robot_Project/AMR_Robot/amr1_ws/install/sllidar_ros2' for CMake module files
[0.724s] Level 1:colcon.colcon_core.environment:checking '/home/theanh/Robot_Project/AMR_Robot/amr1_ws/install/sllidar_ros2' for CMake config files
[0.725s] Level 1:colcon.colcon_core.shell:create_environment_hook('sllidar_ros2', 'cmake_prefix_path')
[0.726s] INFO:colcon.colcon_core.shell:Creating environment hook '/home/theanh/Robot_Project/AMR_Robot/amr1_ws/install/sllidar_ros2/share/sllidar_ros2/hook/cmake_prefix_path.ps1'
[0.726s] INFO:colcon.colcon_core.shell:Creating environment descriptor '/home/theanh/Robot_Project/AMR_Robot/amr1_ws/install/sllidar_ros2/share/sllidar_ros2/hook/cmake_prefix_path.dsv'
[0.727s] INFO:colcon.colcon_core.shell:Creating environment hook '/home/theanh/Robot_Project/AMR_Robot/amr1_ws/install/sllidar_ros2/share/sllidar_ros2/hook/cmake_prefix_path.sh'
[0.728s] Level 1:colcon.colcon_core.environment:checking '/home/theanh/Robot_Project/AMR_Robot/amr1_ws/install/sllidar_ros2/lib'
[0.728s] Level 1:colcon.colcon_core.environment:checking '/home/theanh/Robot_Project/AMR_Robot/amr1_ws/install/sllidar_ros2/bin'
[0.728s] Level 1:colcon.colcon_core.environment:checking '/home/theanh/Robot_Project/AMR_Robot/amr1_ws/install/sllidar_ros2/lib/pkgconfig/sllidar_ros2.pc'
[0.728s] Level 1:colcon.colcon_core.environment:checking '/home/theanh/Robot_Project/AMR_Robot/amr1_ws/install/sllidar_ros2/lib/python3.10/site-packages'
[0.729s] Level 1:colcon.colcon_core.environment:checking '/home/theanh/Robot_Project/AMR_Robot/amr1_ws/install/sllidar_ros2/bin'
[0.729s] INFO:colcon.colcon_core.shell:Creating package script '/home/theanh/Robot_Project/AMR_Robot/amr1_ws/install/sllidar_ros2/share/sllidar_ros2/package.ps1'
[0.731s] INFO:colcon.colcon_core.shell:Creating package descriptor '/home/theanh/Robot_Project/AMR_Robot/amr1_ws/install/sllidar_ros2/share/sllidar_ros2/package.dsv'
[0.731s] INFO:colcon.colcon_core.shell:Creating package script '/home/theanh/Robot_Project/AMR_Robot/amr1_ws/install/sllidar_ros2/share/sllidar_ros2/package.sh'
[0.732s] INFO:colcon.colcon_core.shell:Creating package script '/home/theanh/Robot_Project/AMR_Robot/amr1_ws/install/sllidar_ros2/share/sllidar_ros2/package.bash'
[0.733s] INFO:colcon.colcon_core.shell:Creating package script '/home/theanh/Robot_Project/AMR_Robot/amr1_ws/install/sllidar_ros2/share/sllidar_ros2/package.zsh'
[0.733s] Level 1:colcon.colcon_core.environment:create_file_with_runtime_dependencies(/home/theanh/Robot_Project/AMR_Robot/amr1_ws/install/sllidar_ros2/share/colcon-core/packages/sllidar_ros2)
[0.734s] Level 1:colcon.colcon_core.environment:create_environment_scripts_only(sllidar_ros2)
[0.734s] Level 1:colcon.colcon_core.environment:checking '/home/theanh/Robot_Project/AMR_Robot/amr1_ws/install/sllidar_ros2' for CMake module files
[0.735s] Level 1:colcon.colcon_core.environment:checking '/home/theanh/Robot_Project/AMR_Robot/amr1_ws/install/sllidar_ros2' for CMake config files
[0.736s] Level 1:colcon.colcon_core.shell:create_environment_hook('sllidar_ros2', 'cmake_prefix_path')
[0.736s] INFO:colcon.colcon_core.shell:Creating environment hook '/home/theanh/Robot_Project/AMR_Robot/amr1_ws/install/sllidar_ros2/share/sllidar_ros2/hook/cmake_prefix_path.ps1'
[0.737s] INFO:colcon.colcon_core.shell:Creating environment descriptor '/home/theanh/Robot_Project/AMR_Robot/amr1_ws/install/sllidar_ros2/share/sllidar_ros2/hook/cmake_prefix_path.dsv'
[0.737s] INFO:colcon.colcon_core.shell:Creating environment hook '/home/theanh/Robot_Project/AMR_Robot/amr1_ws/install/sllidar_ros2/share/sllidar_ros2/hook/cmake_prefix_path.sh'
[0.738s] Level 1:colcon.colcon_core.environment:checking '/home/theanh/Robot_Project/AMR_Robot/amr1_ws/install/sllidar_ros2/lib'
[0.738s] Level 1:colcon.colcon_core.environment:checking '/home/theanh/Robot_Project/AMR_Robot/amr1_ws/install/sllidar_ros2/bin'
[0.738s] Level 1:colcon.colcon_core.environment:checking '/home/theanh/Robot_Project/AMR_Robot/amr1_ws/install/sllidar_ros2/lib/pkgconfig/sllidar_ros2.pc'
[0.738s] Level 1:colcon.colcon_core.environment:checking '/home/theanh/Robot_Project/AMR_Robot/amr1_ws/install/sllidar_ros2/lib/python3.10/site-packages'
[0.739s] Level 1:colcon.colcon_core.environment:checking '/home/theanh/Robot_Project/AMR_Robot/amr1_ws/install/sllidar_ros2/bin'
[0.739s] INFO:colcon.colcon_core.shell:Creating package script '/home/theanh/Robot_Project/AMR_Robot/amr1_ws/install/sllidar_ros2/share/sllidar_ros2/package.ps1'
[0.740s] INFO:colcon.colcon_core.shell:Creating package descriptor '/home/theanh/Robot_Project/AMR_Robot/amr1_ws/install/sllidar_ros2/share/sllidar_ros2/package.dsv'
[0.740s] INFO:colcon.colcon_core.shell:Creating package script '/home/theanh/Robot_Project/AMR_Robot/amr1_ws/install/sllidar_ros2/share/sllidar_ros2/package.sh'
[0.741s] INFO:colcon.colcon_core.shell:Creating package script '/home/theanh/Robot_Project/AMR_Robot/amr1_ws/install/sllidar_ros2/share/sllidar_ros2/package.bash'
[0.741s] INFO:colcon.colcon_core.shell:Creating package script '/home/theanh/Robot_Project/AMR_Robot/amr1_ws/install/sllidar_ros2/share/sllidar_ros2/package.zsh'
[0.742s] Level 1:colcon.colcon_core.environment:create_file_with_runtime_dependencies(/home/theanh/Robot_Project/AMR_Robot/amr1_ws/install/sllidar_ros2/share/colcon-core/packages/sllidar_ros2)
[0.746s] DEBUG:colcon.colcon_core.event_handler.log_command:Invoked command in '/home/theanh/Robot_Project/AMR_Robot/amr1_ws/build/laser_filters' returned '0': CMAKE_PREFIX_PATH=${CMAKE_PREFIX_PATH}:/opt/ros/humble /usr/bin/cmake --build /home/theanh/Robot_Project/AMR_Robot/amr1_ws/build/laser_filters -- -j15 -l15
[0.747s] DEBUG:colcon.colcon_core.event_handler.log_command:Invoking command in '/home/theanh/Robot_Project/AMR_Robot/amr1_ws/build/laser_filters': CMAKE_PREFIX_PATH=${CMAKE_PREFIX_PATH}:/opt/ros/humble /usr/bin/cmake --install /home/theanh/Robot_Project/AMR_Robot/amr1_ws/build/laser_filters
[0.792s] Level 1:colcon.colcon_core.environment:create_environment_scripts_only(laser_filters)
[0.793s] Level 1:colcon.colcon_core.environment:checking '/home/theanh/Robot_Project/AMR_Robot/amr1_ws/install/laser_filters' for CMake module files
[0.793s] DEBUG:colcon.colcon_core.event_handler.log_command:Invoked command in '/home/theanh/Robot_Project/AMR_Robot/amr1_ws/build/laser_filters' returned '0': CMAKE_PREFIX_PATH=${CMAKE_PREFIX_PATH}:/opt/ros/humble /usr/bin/cmake --install /home/theanh/Robot_Project/AMR_Robot/amr1_ws/build/laser_filters
[0.794s] Level 1:colcon.colcon_core.environment:checking '/home/theanh/Robot_Project/AMR_Robot/amr1_ws/install/laser_filters' for CMake config files
[0.795s] Level 1:colcon.colcon_core.shell:create_environment_hook('laser_filters', 'cmake_prefix_path')
[0.795s] INFO:colcon.colcon_core.shell:Creating environment hook '/home/theanh/Robot_Project/AMR_Robot/amr1_ws/install/laser_filters/share/laser_filters/hook/cmake_prefix_path.ps1'
[0.796s] INFO:colcon.colcon_core.shell:Creating environment descriptor '/home/theanh/Robot_Project/AMR_Robot/amr1_ws/install/laser_filters/share/laser_filters/hook/cmake_prefix_path.dsv'
[0.796s] INFO:colcon.colcon_core.shell:Creating environment hook '/home/theanh/Robot_Project/AMR_Robot/amr1_ws/install/laser_filters/share/laser_filters/hook/cmake_prefix_path.sh'
[0.797s] Level 1:colcon.colcon_core.environment:checking '/home/theanh/Robot_Project/AMR_Robot/amr1_ws/install/laser_filters/lib'
[0.797s] Level 1:colcon.colcon_core.shell:create_environment_hook('laser_filters', 'ld_library_path_lib')
[0.797s] INFO:colcon.colcon_core.shell:Creating environment hook '/home/theanh/Robot_Project/AMR_Robot/amr1_ws/install/laser_filters/share/laser_filters/hook/ld_library_path_lib.ps1'
[0.797s] INFO:colcon.colcon_core.shell:Creating environment descriptor '/home/theanh/Robot_Project/AMR_Robot/amr1_ws/install/laser_filters/share/laser_filters/hook/ld_library_path_lib.dsv'
[0.798s] INFO:colcon.colcon_core.shell:Creating environment hook '/home/theanh/Robot_Project/AMR_Robot/amr1_ws/install/laser_filters/share/laser_filters/hook/ld_library_path_lib.sh'
[0.798s] Level 1:colcon.colcon_core.environment:checking '/home/theanh/Robot_Project/AMR_Robot/amr1_ws/install/laser_filters/bin'
[0.798s] Level 1:colcon.colcon_core.environment:checking '/home/theanh/Robot_Project/AMR_Robot/amr1_ws/install/laser_filters/lib/pkgconfig/laser_filters.pc'
[0.798s] Level 1:colcon.colcon_core.environment:checking '/home/theanh/Robot_Project/AMR_Robot/amr1_ws/install/laser_filters/lib/python3.10/site-packages'
[0.799s] Level 1:colcon.colcon_core.environment:checking '/home/theanh/Robot_Project/AMR_Robot/amr1_ws/install/laser_filters/bin'
[0.799s] INFO:colcon.colcon_core.shell:Creating package script '/home/theanh/Robot_Project/AMR_Robot/amr1_ws/install/laser_filters/share/laser_filters/package.ps1'
[0.800s] INFO:colcon.colcon_core.shell:Creating package descriptor '/home/theanh/Robot_Project/AMR_Robot/amr1_ws/install/laser_filters/share/laser_filters/package.dsv'
[0.800s] INFO:colcon.colcon_core.shell:Creating package script '/home/theanh/Robot_Project/AMR_Robot/amr1_ws/install/laser_filters/share/laser_filters/package.sh'
[0.801s] INFO:colcon.colcon_core.shell:Creating package script '/home/theanh/Robot_Project/AMR_Robot/amr1_ws/install/laser_filters/share/laser_filters/package.bash'
[0.801s] INFO:colcon.colcon_core.shell:Creating package script '/home/theanh/Robot_Project/AMR_Robot/amr1_ws/install/laser_filters/share/laser_filters/package.zsh'
[0.802s] Level 1:colcon.colcon_core.environment:create_file_with_runtime_dependencies(/home/theanh/Robot_Project/AMR_Robot/amr1_ws/install/laser_filters/share/colcon-core/packages/laser_filters)
[0.802s] Level 1:colcon.colcon_core.environment:create_environment_scripts_only(laser_filters)
[0.803s] Level 1:colcon.colcon_core.environment:checking '/home/theanh/Robot_Project/AMR_Robot/amr1_ws/install/laser_filters' for CMake module files
[0.803s] Level 1:colcon.colcon_core.environment:checking '/home/theanh/Robot_Project/AMR_Robot/amr1_ws/install/laser_filters' for CMake config files
[0.804s] Level 1:colcon.colcon_core.shell:create_environment_hook('laser_filters', 'cmake_prefix_path')
[0.805s] INFO:colcon.colcon_core.shell:Creating environment hook '/home/theanh/Robot_Project/AMR_Robot/amr1_ws/install/laser_filters/share/laser_filters/hook/cmake_prefix_path.ps1'
[0.805s] INFO:colcon.colcon_core.shell:Creating environment descriptor '/home/theanh/Robot_Project/AMR_Robot/amr1_ws/install/laser_filters/share/laser_filters/hook/cmake_prefix_path.dsv'
[0.805s] INFO:colcon.colcon_core.shell:Creating environment hook '/home/theanh/Robot_Project/AMR_Robot/amr1_ws/install/laser_filters/share/laser_filters/hook/cmake_prefix_path.sh'
[0.806s] Level 1:colcon.colcon_core.environment:checking '/home/theanh/Robot_Project/AMR_Robot/amr1_ws/install/laser_filters/lib'
[0.806s] Level 1:colcon.colcon_core.shell:create_environment_hook('laser_filters', 'ld_library_path_lib')
[0.806s] INFO:colcon.colcon_core.shell:Creating environment hook '/home/theanh/Robot_Project/AMR_Robot/amr1_ws/install/laser_filters/share/laser_filters/hook/ld_library_path_lib.ps1'
[0.807s] INFO:colcon.colcon_core.shell:Creating environment descriptor '/home/theanh/Robot_Project/AMR_Robot/amr1_ws/install/laser_filters/share/laser_filters/hook/ld_library_path_lib.dsv'
[0.807s] INFO:colcon.colcon_core.shell:Creating environment hook '/home/theanh/Robot_Project/AMR_Robot/amr1_ws/install/laser_filters/share/laser_filters/hook/ld_library_path_lib.sh'
[0.807s] Level 1:colcon.colcon_core.environment:checking '/home/theanh/Robot_Project/AMR_Robot/amr1_ws/install/laser_filters/bin'
[0.808s] Level 1:colcon.colcon_core.environment:checking '/home/theanh/Robot_Project/AMR_Robot/amr1_ws/install/laser_filters/lib/pkgconfig/laser_filters.pc'
[0.808s] Level 1:colcon.colcon_core.environment:checking '/home/theanh/Robot_Project/AMR_Robot/amr1_ws/install/laser_filters/lib/python3.10/site-packages'
[0.808s] Level 1:colcon.colcon_core.environment:checking '/home/theanh/Robot_Project/AMR_Robot/amr1_ws/install/laser_filters/bin'
[0.808s] INFO:colcon.colcon_core.shell:Creating package script '/home/theanh/Robot_Project/AMR_Robot/amr1_ws/install/laser_filters/share/laser_filters/package.ps1'
[0.811s] INFO:colcon.colcon_core.shell:Creating package descriptor '/home/theanh/Robot_Project/AMR_Robot/amr1_ws/install/laser_filters/share/laser_filters/package.dsv'
[0.812s] INFO:colcon.colcon_core.shell:Creating package script '/home/theanh/Robot_Project/AMR_Robot/amr1_ws/install/laser_filters/share/laser_filters/package.sh'
[0.813s] INFO:colcon.colcon_core.shell:Creating package script '/home/theanh/Robot_Project/AMR_Robot/amr1_ws/install/laser_filters/share/laser_filters/package.bash'
[0.813s] INFO:colcon.colcon_core.shell:Creating package script '/home/theanh/Robot_Project/AMR_Robot/amr1_ws/install/laser_filters/share/laser_filters/package.zsh'
[0.814s] Level 1:colcon.colcon_core.environment:create_file_with_runtime_dependencies(/home/theanh/Robot_Project/AMR_Robot/amr1_ws/install/laser_filters/share/colcon-core/packages/laser_filters)
[1.392s] DEBUG:colcon.colcon_core.event_handler.log_command:Invoked command in '/home/theanh/Robot_Project/AMR_Robot/amr1_ws/build/amr_sim_pkg' returned '0': CMAKE_PREFIX_PATH=${CMAKE_PREFIX_PATH}:/opt/ros/humble /usr/bin/cmake --build /home/theanh/Robot_Project/AMR_Robot/amr1_ws/build/amr_sim_pkg -- -j15 -l15
[1.393s] DEBUG:colcon.colcon_core.event_handler.log_command:Invoking command in '/home/theanh/Robot_Project/AMR_Robot/amr1_ws/build/amr_sim_pkg': CMAKE_PREFIX_PATH=${CMAKE_PREFIX_PATH}:/opt/ros/humble /usr/bin/cmake --install /home/theanh/Robot_Project/AMR_Robot/amr1_ws/build/amr_sim_pkg
[1.430s] Level 1:colcon.colcon_core.environment:create_environment_scripts_only(amr_sim_pkg)
[1.431s] Level 1:colcon.colcon_core.environment:checking '/home/theanh/Robot_Project/AMR_Robot/amr1_ws/install/amr_sim_pkg' for CMake module files
[1.431s] DEBUG:colcon.colcon_core.event_handler.log_command:Invoked command in '/home/theanh/Robot_Project/AMR_Robot/amr1_ws/build/amr_sim_pkg' returned '0': CMAKE_PREFIX_PATH=${CMAKE_PREFIX_PATH}:/opt/ros/humble /usr/bin/cmake --install /home/theanh/Robot_Project/AMR_Robot/amr1_ws/build/amr_sim_pkg
[1.432s] Level 1:colcon.colcon_core.environment:checking '/home/theanh/Robot_Project/AMR_Robot/amr1_ws/install/amr_sim_pkg' for CMake config files
[1.432s] Level 1:colcon.colcon_core.shell:create_environment_hook('amr_sim_pkg', 'cmake_prefix_path')
[1.433s] INFO:colcon.colcon_core.shell:Creating environment hook '/home/theanh/Robot_Project/AMR_Robot/amr1_ws/install/amr_sim_pkg/share/amr_sim_pkg/hook/cmake_prefix_path.ps1'
[1.433s] INFO:colcon.colcon_core.shell:Creating environment descriptor '/home/theanh/Robot_Project/AMR_Robot/amr1_ws/install/amr_sim_pkg/share/amr_sim_pkg/hook/cmake_prefix_path.dsv'
[1.434s] INFO:colcon.colcon_core.shell:Creating environment hook '/home/theanh/Robot_Project/AMR_Robot/amr1_ws/install/amr_sim_pkg/share/amr_sim_pkg/hook/cmake_prefix_path.sh'
[1.434s] Level 1:colcon.colcon_core.environment:checking '/home/theanh/Robot_Project/AMR_Robot/amr1_ws/install/amr_sim_pkg/lib'
[1.435s] Level 1:colcon.colcon_core.environment:checking '/home/theanh/Robot_Project/AMR_Robot/amr1_ws/install/amr_sim_pkg/bin'
[1.435s] Level 1:colcon.colcon_core.environment:checking '/home/theanh/Robot_Project/AMR_Robot/amr1_ws/install/amr_sim_pkg/lib/pkgconfig/amr_sim_pkg.pc'
[1.435s] Level 1:colcon.colcon_core.environment:checking '/home/theanh/Robot_Project/AMR_Robot/amr1_ws/install/amr_sim_pkg/lib/python3.10/site-packages'
[1.435s] Level 1:colcon.colcon_core.environment:checking '/home/theanh/Robot_Project/AMR_Robot/amr1_ws/install/amr_sim_pkg/bin'
[1.435s] INFO:colcon.colcon_core.shell:Creating package script '/home/theanh/Robot_Project/AMR_Robot/amr1_ws/install/amr_sim_pkg/share/amr_sim_pkg/package.ps1'
[1.436s] INFO:colcon.colcon_core.shell:Creating package descriptor '/home/theanh/Robot_Project/AMR_Robot/amr1_ws/install/amr_sim_pkg/share/amr_sim_pkg/package.dsv'
[1.436s] INFO:colcon.colcon_core.shell:Creating package script '/home/theanh/Robot_Project/AMR_Robot/amr1_ws/install/amr_sim_pkg/share/amr_sim_pkg/package.sh'
[1.437s] INFO:colcon.colcon_core.shell:Creating package script '/home/theanh/Robot_Project/AMR_Robot/amr1_ws/install/amr_sim_pkg/share/amr_sim_pkg/package.bash'
[1.437s] INFO:colcon.colcon_core.shell:Creating package script '/home/theanh/Robot_Project/AMR_Robot/amr1_ws/install/amr_sim_pkg/share/amr_sim_pkg/package.zsh'
[1.437s] Level 1:colcon.colcon_core.environment:create_file_with_runtime_dependencies(/home/theanh/Robot_Project/AMR_Robot/amr1_ws/install/amr_sim_pkg/share/colcon-core/packages/amr_sim_pkg)
[1.438s] Level 1:colcon.colcon_core.environment:create_environment_scripts_only(amr_sim_pkg)
[1.438s] Level 1:colcon.colcon_core.environment:checking '/home/theanh/Robot_Project/AMR_Robot/amr1_ws/install/amr_sim_pkg' for CMake module files
[1.439s] Level 1:colcon.colcon_core.environment:checking '/home/theanh/Robot_Project/AMR_Robot/amr1_ws/install/amr_sim_pkg' for CMake config files
[1.439s] Level 1:colcon.colcon_core.shell:create_environment_hook('amr_sim_pkg', 'cmake_prefix_path')
[1.440s] INFO:colcon.colcon_core.shell:Creating environment hook '/home/theanh/Robot_Project/AMR_Robot/amr1_ws/install/amr_sim_pkg/share/amr_sim_pkg/hook/cmake_prefix_path.ps1'
[1.440s] INFO:colcon.colcon_core.shell:Creating environment descriptor '/home/theanh/Robot_Project/AMR_Robot/amr1_ws/install/amr_sim_pkg/share/amr_sim_pkg/hook/cmake_prefix_path.dsv'
[1.440s] INFO:colcon.colcon_core.shell:Creating environment hook '/home/theanh/Robot_Project/AMR_Robot/amr1_ws/install/amr_sim_pkg/share/amr_sim_pkg/hook/cmake_prefix_path.sh'
[1.441s] Level 1:colcon.colcon_core.environment:checking '/home/theanh/Robot_Project/AMR_Robot/amr1_ws/install/amr_sim_pkg/lib'
[1.441s] Level 1:colcon.colcon_core.environment:checking '/home/theanh/Robot_Project/AMR_Robot/amr1_ws/install/amr_sim_pkg/bin'
[1.441s] Level 1:colcon.colcon_core.environment:checking '/home/theanh/Robot_Project/AMR_Robot/amr1_ws/install/amr_sim_pkg/lib/pkgconfig/amr_sim_pkg.pc'
[1.441s] Level 1:colcon.colcon_core.environment:checking '/home/theanh/Robot_Project/AMR_Robot/amr1_ws/install/amr_sim_pkg/lib/python3.10/site-packages'
[1.441s] Level 1:colcon.colcon_core.environment:checking '/home/theanh/Robot_Project/AMR_Robot/amr1_ws/install/amr_sim_pkg/bin'
[1.442s] INFO:colcon.colcon_core.shell:Creating package script '/home/theanh/Robot_Project/AMR_Robot/amr1_ws/install/amr_sim_pkg/share/amr_sim_pkg/package.ps1'
[1.458s] INFO:colcon.colcon_core.shell:Creating package descriptor '/home/theanh/Robot_Project/AMR_Robot/amr1_ws/install/amr_sim_pkg/share/amr_sim_pkg/package.dsv'
[1.459s] INFO:colcon.colcon_core.shell:Creating package script '/home/theanh/Robot_Project/AMR_Robot/amr1_ws/install/amr_sim_pkg/share/amr_sim_pkg/package.sh'
[1.459s] INFO:colcon.colcon_core.shell:Creating package script '/home/theanh/Robot_Project/AMR_Robot/amr1_ws/install/amr_sim_pkg/share/amr_sim_pkg/package.bash'
[1.460s] INFO:colcon.colcon_core.shell:Creating package script '/home/theanh/Robot_Project/AMR_Robot/amr1_ws/install/amr_sim_pkg/share/amr_sim_pkg/package.zsh'
[1.460s] Level 1:colcon.colcon_core.environment:create_file_with_runtime_dependencies(/home/theanh/Robot_Project/AMR_Robot/amr1_ws/install/amr_sim_pkg/share/colcon-core/packages/amr_sim_pkg)
[1.755s] DEBUG:colcon.colcon_core.event_handler.log_command:Invoked command in '/home/theanh/Robot_Project/AMR_Robot/amr1_ws/build/amr_reality_pkg' returned '0': CMAKE_PREFIX_PATH=${CMAKE_PREFIX_PATH}:/opt/ros/humble /usr/bin/cmake --build /home/theanh/Robot_Project/AMR_Robot/amr1_ws/build/amr_reality_pkg -- -j15 -l15
[1.757s] DEBUG:colcon.colcon_core.event_handler.log_command:Invoking command in '/home/theanh/Robot_Project/AMR_Robot/amr1_ws/build/amr_reality_pkg': CMAKE_PREFIX_PATH=${CMAKE_PREFIX_PATH}:/opt/ros/humble /usr/bin/cmake --install /home/theanh/Robot_Project/AMR_Robot/amr1_ws/build/amr_reality_pkg
[1.882s] Level 1:colcon.colcon_core.environment:create_environment_scripts_only(amr_reality_pkg)
[1.882s] Level 1:colcon.colcon_core.environment:checking '/home/theanh/Robot_Project/AMR_Robot/amr1_ws/install/amr_reality_pkg' for CMake module files
[1.883s] DEBUG:colcon.colcon_core.event_handler.log_command:Invoked command in '/home/theanh/Robot_Project/AMR_Robot/amr1_ws/build/amr_reality_pkg' returned '0': CMAKE_PREFIX_PATH=${CMAKE_PREFIX_PATH}:/opt/ros/humble /usr/bin/cmake --install /home/theanh/Robot_Project/AMR_Robot/amr1_ws/build/amr_reality_pkg
[1.883s] Level 1:colcon.colcon_core.environment:checking '/home/theanh/Robot_Project/AMR_Robot/amr1_ws/install/amr_reality_pkg' for CMake config files
[1.884s] Level 1:colcon.colcon_core.shell:create_environment_hook('amr_reality_pkg', 'cmake_prefix_path')
[1.884s] INFO:colcon.colcon_core.shell:Creating environment hook '/home/theanh/Robot_Project/AMR_Robot/amr1_ws/install/amr_reality_pkg/share/amr_reality_pkg/hook/cmake_prefix_path.ps1'
[1.885s] INFO:colcon.colcon_core.shell:Creating environment descriptor '/home/theanh/Robot_Project/AMR_Robot/amr1_ws/install/amr_reality_pkg/share/amr_reality_pkg/hook/cmake_prefix_path.dsv'
[1.885s] INFO:colcon.colcon_core.shell:Creating environment hook '/home/theanh/Robot_Project/AMR_Robot/amr1_ws/install/amr_reality_pkg/share/amr_reality_pkg/hook/cmake_prefix_path.sh'
[1.885s] Level 1:colcon.colcon_core.environment:checking '/home/theanh/Robot_Project/AMR_Robot/amr1_ws/install/amr_reality_pkg/lib'
[1.885s] Level 1:colcon.colcon_core.environment:checking '/home/theanh/Robot_Project/AMR_Robot/amr1_ws/install/amr_reality_pkg/bin'
[1.885s] Level 1:colcon.colcon_core.environment:checking '/home/theanh/Robot_Project/AMR_Robot/amr1_ws/install/amr_reality_pkg/lib/pkgconfig/amr_reality_pkg.pc'
[1.886s] Level 1:colcon.colcon_core.environment:checking '/home/theanh/Robot_Project/AMR_Robot/amr1_ws/install/amr_reality_pkg/lib/python3.10/site-packages'
[1.886s] Level 1:colcon.colcon_core.environment:checking '/home/theanh/Robot_Project/AMR_Robot/amr1_ws/install/amr_reality_pkg/bin'
[1.886s] INFO:colcon.colcon_core.shell:Creating package script '/home/theanh/Robot_Project/AMR_Robot/amr1_ws/install/amr_reality_pkg/share/amr_reality_pkg/package.ps1'
[1.887s] INFO:colcon.colcon_core.shell:Creating package descriptor '/home/theanh/Robot_Project/AMR_Robot/amr1_ws/install/amr_reality_pkg/share/amr_reality_pkg/package.dsv'
[1.887s] INFO:colcon.colcon_core.shell:Creating package script '/home/theanh/Robot_Project/AMR_Robot/amr1_ws/install/amr_reality_pkg/share/amr_reality_pkg/package.sh'
[1.887s] INFO:colcon.colcon_core.shell:Creating package script '/home/theanh/Robot_Project/AMR_Robot/amr1_ws/install/amr_reality_pkg/share/amr_reality_pkg/package.bash'
[1.888s] INFO:colcon.colcon_core.shell:Creating package script '/home/theanh/Robot_Project/AMR_Robot/amr1_ws/install/amr_reality_pkg/share/amr_reality_pkg/package.zsh'
[1.888s] Level 1:colcon.colcon_core.environment:create_file_with_runtime_dependencies(/home/theanh/Robot_Project/AMR_Robot/amr1_ws/install/amr_reality_pkg/share/colcon-core/packages/amr_reality_pkg)
[1.889s] Level 1:colcon.colcon_core.environment:create_environment_scripts_only(amr_reality_pkg)
[1.889s] Level 1:colcon.colcon_core.environment:checking '/home/theanh/Robot_Project/AMR_Robot/amr1_ws/install/amr_reality_pkg' for CMake module files
[1.889s] Level 1:colcon.colcon_core.environment:checking '/home/theanh/Robot_Project/AMR_Robot/amr1_ws/install/amr_reality_pkg' for CMake config files
[1.890s] Level 1:colcon.colcon_core.shell:create_environment_hook('amr_reality_pkg', 'cmake_prefix_path')
[1.890s] INFO:colcon.colcon_core.shell:Creating environment hook '/home/theanh/Robot_Project/AMR_Robot/amr1_ws/install/amr_reality_pkg/share/amr_reality_pkg/hook/cmake_prefix_path.ps1'
[1.893s] INFO:colcon.colcon_core.shell:Creating environment descriptor '/home/theanh/Robot_Project/AMR_Robot/amr1_ws/install/amr_reality_pkg/share/amr_reality_pkg/hook/cmake_prefix_path.dsv'
[1.893s] INFO:colcon.colcon_core.shell:Creating environment hook '/home/theanh/Robot_Project/AMR_Robot/amr1_ws/install/amr_reality_pkg/share/amr_reality_pkg/hook/cmake_prefix_path.sh'
[1.893s] Level 1:colcon.colcon_core.environment:checking '/home/theanh/Robot_Project/AMR_Robot/amr1_ws/install/amr_reality_pkg/lib'
[1.893s] Level 1:colcon.colcon_core.environment:checking '/home/theanh/Robot_Project/AMR_Robot/amr1_ws/install/amr_reality_pkg/bin'
[1.893s] Level 1:colcon.colcon_core.environment:checking '/home/theanh/Robot_Project/AMR_Robot/amr1_ws/install/amr_reality_pkg/lib/pkgconfig/amr_reality_pkg.pc'
[1.894s] Level 1:colcon.colcon_core.environment:checking '/home/theanh/Robot_Project/AMR_Robot/amr1_ws/install/amr_reality_pkg/lib/python3.10/site-packages'
[1.894s] Level 1:colcon.colcon_core.environment:checking '/home/theanh/Robot_Project/AMR_Robot/amr1_ws/install/amr_reality_pkg/bin'
[1.894s] INFO:colcon.colcon_core.shell:Creating package script '/home/theanh/Robot_Project/AMR_Robot/amr1_ws/install/amr_reality_pkg/share/amr_reality_pkg/package.ps1'
[1.895s] INFO:colcon.colcon_core.shell:Creating package descriptor '/home/theanh/Robot_Project/AMR_Robot/amr1_ws/install/amr_reality_pkg/share/amr_reality_pkg/package.dsv'
[1.895s] INFO:colcon.colcon_core.shell:Creating package script '/home/theanh/Robot_Project/AMR_Robot/amr1_ws/install/amr_reality_pkg/share/amr_reality_pkg/package.sh'
[1.896s] INFO:colcon.colcon_core.shell:Creating package script '/home/theanh/Robot_Project/AMR_Robot/amr1_ws/install/amr_reality_pkg/share/amr_reality_pkg/package.bash'
[1.896s] INFO:colcon.colcon_core.shell:Creating package script '/home/theanh/Robot_Project/AMR_Robot/amr1_ws/install/amr_reality_pkg/share/amr_reality_pkg/package.zsh'
[1.896s] Level 1:colcon.colcon_core.environment:create_file_with_runtime_dependencies(/home/theanh/Robot_Project/AMR_Robot/amr1_ws/install/amr_reality_pkg/share/colcon-core/packages/amr_reality_pkg)
[1.897s] DEBUG:colcon.colcon_parallel_executor.executor.parallel:closing loop
[1.897s] DEBUG:colcon.colcon_parallel_executor.executor.parallel:loop closed
[1.897s] DEBUG:colcon.colcon_parallel_executor.executor.parallel:run_until_complete finished with '0'
[1.897s] DEBUG:colcon.colcon_core.event_reactor:joining thread
[1.902s] INFO:colcon.colcon_core.plugin_system:Skipping extension 'colcon_notification.desktop_notification.terminal_notifier': Not used on non-Darwin systems
[1.902s] INFO:colcon.colcon_core.plugin_system:Skipping extension 'colcon_notification.desktop_notification.win32': Not used on non-Windows systems
[1.902s] INFO:colcon.colcon_notification.desktop_notification:Sending desktop notification using 'notify2'
[1.913s] DEBUG:colcon.colcon_core.event_reactor:joined thread
[1.914s] INFO:colcon.colcon_core.shell:Creating prefix script '/home/theanh/Robot_Project/AMR_Robot/amr1_ws/install/local_setup.ps1'
[1.915s] INFO:colcon.colcon_core.shell:Creating prefix util module '/home/theanh/Robot_Project/AMR_Robot/amr1_ws/install/_local_setup_util_ps1.py'
[1.939s] INFO:colcon.colcon_core.shell:Creating prefix chain script '/home/theanh/Robot_Project/AMR_Robot/amr1_ws/install/setup.ps1'
[1.964s] INFO:colcon.colcon_core.shell:Creating prefix script '/home/theanh/Robot_Project/AMR_Robot/amr1_ws/install/local_setup.sh'
[1.987s] INFO:colcon.colcon_core.shell:Creating prefix util module '/home/theanh/Robot_Project/AMR_Robot/amr1_ws/install/_local_setup_util_sh.py'
[2.010s] INFO:colcon.colcon_core.shell:Creating prefix chain script '/home/theanh/Robot_Project/AMR_Robot/amr1_ws/install/setup.sh'
[2.012s] INFO:colcon.colcon_core.shell:Creating prefix script '/home/theanh/Robot_Project/AMR_Robot/amr1_ws/install/local_setup.bash'
[2.012s] INFO:colcon.colcon_core.shell:Creating prefix chain script '/home/theanh/Robot_Project/AMR_Robot/amr1_ws/install/setup.bash'
[2.014s] INFO:colcon.colcon_core.shell:Creating prefix script '/home/theanh/Robot_Project/AMR_Robot/amr1_ws/install/local_setup.zsh'
[2.014s] INFO:colcon.colcon_core.shell:Creating prefix chain script '/home/theanh/Robot_Project/AMR_Robot/amr1_ws/install/setup.zsh'
