[0.070s] Invoking command in '/home/orangepi/Robot_Project/AMR_Robot/amr_robot/build/amr_reality_pkg': CMAKE_PREFIX_PATH=${CMAKE_PREFIX_PATH}:/opt/ros/humble /usr/bin/cmake --build /home/orangepi/Robot_Project/AMR_Robot/amr_robot/build/amr_reality_pkg -- -j8 -l8
[0.213s] [100%] Built target plicp
[0.229s] [100%] Built target robot_control_prepare
[1.210s] joint1: writing 4 bytes to 0x1400/1: 02 02 00 80
[1.211s] joint1: writing 1 bytes to 0x1400/2: 01
[1.211s] joint1: writing 1 bytes to 0x1600/0: 00
[1.212s] joint1: writing 4 bytes to 0x1600/1: 10 00 40 60
[1.212s] joint1: writing 4 bytes to 0x1600/2: 08 00 60 60
[1.213s] joint1: writing 1 bytes to 0x1600/0: 02
[1.213s] joint1: writing 4 bytes to 0x1400/1: 02 02 00 00
[1.213s] joint1: writing 4 bytes to 0x1401/1: 02 03 00 80
[1.214s] joint1: writing 1 bytes to 0x1401/2: 01
[1.214s] joint1: writing 1 bytes to 0x1601/0: 00
[1.215s] joint1: writing 4 bytes to 0x1601/1: 20 00 7A 60
[1.215s] joint1: writing 4 bytes to 0x1601/2: 20 00 FF 60
[1.216s] joint1: writing 1 bytes to 0x1601/0: 02
[1.217s] joint1: writing 4 bytes to 0x1401/1: 02 03 00 00
[1.217s] joint1: writing 4 bytes to 0x1800/1: 82 01 00 80
[1.218s] joint1: writing 1 bytes to 0x1800/2: 01
[1.218s] joint1: writing 1 bytes to 0x1A00/0: 00
[1.218s] joint1: writing 4 bytes to 0x1A00/1: 10 00 41 60
[1.219s] joint1: writing 4 bytes to 0x1A00/2: 08 00 61 60
[1.219s] joint1: writing 1 bytes to 0x1A00/0: 02
[1.220s] joint1: writing 4 bytes to 0x1800/1: 82 01 00 00
[1.220s] joint1: writing 4 bytes to 0x1801/1: 82 02 00 80
[1.221s] joint1: writing 1 bytes to 0x1801/2: 01
[1.221s] joint1: writing 1 bytes to 0x1A01/0: 00
[1.221s] joint1: writing 4 bytes to 0x1A01/1: 20 00 64 60
[1.222s] joint1: writing 4 bytes to 0x1A01/2: 20 00 6C 60
[1.222s] joint1: writing 1 bytes to 0x1A01/0: 02
[1.223s] joint1: writing 4 bytes to 0x1801/1: 82 02 00 00
[1.223s] joint1: writing 4 bytes to 0x1802/1: 82 03 00 80
[1.223s] joint1: writing 1 bytes to 0x1802/2: 01
[1.224s] joint1: writing 1 bytes to 0x1A02/0: 00
[1.225s] joint1: writing 4 bytes to 0x1A02/1: 10 00 3F 60
[1.225s] joint1: writing 1 bytes to 0x1A02/0: 01
[1.226s] joint1: writing 4 bytes to 0x1802/1: 82 03 00 00
[1.226s] joint1: writing 2 bytes to 0x6040/0: 80 00
[1.226s] joint1: writing 4 bytes to 0x6083/0: A0 86 01 00
[1.227s] joint1: writing 4 bytes to 0x6084/0: A0 86 01 00
[1.227s] joint2: writing 4 bytes to 0x1400/1: 03 02 00 80
[1.228s] joint2: writing 1 bytes to 0x1400/2: 01
[1.228s] joint2: writing 1 bytes to 0x1600/0: 00
[1.228s] joint2: writing 4 bytes to 0x1600/1: 10 00 40 60
[1.229s] joint2: writing 4 bytes to 0x1600/2: 08 00 60 60
[1.229s] joint2: writing 1 bytes to 0x1600/0: 02
[1.230s] joint2: writing 4 bytes to 0x1400/1: 03 02 00 00
[1.230s] joint2: writing 4 bytes to 0x1401/1: 03 03 00 80
[1.230s] joint2: writing 1 bytes to 0x1401/2: 01
[1.231s] joint2: writing 1 bytes to 0x1601/0: 00
[1.231s] joint2: writing 4 bytes to 0x1601/1: 20 00 7A 60
[1.232s] joint2: writing 4 bytes to 0x1601/2: 20 00 FF 60
[1.232s] joint2: writing 1 bytes to 0x1601/0: 02
[1.232s] joint2: writing 4 bytes to 0x1401/1: 03 03 00 00
[1.233s] joint2: writing 4 bytes to 0x1800/1: 83 01 00 80
[1.233s] joint2: writing 1 bytes to 0x1800/2: 01
[1.234s] joint2: writing 1 bytes to 0x1A00/0: 00
[1.234s] joint2: writing 4 bytes to 0x1A00/1: 10 00 41 60
[1.234s] joint2: writing 4 bytes to 0x1A00/2: 08 00 61 60
[1.235s] joint2: writing 1 bytes to 0x1A00/0: 02
[1.235s] joint2: writing 4 bytes to 0x1800/1: 83 01 00 00
[1.236s] joint2: writing 4 bytes to 0x1801/1: 83 02 00 80
[1.236s] joint2: writing 1 bytes to 0x1801/2: 01
[1.236s] joint2: writing 1 bytes to 0x1A01/0: 00
[1.237s] joint2: writing 4 bytes to 0x1A01/1: 20 00 64 60
[1.237s] joint2: writing 4 bytes to 0x1A01/2: 20 00 6C 60
[1.238s] joint2: writing 1 bytes to 0x1A01/0: 02
[1.238s] joint2: writing 4 bytes to 0x1801/1: 83 02 00 00
[1.239s] joint2: writing 4 bytes to 0x1802/1: 83 03 00 80
[1.239s] joint2: writing 1 bytes to 0x1802/2: 01
[1.239s] joint2: writing 1 bytes to 0x1A02/0: 00
[1.240s] joint2: writing 4 bytes to 0x1A02/1: 10 00 3F 60
[1.240s] joint2: writing 1 bytes to 0x1A02/0: 01
[1.241s] joint2: writing 4 bytes to 0x1802/1: 83 03 00 00
[1.241s] joint2: writing 2 bytes to 0x6040/0: 80 00
[1.242s] joint2: writing 4 bytes to 0x6083/0: A0 86 01 00
[1.242s] joint2: writing 4 bytes to 0x6084/0: A0 86 01 00
[1.564s] [100%] Built target robot_control
[1.599s] Invoked command in '/home/orangepi/Robot_Project/AMR_Robot/amr_robot/build/amr_reality_pkg' returned '0': CMAKE_PREFIX_PATH=${CMAKE_PREFIX_PATH}:/opt/ros/humble /usr/bin/cmake --build /home/orangepi/Robot_Project/AMR_Robot/amr_robot/build/amr_reality_pkg -- -j8 -l8
[1.602s] Invoking command in '/home/orangepi/Robot_Project/AMR_Robot/amr_robot/build/amr_reality_pkg': CMAKE_PREFIX_PATH=${CMAKE_PREFIX_PATH}:/opt/ros/humble /usr/bin/cmake --install /home/orangepi/Robot_Project/AMR_Robot/amr_robot/build/amr_reality_pkg
[1.627s] -- Install configuration: ""
[1.628s] -- Execute custom install script
[1.630s] -- Symlinking: /home/orangepi/Robot_Project/AMR_Robot/amr_robot/install/amr_reality_pkg/share/amr_reality_pkg/config/robot_control//cia402_slave.eds
[1.659s] -- Symlinking: /home/orangepi/Robot_Project/AMR_Robot/amr_robot/install/amr_reality_pkg/share/amr_reality_pkg/config/robot_control//ros2_controllers.yaml
[1.688s] -- Symlinking: /home/orangepi/Robot_Project/AMR_Robot/amr_robot/install/amr_reality_pkg/share/amr_reality_pkg/config/robot_control//bus.yml
[1.719s] -- Symlinking: /home/orangepi/Robot_Project/AMR_Robot/amr_robot/install/amr_reality_pkg/share/amr_reality_pkg/config/robot_control//joint1.bin
[1.747s] -- Symlinking: /home/orangepi/Robot_Project/AMR_Robot/amr_robot/install/amr_reality_pkg/share/amr_reality_pkg/config/robot_control//joint2.bin
[1.776s] -- Symlinking: /home/orangepi/Robot_Project/AMR_Robot/amr_robot/install/amr_reality_pkg/share/amr_reality_pkg/config/robot_control//master.dcf
[1.802s] -- Symlinking: /home/orangepi/Robot_Project/AMR_Robot/amr_robot/install/amr_reality_pkg/share/amr_reality_pkg/config/robot_control//preprocessed_bus.yml
[1.832s] -- Up-to-date symlink: /home/orangepi/Robot_Project/AMR_Robot/amr_robot/install/amr_reality_pkg/share/amr_reality_pkg/launch/amr_reality.launch.py
[1.833s] -- Up-to-date symlink: /home/orangepi/Robot_Project/AMR_Robot/amr_robot/install/amr_reality_pkg/share/amr_reality_pkg/launch/localization_launch.py
[1.833s] -- Up-to-date symlink: /home/orangepi/Robot_Project/AMR_Robot/amr_robot/install/amr_reality_pkg/share/amr_reality_pkg/launch/navigation_launch.py
[1.833s] -- Up-to-date symlink: /home/orangepi/Robot_Project/AMR_Robot/amr_robot/install/amr_reality_pkg/share/amr_reality_pkg/launch/online_async_launch.py
[1.833s] -- Up-to-date symlink: /home/orangepi/Robot_Project/AMR_Robot/amr_robot/install/amr_reality_pkg/share/amr_reality_pkg/launch/slamtoolbox_localization.py
[1.835s] -- Up-to-date symlink: /home/orangepi/Robot_Project/AMR_Robot/amr_robot/install/amr_reality_pkg/share/amr_reality_pkg/descriptions/meshes/Imu_Link.STL
[1.836s] -- Up-to-date symlink: /home/orangepi/Robot_Project/AMR_Robot/amr_robot/install/amr_reality_pkg/share/amr_reality_pkg/descriptions/meshes/Left_Link.STL
[1.837s] -- Up-to-date symlink: /home/orangepi/Robot_Project/AMR_Robot/amr_robot/install/amr_reality_pkg/share/amr_reality_pkg/descriptions/meshes/Lidar_Link.STL
[1.837s] -- Up-to-date symlink: /home/orangepi/Robot_Project/AMR_Robot/amr_robot/install/amr_reality_pkg/share/amr_reality_pkg/descriptions/meshes/Right_Link.STL
[1.838s] -- Up-to-date symlink: /home/orangepi/Robot_Project/AMR_Robot/amr_robot/install/amr_reality_pkg/share/amr_reality_pkg/descriptions/meshes/Yaw_Behind_Left_Link.STL
[1.838s] -- Up-to-date symlink: /home/orangepi/Robot_Project/AMR_Robot/amr_robot/install/amr_reality_pkg/share/amr_reality_pkg/descriptions/meshes/Yaw_Behind_Right_Link.STL
[1.839s] -- Up-to-date symlink: /home/orangepi/Robot_Project/AMR_Robot/amr_robot/install/amr_reality_pkg/share/amr_reality_pkg/descriptions/meshes/Yaw_Front_Left_Link.STL
[1.839s] -- Up-to-date symlink: /home/orangepi/Robot_Project/AMR_Robot/amr_robot/install/amr_reality_pkg/share/amr_reality_pkg/descriptions/meshes/Yaw_Front_Right_Link.STL
[1.840s] -- Up-to-date symlink: /home/orangepi/Robot_Project/AMR_Robot/amr_robot/install/amr_reality_pkg/share/amr_reality_pkg/descriptions/meshes/base_link.STL
[1.840s] -- Up-to-date symlink: /home/orangepi/Robot_Project/AMR_Robot/amr_robot/install/amr_reality_pkg/share/amr_reality_pkg/descriptions/urdf/AMR1-00-Khung (1).SLDASM.urdf
[1.841s] -- Up-to-date symlink: /home/orangepi/Robot_Project/AMR_Robot/amr_robot/install/amr_reality_pkg/share/amr_reality_pkg/descriptions/urdf/robot.urdf.xacro
[1.841s] -- Up-to-date symlink: /home/orangepi/Robot_Project/AMR_Robot/amr_robot/install/amr_reality_pkg/share/amr_reality_pkg/descriptions/urdf/robot_controller/robot_controller.ros2_control.xacro
[1.842s] -- Up-to-date symlink: /home/orangepi/Robot_Project/AMR_Robot/amr_robot/install/amr_reality_pkg/share/amr_reality_pkg/descriptions/urdf/robot_controller/robot_controller.urdf.xacro
[1.842s] -- Up-to-date symlink: /home/orangepi/Robot_Project/AMR_Robot/amr_robot/install/amr_reality_pkg/share/amr_reality_pkg/config/ekf.yaml
[1.843s] -- Up-to-date symlink: /home/orangepi/Robot_Project/AMR_Robot/amr_robot/install/amr_reality_pkg/share/amr_reality_pkg/config/twist_mux.yaml
[1.843s] -- Up-to-date symlink: /home/orangepi/Robot_Project/AMR_Robot/amr_robot/install/amr_reality_pkg/share/amr_reality_pkg/config/laser_filter.yaml
[1.844s] -- Up-to-date symlink: /home/orangepi/Robot_Project/AMR_Robot/amr_robot/install/amr_reality_pkg/share/amr_reality_pkg/config/nav2_params.yaml
[1.844s] -- Up-to-date symlink: /home/orangepi/Robot_Project/AMR_Robot/amr_robot/install/amr_reality_pkg/share/amr_reality_pkg/config/mapper_params_online_async.yaml
[1.844s] -- Up-to-date symlink: /home/orangepi/Robot_Project/AMR_Robot/amr_robot/install/amr_reality_pkg/share/amr_reality_pkg/config/collision_monitor_params.yaml
[1.845s] -- Up-to-date symlink: /home/orangepi/Robot_Project/AMR_Robot/amr_robot/install/amr_reality_pkg/lib/amr_reality_pkg/ps4_teleop_node.py
[1.846s] -- Up-to-date symlink: /home/orangepi/Robot_Project/AMR_Robot/amr_robot/install/amr_reality_pkg/lib/amr_reality_pkg/imu_tl740D.py
[1.846s] -- Up-to-date symlink: /home/orangepi/Robot_Project/AMR_Robot/amr_robot/install/amr_reality_pkg/lib/amr_reality_pkg/cov_odom_scan.py
[1.847s] -- Up-to-date symlink: /home/orangepi/Robot_Project/AMR_Robot/amr_robot/install/amr_reality_pkg/lib/amr_reality_pkg/publish_test_path.py
[1.848s] -- Up-to-date symlink: /home/orangepi/Robot_Project/AMR_Robot/amr_robot/install/amr_reality_pkg/lib/amr_reality_pkg/plicp
[1.849s] -- Up-to-date symlink: /home/orangepi/Robot_Project/AMR_Robot/amr_robot/install/amr_reality_pkg/share/ament_index/resource_index/package_run_dependencies/amr_reality_pkg
[1.849s] -- Up-to-date symlink: /home/orangepi/Robot_Project/AMR_Robot/amr_robot/install/amr_reality_pkg/share/ament_index/resource_index/parent_prefix_path/amr_reality_pkg
[1.850s] -- Up-to-date symlink: /home/orangepi/Robot_Project/AMR_Robot/amr_robot/install/amr_reality_pkg/share/amr_reality_pkg/environment/ament_prefix_path.sh
[1.851s] -- Up-to-date symlink: /home/orangepi/Robot_Project/AMR_Robot/amr_robot/install/amr_reality_pkg/share/amr_reality_pkg/environment/ament_prefix_path.dsv
[1.851s] -- Up-to-date symlink: /home/orangepi/Robot_Project/AMR_Robot/amr_robot/install/amr_reality_pkg/share/amr_reality_pkg/environment/path.sh
[1.852s] -- Up-to-date symlink: /home/orangepi/Robot_Project/AMR_Robot/amr_robot/install/amr_reality_pkg/share/amr_reality_pkg/environment/path.dsv
[1.853s] -- Up-to-date symlink: /home/orangepi/Robot_Project/AMR_Robot/amr_robot/install/amr_reality_pkg/share/amr_reality_pkg/local_setup.bash
[1.853s] -- Up-to-date symlink: /home/orangepi/Robot_Project/AMR_Robot/amr_robot/install/amr_reality_pkg/share/amr_reality_pkg/local_setup.sh
[1.854s] -- Up-to-date symlink: /home/orangepi/Robot_Project/AMR_Robot/amr_robot/install/amr_reality_pkg/share/amr_reality_pkg/local_setup.zsh
[1.855s] -- Up-to-date symlink: /home/orangepi/Robot_Project/AMR_Robot/amr_robot/install/amr_reality_pkg/share/amr_reality_pkg/local_setup.dsv
[1.856s] -- Symlinking: /home/orangepi/Robot_Project/AMR_Robot/amr_robot/install/amr_reality_pkg/share/amr_reality_pkg/package.dsv
[1.874s] -- Up-to-date symlink: /home/orangepi/Robot_Project/AMR_Robot/amr_robot/install/amr_reality_pkg/share/ament_index/resource_index/packages/amr_reality_pkg
[1.875s] -- Up-to-date symlink: /home/orangepi/Robot_Project/AMR_Robot/amr_robot/install/amr_reality_pkg/share/amr_reality_pkg/cmake/amr_reality_pkgConfig.cmake
[1.875s] -- Up-to-date symlink: /home/orangepi/Robot_Project/AMR_Robot/amr_robot/install/amr_reality_pkg/share/amr_reality_pkg/cmake/amr_reality_pkgConfig-version.cmake
[1.876s] -- Up-to-date symlink: /home/orangepi/Robot_Project/AMR_Robot/amr_robot/install/amr_reality_pkg/share/amr_reality_pkg/package.xml
[1.883s] Invoked command in '/home/orangepi/Robot_Project/AMR_Robot/amr_robot/build/amr_reality_pkg' returned '0': CMAKE_PREFIX_PATH=${CMAKE_PREFIX_PATH}:/opt/ros/humble /usr/bin/cmake --install /home/orangepi/Robot_Project/AMR_Robot/amr_robot/build/amr_reality_pkg
