[0.030s] Invoking command in '/home/theanh/Robot_Project/AMR_Robot/amr1_ws/build/amr_reality_pkg': CMAKE_PREFIX_PATH=${CMAKE_PREFIX_PATH}:/opt/ros/humble /usr/bin/cmake --build /home/theanh/Robot_Project/AMR_Robot/amr1_ws/build/amr_reality_pkg -- -j15 -l15
[0.102s] Built target robot_control_prepare
[0.888s] joint1: writing 4 bytes to 0x1400/1: 02 02 00 80
[0.888s] joint1: writing 1 bytes to 0x1400/2: 01
[0.888s] joint1: writing 1 bytes to 0x1600/0: 00
[0.888s] joint1: writing 4 bytes to 0x1600/1: 10 00 40 60
[0.889s] joint1: writing 4 bytes to 0x1600/2: 08 00 60 60
[0.889s] joint1: writing 1 bytes to 0x1600/0: 02
[0.889s] joint1: writing 4 bytes to 0x1400/1: 02 02 00 00
[0.889s] joint1: writing 4 bytes to 0x1401/1: 02 03 00 80
[0.889s] joint1: writing 1 bytes to 0x1401/2: 01
[0.889s] joint1: writing 1 bytes to 0x1601/0: 00
[0.889s] joint1: writing 4 bytes to 0x1601/1: 20 00 7A 60
[0.889s] joint1: writing 4 bytes to 0x1601/2: 20 00 FF 60
[0.889s] joint1: writing 1 bytes to 0x1601/0: 02
[0.889s] joint1: writing 4 bytes to 0x1401/1: 02 03 00 00
[0.889s] joint1: writing 4 bytes to 0x1800/1: 82 01 00 80
[0.889s] joint1: writing 1 bytes to 0x1800/2: 01
[0.890s] joint1: writing 1 bytes to 0x1A00/0: 00
[0.890s] joint1: writing 4 bytes to 0x1A00/1: 10 00 41 60
[0.890s] joint1: writing 4 bytes to 0x1A00/2: 08 00 61 60
[0.890s] joint1: writing 1 bytes to 0x1A00/0: 02
[0.890s] joint1: writing 4 bytes to 0x1800/1: 82 01 00 00
[0.890s] joint1: writing 4 bytes to 0x1801/1: 82 02 00 80
[0.890s] joint1: writing 1 bytes to 0x1801/2: 01
[0.890s] joint1: writing 1 bytes to 0x1A01/0: 00
[0.890s] joint1: writing 4 bytes to 0x1A01/1: 20 00 64 60
[0.890s] joint1: writing 4 bytes to 0x1A01/2: 20 00 6C 60
[0.890s] joint1: writing 1 bytes to 0x1A01/0: 02
[0.890s] joint1: writing 4 bytes to 0x1801/1: 82 02 00 00
[0.890s] joint1: writing 4 bytes to 0x1802/1: 82 03 00 80
[0.891s] joint1: writing 1 bytes to 0x1802/2: 01
[0.891s] joint1: writing 1 bytes to 0x1A02/0: 00
[0.891s] joint1: writing 4 bytes to 0x1A02/1: 10 00 3F 60
[0.891s] joint1: writing 1 bytes to 0x1A02/0: 01
[0.891s] joint1: writing 4 bytes to 0x1802/1: 82 03 00 00
[0.891s] joint1: writing 2 bytes to 0x6040/0: 80 00
[0.891s] joint1: writing 2 bytes to 0x6040/0: 06 00
[0.891s] joint1: writing 2 bytes to 0x6040/0: 07 00
[0.891s] joint1: writing 2 bytes to 0x6040/0: 0F 01
[0.891s] joint1: writing 4 bytes to 0x6083/0: A0 86 01 00
[0.891s] joint1: writing 4 bytes to 0x6084/0: A0 86 01 00
[0.891s] joint1: writing 1 bytes to 0x6098/0: 00
[0.891s] joint2: writing 4 bytes to 0x1400/1: 03 02 00 80
[0.892s] joint2: writing 1 bytes to 0x1400/2: 01
[0.892s] joint2: writing 1 bytes to 0x1600/0: 00
[0.892s] joint2: writing 4 bytes to 0x1600/1: 10 00 40 60
[0.892s] joint2: writing 4 bytes to 0x1600/2: 08 00 60 60
[0.892s] joint2: writing 1 bytes to 0x1600/0: 02
[0.892s] joint2: writing 4 bytes to 0x1400/1: 03 02 00 00
[0.892s] joint2: writing 4 bytes to 0x1401/1: 03 03 00 80
[0.892s] joint2: writing 1 bytes to 0x1401/2: 01
[0.892s] joint2: writing 1 bytes to 0x1601/0: 00
[0.892s] joint2: writing 4 bytes to 0x1601/1: 20 00 7A 60
[0.892s] joint2: writing 4 bytes to 0x1601/2: 20 00 FF 60
[0.892s] joint2: writing 1 bytes to 0x1601/0: 02
[0.892s] joint2: writing 4 bytes to 0x1401/1: 03 03 00 00
[0.892s] joint2: writing 4 bytes to 0x1800/1: 83 01 00 80
[0.892s] joint2: writing 1 bytes to 0x1800/2: 01
[0.892s] joint2: writing 1 bytes to 0x1A00/0: 00
[0.893s] joint2: writing 4 bytes to 0x1A00/1: 10 00 41 60
[0.893s] joint2: writing 4 bytes to 0x1A00/2: 08 00 61 60
[0.893s] joint2: writing 1 bytes to 0x1A00/0: 02
[0.893s] joint2: writing 4 bytes to 0x1800/1: 83 01 00 00
[0.893s] joint2: writing 4 bytes to 0x1801/1: 83 02 00 80
[0.893s] joint2: writing 1 bytes to 0x1801/2: 01
[0.893s] joint2: writing 1 bytes to 0x1A01/0: 00
[0.893s] joint2: writing 4 bytes to 0x1A01/1: 20 00 64 60
[0.893s] joint2: writing 4 bytes to 0x1A01/2: 20 00 6C 60
[0.893s] joint2: writing 1 bytes to 0x1A01/0: 02
[0.893s] joint2: writing 4 bytes to 0x1801/1: 83 02 00 00
[0.893s] joint2: writing 4 bytes to 0x1802/1: 83 03 00 80
[0.893s] joint2: writing 1 bytes to 0x1802/2: 01
[0.893s] joint2: writing 1 bytes to 0x1A02/0: 00
[0.893s] joint2: writing 4 bytes to 0x1A02/1: 10 00 3F 60
[0.893s] joint2: writing 1 bytes to 0x1A02/0: 01
[0.894s] joint2: writing 4 bytes to 0x1802/1: 83 03 00 00
[0.894s] joint2: writing 2 bytes to 0x6040/0: 80 00
[0.894s] joint2: writing 2 bytes to 0x6040/0: 06 00
[0.894s] joint2: writing 2 bytes to 0x6040/0: 07 00
[0.894s] joint2: writing 2 bytes to 0x6040/0: 0F 01
[0.894s] joint2: writing 4 bytes to 0x6083/0: A0 86 01 00
[0.894s] joint2: writing 4 bytes to 0x6084/0: A0 86 01 00
[0.894s] joint2: writing 1 bytes to 0x6098/0: 00
[1.082s] Built target robot_control
[1.095s] Invoked command in '/home/theanh/Robot_Project/AMR_Robot/amr1_ws/build/amr_reality_pkg' returned '0': CMAKE_PREFIX_PATH=${CMAKE_PREFIX_PATH}:/opt/ros/humble /usr/bin/cmake --build /home/theanh/Robot_Project/AMR_Robot/amr1_ws/build/amr_reality_pkg -- -j15 -l15
[1.097s] Invoking command in '/home/theanh/Robot_Project/AMR_Robot/amr1_ws/build/amr_reality_pkg': CMAKE_PREFIX_PATH=${CMAKE_PREFIX_PATH}:/opt/ros/humble /usr/bin/cmake --install /home/theanh/Robot_Project/AMR_Robot/amr1_ws/build/amr_reality_pkg
[1.106s] -- Install configuration: ""
[1.106s] -- Execute custom install script
[1.107s] -- Symlinking: /home/theanh/Robot_Project/AMR_Robot/amr1_ws/install/amr_reality_pkg/share/amr_reality_pkg/config/robot_control//cia402_slave.eds
[1.118s] -- Symlinking: /home/theanh/Robot_Project/AMR_Robot/amr1_ws/install/amr_reality_pkg/share/amr_reality_pkg/config/robot_control//ros2_controllers.yaml
[1.130s] -- Symlinking: /home/theanh/Robot_Project/AMR_Robot/amr1_ws/install/amr_reality_pkg/share/amr_reality_pkg/config/robot_control//bus.yml
[1.142s] -- Symlinking: /home/theanh/Robot_Project/AMR_Robot/amr1_ws/install/amr_reality_pkg/share/amr_reality_pkg/config/robot_control//joint1.bin
[1.152s] -- Symlinking: /home/theanh/Robot_Project/AMR_Robot/amr1_ws/install/amr_reality_pkg/share/amr_reality_pkg/config/robot_control//joint2.bin
[1.163s] -- Symlinking: /home/theanh/Robot_Project/AMR_Robot/amr1_ws/install/amr_reality_pkg/share/amr_reality_pkg/config/robot_control//master.dcf
[1.174s] -- Symlinking: /home/theanh/Robot_Project/AMR_Robot/amr1_ws/install/amr_reality_pkg/share/amr_reality_pkg/config/robot_control//preprocessed_bus.yml
[1.185s] -- Up-to-date symlink: /home/theanh/Robot_Project/AMR_Robot/amr1_ws/install/amr_reality_pkg/share/amr_reality_pkg/launch/amr_reality.launch.py
[1.185s] -- Up-to-date symlink: /home/theanh/Robot_Project/AMR_Robot/amr1_ws/install/amr_reality_pkg/share/amr_reality_pkg/launch/localization_launch.py
[1.185s] -- Up-to-date symlink: /home/theanh/Robot_Project/AMR_Robot/amr1_ws/install/amr_reality_pkg/share/amr_reality_pkg/launch/navigation_launch.py
[1.185s] -- Up-to-date symlink: /home/theanh/Robot_Project/AMR_Robot/amr1_ws/install/amr_reality_pkg/share/amr_reality_pkg/descriptions/meshes/Imu_Link.STL
[1.185s] -- Up-to-date symlink: /home/theanh/Robot_Project/AMR_Robot/amr1_ws/install/amr_reality_pkg/share/amr_reality_pkg/descriptions/meshes/Left_Link.STL
[1.185s] -- Up-to-date symlink: /home/theanh/Robot_Project/AMR_Robot/amr1_ws/install/amr_reality_pkg/share/amr_reality_pkg/descriptions/meshes/Lidar_Link.STL
[1.186s] -- Up-to-date symlink: /home/theanh/Robot_Project/AMR_Robot/amr1_ws/install/amr_reality_pkg/share/amr_reality_pkg/descriptions/meshes/Right_Link.STL
[1.186s] -- Up-to-date symlink: /home/theanh/Robot_Project/AMR_Robot/amr1_ws/install/amr_reality_pkg/share/amr_reality_pkg/descriptions/meshes/Yaw_Behind_Left_Link.STL
[1.186s] -- Up-to-date symlink: /home/theanh/Robot_Project/AMR_Robot/amr1_ws/install/amr_reality_pkg/share/amr_reality_pkg/descriptions/meshes/Yaw_Behind_Right_Link.STL
[1.186s] -- Up-to-date symlink: /home/theanh/Robot_Project/AMR_Robot/amr1_ws/install/amr_reality_pkg/share/amr_reality_pkg/descriptions/meshes/Yaw_Front_Left_Link.STL
[1.186s] -- Up-to-date symlink: /home/theanh/Robot_Project/AMR_Robot/amr1_ws/install/amr_reality_pkg/share/amr_reality_pkg/descriptions/meshes/Yaw_Front_Right_Link.STL
[1.186s] -- Up-to-date symlink: /home/theanh/Robot_Project/AMR_Robot/amr1_ws/install/amr_reality_pkg/share/amr_reality_pkg/descriptions/meshes/base_link.STL
[1.186s] -- Up-to-date symlink: /home/theanh/Robot_Project/AMR_Robot/amr1_ws/install/amr_reality_pkg/share/amr_reality_pkg/descriptions/urdf/AMR1-00-Khung (1).SLDASM.urdf
[1.186s] -- Up-to-date symlink: /home/theanh/Robot_Project/AMR_Robot/amr1_ws/install/amr_reality_pkg/share/amr_reality_pkg/descriptions/urdf/gazebo_control.xacro
[1.187s] -- Up-to-date symlink: /home/theanh/Robot_Project/AMR_Robot/amr1_ws/install/amr_reality_pkg/share/amr_reality_pkg/descriptions/urdf/robot.urdf.xacro
[1.187s] -- Up-to-date symlink: /home/theanh/Robot_Project/AMR_Robot/amr1_ws/install/amr_reality_pkg/share/amr_reality_pkg/descriptions/urdf/robot_controller/robot_controller.ros2_control.xacro
[1.187s] -- Up-to-date symlink: /home/theanh/Robot_Project/AMR_Robot/amr1_ws/install/amr_reality_pkg/share/amr_reality_pkg/descriptions/urdf/robot_controller/robot_controller.urdf.xacro
[1.187s] -- Up-to-date symlink: /home/theanh/Robot_Project/AMR_Robot/amr1_ws/install/amr_reality_pkg/share/amr_reality_pkg/config/laser_filter.yaml
[1.187s] -- Up-to-date symlink: /home/theanh/Robot_Project/AMR_Robot/amr1_ws/install/amr_reality_pkg/share/amr_reality_pkg/config/ekf.yaml
[1.187s] -- Up-to-date symlink: /home/theanh/Robot_Project/AMR_Robot/amr1_ws/install/amr_reality_pkg/share/amr_reality_pkg/config/nav2_params.yaml
[1.188s] -- Up-to-date symlink: /home/theanh/Robot_Project/AMR_Robot/amr1_ws/install/amr_reality_pkg/share/amr_reality_pkg/config/mapper_params_online_async.yaml
[1.188s] -- Up-to-date symlink: /home/theanh/Robot_Project/AMR_Robot/amr1_ws/install/amr_reality_pkg/lib/amr_reality_pkg/ps4_teleop_node.py
[1.188s] -- Up-to-date symlink: /home/theanh/Robot_Project/AMR_Robot/amr1_ws/install/amr_reality_pkg/lib/amr_reality_pkg/imu_tl740D.py
[1.188s] -- Up-to-date symlink: /home/theanh/Robot_Project/AMR_Robot/amr1_ws/install/amr_reality_pkg/share/ament_index/resource_index/package_run_dependencies/amr_reality_pkg
[1.188s] -- Up-to-date symlink: /home/theanh/Robot_Project/AMR_Robot/amr1_ws/install/amr_reality_pkg/share/ament_index/resource_index/parent_prefix_path/amr_reality_pkg
[1.188s] -- Up-to-date symlink: /home/theanh/Robot_Project/AMR_Robot/amr1_ws/install/amr_reality_pkg/share/amr_reality_pkg/environment/ament_prefix_path.sh
[1.189s] -- Up-to-date symlink: /home/theanh/Robot_Project/AMR_Robot/amr1_ws/install/amr_reality_pkg/share/amr_reality_pkg/environment/ament_prefix_path.dsv
[1.189s] -- Up-to-date symlink: /home/theanh/Robot_Project/AMR_Robot/amr1_ws/install/amr_reality_pkg/share/amr_reality_pkg/environment/path.sh
[1.189s] -- Up-to-date symlink: /home/theanh/Robot_Project/AMR_Robot/amr1_ws/install/amr_reality_pkg/share/amr_reality_pkg/environment/path.dsv
[1.189s] -- Up-to-date symlink: /home/theanh/Robot_Project/AMR_Robot/amr1_ws/install/amr_reality_pkg/share/amr_reality_pkg/local_setup.bash
[1.189s] -- Up-to-date symlink: /home/theanh/Robot_Project/AMR_Robot/amr1_ws/install/amr_reality_pkg/share/amr_reality_pkg/local_setup.sh
[1.190s] -- Up-to-date symlink: /home/theanh/Robot_Project/AMR_Robot/amr1_ws/install/amr_reality_pkg/share/amr_reality_pkg/local_setup.zsh
[1.190s] -- Up-to-date symlink: /home/theanh/Robot_Project/AMR_Robot/amr1_ws/install/amr_reality_pkg/share/amr_reality_pkg/local_setup.dsv
[1.190s] -- Symlinking: /home/theanh/Robot_Project/AMR_Robot/amr1_ws/install/amr_reality_pkg/share/amr_reality_pkg/package.dsv
[1.203s] -- Up-to-date symlink: /home/theanh/Robot_Project/AMR_Robot/amr1_ws/install/amr_reality_pkg/share/ament_index/resource_index/packages/amr_reality_pkg
[1.203s] -- Up-to-date symlink: /home/theanh/Robot_Project/AMR_Robot/amr1_ws/install/amr_reality_pkg/share/amr_reality_pkg/cmake/amr_reality_pkgConfig.cmake
[1.203s] -- Up-to-date symlink: /home/theanh/Robot_Project/AMR_Robot/amr1_ws/install/amr_reality_pkg/share/amr_reality_pkg/cmake/amr_reality_pkgConfig-version.cmake
[1.203s] -- Up-to-date symlink: /home/theanh/Robot_Project/AMR_Robot/amr1_ws/install/amr_reality_pkg/share/amr_reality_pkg/package.xml
[1.206s] Invoked command in '/home/theanh/Robot_Project/AMR_Robot/amr1_ws/build/amr_reality_pkg' returned '0': CMAKE_PREFIX_PATH=${CMAKE_PREFIX_PATH}:/opt/ros/humble /usr/bin/cmake --install /home/theanh/Robot_Project/AMR_Robot/amr1_ws/build/amr_reality_pkg
