[0.057s] Invoking command in '/home/orangepi/Robot_Project/AMR_Robot/amr_robot/build/amr_reality_pkg': CMAKE_PREFIX_PATH=${CMAKE_PREFIX_PATH}:/opt/ros/humble /usr/bin/cmake --build /home/orangepi/Robot_Project/AMR_Robot/amr_robot/build/amr_reality_pkg -- -j8 -l8
[0.225s] [  0%] Built target robot_control_prepare
[0.255s] [100%] Built target plicp
[1.239s] joint1: writing 4 bytes to 0x1400/1: 02 02 00 80
[1.239s] joint1: writing 1 bytes to 0x1400/2: 01
[1.239s] joint1: writing 1 bytes to 0x1600/0: 00
[1.240s] joint1: writing 4 bytes to 0x1600/1: 10 00 40 60
[1.240s] joint1: writing 4 bytes to 0x1600/2: 08 00 60 60
[1.241s] joint1: writing 1 bytes to 0x1600/0: 02
[1.241s] joint1: writing 4 bytes to 0x1400/1: 02 02 00 00
[1.241s] joint1: writing 4 bytes to 0x1401/1: 02 03 00 80
[1.242s] joint1: writing 1 bytes to 0x1401/2: 01
[1.242s] joint1: writing 1 bytes to 0x1601/0: 00
[1.243s] joint1: writing 4 bytes to 0x1601/1: 20 00 7A 60
[1.243s] joint1: writing 4 bytes to 0x1601/2: 20 00 FF 60
[1.243s] joint1: writing 1 bytes to 0x1601/0: 02
[1.244s] joint1: writing 4 bytes to 0x1401/1: 02 03 00 00
[1.244s] joint1: writing 4 bytes to 0x1800/1: 82 01 00 80
[1.245s] joint1: writing 1 bytes to 0x1800/2: 01
[1.245s] joint1: writing 1 bytes to 0x1A00/0: 00
[1.245s] joint1: writing 4 bytes to 0x1A00/1: 10 00 41 60
[1.246s] joint1: writing 4 bytes to 0x1A00/2: 08 00 61 60
[1.246s] joint1: writing 1 bytes to 0x1A00/0: 02
[1.247s] joint1: writing 4 bytes to 0x1800/1: 82 01 00 00
[1.247s] joint1: writing 4 bytes to 0x1801/1: 82 02 00 80
[1.247s] joint1: writing 1 bytes to 0x1801/2: 01
[1.248s] joint1: writing 1 bytes to 0x1A01/0: 00
[1.248s] joint1: writing 4 bytes to 0x1A01/1: 20 00 64 60
[1.249s] joint1: writing 4 bytes to 0x1A01/2: 20 00 6C 60
[1.249s] joint1: writing 1 bytes to 0x1A01/0: 02
[1.249s] joint1: writing 4 bytes to 0x1801/1: 82 02 00 00
[1.250s] joint1: writing 4 bytes to 0x1802/1: 82 03 00 80
[1.250s] joint1: writing 1 bytes to 0x1802/2: 01
[1.251s] joint1: writing 1 bytes to 0x1A02/0: 00
[1.251s] joint1: writing 4 bytes to 0x1A02/1: 10 00 3F 60
[1.251s] joint1: writing 1 bytes to 0x1A02/0: 01
[1.252s] joint1: writing 4 bytes to 0x1802/1: 82 03 00 00
[1.252s] joint1: writing 2 bytes to 0x6040/0: 80 00
[1.253s] joint1: writing 4 bytes to 0x6083/0: A0 86 01 00
[1.253s] joint1: writing 4 bytes to 0x6084/0: A0 86 01 00
[1.253s] joint2: writing 4 bytes to 0x1400/1: 03 02 00 80
[1.254s] joint2: writing 1 bytes to 0x1400/2: 01
[1.254s] joint2: writing 1 bytes to 0x1600/0: 00
[1.255s] joint2: writing 4 bytes to 0x1600/1: 10 00 40 60
[1.255s] joint2: writing 4 bytes to 0x1600/2: 08 00 60 60
[1.255s] joint2: writing 1 bytes to 0x1600/0: 02
[1.256s] joint2: writing 4 bytes to 0x1400/1: 03 02 00 00
[1.256s] joint2: writing 4 bytes to 0x1401/1: 03 03 00 80
[1.257s] joint2: writing 1 bytes to 0x1401/2: 01
[1.257s] joint2: writing 1 bytes to 0x1601/0: 00
[1.257s] joint2: writing 4 bytes to 0x1601/1: 20 00 7A 60
[1.258s] joint2: writing 4 bytes to 0x1601/2: 20 00 FF 60
[1.258s] joint2: writing 1 bytes to 0x1601/0: 02
[1.259s] joint2: writing 4 bytes to 0x1401/1: 03 03 00 00
[1.259s] joint2: writing 4 bytes to 0x1800/1: 83 01 00 80
[1.259s] joint2: writing 1 bytes to 0x1800/2: 01
[1.260s] joint2: writing 1 bytes to 0x1A00/0: 00
[1.260s] joint2: writing 4 bytes to 0x1A00/1: 10 00 41 60
[1.261s] joint2: writing 4 bytes to 0x1A00/2: 08 00 61 60
[1.261s] joint2: writing 1 bytes to 0x1A00/0: 02
[1.262s] joint2: writing 4 bytes to 0x1800/1: 83 01 00 00
[1.262s] joint2: writing 4 bytes to 0x1801/1: 83 02 00 80
[1.262s] joint2: writing 1 bytes to 0x1801/2: 01
[1.263s] joint2: writing 1 bytes to 0x1A01/0: 00
[1.263s] joint2: writing 4 bytes to 0x1A01/1: 20 00 64 60
[1.263s] joint2: writing 4 bytes to 0x1A01/2: 20 00 6C 60
[1.264s] joint2: writing 1 bytes to 0x1A01/0: 02
[1.264s] joint2: writing 4 bytes to 0x1801/1: 83 02 00 00
[1.265s] joint2: writing 4 bytes to 0x1802/1: 83 03 00 80
[1.265s] joint2: writing 1 bytes to 0x1802/2: 01
[1.265s] joint2: writing 1 bytes to 0x1A02/0: 00
[1.266s] joint2: writing 4 bytes to 0x1A02/1: 10 00 3F 60
[1.266s] joint2: writing 1 bytes to 0x1A02/0: 01
[1.267s] joint2: writing 4 bytes to 0x1802/1: 83 03 00 00
[1.267s] joint2: writing 2 bytes to 0x6040/0: 80 00
[1.268s] joint2: writing 4 bytes to 0x6083/0: A0 86 01 00
[1.268s] joint2: writing 4 bytes to 0x6084/0: A0 86 01 00
[1.572s] [100%] Built target robot_control
[1.612s] Invoked command in '/home/orangepi/Robot_Project/AMR_Robot/amr_robot/build/amr_reality_pkg' returned '0': CMAKE_PREFIX_PATH=${CMAKE_PREFIX_PATH}:/opt/ros/humble /usr/bin/cmake --build /home/orangepi/Robot_Project/AMR_Robot/amr_robot/build/amr_reality_pkg -- -j8 -l8
[1.618s] Invoking command in '/home/orangepi/Robot_Project/AMR_Robot/amr_robot/build/amr_reality_pkg': CMAKE_PREFIX_PATH=${CMAKE_PREFIX_PATH}:/opt/ros/humble /usr/bin/cmake --install /home/orangepi/Robot_Project/AMR_Robot/amr_robot/build/amr_reality_pkg
[1.639s] -- Install configuration: ""
[1.640s] -- Execute custom install script
[1.641s] -- Symlinking: /home/orangepi/Robot_Project/AMR_Robot/amr_robot/install/amr_reality_pkg/share/amr_reality_pkg/config/robot_control//cia402_slave.eds
[1.669s] -- Symlinking: /home/orangepi/Robot_Project/AMR_Robot/amr_robot/install/amr_reality_pkg/share/amr_reality_pkg/config/robot_control//ros2_controllers.yaml
[1.697s] -- Symlinking: /home/orangepi/Robot_Project/AMR_Robot/amr_robot/install/amr_reality_pkg/share/amr_reality_pkg/config/robot_control//bus.yml
[1.722s] -- Symlinking: /home/orangepi/Robot_Project/AMR_Robot/amr_robot/install/amr_reality_pkg/share/amr_reality_pkg/config/robot_control//joint1.bin
[1.750s] -- Symlinking: /home/orangepi/Robot_Project/AMR_Robot/amr_robot/install/amr_reality_pkg/share/amr_reality_pkg/config/robot_control//joint2.bin
[1.775s] -- Symlinking: /home/orangepi/Robot_Project/AMR_Robot/amr_robot/install/amr_reality_pkg/share/amr_reality_pkg/config/robot_control//master.dcf
[1.805s] -- Symlinking: /home/orangepi/Robot_Project/AMR_Robot/amr_robot/install/amr_reality_pkg/share/amr_reality_pkg/config/robot_control//preprocessed_bus.yml
[1.836s] -- Up-to-date symlink: /home/orangepi/Robot_Project/AMR_Robot/amr_robot/install/amr_reality_pkg/share/amr_reality_pkg/launch/amr_reality.launch.py
[1.837s] -- Up-to-date symlink: /home/orangepi/Robot_Project/AMR_Robot/amr_robot/install/amr_reality_pkg/share/amr_reality_pkg/launch/localization_launch.py
[1.837s] -- Up-to-date symlink: /home/orangepi/Robot_Project/AMR_Robot/amr_robot/install/amr_reality_pkg/share/amr_reality_pkg/launch/navigation_launch.py
[1.838s] -- Up-to-date symlink: /home/orangepi/Robot_Project/AMR_Robot/amr_robot/install/amr_reality_pkg/share/amr_reality_pkg/launch/online_async_launch.py
[1.838s] -- Up-to-date symlink: /home/orangepi/Robot_Project/AMR_Robot/amr_robot/install/amr_reality_pkg/share/amr_reality_pkg/launch/slamtoolbox_localization.py
[1.840s] -- Up-to-date symlink: /home/orangepi/Robot_Project/AMR_Robot/amr_robot/install/amr_reality_pkg/share/amr_reality_pkg/descriptions/meshes/Imu_Link.STL
[1.841s] -- Up-to-date symlink: /home/orangepi/Robot_Project/AMR_Robot/amr_robot/install/amr_reality_pkg/share/amr_reality_pkg/descriptions/meshes/Left_Link.STL
[1.841s] -- Up-to-date symlink: /home/orangepi/Robot_Project/AMR_Robot/amr_robot/install/amr_reality_pkg/share/amr_reality_pkg/descriptions/meshes/Lidar_Link.STL
[1.842s] -- Up-to-date symlink: /home/orangepi/Robot_Project/AMR_Robot/amr_robot/install/amr_reality_pkg/share/amr_reality_pkg/descriptions/meshes/Right_Link.STL
[1.842s] -- Up-to-date symlink: /home/orangepi/Robot_Project/AMR_Robot/amr_robot/install/amr_reality_pkg/share/amr_reality_pkg/descriptions/meshes/Yaw_Behind_Left_Link.STL
[1.843s] -- Up-to-date symlink: /home/orangepi/Robot_Project/AMR_Robot/amr_robot/install/amr_reality_pkg/share/amr_reality_pkg/descriptions/meshes/Yaw_Behind_Right_Link.STL
[1.843s] -- Up-to-date symlink: /home/orangepi/Robot_Project/AMR_Robot/amr_robot/install/amr_reality_pkg/share/amr_reality_pkg/descriptions/meshes/Yaw_Front_Left_Link.STL
[1.844s] -- Up-to-date symlink: /home/orangepi/Robot_Project/AMR_Robot/amr_robot/install/amr_reality_pkg/share/amr_reality_pkg/descriptions/meshes/Yaw_Front_Right_Link.STL
[1.844s] -- Up-to-date symlink: /home/orangepi/Robot_Project/AMR_Robot/amr_robot/install/amr_reality_pkg/share/amr_reality_pkg/descriptions/meshes/base_link.STL
[1.845s] -- Symlinking: /home/orangepi/Robot_Project/AMR_Robot/amr_robot/install/amr_reality_pkg/share/amr_reality_pkg/descriptions/meshes_2/Imu_Link.STL
[1.870s] -- Symlinking: /home/orangepi/Robot_Project/AMR_Robot/amr_robot/install/amr_reality_pkg/share/amr_reality_pkg/descriptions/meshes_2/Left_Link.STL
[1.897s] -- Symlinking: /home/orangepi/Robot_Project/AMR_Robot/amr_robot/install/amr_reality_pkg/share/amr_reality_pkg/descriptions/meshes_2/Lidar_Link.STL
[1.923s] -- Symlinking: /home/orangepi/Robot_Project/AMR_Robot/amr_robot/install/amr_reality_pkg/share/amr_reality_pkg/descriptions/meshes_2/Right_Link.STL
[1.953s] -- Symlinking: /home/orangepi/Robot_Project/AMR_Robot/amr_robot/install/amr_reality_pkg/share/amr_reality_pkg/descriptions/meshes_2/Yaw_Behind_Left_Link.STL
[2.006s] -- Symlinking: /home/orangepi/Robot_Project/AMR_Robot/amr_robot/install/amr_reality_pkg/share/amr_reality_pkg/descriptions/meshes_2/Yaw_Behind_Right_Link.STL
[2.034s] -- Symlinking: /home/orangepi/Robot_Project/AMR_Robot/amr_robot/install/amr_reality_pkg/share/amr_reality_pkg/descriptions/meshes_2/Yaw_Front_Left_Link.STL
[2.061s] -- Symlinking: /home/orangepi/Robot_Project/AMR_Robot/amr_robot/install/amr_reality_pkg/share/amr_reality_pkg/descriptions/meshes_2/Yaw_Front_Right_Link.STL
[2.092s] -- Symlinking: /home/orangepi/Robot_Project/AMR_Robot/amr_robot/install/amr_reality_pkg/share/amr_reality_pkg/descriptions/meshes_2/base_link.STL
[2.117s] -- Up-to-date symlink: /home/orangepi/Robot_Project/AMR_Robot/amr_robot/install/amr_reality_pkg/share/amr_reality_pkg/descriptions/urdf/AMR1-00-Khung (1).SLDASM.urdf
[2.118s] -- Symlinking: /home/orangepi/Robot_Project/AMR_Robot/amr_robot/install/amr_reality_pkg/share/amr_reality_pkg/descriptions/urdf/AMR1-00-Khung_urdf.SLDASM.urdf
[2.147s] -- Up-to-date symlink: /home/orangepi/Robot_Project/AMR_Robot/amr_robot/install/amr_reality_pkg/share/amr_reality_pkg/descriptions/urdf/robot.urdf.xacro
[2.147s] -- Up-to-date symlink: /home/orangepi/Robot_Project/AMR_Robot/amr_robot/install/amr_reality_pkg/share/amr_reality_pkg/descriptions/urdf/robot_controller/robot_controller.ros2_control.xacro
[2.148s] -- Up-to-date symlink: /home/orangepi/Robot_Project/AMR_Robot/amr_robot/install/amr_reality_pkg/share/amr_reality_pkg/descriptions/urdf/robot_controller/robot_controller.urdf.xacro
[2.148s] -- Up-to-date symlink: /home/orangepi/Robot_Project/AMR_Robot/amr_robot/install/amr_reality_pkg/share/amr_reality_pkg/config/ekf.yaml
[2.149s] -- Up-to-date symlink: /home/orangepi/Robot_Project/AMR_Robot/amr_robot/install/amr_reality_pkg/share/amr_reality_pkg/config/twist_mux.yaml
[2.149s] -- Up-to-date symlink: /home/orangepi/Robot_Project/AMR_Robot/amr_robot/install/amr_reality_pkg/share/amr_reality_pkg/config/laser_filter.yaml
[2.150s] -- Up-to-date symlink: /home/orangepi/Robot_Project/AMR_Robot/amr_robot/install/amr_reality_pkg/share/amr_reality_pkg/config/nav2_params.yaml
[2.151s] -- Up-to-date symlink: /home/orangepi/Robot_Project/AMR_Robot/amr_robot/install/amr_reality_pkg/share/amr_reality_pkg/config/mapper_params_online_async.yaml
[2.151s] -- Up-to-date symlink: /home/orangepi/Robot_Project/AMR_Robot/amr_robot/install/amr_reality_pkg/share/amr_reality_pkg/config/collision_monitor_params.yaml
[2.152s] -- Up-to-date symlink: /home/orangepi/Robot_Project/AMR_Robot/amr_robot/install/amr_reality_pkg/lib/amr_reality_pkg/ps4_teleop_node.py
[2.152s] -- Up-to-date symlink: /home/orangepi/Robot_Project/AMR_Robot/amr_robot/install/amr_reality_pkg/lib/amr_reality_pkg/imu_tl740D.py
[2.153s] -- Up-to-date symlink: /home/orangepi/Robot_Project/AMR_Robot/amr_robot/install/amr_reality_pkg/lib/amr_reality_pkg/cov_odom_scan.py
[2.153s] -- Up-to-date symlink: /home/orangepi/Robot_Project/AMR_Robot/amr_robot/install/amr_reality_pkg/lib/amr_reality_pkg/publish_test_path.py
[2.154s] -- Up-to-date symlink: /home/orangepi/Robot_Project/AMR_Robot/amr_robot/install/amr_reality_pkg/lib/amr_reality_pkg/plicp
[2.155s] -- Up-to-date symlink: /home/orangepi/Robot_Project/AMR_Robot/amr_robot/install/amr_reality_pkg/share/ament_index/resource_index/package_run_dependencies/amr_reality_pkg
[2.156s] -- Up-to-date symlink: /home/orangepi/Robot_Project/AMR_Robot/amr_robot/install/amr_reality_pkg/share/ament_index/resource_index/parent_prefix_path/amr_reality_pkg
[2.156s] -- Up-to-date symlink: /home/orangepi/Robot_Project/AMR_Robot/amr_robot/install/amr_reality_pkg/share/amr_reality_pkg/environment/ament_prefix_path.sh
[2.157s] -- Up-to-date symlink: /home/orangepi/Robot_Project/AMR_Robot/amr_robot/install/amr_reality_pkg/share/amr_reality_pkg/environment/ament_prefix_path.dsv
[2.158s] -- Up-to-date symlink: /home/orangepi/Robot_Project/AMR_Robot/amr_robot/install/amr_reality_pkg/share/amr_reality_pkg/environment/path.sh
[2.159s] -- Up-to-date symlink: /home/orangepi/Robot_Project/AMR_Robot/amr_robot/install/amr_reality_pkg/share/amr_reality_pkg/environment/path.dsv
[2.159s] -- Up-to-date symlink: /home/orangepi/Robot_Project/AMR_Robot/amr_robot/install/amr_reality_pkg/share/amr_reality_pkg/local_setup.bash
[2.160s] -- Up-to-date symlink: /home/orangepi/Robot_Project/AMR_Robot/amr_robot/install/amr_reality_pkg/share/amr_reality_pkg/local_setup.sh
[2.161s] -- Up-to-date symlink: /home/orangepi/Robot_Project/AMR_Robot/amr_robot/install/amr_reality_pkg/share/amr_reality_pkg/local_setup.zsh
[2.161s] -- Up-to-date symlink: /home/orangepi/Robot_Project/AMR_Robot/amr_robot/install/amr_reality_pkg/share/amr_reality_pkg/local_setup.dsv
[2.162s] -- Symlinking: /home/orangepi/Robot_Project/AMR_Robot/amr_robot/install/amr_reality_pkg/share/amr_reality_pkg/package.dsv
[2.191s] -- Up-to-date symlink: /home/orangepi/Robot_Project/AMR_Robot/amr_robot/install/amr_reality_pkg/share/ament_index/resource_index/packages/amr_reality_pkg
[2.192s] -- Up-to-date symlink: /home/orangepi/Robot_Project/AMR_Robot/amr_robot/install/amr_reality_pkg/share/amr_reality_pkg/cmake/amr_reality_pkgConfig.cmake
[2.192s] -- Up-to-date symlink: /home/orangepi/Robot_Project/AMR_Robot/amr_robot/install/amr_reality_pkg/share/amr_reality_pkg/cmake/amr_reality_pkgConfig-version.cmake
[2.193s] -- Up-to-date symlink: /home/orangepi/Robot_Project/AMR_Robot/amr_robot/install/amr_reality_pkg/share/amr_reality_pkg/package.xml
[2.204s] Invoked command in '/home/orangepi/Robot_Project/AMR_Robot/amr_robot/build/amr_reality_pkg' returned '0': CMAKE_PREFIX_PATH=${CMAKE_PREFIX_PATH}:/opt/ros/humble /usr/bin/cmake --install /home/orangepi/Robot_Project/AMR_Robot/amr_robot/build/amr_reality_pkg
