[0.038s] Invoking command in '/home/orangepi/Robot_Project/AMR_Robot/amr_robot/build/laser_filters': CMAKE_PREFIX_PATH=${CMAKE_PREFIX_PATH}:/opt/ros/humble /usr/bin/cmake /home/orangepi/Robot_Project/AMR_Robot/amr_robot/src/laser_filters -DCMAKE_INSTALL_PREFIX=/home/orangepi/Robot_Project/AMR_Robot/amr_robot/install/laser_filters
[0.077s] -- Found ament_cmake_auto: 1.3.14 (/opt/ros/humble/share/ament_cmake_auto/cmake)
[0.270s] -- Override CMake install command with custom implementation using symlinks instead of copying resources
[0.539s] -- Found rosidl_generator_c: 3.1.9 (/opt/ros/humble/share/rosidl_generator_c/cmake)
[0.551s] -- Found rosidl_adapter: 3.1.9 (/opt/ros/humble/share/rosidl_adapter/cmake)
[0.568s] -- Found rosidl_generator_cpp: 3.1.9 (/opt/ros/humble/share/rosidl_generator_cpp/cmake)
[0.581s] -- Using all available rosidl_typesupport_c: rosidl_typesupport_fastrtps_c;rosidl_typesupport_introspection_c
[0.599s] -- Using all available rosidl_typesupport_cpp: rosidl_typesupport_fastrtps_cpp;rosidl_typesupport_introspection_cpp
[0.700s] -- Found rmw_implementation_cmake: 6.1.3 (/opt/ros/humble/share/rmw_implementation_cmake/cmake)
[0.702s] -- Found rmw_fastrtps_cpp: 6.2.10 (/opt/ros/humble/share/rmw_fastrtps_cpp/cmake)
[0.952s] -- Using RMW implementation 'rmw_fastrtps_cpp' as default
[1.188s] -- Ensuring Eigen3 include directory is part of orocos-kdl CMake target
[1.314s] [0mIn this package, headers install destination is set to `include` by ament_auto_package. It is recommended to install `include/laser_filters` instead and will be the default behavior of ament_auto_package from ROS 2 Kilted Kaiju. On distributions before Kilted, ament_auto_package behaves the same way when you use USE_SCOPED_HEADER_INSTALL_DIR option.[0m
[1.349s] -- Found ament_cmake_gtest: 1.3.14 (/opt/ros/humble/share/ament_cmake_gtest/cmake)
[1.351s] -- Found gtest sources under '/opt/ros/humble/src/gtest_vendor': C++ tests using 'Google Test' will be built
[1.351s] -- Found launch_testing_ament_cmake: 1.0.14 (/opt/ros/humble/share/launch_testing_ament_cmake/cmake)
[1.352s] -- Found python_cmake_module: 0.10.0 (/opt/ros/humble/share/python_cmake_module/cmake)
[1.383s] -- Using PYTHON_EXECUTABLE: /usr/bin/python3
[1.383s] -- Using PYTHON_INCLUDE_DIRS: /usr/include/python3.10
[1.384s] -- Using PYTHON_LIBRARIES: /usr/lib/aarch64-linux-gnu/libpython3.10.so
[1.389s] -- Configuring done
[1.510s] -- Generating done
[1.588s] -- Build files have been written to: /home/orangepi/Robot_Project/AMR_Robot/amr_robot/build/laser_filters
[1.670s] Invoked command in '/home/orangepi/Robot_Project/AMR_Robot/amr_robot/build/laser_filters' returned '0': CMAKE_PREFIX_PATH=${CMAKE_PREFIX_PATH}:/opt/ros/humble /usr/bin/cmake /home/orangepi/Robot_Project/AMR_Robot/amr_robot/src/laser_filters -DCMAKE_INSTALL_PREFIX=/home/orangepi/Robot_Project/AMR_Robot/amr_robot/install/laser_filters
[1.671s] Invoking command in '/home/orangepi/Robot_Project/AMR_Robot/amr_robot/build/laser_filters': CMAKE_PREFIX_PATH=${CMAKE_PREFIX_PATH}:/opt/ros/humble /usr/bin/cmake --build /home/orangepi/Robot_Project/AMR_Robot/amr_robot/build/laser_filters -- -j8 -l8
[1.769s] [35m[1mConsolidate compiler generated dependencies of target gtest[0m
[1.773s] [35m[1mConsolidate compiler generated dependencies of target laser_scan_filters[0m
[1.784s] [35m[1mConsolidate compiler generated dependencies of target gtest_main[0m
[1.793s] [35m[1mConsolidate compiler generated dependencies of target scan_to_scan_filter_chain[0m
[1.803s] [  8%] Built target gtest_main
[1.805s] [35m[1mConsolidate compiler generated dependencies of target scan_to_cloud_filter_chain[0m
[1.874s] [ 16%] Built target scan_to_scan_filter_chain
[1.880s] [ 24%] Built target gtest
[1.890s] [ 32%] Built target scan_to_cloud_filter_chain
[1.911s] [ 40%] Built target laser_scan_filters
[1.931s] [35m[1mConsolidate compiler generated dependencies of target test_scan_filter_chain[0m
[1.935s] [35m[1mConsolidate compiler generated dependencies of target test_angular_bounds_filter[0m
[1.936s] [35m[1mConsolidate compiler generated dependencies of target laser_filter_chains[0m
[1.965s] [35m[1mConsolidate compiler generated dependencies of target test_shadow_detector[0m
[1.972s] [35m[1mConsolidate compiler generated dependencies of target test_scan_shadows_filter[0m
[1.986s] [35m[1mConsolidate compiler generated dependencies of target test_speckle_filter[0m
[2.026s] [ 48%] Built target test_shadow_detector
[2.027s] [ 56%] Built target test_angular_bounds_filter
[2.036s] [ 68%] Built target laser_filter_chains
[2.036s] [ 76%] Built target test_scan_filter_chain
[2.047s] [ 84%] Built target test_speckle_filter
[2.047s] [ 92%] Built target test_scan_shadows_filter
[2.060s] [35m[1mConsolidate compiler generated dependencies of target generic_laser_filter_node[0m
[2.107s] [100%] Built target generic_laser_filter_node
[2.142s] Invoked command in '/home/orangepi/Robot_Project/AMR_Robot/amr_robot/build/laser_filters' returned '0': CMAKE_PREFIX_PATH=${CMAKE_PREFIX_PATH}:/opt/ros/humble /usr/bin/cmake --build /home/orangepi/Robot_Project/AMR_Robot/amr_robot/build/laser_filters -- -j8 -l8
[2.145s] Invoking command in '/home/orangepi/Robot_Project/AMR_Robot/amr_robot/build/laser_filters': CMAKE_PREFIX_PATH=${CMAKE_PREFIX_PATH}:/opt/ros/humble /usr/bin/cmake --install /home/orangepi/Robot_Project/AMR_Robot/amr_robot/build/laser_filters
[2.154s] -- Install configuration: ""
[2.155s] -- Execute custom install script
[2.155s] -- Up-to-date symlink: /home/orangepi/Robot_Project/AMR_Robot/amr_robot/install/laser_filters/lib/laser_filters/scan_to_cloud_filter_chain
[2.156s] -- Up-to-date symlink: /home/orangepi/Robot_Project/AMR_Robot/amr_robot/install/laser_filters/lib/laser_filters/scan_to_scan_filter_chain
[2.156s] -- Up-to-date symlink: /home/orangepi/Robot_Project/AMR_Robot/amr_robot/install/laser_filters/share/laser_filters//laser_filters_plugins.xml
[2.157s] -- Up-to-date symlink: /home/orangepi/Robot_Project/AMR_Robot/amr_robot/install/laser_filters/include/laser_filters/angular_bounds_filter.h
[2.158s] -- Up-to-date symlink: /home/orangepi/Robot_Project/AMR_Robot/amr_robot/install/laser_filters/include/laser_filters/angular_bounds_filter_in_place.h
[2.158s] -- Up-to-date symlink: /home/orangepi/Robot_Project/AMR_Robot/amr_robot/install/laser_filters/include/laser_filters/array_filter.h
[2.159s] -- Up-to-date symlink: /home/orangepi/Robot_Project/AMR_Robot/amr_robot/install/laser_filters/include/laser_filters/binning_filter.h
[2.159s] -- Up-to-date symlink: /home/orangepi/Robot_Project/AMR_Robot/amr_robot/install/laser_filters/include/laser_filters/box_filter.h
[2.159s] -- Up-to-date symlink: /home/orangepi/Robot_Project/AMR_Robot/amr_robot/install/laser_filters/include/laser_filters/footprint_filter.h
[2.160s] -- Up-to-date symlink: /home/orangepi/Robot_Project/AMR_Robot/amr_robot/install/laser_filters/include/laser_filters/intensity_filter.h
[2.160s] -- Up-to-date symlink: /home/orangepi/Robot_Project/AMR_Robot/amr_robot/install/laser_filters/include/laser_filters/interpolation_filter.h
[2.160s] -- Up-to-date symlink: /home/orangepi/Robot_Project/AMR_Robot/amr_robot/install/laser_filters/include/laser_filters/median_filter.h
[2.160s] -- Up-to-date symlink: /home/orangepi/Robot_Project/AMR_Robot/amr_robot/install/laser_filters/include/laser_filters/median_spatial_filter.h
[2.160s] -- Up-to-date symlink: /home/orangepi/Robot_Project/AMR_Robot/amr_robot/install/laser_filters/include/laser_filters/polygon_filter.h
[2.161s] -- Up-to-date symlink: /home/orangepi/Robot_Project/AMR_Robot/amr_robot/install/laser_filters/include/laser_filters/range_filter.h
[2.161s] -- Up-to-date symlink: /home/orangepi/Robot_Project/AMR_Robot/amr_robot/install/laser_filters/include/laser_filters/scan_blob_filter.h
[2.162s] -- Up-to-date symlink: /home/orangepi/Robot_Project/AMR_Robot/amr_robot/install/laser_filters/include/laser_filters/scan_mask_filter.h
[2.162s] -- Up-to-date symlink: /home/orangepi/Robot_Project/AMR_Robot/amr_robot/install/laser_filters/include/laser_filters/scan_shadow_detector.h
[2.162s] -- Up-to-date symlink: /home/orangepi/Robot_Project/AMR_Robot/amr_robot/install/laser_filters/include/laser_filters/scan_shadows_filter.h
[2.163s] -- Up-to-date symlink: /home/orangepi/Robot_Project/AMR_Robot/amr_robot/install/laser_filters/include/laser_filters/sector_filter.h
[2.163s] -- Up-to-date symlink: /home/orangepi/Robot_Project/AMR_Robot/amr_robot/install/laser_filters/include/laser_filters/speckle_filter.h
[2.164s] -- Up-to-date symlink: /home/orangepi/Robot_Project/AMR_Robot/amr_robot/install/laser_filters/share/laser_filters/environment/library_path.sh
[2.164s] -- Up-to-date symlink: /home/orangepi/Robot_Project/AMR_Robot/amr_robot/install/laser_filters/share/laser_filters/environment/library_path.dsv
[2.164s] -- Up-to-date symlink: /home/orangepi/Robot_Project/AMR_Robot/amr_robot/install/laser_filters/lib/liblaser_scan_filters.so
[2.164s] -- Up-to-date symlink: /home/orangepi/Robot_Project/AMR_Robot/amr_robot/install/laser_filters/lib/liblaser_filter_chains.so
[2.164s] -- Up-to-date symlink: /home/orangepi/Robot_Project/AMR_Robot/amr_robot/install/laser_filters/lib/laser_filters/generic_laser_filter_node
[2.165s] -- Up-to-date symlink: /home/orangepi/Robot_Project/AMR_Robot/amr_robot/install/laser_filters/share/laser_filters/examples/angular_filter_example.launch.py
[2.165s] -- Up-to-date symlink: /home/orangepi/Robot_Project/AMR_Robot/amr_robot/install/laser_filters/share/laser_filters/examples/angular_filter_example.yaml
[2.165s] -- Up-to-date symlink: /home/orangepi/Robot_Project/AMR_Robot/amr_robot/install/laser_filters/share/laser_filters/examples/angular_filter_in_place_example.launch.py
[2.165s] -- Up-to-date symlink: /home/orangepi/Robot_Project/AMR_Robot/amr_robot/install/laser_filters/share/laser_filters/examples/angular_filter_in_place_example.yaml
[2.165s] -- Up-to-date symlink: /home/orangepi/Robot_Project/AMR_Robot/amr_robot/install/laser_filters/share/laser_filters/examples/bin_filter_example.launch.py
[2.166s] -- Up-to-date symlink: /home/orangepi/Robot_Project/AMR_Robot/amr_robot/install/laser_filters/share/laser_filters/examples/bin_filter_example.yaml
[2.166s] -- Up-to-date symlink: /home/orangepi/Robot_Project/AMR_Robot/amr_robot/install/laser_filters/share/laser_filters/examples/box_filter_example.launch.py
[2.166s] -- Up-to-date symlink: /home/orangepi/Robot_Project/AMR_Robot/amr_robot/install/laser_filters/share/laser_filters/examples/box_filter_example.yaml
[2.166s] -- Up-to-date symlink: /home/orangepi/Robot_Project/AMR_Robot/amr_robot/install/laser_filters/share/laser_filters/examples/footprint_filter_example.launch.py
[2.166s] -- Up-to-date symlink: /home/orangepi/Robot_Project/AMR_Robot/amr_robot/install/laser_filters/share/laser_filters/examples/footprint_filter_example.yaml
[2.167s] -- Up-to-date symlink: /home/orangepi/Robot_Project/AMR_Robot/amr_robot/install/laser_filters/share/laser_filters/examples/intensity_filter_example.launch.py
[2.167s] -- Up-to-date symlink: /home/orangepi/Robot_Project/AMR_Robot/amr_robot/install/laser_filters/share/laser_filters/examples/intensity_filter_example.yaml
[2.167s] -- Up-to-date symlink: /home/orangepi/Robot_Project/AMR_Robot/amr_robot/install/laser_filters/share/laser_filters/examples/mask_filter_example.launch.py
[2.167s] -- Up-to-date symlink: /home/orangepi/Robot_Project/AMR_Robot/amr_robot/install/laser_filters/share/laser_filters/examples/mask_filter_example.yaml
[2.167s] -- Up-to-date symlink: /home/orangepi/Robot_Project/AMR_Robot/amr_robot/install/laser_filters/share/laser_filters/examples/median_filter_example.launch.py
[2.167s] -- Up-to-date symlink: /home/orangepi/Robot_Project/AMR_Robot/amr_robot/install/laser_filters/share/laser_filters/examples/median_filter_example.yaml
[2.168s] -- Up-to-date symlink: /home/orangepi/Robot_Project/AMR_Robot/amr_robot/install/laser_filters/share/laser_filters/examples/median_spatial_filter.launch.py
[2.168s] -- Up-to-date symlink: /home/orangepi/Robot_Project/AMR_Robot/amr_robot/install/laser_filters/share/laser_filters/examples/median_spatial_filter.launch.xml
[2.168s] -- Up-to-date symlink: /home/orangepi/Robot_Project/AMR_Robot/amr_robot/install/laser_filters/share/laser_filters/examples/median_spatial_filter_example.yaml
[2.168s] -- Up-to-date symlink: /home/orangepi/Robot_Project/AMR_Robot/amr_robot/install/laser_filters/share/laser_filters/examples/multiple_filters_example.launch.py
[2.168s] -- Up-to-date symlink: /home/orangepi/Robot_Project/AMR_Robot/amr_robot/install/laser_filters/share/laser_filters/examples/multiple_filters_example.yaml
[2.168s] -- Up-to-date symlink: /home/orangepi/Robot_Project/AMR_Robot/amr_robot/install/laser_filters/share/laser_filters/examples/pass_through_example.launch.py
[2.169s] -- Up-to-date symlink: /home/orangepi/Robot_Project/AMR_Robot/amr_robot/install/laser_filters/share/laser_filters/examples/pass_through_example.yaml
[2.169s] -- Up-to-date symlink: /home/orangepi/Robot_Project/AMR_Robot/amr_robot/install/laser_filters/share/laser_filters/examples/polygon_filter_example.launch.py
[2.169s] -- Up-to-date symlink: /home/orangepi/Robot_Project/AMR_Robot/amr_robot/install/laser_filters/share/laser_filters/examples/polygon_filter_example.yaml
[2.169s] -- Up-to-date symlink: /home/orangepi/Robot_Project/AMR_Robot/amr_robot/install/laser_filters/share/laser_filters/examples/range_filter_example.launch.py
[2.169s] -- Up-to-date symlink: /home/orangepi/Robot_Project/AMR_Robot/amr_robot/install/laser_filters/share/laser_filters/examples/range_filter_example.yaml
[2.169s] -- Up-to-date symlink: /home/orangepi/Robot_Project/AMR_Robot/amr_robot/install/laser_filters/share/laser_filters/examples/scan_blob_filter_example.launch.py
[2.169s] -- Up-to-date symlink: /home/orangepi/Robot_Project/AMR_Robot/amr_robot/install/laser_filters/share/laser_filters/examples/scan_blob_filter_example.yaml
[2.169s] -- Up-to-date symlink: /home/orangepi/Robot_Project/AMR_Robot/amr_robot/install/laser_filters/share/laser_filters/examples/sector_filter_example.launch.py
[2.170s] -- Up-to-date symlink: /home/orangepi/Robot_Project/AMR_Robot/amr_robot/install/laser_filters/share/laser_filters/examples/sector_filter_example.yaml
[2.170s] -- Up-to-date symlink: /home/orangepi/Robot_Project/AMR_Robot/amr_robot/install/laser_filters/share/laser_filters/examples/shadow_filter_example.launch.py
[2.170s] -- Up-to-date symlink: /home/orangepi/Robot_Project/AMR_Robot/amr_robot/install/laser_filters/share/laser_filters/examples/shadow_filter_example.yaml
[2.170s] -- Up-to-date symlink: /home/orangepi/Robot_Project/AMR_Robot/amr_robot/install/laser_filters/share/laser_filters/examples/speckle_filter_example.launch
[2.171s] -- Up-to-date symlink: /home/orangepi/Robot_Project/AMR_Robot/amr_robot/install/laser_filters/share/laser_filters/examples/speckle_filter_example.yaml
[2.171s] -- Up-to-date symlink: /home/orangepi/Robot_Project/AMR_Robot/amr_robot/install/laser_filters/share/laser_filters/test/fake_laser.py
[2.171s] -- Up-to-date symlink: /home/orangepi/Robot_Project/AMR_Robot/amr_robot/install/laser_filters/share/laser_filters/test/test_angular_bounds_filter.cpp
[2.171s] -- Up-to-date symlink: /home/orangepi/Robot_Project/AMR_Robot/amr_robot/install/laser_filters/share/laser_filters/test/test_polygon_filter.test.py
[2.171s] -- Up-to-date symlink: /home/orangepi/Robot_Project/AMR_Robot/amr_robot/install/laser_filters/share/laser_filters/test/test_polygon_filter.yaml
[2.171s] -- Up-to-date symlink: /home/orangepi/Robot_Project/AMR_Robot/amr_robot/install/laser_filters/share/laser_filters/test/test_scan_filter_chain.cpp
[2.171s] -- Up-to-date symlink: /home/orangepi/Robot_Project/AMR_Robot/amr_robot/install/laser_filters/share/laser_filters/test/test_scan_filter_chain.launch
[2.171s] -- Up-to-date symlink: /home/orangepi/Robot_Project/AMR_Robot/amr_robot/install/laser_filters/share/laser_filters/test/test_scan_filter_chain.yaml
[2.171s] -- Up-to-date symlink: /home/orangepi/Robot_Project/AMR_Robot/amr_robot/install/laser_filters/share/laser_filters/test/test_scan_shadows_filter.cpp
[2.172s] -- Up-to-date symlink: /home/orangepi/Robot_Project/AMR_Robot/amr_robot/install/laser_filters/share/laser_filters/test/test_shadow_detector.cpp
[2.172s] -- Up-to-date symlink: /home/orangepi/Robot_Project/AMR_Robot/amr_robot/install/laser_filters/share/laser_filters/test/test_speckle_filter.cpp
[2.172s] -- Up-to-date symlink: /home/orangepi/Robot_Project/AMR_Robot/amr_robot/install/laser_filters/share/laser_filters/test/test_speckle_filter.test.py
[2.172s] -- Up-to-date symlink: /home/orangepi/Robot_Project/AMR_Robot/amr_robot/install/laser_filters/share/laser_filters/test/test_speckle_filter.yaml
[2.172s] -- Up-to-date symlink: /home/orangepi/Robot_Project/AMR_Robot/amr_robot/install/laser_filters/share/ament_index/resource_index/package_run_dependencies/laser_filters
[2.172s] -- Up-to-date symlink: /home/orangepi/Robot_Project/AMR_Robot/amr_robot/install/laser_filters/share/ament_index/resource_index/parent_prefix_path/laser_filters
[2.172s] -- Up-to-date symlink: /home/orangepi/Robot_Project/AMR_Robot/amr_robot/install/laser_filters/share/laser_filters/environment/ament_prefix_path.sh
[2.172s] -- Up-to-date symlink: /home/orangepi/Robot_Project/AMR_Robot/amr_robot/install/laser_filters/share/laser_filters/environment/ament_prefix_path.dsv
[2.173s] -- Up-to-date symlink: /home/orangepi/Robot_Project/AMR_Robot/amr_robot/install/laser_filters/share/laser_filters/environment/path.sh
[2.173s] -- Up-to-date symlink: /home/orangepi/Robot_Project/AMR_Robot/amr_robot/install/laser_filters/share/laser_filters/environment/path.dsv
[2.173s] -- Up-to-date symlink: /home/orangepi/Robot_Project/AMR_Robot/amr_robot/install/laser_filters/share/laser_filters/local_setup.bash
[2.173s] -- Up-to-date symlink: /home/orangepi/Robot_Project/AMR_Robot/amr_robot/install/laser_filters/share/laser_filters/local_setup.sh
[2.173s] -- Up-to-date symlink: /home/orangepi/Robot_Project/AMR_Robot/amr_robot/install/laser_filters/share/laser_filters/local_setup.zsh
[2.173s] -- Up-to-date symlink: /home/orangepi/Robot_Project/AMR_Robot/amr_robot/install/laser_filters/share/laser_filters/local_setup.dsv
[2.173s] -- Symlinking: /home/orangepi/Robot_Project/AMR_Robot/amr_robot/install/laser_filters/share/laser_filters/package.dsv
[2.197s] -- Up-to-date symlink: /home/orangepi/Robot_Project/AMR_Robot/amr_robot/install/laser_filters/share/ament_index/resource_index/packages/laser_filters
[2.197s] -- Up-to-date symlink: /home/orangepi/Robot_Project/AMR_Robot/amr_robot/install/laser_filters/share/ament_index/resource_index/filters__pluginlib__plugin/laser_filters
[2.198s] -- Up-to-date symlink: /home/orangepi/Robot_Project/AMR_Robot/amr_robot/install/laser_filters/share/ament_index/resource_index/rclcpp_components/laser_filters
[2.201s] -- Up-to-date symlink: /home/orangepi/Robot_Project/AMR_Robot/amr_robot/install/laser_filters/share/laser_filters/cmake/ament_cmake_export_dependencies-extras.cmake
[2.201s] -- Up-to-date symlink: /home/orangepi/Robot_Project/AMR_Robot/amr_robot/install/laser_filters/share/laser_filters/cmake/ament_cmake_export_include_directories-extras.cmake
[2.202s] -- Up-to-date symlink: /home/orangepi/Robot_Project/AMR_Robot/amr_robot/install/laser_filters/share/laser_filters/cmake/ament_cmake_export_libraries-extras.cmake
[2.202s] -- Up-to-date symlink: /home/orangepi/Robot_Project/AMR_Robot/amr_robot/install/laser_filters/share/laser_filters/cmake/laser_filtersConfig.cmake
[2.203s] -- Up-to-date symlink: /home/orangepi/Robot_Project/AMR_Robot/amr_robot/install/laser_filters/share/laser_filters/cmake/laser_filtersConfig-version.cmake
[2.203s] -- Up-to-date symlink: /home/orangepi/Robot_Project/AMR_Robot/amr_robot/install/laser_filters/share/laser_filters/package.xml
[2.206s] Invoked command in '/home/orangepi/Robot_Project/AMR_Robot/amr_robot/build/laser_filters' returned '0': CMAKE_PREFIX_PATH=${CMAKE_PREFIX_PATH}:/opt/ros/humble /usr/bin/cmake --install /home/orangepi/Robot_Project/AMR_Robot/amr_robot/build/laser_filters
