[0.018s] Invoking command in '/home/theanh/Robot_Project/AMR_Robot/amr1_ws/build/laser_filters': CMAKE_PREFIX_PATH=${CMAKE_PREFIX_PATH}:/opt/ros/humble /usr/bin/cmake /home/theanh/Robot_Project/AMR_Robot/amr1_ws/src/laser_filters -DAMENT_CMAKE_SYMLINK_INSTALL=1 -DCMAKE_INSTALL_PREFIX=/home/theanh/Robot_Project/AMR_Robot/amr1_ws/install/laser_filters
[0.097s] -- The C compiler identification is GNU 11.4.0
[0.180s] -- The CXX compiler identification is GNU 11.4.0
[0.188s] -- Detecting C compiler ABI info
[0.276s] -- Detecting C compiler ABI info - done
[0.285s] -- Check for working C compiler: /usr/bin/cc - skipped
[0.285s] -- Detecting C compile features
[0.286s] -- Detecting C compile features - done
[0.289s] -- Detecting CXX compiler ABI info
[0.387s] -- Detecting CXX compiler ABI info - done
[0.396s] -- Check for working CXX compiler: /usr/bin/c++ - skipped
[0.396s] -- Detecting CXX compile features
[0.397s] -- Detecting CXX compile features - done
[0.402s] -- Found ament_cmake_auto: 1.3.14 (/opt/ros/humble/share/ament_cmake_auto/cmake)
[0.578s] -- Found Python3: /usr/bin/python3 (found version "3.10.12") found components: Interpreter 
[0.643s] -- Override CMake install command with custom implementation using symlinks instead of copying resources
[0.846s] -- Found rosidl_generator_c: 3.1.8 (/opt/ros/humble/share/rosidl_generator_c/cmake)
[0.857s] -- Found rosidl_adapter: 3.1.8 (/opt/ros/humble/share/rosidl_adapter/cmake)
[0.875s] -- Found rosidl_generator_cpp: 3.1.8 (/opt/ros/humble/share/rosidl_generator_cpp/cmake)
[0.897s] -- Using all available rosidl_typesupport_c: rosidl_typesupport_fastrtps_c;rosidl_typesupport_introspection_c
[0.929s] -- Using all available rosidl_typesupport_cpp: rosidl_typesupport_fastrtps_cpp;rosidl_typesupport_introspection_cpp
[1.064s] -- Found rmw_implementation_cmake: 6.1.2 (/opt/ros/humble/share/rmw_implementation_cmake/cmake)
[1.070s] -- Found rmw_fastrtps_cpp: 6.2.10 (/opt/ros/humble/share/rmw_fastrtps_cpp/cmake)
[1.203s] -- Found OpenSSL: /usr/lib/x86_64-linux-gnu/libcrypto.so (found version "3.0.2")  
[1.244s] -- Found FastRTPS: /opt/ros/humble/include  
[1.304s] -- Using RMW implementation 'rmw_fastrtps_cpp' as default
[1.322s] -- Looking for pthread.h
[1.415s] -- Looking for pthread.h - found
[1.415s] -- Performing Test CMAKE_HAVE_LIBC_PTHREAD
[1.509s] -- Performing Test CMAKE_HAVE_LIBC_PTHREAD - Success
[1.510s] -- Found Threads: TRUE  
[1.831s] -- Found Eigen3: TRUE (found version "3.4.0") 
[1.831s] -- Ensuring Eigen3 include directory is part of orocos-kdl CMake target
[1.995s] [0mIn this package, headers install destination is set to `include` by ament_auto_package. It is recommended to install `include/laser_filters` instead and will be the default behavior of ament_auto_package from ROS 2 Kilted Kaiju. On distributions before Kilted, ament_auto_package behaves the same way when you use USE_SCOPED_HEADER_INSTALL_DIR option.[0m
[2.014s] -- Found ament_cmake_gtest: 1.3.14 (/opt/ros/humble/share/ament_cmake_gtest/cmake)
[2.021s] -- Found gtest sources under '/opt/ros/humble/src/gtest_vendor': C++ tests using 'Google Test' will be built
[2.046s] -- Found launch_testing_ament_cmake: 1.0.14 (/opt/ros/humble/share/launch_testing_ament_cmake/cmake)
[2.051s] -- Found python_cmake_module: 0.10.0 (/opt/ros/humble/share/python_cmake_module/cmake)
[2.082s] -- Found PythonInterp: /usr/bin/python3 (found suitable version "3.10.12", minimum required is "3.6") 
[2.090s] -- Found PythonLibs: /usr/lib/x86_64-linux-gnu/libpython3.10.so (found suitable version "3.10.12", minimum required is "3.5") 
[2.091s] -- Using PYTHON_EXECUTABLE: /usr/bin/python3
[2.091s] -- Using PYTHON_INCLUDE_DIRS: /usr/include/python3.10
[2.091s] -- Using PYTHON_LIBRARIES: /usr/lib/x86_64-linux-gnu/libpython3.10.so
[2.123s] -- Found PythonExtra: .so  
[2.124s] -- Configuring done
[2.217s] -- Generating done
[2.248s] -- Build files have been written to: /home/theanh/Robot_Project/AMR_Robot/amr1_ws/build/laser_filters
[2.275s] Invoked command in '/home/theanh/Robot_Project/AMR_Robot/amr1_ws/build/laser_filters' returned '0': CMAKE_PREFIX_PATH=${CMAKE_PREFIX_PATH}:/opt/ros/humble /usr/bin/cmake /home/theanh/Robot_Project/AMR_Robot/amr1_ws/src/laser_filters -DAMENT_CMAKE_SYMLINK_INSTALL=1 -DCMAKE_INSTALL_PREFIX=/home/theanh/Robot_Project/AMR_Robot/amr1_ws/install/laser_filters
[2.276s] Invoking command in '/home/theanh/Robot_Project/AMR_Robot/amr1_ws/build/laser_filters': CMAKE_PREFIX_PATH=${CMAKE_PREFIX_PATH}:/opt/ros/humble /usr/bin/cmake --build /home/theanh/Robot_Project/AMR_Robot/amr1_ws/build/laser_filters -- -j15 -l15
[2.396s] [  4%] [32mBuilding CXX object CMakeFiles/laser_scan_filters.dir/src/laser_scan_filters.cpp.o[0m
[2.412s] [  8%] [32mBuilding CXX object CMakeFiles/scan_to_scan_filter_chain.dir/rclcpp_components/node_main_scan_to_scan_filter_chain.cpp.o[0m
[2.431s] [ 13%] [32mBuilding CXX object CMakeFiles/scan_to_cloud_filter_chain.dir/rclcpp_components/node_main_scan_to_cloud_filter_chain.cpp.o[0m
[2.434s] [ 17%] [32mBuilding CXX object gtest/CMakeFiles/gtest_main.dir/src/gtest_main.cc.o[0m
[2.447s] [ 21%] [32mBuilding CXX object gtest/CMakeFiles/gtest.dir/src/gtest-all.cc.o[0m
[4.135s] [ 26%] [32m[1mLinking CXX static library libgtest_main.a[0m
[4.236s] [ 26%] Built target gtest_main
[6.569s] [ 30%] [32m[1mLinking CXX static library libgtest.a[0m
[6.779s] [ 34%] [32m[1mLinking CXX executable scan_to_cloud_filter_chain[0m
[6.806s] [ 34%] Built target gtest
[6.836s] [ 39%] [32mBuilding CXX object CMakeFiles/test_scan_filter_chain.dir/test/test_scan_filter_chain.cpp.o[0m
[6.929s] [ 39%] Built target scan_to_cloud_filter_chain
[7.096s] [ 43%] [32m[1mLinking CXX executable scan_to_scan_filter_chain[0m
[7.252s] [ 43%] Built target scan_to_scan_filter_chain
[13.766s] [ 47%] [32m[1mLinking CXX executable test_scan_filter_chain[0m
[14.065s] [ 47%] Built target test_scan_filter_chain
[25.747s] [ 52%] [32m[1mLinking CXX shared library liblaser_scan_filters.so[0m
[27.011s] [ 52%] Built target laser_scan_filters
[27.038s] [ 73%] [32mBuilding CXX object CMakeFiles/test_scan_shadows_filter.dir/test/test_scan_shadows_filter.cpp.o[0m
[27.039s] [ 73%] [32mBuilding CXX object CMakeFiles/test_speckle_filter.dir/test/test_speckle_filter.cpp.o[0m
[27.039s] [ 73%] [32mBuilding CXX object CMakeFiles/laser_filter_chains.dir/src/scan_to_scan_filter_chain.cpp.o[0m
[27.039s] [ 73%] [32mBuilding CXX object CMakeFiles/laser_filter_chains.dir/src/scan_to_cloud_filter_chain.cpp.o[0m
[27.039s] [ 73%] [32mBuilding CXX object CMakeFiles/test_shadow_detector.dir/test/test_shadow_detector.cpp.o[0m
[29.290s] [ 78%] [32m[1mLinking CXX executable test_shadow_detector[0m
[30.366s] [ 78%] Built target test_shadow_detector
[32.540s] [ 82%] [32m[1mLinking CXX executable test_speckle_filter[0m
[32.806s] [ 82%] Built target test_speckle_filter
[33.612s] [ 86%] [32m[1mLinking CXX executable test_scan_shadows_filter[0m
[34.209s] [ 86%] Built target test_scan_shadows_filter
[57.546s] [ 91%] [32m[1mLinking CXX shared library liblaser_filter_chains.so[0m
[59.561s] [ 91%] Built target laser_filter_chains
[59.585s] [ 95%] [32mBuilding CXX object CMakeFiles/generic_laser_filter_node.dir/src/generic_laser_filter_node.cpp.o[0m
[76.015s] [100%] [32m[1mLinking CXX executable generic_laser_filter_node[0m
[77.288s] [100%] Built target generic_laser_filter_node
[77.303s] Invoked command in '/home/theanh/Robot_Project/AMR_Robot/amr1_ws/build/laser_filters' returned '0': CMAKE_PREFIX_PATH=${CMAKE_PREFIX_PATH}:/opt/ros/humble /usr/bin/cmake --build /home/theanh/Robot_Project/AMR_Robot/amr1_ws/build/laser_filters -- -j15 -l15
[77.304s] Invoking command in '/home/theanh/Robot_Project/AMR_Robot/amr1_ws/build/laser_filters': CMAKE_PREFIX_PATH=${CMAKE_PREFIX_PATH}:/opt/ros/humble /usr/bin/cmake --install /home/theanh/Robot_Project/AMR_Robot/amr1_ws/build/laser_filters
[77.313s] -- Install configuration: ""
[77.313s] -- Execute custom install script
[77.314s] -- Symlinking: /home/theanh/Robot_Project/AMR_Robot/amr1_ws/install/laser_filters/lib/laser_filters/scan_to_cloud_filter_chain
[77.325s] -- Symlinking: /home/theanh/Robot_Project/AMR_Robot/amr1_ws/install/laser_filters/lib/laser_filters/scan_to_scan_filter_chain
[77.335s] -- Symlinking: /home/theanh/Robot_Project/AMR_Robot/amr1_ws/install/laser_filters/share/laser_filters//laser_filters_plugins.xml
[77.346s] -- Symlinking: /home/theanh/Robot_Project/AMR_Robot/amr1_ws/install/laser_filters/include/laser_filters/angular_bounds_filter.h
[77.356s] -- Symlinking: /home/theanh/Robot_Project/AMR_Robot/amr1_ws/install/laser_filters/include/laser_filters/angular_bounds_filter_in_place.h
[77.366s] -- Symlinking: /home/theanh/Robot_Project/AMR_Robot/amr1_ws/install/laser_filters/include/laser_filters/array_filter.h
[77.376s] -- Symlinking: /home/theanh/Robot_Project/AMR_Robot/amr1_ws/install/laser_filters/include/laser_filters/binning_filter.h
[77.386s] -- Symlinking: /home/theanh/Robot_Project/AMR_Robot/amr1_ws/install/laser_filters/include/laser_filters/box_filter.h
[77.396s] -- Symlinking: /home/theanh/Robot_Project/AMR_Robot/amr1_ws/install/laser_filters/include/laser_filters/footprint_filter.h
[77.406s] -- Symlinking: /home/theanh/Robot_Project/AMR_Robot/amr1_ws/install/laser_filters/include/laser_filters/intensity_filter.h
[77.416s] -- Symlinking: /home/theanh/Robot_Project/AMR_Robot/amr1_ws/install/laser_filters/include/laser_filters/interpolation_filter.h
[77.426s] -- Symlinking: /home/theanh/Robot_Project/AMR_Robot/amr1_ws/install/laser_filters/include/laser_filters/median_filter.h
[77.436s] -- Symlinking: /home/theanh/Robot_Project/AMR_Robot/amr1_ws/install/laser_filters/include/laser_filters/median_spatial_filter.h
[77.446s] -- Symlinking: /home/theanh/Robot_Project/AMR_Robot/amr1_ws/install/laser_filters/include/laser_filters/polygon_filter.h
[77.456s] -- Symlinking: /home/theanh/Robot_Project/AMR_Robot/amr1_ws/install/laser_filters/include/laser_filters/range_filter.h
[77.466s] -- Symlinking: /home/theanh/Robot_Project/AMR_Robot/amr1_ws/install/laser_filters/include/laser_filters/scan_blob_filter.h
[77.475s] -- Symlinking: /home/theanh/Robot_Project/AMR_Robot/amr1_ws/install/laser_filters/include/laser_filters/scan_mask_filter.h
[77.485s] -- Symlinking: /home/theanh/Robot_Project/AMR_Robot/amr1_ws/install/laser_filters/include/laser_filters/scan_shadow_detector.h
[77.495s] -- Symlinking: /home/theanh/Robot_Project/AMR_Robot/amr1_ws/install/laser_filters/include/laser_filters/scan_shadows_filter.h
[77.505s] -- Symlinking: /home/theanh/Robot_Project/AMR_Robot/amr1_ws/install/laser_filters/include/laser_filters/sector_filter.h
[77.515s] -- Symlinking: /home/theanh/Robot_Project/AMR_Robot/amr1_ws/install/laser_filters/include/laser_filters/speckle_filter.h
[77.525s] -- Symlinking: /home/theanh/Robot_Project/AMR_Robot/amr1_ws/install/laser_filters/share/laser_filters/environment/library_path.sh
[77.534s] -- Symlinking: /home/theanh/Robot_Project/AMR_Robot/amr1_ws/install/laser_filters/share/laser_filters/environment/library_path.dsv
[77.545s] -- Symlinking: /home/theanh/Robot_Project/AMR_Robot/amr1_ws/install/laser_filters/lib/liblaser_scan_filters.so
[77.555s] -- Symlinking: /home/theanh/Robot_Project/AMR_Robot/amr1_ws/install/laser_filters/lib/liblaser_filter_chains.so
[77.565s] -- Symlinking: /home/theanh/Robot_Project/AMR_Robot/amr1_ws/install/laser_filters/lib/laser_filters/generic_laser_filter_node
[77.576s] -- Symlinking: /home/theanh/Robot_Project/AMR_Robot/amr1_ws/install/laser_filters/share/laser_filters/examples/angular_filter_example.launch.py
[77.585s] -- Symlinking: /home/theanh/Robot_Project/AMR_Robot/amr1_ws/install/laser_filters/share/laser_filters/examples/angular_filter_example.yaml
[77.595s] -- Symlinking: /home/theanh/Robot_Project/AMR_Robot/amr1_ws/install/laser_filters/share/laser_filters/examples/bin_filter_example.launch.py
[77.605s] -- Symlinking: /home/theanh/Robot_Project/AMR_Robot/amr1_ws/install/laser_filters/share/laser_filters/examples/bin_filter_example.yaml
[77.615s] -- Symlinking: /home/theanh/Robot_Project/AMR_Robot/amr1_ws/install/laser_filters/share/laser_filters/examples/box_filter_example.launch.py
[77.625s] -- Symlinking: /home/theanh/Robot_Project/AMR_Robot/amr1_ws/install/laser_filters/share/laser_filters/examples/box_filter_example.yaml
[77.635s] -- Symlinking: /home/theanh/Robot_Project/AMR_Robot/amr1_ws/install/laser_filters/share/laser_filters/examples/footprint_filter_example.launch.py
[77.644s] -- Symlinking: /home/theanh/Robot_Project/AMR_Robot/amr1_ws/install/laser_filters/share/laser_filters/examples/footprint_filter_example.yaml
[77.654s] -- Symlinking: /home/theanh/Robot_Project/AMR_Robot/amr1_ws/install/laser_filters/share/laser_filters/examples/intensity_filter_example.launch.py
[77.664s] -- Symlinking: /home/theanh/Robot_Project/AMR_Robot/amr1_ws/install/laser_filters/share/laser_filters/examples/intensity_filter_example.yaml
[77.674s] -- Symlinking: /home/theanh/Robot_Project/AMR_Robot/amr1_ws/install/laser_filters/share/laser_filters/examples/mask_filter_example.launch.py
[77.684s] -- Symlinking: /home/theanh/Robot_Project/AMR_Robot/amr1_ws/install/laser_filters/share/laser_filters/examples/mask_filter_example.yaml
[77.694s] -- Symlinking: /home/theanh/Robot_Project/AMR_Robot/amr1_ws/install/laser_filters/share/laser_filters/examples/median_filter_example.launch.py
[77.704s] -- Symlinking: /home/theanh/Robot_Project/AMR_Robot/amr1_ws/install/laser_filters/share/laser_filters/examples/median_filter_example.yaml
[77.714s] -- Symlinking: /home/theanh/Robot_Project/AMR_Robot/amr1_ws/install/laser_filters/share/laser_filters/examples/median_spatial_filter.launch.py
[77.723s] -- Symlinking: /home/theanh/Robot_Project/AMR_Robot/amr1_ws/install/laser_filters/share/laser_filters/examples/median_spatial_filter.launch.xml
[77.733s] -- Symlinking: /home/theanh/Robot_Project/AMR_Robot/amr1_ws/install/laser_filters/share/laser_filters/examples/median_spatial_filter_example.yaml
[77.745s] -- Symlinking: /home/theanh/Robot_Project/AMR_Robot/amr1_ws/install/laser_filters/share/laser_filters/examples/multiple_filters_example.launch.py
[77.754s] -- Symlinking: /home/theanh/Robot_Project/AMR_Robot/amr1_ws/install/laser_filters/share/laser_filters/examples/multiple_filters_example.yaml
[77.764s] -- Symlinking: /home/theanh/Robot_Project/AMR_Robot/amr1_ws/install/laser_filters/share/laser_filters/examples/pass_through_example.launch.py
[77.774s] -- Symlinking: /home/theanh/Robot_Project/AMR_Robot/amr1_ws/install/laser_filters/share/laser_filters/examples/pass_through_example.yaml
[77.784s] -- Symlinking: /home/theanh/Robot_Project/AMR_Robot/amr1_ws/install/laser_filters/share/laser_filters/examples/polygon_filter_example.launch.py
[77.794s] -- Symlinking: /home/theanh/Robot_Project/AMR_Robot/amr1_ws/install/laser_filters/share/laser_filters/examples/polygon_filter_example.yaml
[77.803s] -- Symlinking: /home/theanh/Robot_Project/AMR_Robot/amr1_ws/install/laser_filters/share/laser_filters/examples/range_filter_example.launch.py
[77.813s] -- Symlinking: /home/theanh/Robot_Project/AMR_Robot/amr1_ws/install/laser_filters/share/laser_filters/examples/range_filter_example.yaml
[77.823s] -- Symlinking: /home/theanh/Robot_Project/AMR_Robot/amr1_ws/install/laser_filters/share/laser_filters/examples/scan_blob_filter_example.launch.py
[77.832s] -- Symlinking: /home/theanh/Robot_Project/AMR_Robot/amr1_ws/install/laser_filters/share/laser_filters/examples/scan_blob_filter_example.yaml
[77.842s] -- Symlinking: /home/theanh/Robot_Project/AMR_Robot/amr1_ws/install/laser_filters/share/laser_filters/examples/sector_filter_example.launch.py
[77.852s] -- Symlinking: /home/theanh/Robot_Project/AMR_Robot/amr1_ws/install/laser_filters/share/laser_filters/examples/sector_filter_example.yaml
[77.862s] -- Symlinking: /home/theanh/Robot_Project/AMR_Robot/amr1_ws/install/laser_filters/share/laser_filters/examples/shadow_filter_example.launch.py
[77.871s] -- Symlinking: /home/theanh/Robot_Project/AMR_Robot/amr1_ws/install/laser_filters/share/laser_filters/examples/shadow_filter_example.yaml
[77.881s] -- Symlinking: /home/theanh/Robot_Project/AMR_Robot/amr1_ws/install/laser_filters/share/laser_filters/examples/speckle_filter_example.launch
[77.891s] -- Symlinking: /home/theanh/Robot_Project/AMR_Robot/amr1_ws/install/laser_filters/share/laser_filters/examples/speckle_filter_example.yaml
[77.902s] -- Symlinking: /home/theanh/Robot_Project/AMR_Robot/amr1_ws/install/laser_filters/share/laser_filters/test/fake_laser.py
[77.913s] -- Symlinking: /home/theanh/Robot_Project/AMR_Robot/amr1_ws/install/laser_filters/share/laser_filters/test/test_polygon_filter.test.py
[77.924s] -- Symlinking: /home/theanh/Robot_Project/AMR_Robot/amr1_ws/install/laser_filters/share/laser_filters/test/test_polygon_filter.yaml
[77.935s] -- Symlinking: /home/theanh/Robot_Project/AMR_Robot/amr1_ws/install/laser_filters/share/laser_filters/test/test_scan_filter_chain.cpp
[77.946s] -- Symlinking: /home/theanh/Robot_Project/AMR_Robot/amr1_ws/install/laser_filters/share/laser_filters/test/test_scan_filter_chain.launch
[77.958s] -- Symlinking: /home/theanh/Robot_Project/AMR_Robot/amr1_ws/install/laser_filters/share/laser_filters/test/test_scan_filter_chain.yaml
[77.969s] -- Symlinking: /home/theanh/Robot_Project/AMR_Robot/amr1_ws/install/laser_filters/share/laser_filters/test/test_scan_shadows_filter.cpp
[77.979s] -- Symlinking: /home/theanh/Robot_Project/AMR_Robot/amr1_ws/install/laser_filters/share/laser_filters/test/test_shadow_detector.cpp
[77.989s] -- Symlinking: /home/theanh/Robot_Project/AMR_Robot/amr1_ws/install/laser_filters/share/laser_filters/test/test_speckle_filter.cpp
[77.999s] -- Symlinking: /home/theanh/Robot_Project/AMR_Robot/amr1_ws/install/laser_filters/share/laser_filters/test/test_speckle_filter.test.py
[78.008s] -- Symlinking: /home/theanh/Robot_Project/AMR_Robot/amr1_ws/install/laser_filters/share/laser_filters/test/test_speckle_filter.yaml
[78.018s] -- Symlinking: /home/theanh/Robot_Project/AMR_Robot/amr1_ws/install/laser_filters/share/ament_index/resource_index/package_run_dependencies/laser_filters
[78.028s] -- Symlinking: /home/theanh/Robot_Project/AMR_Robot/amr1_ws/install/laser_filters/share/ament_index/resource_index/parent_prefix_path/laser_filters
[78.038s] -- Symlinking: /home/theanh/Robot_Project/AMR_Robot/amr1_ws/install/laser_filters/share/laser_filters/environment/ament_prefix_path.sh
[78.048s] -- Symlinking: /home/theanh/Robot_Project/AMR_Robot/amr1_ws/install/laser_filters/share/laser_filters/environment/ament_prefix_path.dsv
[78.058s] -- Symlinking: /home/theanh/Robot_Project/AMR_Robot/amr1_ws/install/laser_filters/share/laser_filters/environment/path.sh
[78.068s] -- Symlinking: /home/theanh/Robot_Project/AMR_Robot/amr1_ws/install/laser_filters/share/laser_filters/environment/path.dsv
[78.079s] -- Symlinking: /home/theanh/Robot_Project/AMR_Robot/amr1_ws/install/laser_filters/share/laser_filters/local_setup.bash
[78.089s] -- Symlinking: /home/theanh/Robot_Project/AMR_Robot/amr1_ws/install/laser_filters/share/laser_filters/local_setup.sh
[78.100s] -- Symlinking: /home/theanh/Robot_Project/AMR_Robot/amr1_ws/install/laser_filters/share/laser_filters/local_setup.zsh
[78.111s] -- Symlinking: /home/theanh/Robot_Project/AMR_Robot/amr1_ws/install/laser_filters/share/laser_filters/local_setup.dsv
[78.124s] -- Symlinking: /home/theanh/Robot_Project/AMR_Robot/amr1_ws/install/laser_filters/share/laser_filters/package.dsv
[78.141s] -- Symlinking: /home/theanh/Robot_Project/AMR_Robot/amr1_ws/install/laser_filters/share/ament_index/resource_index/packages/laser_filters
[78.155s] -- Symlinking: /home/theanh/Robot_Project/AMR_Robot/amr1_ws/install/laser_filters/share/ament_index/resource_index/filters__pluginlib__plugin/laser_filters
[78.170s] -- Symlinking: /home/theanh/Robot_Project/AMR_Robot/amr1_ws/install/laser_filters/share/ament_index/resource_index/rclcpp_components/laser_filters
[78.182s] -- Symlinking: /home/theanh/Robot_Project/AMR_Robot/amr1_ws/install/laser_filters/share/laser_filters/cmake/ament_cmake_export_dependencies-extras.cmake
[78.192s] -- Symlinking: /home/theanh/Robot_Project/AMR_Robot/amr1_ws/install/laser_filters/share/laser_filters/cmake/ament_cmake_export_include_directories-extras.cmake
[78.203s] -- Symlinking: /home/theanh/Robot_Project/AMR_Robot/amr1_ws/install/laser_filters/share/laser_filters/cmake/ament_cmake_export_libraries-extras.cmake
[78.214s] -- Symlinking: /home/theanh/Robot_Project/AMR_Robot/amr1_ws/install/laser_filters/share/laser_filters/cmake/laser_filtersConfig.cmake
[78.225s] -- Symlinking: /home/theanh/Robot_Project/AMR_Robot/amr1_ws/install/laser_filters/share/laser_filters/cmake/laser_filtersConfig-version.cmake
[78.237s] -- Symlinking: /home/theanh/Robot_Project/AMR_Robot/amr1_ws/install/laser_filters/share/laser_filters/package.xml
[78.250s] Invoked command in '/home/theanh/Robot_Project/AMR_Robot/amr1_ws/build/laser_filters' returned '0': CMAKE_PREFIX_PATH=${CMAKE_PREFIX_PATH}:/opt/ros/humble /usr/bin/cmake --install /home/theanh/Robot_Project/AMR_Robot/amr1_ws/build/laser_filters
