[0.045s] Invoking command in '/home/orangepi/Robot_Project/AMR_Robot/amr_robot/build/laser_filters': CMAKE_PREFIX_PATH=${CMAKE_PREFIX_PATH}:/opt/ros/humble /usr/bin/cmake --build /home/orangepi/Robot_Project/AMR_Robot/amr_robot/build/laser_filters -- -j8 -l8
[0.166s] [  8%] Built target gtest_main
[0.178s] [ 16%] Built target laser_scan_filters
[0.211s] [ 24%] Built target scan_to_scan_filter_chain
[0.211s] [ 32%] Built target scan_to_cloud_filter_chain
[0.219s] [ 40%] Built target gtest
[0.304s] [ 48%] Built target test_shadow_detector
[0.304s] [ 60%] Built target laser_filter_chains
[0.309s] [ 68%] Built target test_scan_shadows_filter
[0.324s] [ 76%] Built target test_speckle_filter
[0.340s] [ 84%] Built target test_scan_filter_chain
[0.351s] [ 92%] Built target generic_laser_filter_node
[0.373s] [100%] Built target test_angular_bounds_filter
[0.428s] Invoked command in '/home/orangepi/Robot_Project/AMR_Robot/amr_robot/build/laser_filters' returned '0': CMAKE_PREFIX_PATH=${CMAKE_PREFIX_PATH}:/opt/ros/humble /usr/bin/cmake --build /home/orangepi/Robot_Project/AMR_Robot/amr_robot/build/laser_filters -- -j8 -l8
[0.434s] Invoking command in '/home/orangepi/Robot_Project/AMR_Robot/amr_robot/build/laser_filters': CMAKE_PREFIX_PATH=${CMAKE_PREFIX_PATH}:/opt/ros/humble /usr/bin/cmake --install /home/orangepi/Robot_Project/AMR_Robot/amr_robot/build/laser_filters
[0.457s] -- Install configuration: ""
[0.459s] -- Execute custom install script
[0.460s] -- Up-to-date symlink: /home/orangepi/Robot_Project/AMR_Robot/amr_robot/install/laser_filters/lib/laser_filters/scan_to_cloud_filter_chain
[0.461s] -- Up-to-date symlink: /home/orangepi/Robot_Project/AMR_Robot/amr_robot/install/laser_filters/lib/laser_filters/scan_to_scan_filter_chain
[0.462s] -- Up-to-date symlink: /home/orangepi/Robot_Project/AMR_Robot/amr_robot/install/laser_filters/share/laser_filters//laser_filters_plugins.xml
[0.464s] -- Up-to-date symlink: /home/orangepi/Robot_Project/AMR_Robot/amr_robot/install/laser_filters/include/laser_filters/angular_bounds_filter.h
[0.465s] -- Up-to-date symlink: /home/orangepi/Robot_Project/AMR_Robot/amr_robot/install/laser_filters/include/laser_filters/angular_bounds_filter_in_place.h
[0.465s] -- Up-to-date symlink: /home/orangepi/Robot_Project/AMR_Robot/amr_robot/install/laser_filters/include/laser_filters/array_filter.h
[0.465s] -- Up-to-date symlink: /home/orangepi/Robot_Project/AMR_Robot/amr_robot/install/laser_filters/include/laser_filters/binning_filter.h
[0.466s] -- Up-to-date symlink: /home/orangepi/Robot_Project/AMR_Robot/amr_robot/install/laser_filters/include/laser_filters/box_filter.h
[0.467s] -- Up-to-date symlink: /home/orangepi/Robot_Project/AMR_Robot/amr_robot/install/laser_filters/include/laser_filters/footprint_filter.h
[0.468s] -- Up-to-date symlink: /home/orangepi/Robot_Project/AMR_Robot/amr_robot/install/laser_filters/include/laser_filters/intensity_filter.h
[0.468s] -- Up-to-date symlink: /home/orangepi/Robot_Project/AMR_Robot/amr_robot/install/laser_filters/include/laser_filters/interpolation_filter.h
[0.469s] -- Up-to-date symlink: /home/orangepi/Robot_Project/AMR_Robot/amr_robot/install/laser_filters/include/laser_filters/median_filter.h
[0.469s] -- Up-to-date symlink: /home/orangepi/Robot_Project/AMR_Robot/amr_robot/install/laser_filters/include/laser_filters/median_spatial_filter.h
[0.470s] -- Up-to-date symlink: /home/orangepi/Robot_Project/AMR_Robot/amr_robot/install/laser_filters/include/laser_filters/polygon_filter.h
[0.470s] -- Up-to-date symlink: /home/orangepi/Robot_Project/AMR_Robot/amr_robot/install/laser_filters/include/laser_filters/range_filter.h
[0.470s] -- Up-to-date symlink: /home/orangepi/Robot_Project/AMR_Robot/amr_robot/install/laser_filters/include/laser_filters/scan_blob_filter.h
[0.471s] -- Up-to-date symlink: /home/orangepi/Robot_Project/AMR_Robot/amr_robot/install/laser_filters/include/laser_filters/scan_mask_filter.h
[0.471s] -- Up-to-date symlink: /home/orangepi/Robot_Project/AMR_Robot/amr_robot/install/laser_filters/include/laser_filters/scan_shadow_detector.h
[0.472s] -- Up-to-date symlink: /home/orangepi/Robot_Project/AMR_Robot/amr_robot/install/laser_filters/include/laser_filters/scan_shadows_filter.h
[0.472s] -- Up-to-date symlink: /home/orangepi/Robot_Project/AMR_Robot/amr_robot/install/laser_filters/include/laser_filters/sector_filter.h
[0.473s] -- Up-to-date symlink: /home/orangepi/Robot_Project/AMR_Robot/amr_robot/install/laser_filters/include/laser_filters/speckle_filter.h
[0.474s] -- Up-to-date symlink: /home/orangepi/Robot_Project/AMR_Robot/amr_robot/install/laser_filters/share/laser_filters/environment/library_path.sh
[0.474s] -- Up-to-date symlink: /home/orangepi/Robot_Project/AMR_Robot/amr_robot/install/laser_filters/share/laser_filters/environment/library_path.dsv
[0.476s] -- Up-to-date symlink: /home/orangepi/Robot_Project/AMR_Robot/amr_robot/install/laser_filters/lib/liblaser_scan_filters.so
[0.477s] -- Up-to-date symlink: /home/orangepi/Robot_Project/AMR_Robot/amr_robot/install/laser_filters/lib/liblaser_filter_chains.so
[0.479s] -- Up-to-date symlink: /home/orangepi/Robot_Project/AMR_Robot/amr_robot/install/laser_filters/lib/laser_filters/generic_laser_filter_node
[0.483s] -- Up-to-date symlink: /home/orangepi/Robot_Project/AMR_Robot/amr_robot/install/laser_filters/share/laser_filters/examples/angular_filter_example.launch.py
[0.483s] -- Up-to-date symlink: /home/orangepi/Robot_Project/AMR_Robot/amr_robot/install/laser_filters/share/laser_filters/examples/angular_filter_example.yaml
[0.484s] -- Up-to-date symlink: /home/orangepi/Robot_Project/AMR_Robot/amr_robot/install/laser_filters/share/laser_filters/examples/angular_filter_in_place_example.launch.py
[0.484s] -- Up-to-date symlink: /home/orangepi/Robot_Project/AMR_Robot/amr_robot/install/laser_filters/share/laser_filters/examples/angular_filter_in_place_example.yaml
[0.484s] -- Up-to-date symlink: /home/orangepi/Robot_Project/AMR_Robot/amr_robot/install/laser_filters/share/laser_filters/examples/bin_filter_example.launch.py
[0.485s] -- Up-to-date symlink: /home/orangepi/Robot_Project/AMR_Robot/amr_robot/install/laser_filters/share/laser_filters/examples/bin_filter_example.yaml
[0.485s] -- Up-to-date symlink: /home/orangepi/Robot_Project/AMR_Robot/amr_robot/install/laser_filters/share/laser_filters/examples/box_filter_example.launch.py
[0.485s] -- Up-to-date symlink: /home/orangepi/Robot_Project/AMR_Robot/amr_robot/install/laser_filters/share/laser_filters/examples/box_filter_example.yaml
[0.485s] -- Up-to-date symlink: /home/orangepi/Robot_Project/AMR_Robot/amr_robot/install/laser_filters/share/laser_filters/examples/footprint_filter_example.launch.py
[0.485s] -- Up-to-date symlink: /home/orangepi/Robot_Project/AMR_Robot/amr_robot/install/laser_filters/share/laser_filters/examples/footprint_filter_example.yaml
[0.485s] -- Up-to-date symlink: /home/orangepi/Robot_Project/AMR_Robot/amr_robot/install/laser_filters/share/laser_filters/examples/intensity_filter_example.launch.py
[0.489s] -- Up-to-date symlink: /home/orangepi/Robot_Project/AMR_Robot/amr_robot/install/laser_filters/share/laser_filters/examples/intensity_filter_example.yaml
[0.490s] -- Up-to-date symlink: /home/orangepi/Robot_Project/AMR_Robot/amr_robot/install/laser_filters/share/laser_filters/examples/mask_filter_example.launch.py
[0.491s] -- Up-to-date symlink: /home/orangepi/Robot_Project/AMR_Robot/amr_robot/install/laser_filters/share/laser_filters/examples/mask_filter_example.yaml
[0.491s] -- Up-to-date symlink: /home/orangepi/Robot_Project/AMR_Robot/amr_robot/install/laser_filters/share/laser_filters/examples/median_filter_example.launch.py
[0.493s] -- Up-to-date symlink: /home/orangepi/Robot_Project/AMR_Robot/amr_robot/install/laser_filters/share/laser_filters/examples/median_filter_example.yaml
[0.494s] -- Up-to-date symlink: /home/orangepi/Robot_Project/AMR_Robot/amr_robot/install/laser_filters/share/laser_filters/examples/median_spatial_filter.launch.py
[0.495s] -- Up-to-date symlink: /home/orangepi/Robot_Project/AMR_Robot/amr_robot/install/laser_filters/share/laser_filters/examples/median_spatial_filter.launch.xml
[0.495s] -- Up-to-date symlink: /home/orangepi/Robot_Project/AMR_Robot/amr_robot/install/laser_filters/share/laser_filters/examples/median_spatial_filter_example.yaml
[0.496s] -- Up-to-date symlink: /home/orangepi/Robot_Project/AMR_Robot/amr_robot/install/laser_filters/share/laser_filters/examples/multiple_filters_example.launch.py
[0.497s] -- Up-to-date symlink: /home/orangepi/Robot_Project/AMR_Robot/amr_robot/install/laser_filters/share/laser_filters/examples/multiple_filters_example.yaml
[0.498s] -- Up-to-date symlink: /home/orangepi/Robot_Project/AMR_Robot/amr_robot/install/laser_filters/share/laser_filters/examples/pass_through_example.launch.py
[0.498s] -- Up-to-date symlink: /home/orangepi/Robot_Project/AMR_Robot/amr_robot/install/laser_filters/share/laser_filters/examples/pass_through_example.yaml
[0.499s] -- Up-to-date symlink: /home/orangepi/Robot_Project/AMR_Robot/amr_robot/install/laser_filters/share/laser_filters/examples/polygon_filter_example.launch.py
[0.499s] -- Up-to-date symlink: /home/orangepi/Robot_Project/AMR_Robot/amr_robot/install/laser_filters/share/laser_filters/examples/polygon_filter_example.yaml
[0.499s] -- Up-to-date symlink: /home/orangepi/Robot_Project/AMR_Robot/amr_robot/install/laser_filters/share/laser_filters/examples/range_filter_example.launch.py
[0.499s] -- Up-to-date symlink: /home/orangepi/Robot_Project/AMR_Robot/amr_robot/install/laser_filters/share/laser_filters/examples/range_filter_example.yaml
[0.500s] -- Up-to-date symlink: /home/orangepi/Robot_Project/AMR_Robot/amr_robot/install/laser_filters/share/laser_filters/examples/scan_blob_filter_example.launch.py
[0.500s] -- Up-to-date symlink: /home/orangepi/Robot_Project/AMR_Robot/amr_robot/install/laser_filters/share/laser_filters/examples/scan_blob_filter_example.yaml
[0.500s] -- Up-to-date symlink: /home/orangepi/Robot_Project/AMR_Robot/amr_robot/install/laser_filters/share/laser_filters/examples/sector_filter_example.launch.py
[0.500s] -- Up-to-date symlink: /home/orangepi/Robot_Project/AMR_Robot/amr_robot/install/laser_filters/share/laser_filters/examples/sector_filter_example.yaml
[0.501s] -- Up-to-date symlink: /home/orangepi/Robot_Project/AMR_Robot/amr_robot/install/laser_filters/share/laser_filters/examples/shadow_filter_example.launch.py
[0.501s] -- Up-to-date symlink: /home/orangepi/Robot_Project/AMR_Robot/amr_robot/install/laser_filters/share/laser_filters/examples/shadow_filter_example.yaml
[0.502s] -- Up-to-date symlink: /home/orangepi/Robot_Project/AMR_Robot/amr_robot/install/laser_filters/share/laser_filters/examples/speckle_filter_example.launch
[0.502s] -- Up-to-date symlink: /home/orangepi/Robot_Project/AMR_Robot/amr_robot/install/laser_filters/share/laser_filters/examples/speckle_filter_example.yaml
[0.502s] -- Up-to-date symlink: /home/orangepi/Robot_Project/AMR_Robot/amr_robot/install/laser_filters/share/laser_filters/test/fake_laser.py
[0.502s] -- Up-to-date symlink: /home/orangepi/Robot_Project/AMR_Robot/amr_robot/install/laser_filters/share/laser_filters/test/test_angular_bounds_filter.cpp
[0.503s] -- Up-to-date symlink: /home/orangepi/Robot_Project/AMR_Robot/amr_robot/install/laser_filters/share/laser_filters/test/test_polygon_filter.test.py
[0.503s] -- Up-to-date symlink: /home/orangepi/Robot_Project/AMR_Robot/amr_robot/install/laser_filters/share/laser_filters/test/test_polygon_filter.yaml
[0.503s] -- Up-to-date symlink: /home/orangepi/Robot_Project/AMR_Robot/amr_robot/install/laser_filters/share/laser_filters/test/test_scan_filter_chain.cpp
[0.503s] -- Up-to-date symlink: /home/orangepi/Robot_Project/AMR_Robot/amr_robot/install/laser_filters/share/laser_filters/test/test_scan_filter_chain.launch
[0.503s] -- Up-to-date symlink: /home/orangepi/Robot_Project/AMR_Robot/amr_robot/install/laser_filters/share/laser_filters/test/test_scan_filter_chain.yaml
[0.503s] -- Up-to-date symlink: /home/orangepi/Robot_Project/AMR_Robot/amr_robot/install/laser_filters/share/laser_filters/test/test_scan_shadows_filter.cpp
[0.504s] -- Up-to-date symlink: /home/orangepi/Robot_Project/AMR_Robot/amr_robot/install/laser_filters/share/laser_filters/test/test_shadow_detector.cpp
[0.504s] -- Up-to-date symlink: /home/orangepi/Robot_Project/AMR_Robot/amr_robot/install/laser_filters/share/laser_filters/test/test_speckle_filter.cpp
[0.504s] -- Up-to-date symlink: /home/orangepi/Robot_Project/AMR_Robot/amr_robot/install/laser_filters/share/laser_filters/test/test_speckle_filter.test.py
[0.504s] -- Up-to-date symlink: /home/orangepi/Robot_Project/AMR_Robot/amr_robot/install/laser_filters/share/laser_filters/test/test_speckle_filter.yaml
[0.505s] -- Up-to-date symlink: /home/orangepi/Robot_Project/AMR_Robot/amr_robot/install/laser_filters/share/ament_index/resource_index/package_run_dependencies/laser_filters
[0.505s] -- Up-to-date symlink: /home/orangepi/Robot_Project/AMR_Robot/amr_robot/install/laser_filters/share/ament_index/resource_index/parent_prefix_path/laser_filters
[0.505s] -- Up-to-date symlink: /home/orangepi/Robot_Project/AMR_Robot/amr_robot/install/laser_filters/share/laser_filters/environment/ament_prefix_path.sh
[0.505s] -- Up-to-date symlink: /home/orangepi/Robot_Project/AMR_Robot/amr_robot/install/laser_filters/share/laser_filters/environment/ament_prefix_path.dsv
[0.505s] -- Up-to-date symlink: /home/orangepi/Robot_Project/AMR_Robot/amr_robot/install/laser_filters/share/laser_filters/environment/path.sh
[0.506s] -- Up-to-date symlink: /home/orangepi/Robot_Project/AMR_Robot/amr_robot/install/laser_filters/share/laser_filters/environment/path.dsv
[0.506s] -- Up-to-date symlink: /home/orangepi/Robot_Project/AMR_Robot/amr_robot/install/laser_filters/share/laser_filters/local_setup.bash
[0.506s] -- Up-to-date symlink: /home/orangepi/Robot_Project/AMR_Robot/amr_robot/install/laser_filters/share/laser_filters/local_setup.sh
[0.507s] -- Up-to-date symlink: /home/orangepi/Robot_Project/AMR_Robot/amr_robot/install/laser_filters/share/laser_filters/local_setup.zsh
[0.507s] -- Up-to-date symlink: /home/orangepi/Robot_Project/AMR_Robot/amr_robot/install/laser_filters/share/laser_filters/local_setup.dsv
[0.507s] -- Symlinking: /home/orangepi/Robot_Project/AMR_Robot/amr_robot/install/laser_filters/share/laser_filters/package.dsv
[0.518s] -- Up-to-date symlink: /home/orangepi/Robot_Project/AMR_Robot/amr_robot/install/laser_filters/share/ament_index/resource_index/packages/laser_filters
[0.518s] -- Up-to-date symlink: /home/orangepi/Robot_Project/AMR_Robot/amr_robot/install/laser_filters/share/ament_index/resource_index/filters__pluginlib__plugin/laser_filters
[0.518s] -- Up-to-date symlink: /home/orangepi/Robot_Project/AMR_Robot/amr_robot/install/laser_filters/share/ament_index/resource_index/rclcpp_components/laser_filters
[0.518s] -- Up-to-date symlink: /home/orangepi/Robot_Project/AMR_Robot/amr_robot/install/laser_filters/share/laser_filters/cmake/ament_cmake_export_dependencies-extras.cmake
[0.518s] -- Up-to-date symlink: /home/orangepi/Robot_Project/AMR_Robot/amr_robot/install/laser_filters/share/laser_filters/cmake/ament_cmake_export_include_directories-extras.cmake
[0.519s] -- Up-to-date symlink: /home/orangepi/Robot_Project/AMR_Robot/amr_robot/install/laser_filters/share/laser_filters/cmake/ament_cmake_export_libraries-extras.cmake
[0.522s] -- Up-to-date symlink: /home/orangepi/Robot_Project/AMR_Robot/amr_robot/install/laser_filters/share/laser_filters/cmake/laser_filtersConfig.cmake
[0.523s] -- Up-to-date symlink: /home/orangepi/Robot_Project/AMR_Robot/amr_robot/install/laser_filters/share/laser_filters/cmake/laser_filtersConfig-version.cmake
[0.524s] -- Up-to-date symlink: /home/orangepi/Robot_Project/AMR_Robot/amr_robot/install/laser_filters/share/laser_filters/package.xml
[0.531s] Invoked command in '/home/orangepi/Robot_Project/AMR_Robot/amr_robot/build/laser_filters' returned '0': CMAKE_PREFIX_PATH=${CMAKE_PREFIX_PATH}:/opt/ros/humble /usr/bin/cmake --install /home/orangepi/Robot_Project/AMR_Robot/amr_robot/build/laser_filters
