[0.043s] Invoking command in '/home/orangepi/Robot_Project/AMR_Robot/amr_robot/build/amr_reality_pkg': CMAKE_PREFIX_PATH=${CMAKE_PREFIX_PATH}:/opt/ros/humble /usr/bin/cmake --build /home/orangepi/Robot_Project/AMR_Robot/amr_robot/build/amr_reality_pkg -- -j8 -l8
[0.202s] [100%] Built target plicp
[0.258s] [100%] Built target robot_control_prepare
[1.228s] joint1: writing 4 bytes to 0x1400/1: 02 02 00 80
[1.228s] joint1: writing 1 bytes to 0x1400/2: 01
[1.229s] joint1: writing 1 bytes to 0x1600/0: 00
[1.229s] joint1: writing 4 bytes to 0x1600/1: 10 00 40 60
[1.230s] joint1: writing 4 bytes to 0x1600/2: 08 00 60 60
[1.230s] joint1: writing 1 bytes to 0x1600/0: 02
[1.231s] joint1: writing 4 bytes to 0x1400/1: 02 02 00 00
[1.231s] joint1: writing 4 bytes to 0x1401/1: 02 03 00 80
[1.231s] joint1: writing 1 bytes to 0x1401/2: 01
[1.232s] joint1: writing 1 bytes to 0x1601/0: 00
[1.232s] joint1: writing 4 bytes to 0x1601/1: 20 00 7A 60
[1.233s] joint1: writing 4 bytes to 0x1601/2: 20 00 FF 60
[1.233s] joint1: writing 1 bytes to 0x1601/0: 02
[1.233s] joint1: writing 4 bytes to 0x1401/1: 02 03 00 00
[1.234s] joint1: writing 4 bytes to 0x1800/1: 82 01 00 80
[1.234s] joint1: writing 1 bytes to 0x1800/2: 01
[1.235s] joint1: writing 1 bytes to 0x1A00/0: 00
[1.235s] joint1: writing 4 bytes to 0x1A00/1: 10 00 41 60
[1.235s] joint1: writing 4 bytes to 0x1A00/2: 08 00 61 60
[1.236s] joint1: writing 1 bytes to 0x1A00/0: 02
[1.236s] joint1: writing 4 bytes to 0x1800/1: 82 01 00 00
[1.237s] joint1: writing 4 bytes to 0x1801/1: 82 02 00 80
[1.237s] joint1: writing 1 bytes to 0x1801/2: 01
[1.237s] joint1: writing 1 bytes to 0x1A01/0: 00
[1.238s] joint1: writing 4 bytes to 0x1A01/1: 20 00 64 60
[1.238s] joint1: writing 4 bytes to 0x1A01/2: 20 00 6C 60
[1.239s] joint1: writing 1 bytes to 0x1A01/0: 02
[1.239s] joint1: writing 4 bytes to 0x1801/1: 82 02 00 00
[1.239s] joint1: writing 4 bytes to 0x1802/1: 82 03 00 80
[1.240s] joint1: writing 1 bytes to 0x1802/2: 01
[1.240s] joint1: writing 1 bytes to 0x1A02/0: 00
[1.241s] joint1: writing 4 bytes to 0x1A02/1: 10 00 3F 60
[1.241s] joint1: writing 1 bytes to 0x1A02/0: 01
[1.241s] joint1: writing 4 bytes to 0x1802/1: 82 03 00 00
[1.242s] joint1: writing 2 bytes to 0x6040/0: 80 00
[1.242s] joint1: writing 4 bytes to 0x6083/0: A0 86 01 00
[1.243s] joint1: writing 4 bytes to 0x6084/0: A0 86 01 00
[1.243s] joint2: writing 4 bytes to 0x1400/1: 03 02 00 80
[1.243s] joint2: writing 1 bytes to 0x1400/2: 01
[1.244s] joint2: writing 1 bytes to 0x1600/0: 00
[1.244s] joint2: writing 4 bytes to 0x1600/1: 10 00 40 60
[1.245s] joint2: writing 4 bytes to 0x1600/2: 08 00 60 60
[1.245s] joint2: writing 1 bytes to 0x1600/0: 02
[1.246s] joint2: writing 4 bytes to 0x1400/1: 03 02 00 00
[1.246s] joint2: writing 4 bytes to 0x1401/1: 03 03 00 80
[1.246s] joint2: writing 1 bytes to 0x1401/2: 01
[1.247s] joint2: writing 1 bytes to 0x1601/0: 00
[1.247s] joint2: writing 4 bytes to 0x1601/1: 20 00 7A 60
[1.248s] joint2: writing 4 bytes to 0x1601/2: 20 00 FF 60
[1.248s] joint2: writing 1 bytes to 0x1601/0: 02
[1.249s] joint2: writing 4 bytes to 0x1401/1: 03 03 00 00
[1.249s] joint2: writing 4 bytes to 0x1800/1: 83 01 00 80
[1.249s] joint2: writing 1 bytes to 0x1800/2: 01
[1.250s] joint2: writing 1 bytes to 0x1A00/0: 00
[1.250s] joint2: writing 4 bytes to 0x1A00/1: 10 00 41 60
[1.251s] joint2: writing 4 bytes to 0x1A00/2: 08 00 61 60
[1.251s] joint2: writing 1 bytes to 0x1A00/0: 02
[1.251s] joint2: writing 4 bytes to 0x1800/1: 83 01 00 00
[1.252s] joint2: writing 4 bytes to 0x1801/1: 83 02 00 80
[1.252s] joint2: writing 1 bytes to 0x1801/2: 01
[1.253s] joint2: writing 1 bytes to 0x1A01/0: 00
[1.253s] joint2: writing 4 bytes to 0x1A01/1: 20 00 64 60
[1.254s] joint2: writing 4 bytes to 0x1A01/2: 20 00 6C 60
[1.254s] joint2: writing 1 bytes to 0x1A01/0: 02
[1.255s] joint2: writing 4 bytes to 0x1801/1: 83 02 00 00
[1.255s] joint2: writing 4 bytes to 0x1802/1: 83 03 00 80
[1.255s] joint2: writing 1 bytes to 0x1802/2: 01
[1.256s] joint2: writing 1 bytes to 0x1A02/0: 00
[1.256s] joint2: writing 4 bytes to 0x1A02/1: 10 00 3F 60
[1.257s] joint2: writing 1 bytes to 0x1A02/0: 01
[1.257s] joint2: writing 4 bytes to 0x1802/1: 83 03 00 00
[1.257s] joint2: writing 2 bytes to 0x6040/0: 80 00
[1.258s] joint2: writing 4 bytes to 0x6083/0: A0 86 01 00
[1.258s] joint2: writing 4 bytes to 0x6084/0: A0 86 01 00
[1.567s] [100%] Built target robot_control
[1.609s] Invoked command in '/home/orangepi/Robot_Project/AMR_Robot/amr_robot/build/amr_reality_pkg' returned '0': CMAKE_PREFIX_PATH=${CMAKE_PREFIX_PATH}:/opt/ros/humble /usr/bin/cmake --build /home/orangepi/Robot_Project/AMR_Robot/amr_robot/build/amr_reality_pkg -- -j8 -l8
[1.616s] Invoking command in '/home/orangepi/Robot_Project/AMR_Robot/amr_robot/build/amr_reality_pkg': CMAKE_PREFIX_PATH=${CMAKE_PREFIX_PATH}:/opt/ros/humble /usr/bin/cmake --install /home/orangepi/Robot_Project/AMR_Robot/amr_robot/build/amr_reality_pkg
[1.637s] -- Install configuration: ""
[1.639s] -- Execute custom install script
[1.641s] -- Symlinking: /home/orangepi/Robot_Project/AMR_Robot/amr_robot/install/amr_reality_pkg/share/amr_reality_pkg/config/robot_control//cia402_slave.eds
[1.671s] -- Symlinking: /home/orangepi/Robot_Project/AMR_Robot/amr_robot/install/amr_reality_pkg/share/amr_reality_pkg/config/robot_control//ros2_controllers.yaml
[1.687s] -- Symlinking: /home/orangepi/Robot_Project/AMR_Robot/amr_robot/install/amr_reality_pkg/share/amr_reality_pkg/config/robot_control//bus.yml
[1.714s] -- Symlinking: /home/orangepi/Robot_Project/AMR_Robot/amr_robot/install/amr_reality_pkg/share/amr_reality_pkg/config/robot_control//joint1.bin
[1.743s] -- Symlinking: /home/orangepi/Robot_Project/AMR_Robot/amr_robot/install/amr_reality_pkg/share/amr_reality_pkg/config/robot_control//joint2.bin
[1.769s] -- Symlinking: /home/orangepi/Robot_Project/AMR_Robot/amr_robot/install/amr_reality_pkg/share/amr_reality_pkg/config/robot_control//master.dcf
[1.798s] -- Symlinking: /home/orangepi/Robot_Project/AMR_Robot/amr_robot/install/amr_reality_pkg/share/amr_reality_pkg/config/robot_control//preprocessed_bus.yml
[1.825s] -- Up-to-date symlink: /home/orangepi/Robot_Project/AMR_Robot/amr_robot/install/amr_reality_pkg/share/amr_reality_pkg/launch/amr_reality.launch.py
[1.825s] -- Up-to-date symlink: /home/orangepi/Robot_Project/AMR_Robot/amr_robot/install/amr_reality_pkg/share/amr_reality_pkg/launch/localization_launch.py
[1.826s] -- Up-to-date symlink: /home/orangepi/Robot_Project/AMR_Robot/amr_robot/install/amr_reality_pkg/share/amr_reality_pkg/launch/navigation_launch.py
[1.827s] -- Up-to-date symlink: /home/orangepi/Robot_Project/AMR_Robot/amr_robot/install/amr_reality_pkg/share/amr_reality_pkg/launch/online_async_launch.py
[1.828s] -- Up-to-date symlink: /home/orangepi/Robot_Project/AMR_Robot/amr_robot/install/amr_reality_pkg/share/amr_reality_pkg/launch/slamtoolbox_localization.py
[1.830s] -- Up-to-date symlink: /home/orangepi/Robot_Project/AMR_Robot/amr_robot/install/amr_reality_pkg/share/amr_reality_pkg/descriptions/meshes/Imu_Link.STL
[1.831s] -- Up-to-date symlink: /home/orangepi/Robot_Project/AMR_Robot/amr_robot/install/amr_reality_pkg/share/amr_reality_pkg/descriptions/meshes/Left_Link.STL
[1.832s] -- Up-to-date symlink: /home/orangepi/Robot_Project/AMR_Robot/amr_robot/install/amr_reality_pkg/share/amr_reality_pkg/descriptions/meshes/Lidar_Link.STL
[1.832s] -- Up-to-date symlink: /home/orangepi/Robot_Project/AMR_Robot/amr_robot/install/amr_reality_pkg/share/amr_reality_pkg/descriptions/meshes/Right_Link.STL
[1.833s] -- Up-to-date symlink: /home/orangepi/Robot_Project/AMR_Robot/amr_robot/install/amr_reality_pkg/share/amr_reality_pkg/descriptions/meshes/Yaw_Behind_Left_Link.STL
[1.834s] -- Up-to-date symlink: /home/orangepi/Robot_Project/AMR_Robot/amr_robot/install/amr_reality_pkg/share/amr_reality_pkg/descriptions/meshes/Yaw_Behind_Right_Link.STL
[1.835s] -- Up-to-date symlink: /home/orangepi/Robot_Project/AMR_Robot/amr_robot/install/amr_reality_pkg/share/amr_reality_pkg/descriptions/meshes/Yaw_Front_Left_Link.STL
[1.836s] -- Up-to-date symlink: /home/orangepi/Robot_Project/AMR_Robot/amr_robot/install/amr_reality_pkg/share/amr_reality_pkg/descriptions/meshes/Yaw_Front_Right_Link.STL
[1.837s] -- Up-to-date symlink: /home/orangepi/Robot_Project/AMR_Robot/amr_robot/install/amr_reality_pkg/share/amr_reality_pkg/descriptions/meshes/base_link.STL
[1.838s] -- Up-to-date symlink: /home/orangepi/Robot_Project/AMR_Robot/amr_robot/install/amr_reality_pkg/share/amr_reality_pkg/descriptions/meshes_2/Imu_Link.STL
[1.838s] -- Up-to-date symlink: /home/orangepi/Robot_Project/AMR_Robot/amr_robot/install/amr_reality_pkg/share/amr_reality_pkg/descriptions/meshes_2/Left_Link.STL
[1.840s] -- Up-to-date symlink: /home/orangepi/Robot_Project/AMR_Robot/amr_robot/install/amr_reality_pkg/share/amr_reality_pkg/descriptions/meshes_2/Lidar_Link.STL
[1.840s] -- Up-to-date symlink: /home/orangepi/Robot_Project/AMR_Robot/amr_robot/install/amr_reality_pkg/share/amr_reality_pkg/descriptions/meshes_2/Right_Link.STL
[1.841s] -- Up-to-date symlink: /home/orangepi/Robot_Project/AMR_Robot/amr_robot/install/amr_reality_pkg/share/amr_reality_pkg/descriptions/meshes_2/Yaw_Behind_Left_Link.STL
[1.842s] -- Up-to-date symlink: /home/orangepi/Robot_Project/AMR_Robot/amr_robot/install/amr_reality_pkg/share/amr_reality_pkg/descriptions/meshes_2/Yaw_Behind_Right_Link.STL
[1.843s] -- Up-to-date symlink: /home/orangepi/Robot_Project/AMR_Robot/amr_robot/install/amr_reality_pkg/share/amr_reality_pkg/descriptions/meshes_2/Yaw_Front_Left_Link.STL
[1.844s] -- Up-to-date symlink: /home/orangepi/Robot_Project/AMR_Robot/amr_robot/install/amr_reality_pkg/share/amr_reality_pkg/descriptions/meshes_2/Yaw_Front_Right_Link.STL
[1.845s] -- Up-to-date symlink: /home/orangepi/Robot_Project/AMR_Robot/amr_robot/install/amr_reality_pkg/share/amr_reality_pkg/descriptions/meshes_2/base_link.STL
[1.846s] -- Up-to-date symlink: /home/orangepi/Robot_Project/AMR_Robot/amr_robot/install/amr_reality_pkg/share/amr_reality_pkg/descriptions/urdf/AMR1-00-Khung (1).SLDASM.urdf
[1.846s] -- Up-to-date symlink: /home/orangepi/Robot_Project/AMR_Robot/amr_robot/install/amr_reality_pkg/share/amr_reality_pkg/descriptions/urdf/AMR1-00-Khung_urdf.SLDASM.urdf
[1.847s] -- Up-to-date symlink: /home/orangepi/Robot_Project/AMR_Robot/amr_robot/install/amr_reality_pkg/share/amr_reality_pkg/descriptions/urdf/robot.urdf.xacro
[1.848s] -- Up-to-date symlink: /home/orangepi/Robot_Project/AMR_Robot/amr_robot/install/amr_reality_pkg/share/amr_reality_pkg/descriptions/urdf/robot_controller/robot_controller.ros2_control.xacro
[1.849s] -- Up-to-date symlink: /home/orangepi/Robot_Project/AMR_Robot/amr_robot/install/amr_reality_pkg/share/amr_reality_pkg/descriptions/urdf/robot_controller/robot_controller.urdf.xacro
[1.850s] -- Up-to-date symlink: /home/orangepi/Robot_Project/AMR_Robot/amr_robot/install/amr_reality_pkg/share/amr_reality_pkg/config/ekf.yaml
[1.850s] -- Up-to-date symlink: /home/orangepi/Robot_Project/AMR_Robot/amr_robot/install/amr_reality_pkg/share/amr_reality_pkg/config/twist_mux.yaml
[1.851s] -- Up-to-date symlink: /home/orangepi/Robot_Project/AMR_Robot/amr_robot/install/amr_reality_pkg/share/amr_reality_pkg/config/laser_filter.yaml
[1.851s] -- Up-to-date symlink: /home/orangepi/Robot_Project/AMR_Robot/amr_robot/install/amr_reality_pkg/share/amr_reality_pkg/config/nav2_params.yaml
[1.852s] -- Up-to-date symlink: /home/orangepi/Robot_Project/AMR_Robot/amr_robot/install/amr_reality_pkg/share/amr_reality_pkg/config/mapper_params_online_async.yaml
[1.852s] -- Up-to-date symlink: /home/orangepi/Robot_Project/AMR_Robot/amr_robot/install/amr_reality_pkg/share/amr_reality_pkg/config/collision_monitor_params.yaml
[1.853s] -- Up-to-date symlink: /home/orangepi/Robot_Project/AMR_Robot/amr_robot/install/amr_reality_pkg/lib/amr_reality_pkg/ps4_teleop_node.py
[1.853s] -- Up-to-date symlink: /home/orangepi/Robot_Project/AMR_Robot/amr_robot/install/amr_reality_pkg/lib/amr_reality_pkg/imu_tl740D.py
[1.854s] -- Up-to-date symlink: /home/orangepi/Robot_Project/AMR_Robot/amr_robot/install/amr_reality_pkg/lib/amr_reality_pkg/cov_odom_scan.py
[1.854s] -- Up-to-date symlink: /home/orangepi/Robot_Project/AMR_Robot/amr_robot/install/amr_reality_pkg/lib/amr_reality_pkg/publish_test_path.py
[1.855s] -- Up-to-date symlink: /home/orangepi/Robot_Project/AMR_Robot/amr_robot/install/amr_reality_pkg/lib/amr_reality_pkg/plicp
[1.856s] -- Up-to-date symlink: /home/orangepi/Robot_Project/AMR_Robot/amr_robot/install/amr_reality_pkg/share/ament_index/resource_index/package_run_dependencies/amr_reality_pkg
[1.857s] -- Up-to-date symlink: /home/orangepi/Robot_Project/AMR_Robot/amr_robot/install/amr_reality_pkg/share/ament_index/resource_index/parent_prefix_path/amr_reality_pkg
[1.858s] -- Up-to-date symlink: /home/orangepi/Robot_Project/AMR_Robot/amr_robot/install/amr_reality_pkg/share/amr_reality_pkg/environment/ament_prefix_path.sh
[1.858s] -- Up-to-date symlink: /home/orangepi/Robot_Project/AMR_Robot/amr_robot/install/amr_reality_pkg/share/amr_reality_pkg/environment/ament_prefix_path.dsv
[1.859s] -- Up-to-date symlink: /home/orangepi/Robot_Project/AMR_Robot/amr_robot/install/amr_reality_pkg/share/amr_reality_pkg/environment/path.sh
[1.860s] -- Up-to-date symlink: /home/orangepi/Robot_Project/AMR_Robot/amr_robot/install/amr_reality_pkg/share/amr_reality_pkg/environment/path.dsv
[1.860s] -- Up-to-date symlink: /home/orangepi/Robot_Project/AMR_Robot/amr_robot/install/amr_reality_pkg/share/amr_reality_pkg/local_setup.bash
[1.861s] -- Up-to-date symlink: /home/orangepi/Robot_Project/AMR_Robot/amr_robot/install/amr_reality_pkg/share/amr_reality_pkg/local_setup.sh
[1.862s] -- Up-to-date symlink: /home/orangepi/Robot_Project/AMR_Robot/amr_robot/install/amr_reality_pkg/share/amr_reality_pkg/local_setup.zsh
[1.862s] -- Up-to-date symlink: /home/orangepi/Robot_Project/AMR_Robot/amr_robot/install/amr_reality_pkg/share/amr_reality_pkg/local_setup.dsv
[1.863s] -- Symlinking: /home/orangepi/Robot_Project/AMR_Robot/amr_robot/install/amr_reality_pkg/share/amr_reality_pkg/package.dsv
[1.891s] -- Up-to-date symlink: /home/orangepi/Robot_Project/AMR_Robot/amr_robot/install/amr_reality_pkg/share/ament_index/resource_index/packages/amr_reality_pkg
[1.891s] -- Up-to-date symlink: /home/orangepi/Robot_Project/AMR_Robot/amr_robot/install/amr_reality_pkg/share/amr_reality_pkg/cmake/amr_reality_pkgConfig.cmake
[1.892s] -- Up-to-date symlink: /home/orangepi/Robot_Project/AMR_Robot/amr_robot/install/amr_reality_pkg/share/amr_reality_pkg/cmake/amr_reality_pkgConfig-version.cmake
[1.892s] -- Up-to-date symlink: /home/orangepi/Robot_Project/AMR_Robot/amr_robot/install/amr_reality_pkg/share/amr_reality_pkg/package.xml
[1.900s] Invoked command in '/home/orangepi/Robot_Project/AMR_Robot/amr_robot/build/amr_reality_pkg' returned '0': CMAKE_PREFIX_PATH=${CMAKE_PREFIX_PATH}:/opt/ros/humble /usr/bin/cmake --install /home/orangepi/Robot_Project/AMR_Robot/amr_robot/build/amr_reality_pkg
