[0.062s] Invoking command in '/home/orangepi/Robot_Project/AMR_Robot/amr_robot/build/csm': CMAKE_PREFIX_PATH=${CMAKE_PREFIX_PATH}:/opt/ros/humble /usr/bin/cmake --build /home/orangepi/Robot_Project/AMR_Robot/amr_robot/build/csm -- -j8 -l8
[0.269s] [100%] Built target csm
[0.316s] Invoked command in '/home/orangepi/Robot_Project/AMR_Robot/amr_robot/build/csm' returned '0': CMAKE_PREFIX_PATH=${CMAKE_PREFIX_PATH}:/opt/ros/humble /usr/bin/cmake --build /home/orangepi/Robot_Project/AMR_Robot/amr_robot/build/csm -- -j8 -l8
[0.316s] Invoking command in '/home/orangepi/Robot_Project/AMR_Robot/amr_robot/build/csm': CMAKE_PREFIX_PATH=${CMAKE_PREFIX_PATH}:/opt/ros/humble /usr/bin/cmake --install /home/orangepi/Robot_Project/AMR_Robot/amr_robot/build/csm
[0.338s] -- Install configuration: ""
[0.339s] -- Execute custom install script
[0.340s] -- Up-to-date symlink: /home/orangepi/Robot_Project/AMR_Robot/amr_robot/install/csm/lib/libcsm.so
[0.342s] -- Up-to-date symlink: /home/orangepi/Robot_Project/AMR_Robot/amr_robot/install/csm/include/..//include/csm/algos.h
[0.342s] -- Up-to-date symlink: /home/orangepi/Robot_Project/AMR_Robot/amr_robot/install/csm/include/..//include/csm/csm.h
[0.343s] -- Up-to-date symlink: /home/orangepi/Robot_Project/AMR_Robot/amr_robot/install/csm/include/..//include/csm/laser_data.h
[0.343s] -- Up-to-date symlink: /home/orangepi/Robot_Project/AMR_Robot/amr_robot/install/csm/include/..//include/csm/laser_data_inline.h
[0.343s] -- Up-to-date symlink: /home/orangepi/Robot_Project/AMR_Robot/amr_robot/install/csm/include/..//include/csm/restrict.h
[0.345s] -- Up-to-date symlink: /home/orangepi/Robot_Project/AMR_Robot/amr_robot/install/csm/include/..//include/gsl_eigen/gsl_eigen.h
[0.346s] -- Up-to-date symlink: /home/orangepi/Robot_Project/AMR_Robot/amr_robot/install/csm/share/csm/resource/csm
[0.346s] -- Up-to-date symlink: /home/orangepi/Robot_Project/AMR_Robot/amr_robot/install/csm/include/../gsl_eigen/gsl_eigen.h
[0.347s] -- Up-to-date symlink: /home/orangepi/Robot_Project/AMR_Robot/amr_robot/install/csm/share/csm/environment/library_path.sh
[0.347s] -- Up-to-date symlink: /home/orangepi/Robot_Project/AMR_Robot/amr_robot/install/csm/share/csm/environment/library_path.dsv
[0.349s] -- Up-to-date symlink: /home/orangepi/Robot_Project/AMR_Robot/amr_robot/install/csm/share/ament_index/resource_index/package_run_dependencies/csm
[0.350s] -- Up-to-date symlink: /home/orangepi/Robot_Project/AMR_Robot/amr_robot/install/csm/share/ament_index/resource_index/parent_prefix_path/csm
[0.351s] -- Up-to-date symlink: /home/orangepi/Robot_Project/AMR_Robot/amr_robot/install/csm/share/csm/environment/ament_prefix_path.sh
[0.352s] -- Up-to-date symlink: /home/orangepi/Robot_Project/AMR_Robot/amr_robot/install/csm/share/csm/environment/ament_prefix_path.dsv
[0.353s] -- Up-to-date symlink: /home/orangepi/Robot_Project/AMR_Robot/amr_robot/install/csm/share/csm/environment/path.sh
[0.353s] -- Up-to-date symlink: /home/orangepi/Robot_Project/AMR_Robot/amr_robot/install/csm/share/csm/environment/path.dsv
[0.354s] -- Up-to-date symlink: /home/orangepi/Robot_Project/AMR_Robot/amr_robot/install/csm/share/csm/local_setup.bash
[0.356s] -- Up-to-date symlink: /home/orangepi/Robot_Project/AMR_Robot/amr_robot/install/csm/share/csm/local_setup.sh
[0.356s] -- Up-to-date symlink: /home/orangepi/Robot_Project/AMR_Robot/amr_robot/install/csm/share/csm/local_setup.zsh
[0.357s] -- Up-to-date symlink: /home/orangepi/Robot_Project/AMR_Robot/amr_robot/install/csm/share/csm/local_setup.dsv
[0.357s] -- Symlinking: /home/orangepi/Robot_Project/AMR_Robot/amr_robot/install/csm/share/csm/package.dsv
[0.382s] -- Up-to-date symlink: /home/orangepi/Robot_Project/AMR_Robot/amr_robot/install/csm/share/ament_index/resource_index/packages/csm
[0.382s] -- Up-to-date symlink: /home/orangepi/Robot_Project/AMR_Robot/amr_robot/install/csm/share/csm/cmake/ament_cmake_export_dependencies-extras.cmake
[0.382s] -- Up-to-date symlink: /home/orangepi/Robot_Project/AMR_Robot/amr_robot/install/csm/share/csm/cmake/ament_cmake_export_include_directories-extras.cmake
[0.382s] -- Up-to-date symlink: /home/orangepi/Robot_Project/AMR_Robot/amr_robot/install/csm/share/csm/cmake/ament_cmake_export_libraries-extras.cmake
[0.382s] -- Up-to-date symlink: /home/orangepi/Robot_Project/AMR_Robot/amr_robot/install/csm/share/csm/cmake/csmConfig.cmake
[0.382s] -- Up-to-date symlink: /home/orangepi/Robot_Project/AMR_Robot/amr_robot/install/csm/share/csm/cmake/csmConfig-version.cmake
[0.382s] -- Up-to-date symlink: /home/orangepi/Robot_Project/AMR_Robot/amr_robot/install/csm/share/csm/package.xml
[0.387s] Invoked command in '/home/orangepi/Robot_Project/AMR_Robot/amr_robot/build/csm' returned '0': CMAKE_PREFIX_PATH=${CMAKE_PREFIX_PATH}:/opt/ros/humble /usr/bin/cmake --install /home/orangepi/Robot_Project/AMR_Robot/amr_robot/build/csm
