[0.067s] Invoking command in '/home/orangepi/Robot_Project/AMR_Robot/amr_robot/build/amr_reality_pkg': CMAKE_PREFIX_PATH=${CMAKE_PREFIX_PATH}:/opt/ros/humble /usr/bin/cmake --build /home/orangepi/Robot_Project/AMR_Robot/amr_robot/build/amr_reality_pkg -- -j8 -l8
[0.243s] [100%] Built target plicp
[0.254s] [100%] Built target robot_control_prepare
[1.265s] joint1: writing 4 bytes to 0x1400/1: 02 02 00 80
[1.265s] joint1: writing 1 bytes to 0x1400/2: 01
[1.266s] joint1: writing 1 bytes to 0x1600/0: 00
[1.266s] joint1: writing 4 bytes to 0x1600/1: 10 00 40 60
[1.266s] joint1: writing 4 bytes to 0x1600/2: 08 00 60 60
[1.267s] joint1: writing 1 bytes to 0x1600/0: 02
[1.267s] joint1: writing 4 bytes to 0x1400/1: 02 02 00 00
[1.268s] joint1: writing 4 bytes to 0x1401/1: 02 03 00 80
[1.268s] joint1: writing 1 bytes to 0x1401/2: 01
[1.268s] joint1: writing 1 bytes to 0x1601/0: 00
[1.269s] joint1: writing 4 bytes to 0x1601/1: 20 00 7A 60
[1.269s] joint1: writing 4 bytes to 0x1601/2: 20 00 FF 60
[1.270s] joint1: writing 1 bytes to 0x1601/0: 02
[1.270s] joint1: writing 4 bytes to 0x1401/1: 02 03 00 00
[1.270s] joint1: writing 4 bytes to 0x1800/1: 82 01 00 80
[1.271s] joint1: writing 1 bytes to 0x1800/2: 01
[1.271s] joint1: writing 1 bytes to 0x1A00/0: 00
[1.272s] joint1: writing 4 bytes to 0x1A00/1: 10 00 41 60
[1.272s] joint1: writing 4 bytes to 0x1A00/2: 08 00 61 60
[1.273s] joint1: writing 1 bytes to 0x1A00/0: 02
[1.273s] joint1: writing 4 bytes to 0x1800/1: 82 01 00 00
[1.273s] joint1: writing 4 bytes to 0x1801/1: 82 02 00 80
[1.274s] joint1: writing 1 bytes to 0x1801/2: 01
[1.274s] joint1: writing 1 bytes to 0x1A01/0: 00
[1.275s] joint1: writing 4 bytes to 0x1A01/1: 20 00 64 60
[1.275s] joint1: writing 4 bytes to 0x1A01/2: 20 00 6C 60
[1.275s] joint1: writing 1 bytes to 0x1A01/0: 02
[1.276s] joint1: writing 4 bytes to 0x1801/1: 82 02 00 00
[1.276s] joint1: writing 4 bytes to 0x1802/1: 82 03 00 80
[1.277s] joint1: writing 1 bytes to 0x1802/2: 01
[1.277s] joint1: writing 1 bytes to 0x1A02/0: 00
[1.278s] joint1: writing 4 bytes to 0x1A02/1: 10 00 3F 60
[1.278s] joint1: writing 1 bytes to 0x1A02/0: 01
[1.278s] joint1: writing 4 bytes to 0x1802/1: 82 03 00 00
[1.279s] joint1: writing 2 bytes to 0x6040/0: 80 00
[1.279s] joint1: writing 4 bytes to 0x6083/0: A0 86 01 00
[1.280s] joint1: writing 4 bytes to 0x6084/0: A0 86 01 00
[1.280s] joint2: writing 4 bytes to 0x1400/1: 03 02 00 80
[1.280s] joint2: writing 1 bytes to 0x1400/2: 01
[1.281s] joint2: writing 1 bytes to 0x1600/0: 00
[1.281s] joint2: writing 4 bytes to 0x1600/1: 10 00 40 60
[1.281s] joint2: writing 4 bytes to 0x1600/2: 08 00 60 60
[1.282s] joint2: writing 1 bytes to 0x1600/0: 02
[1.282s] joint2: writing 4 bytes to 0x1400/1: 03 02 00 00
[1.283s] joint2: writing 4 bytes to 0x1401/1: 03 03 00 80
[1.283s] joint2: writing 1 bytes to 0x1401/2: 01
[1.283s] joint2: writing 1 bytes to 0x1601/0: 00
[1.284s] joint2: writing 4 bytes to 0x1601/1: 20 00 7A 60
[1.284s] joint2: writing 4 bytes to 0x1601/2: 20 00 FF 60
[1.285s] joint2: writing 1 bytes to 0x1601/0: 02
[1.285s] joint2: writing 4 bytes to 0x1401/1: 03 03 00 00
[1.285s] joint2: writing 4 bytes to 0x1800/1: 83 01 00 80
[1.286s] joint2: writing 1 bytes to 0x1800/2: 01
[1.286s] joint2: writing 1 bytes to 0x1A00/0: 00
[1.287s] joint2: writing 4 bytes to 0x1A00/1: 10 00 41 60
[1.287s] joint2: writing 4 bytes to 0x1A00/2: 08 00 61 60
[1.288s] joint2: writing 1 bytes to 0x1A00/0: 02
[1.288s] joint2: writing 4 bytes to 0x1800/1: 83 01 00 00
[1.288s] joint2: writing 4 bytes to 0x1801/1: 83 02 00 80
[1.289s] joint2: writing 1 bytes to 0x1801/2: 01
[1.289s] joint2: writing 1 bytes to 0x1A01/0: 00
[1.290s] joint2: writing 4 bytes to 0x1A01/1: 20 00 64 60
[1.290s] joint2: writing 4 bytes to 0x1A01/2: 20 00 6C 60
[1.290s] joint2: writing 1 bytes to 0x1A01/0: 02
[1.291s] joint2: writing 4 bytes to 0x1801/1: 83 02 00 00
[1.291s] joint2: writing 4 bytes to 0x1802/1: 83 03 00 80
[1.292s] joint2: writing 1 bytes to 0x1802/2: 01
[1.292s] joint2: writing 1 bytes to 0x1A02/0: 00
[1.293s] joint2: writing 4 bytes to 0x1A02/1: 10 00 3F 60
[1.293s] joint2: writing 1 bytes to 0x1A02/0: 01
[1.293s] joint2: writing 4 bytes to 0x1802/1: 83 03 00 00
[1.294s] joint2: writing 2 bytes to 0x6040/0: 80 00
[1.294s] joint2: writing 4 bytes to 0x6083/0: A0 86 01 00
[1.295s] joint2: writing 4 bytes to 0x6084/0: A0 86 01 00
[1.594s] [100%] Built target robot_control
[1.632s] Invoked command in '/home/orangepi/Robot_Project/AMR_Robot/amr_robot/build/amr_reality_pkg' returned '0': CMAKE_PREFIX_PATH=${CMAKE_PREFIX_PATH}:/opt/ros/humble /usr/bin/cmake --build /home/orangepi/Robot_Project/AMR_Robot/amr_robot/build/amr_reality_pkg -- -j8 -l8
[1.637s] Invoking command in '/home/orangepi/Robot_Project/AMR_Robot/amr_robot/build/amr_reality_pkg': CMAKE_PREFIX_PATH=${CMAKE_PREFIX_PATH}:/opt/ros/humble /usr/bin/cmake --install /home/orangepi/Robot_Project/AMR_Robot/amr_robot/build/amr_reality_pkg
[1.660s] -- Install configuration: ""
[1.661s] -- Execute custom install script
[1.662s] -- Symlinking: /home/orangepi/Robot_Project/AMR_Robot/amr_robot/install/amr_reality_pkg/share/amr_reality_pkg/config/robot_control//cia402_slave.eds
[1.693s] -- Symlinking: /home/orangepi/Robot_Project/AMR_Robot/amr_robot/install/amr_reality_pkg/share/amr_reality_pkg/config/robot_control//ros2_controllers.yaml
[1.724s] -- Symlinking: /home/orangepi/Robot_Project/AMR_Robot/amr_robot/install/amr_reality_pkg/share/amr_reality_pkg/config/robot_control//bus.yml
[1.756s] -- Symlinking: /home/orangepi/Robot_Project/AMR_Robot/amr_robot/install/amr_reality_pkg/share/amr_reality_pkg/config/robot_control//joint1.bin
[1.782s] -- Symlinking: /home/orangepi/Robot_Project/AMR_Robot/amr_robot/install/amr_reality_pkg/share/amr_reality_pkg/config/robot_control//joint2.bin
[1.804s] -- Symlinking: /home/orangepi/Robot_Project/AMR_Robot/amr_robot/install/amr_reality_pkg/share/amr_reality_pkg/config/robot_control//master.dcf
[1.830s] -- Symlinking: /home/orangepi/Robot_Project/AMR_Robot/amr_robot/install/amr_reality_pkg/share/amr_reality_pkg/config/robot_control//preprocessed_bus.yml
[1.859s] -- Up-to-date symlink: /home/orangepi/Robot_Project/AMR_Robot/amr_robot/install/amr_reality_pkg/share/amr_reality_pkg/launch/amr_reality.launch.py
[1.860s] -- Up-to-date symlink: /home/orangepi/Robot_Project/AMR_Robot/amr_robot/install/amr_reality_pkg/share/amr_reality_pkg/launch/localization_launch.py
[1.860s] -- Up-to-date symlink: /home/orangepi/Robot_Project/AMR_Robot/amr_robot/install/amr_reality_pkg/share/amr_reality_pkg/launch/navigation_launch.py
[1.861s] -- Up-to-date symlink: /home/orangepi/Robot_Project/AMR_Robot/amr_robot/install/amr_reality_pkg/share/amr_reality_pkg/launch/online_async_launch.py
[1.861s] -- Up-to-date symlink: /home/orangepi/Robot_Project/AMR_Robot/amr_robot/install/amr_reality_pkg/share/amr_reality_pkg/launch/slamtoolbox_localization.py
[1.863s] -- Up-to-date symlink: /home/orangepi/Robot_Project/AMR_Robot/amr_robot/install/amr_reality_pkg/share/amr_reality_pkg/descriptions/meshes/Imu_Link.STL
[1.863s] -- Up-to-date symlink: /home/orangepi/Robot_Project/AMR_Robot/amr_robot/install/amr_reality_pkg/share/amr_reality_pkg/descriptions/meshes/Left_Link.STL
[1.864s] -- Up-to-date symlink: /home/orangepi/Robot_Project/AMR_Robot/amr_robot/install/amr_reality_pkg/share/amr_reality_pkg/descriptions/meshes/Lidar_Link.STL
[1.864s] -- Up-to-date symlink: /home/orangepi/Robot_Project/AMR_Robot/amr_robot/install/amr_reality_pkg/share/amr_reality_pkg/descriptions/meshes/Right_Link.STL
[1.865s] -- Up-to-date symlink: /home/orangepi/Robot_Project/AMR_Robot/amr_robot/install/amr_reality_pkg/share/amr_reality_pkg/descriptions/meshes/Yaw_Behind_Left_Link.STL
[1.865s] -- Up-to-date symlink: /home/orangepi/Robot_Project/AMR_Robot/amr_robot/install/amr_reality_pkg/share/amr_reality_pkg/descriptions/meshes/Yaw_Behind_Right_Link.STL
[1.866s] -- Up-to-date symlink: /home/orangepi/Robot_Project/AMR_Robot/amr_robot/install/amr_reality_pkg/share/amr_reality_pkg/descriptions/meshes/Yaw_Front_Left_Link.STL
[1.866s] -- Up-to-date symlink: /home/orangepi/Robot_Project/AMR_Robot/amr_robot/install/amr_reality_pkg/share/amr_reality_pkg/descriptions/meshes/Yaw_Front_Right_Link.STL
[1.867s] -- Up-to-date symlink: /home/orangepi/Robot_Project/AMR_Robot/amr_robot/install/amr_reality_pkg/share/amr_reality_pkg/descriptions/meshes/base_link.STL
[1.867s] -- Up-to-date symlink: /home/orangepi/Robot_Project/AMR_Robot/amr_robot/install/amr_reality_pkg/share/amr_reality_pkg/descriptions/urdf/AMR1-00-Khung (1).SLDASM.urdf
[1.868s] -- Up-to-date symlink: /home/orangepi/Robot_Project/AMR_Robot/amr_robot/install/amr_reality_pkg/share/amr_reality_pkg/descriptions/urdf/robot.urdf.xacro
[1.869s] -- Up-to-date symlink: /home/orangepi/Robot_Project/AMR_Robot/amr_robot/install/amr_reality_pkg/share/amr_reality_pkg/descriptions/urdf/robot_controller/robot_controller.ros2_control.xacro
[1.869s] -- Up-to-date symlink: /home/orangepi/Robot_Project/AMR_Robot/amr_robot/install/amr_reality_pkg/share/amr_reality_pkg/descriptions/urdf/robot_controller/robot_controller.urdf.xacro
[1.871s] -- Up-to-date symlink: /home/orangepi/Robot_Project/AMR_Robot/amr_robot/install/amr_reality_pkg/share/amr_reality_pkg/config/ekf.yaml
[1.871s] -- Up-to-date symlink: /home/orangepi/Robot_Project/AMR_Robot/amr_robot/install/amr_reality_pkg/share/amr_reality_pkg/config/twist_mux.yaml
[1.872s] -- Up-to-date symlink: /home/orangepi/Robot_Project/AMR_Robot/amr_robot/install/amr_reality_pkg/share/amr_reality_pkg/config/laser_filter.yaml
[1.872s] -- Up-to-date symlink: /home/orangepi/Robot_Project/AMR_Robot/amr_robot/install/amr_reality_pkg/share/amr_reality_pkg/config/nav2_params.yaml
[1.873s] -- Up-to-date symlink: /home/orangepi/Robot_Project/AMR_Robot/amr_robot/install/amr_reality_pkg/share/amr_reality_pkg/config/mapper_params_online_async.yaml
[1.873s] -- Up-to-date symlink: /home/orangepi/Robot_Project/AMR_Robot/amr_robot/install/amr_reality_pkg/share/amr_reality_pkg/config/collision_monitor_params.yaml
[1.874s] -- Up-to-date symlink: /home/orangepi/Robot_Project/AMR_Robot/amr_robot/install/amr_reality_pkg/lib/amr_reality_pkg/ps4_teleop_node.py
[1.875s] -- Up-to-date symlink: /home/orangepi/Robot_Project/AMR_Robot/amr_robot/install/amr_reality_pkg/lib/amr_reality_pkg/imu_tl740D.py
[1.875s] -- Up-to-date symlink: /home/orangepi/Robot_Project/AMR_Robot/amr_robot/install/amr_reality_pkg/lib/amr_reality_pkg/cov_odom_scan.py
[1.875s] -- Up-to-date symlink: /home/orangepi/Robot_Project/AMR_Robot/amr_robot/install/amr_reality_pkg/lib/amr_reality_pkg/publish_test_path.py
[1.877s] -- Up-to-date symlink: /home/orangepi/Robot_Project/AMR_Robot/amr_robot/install/amr_reality_pkg/lib/amr_reality_pkg/plicp
[1.878s] -- Up-to-date symlink: /home/orangepi/Robot_Project/AMR_Robot/amr_robot/install/amr_reality_pkg/share/ament_index/resource_index/package_run_dependencies/amr_reality_pkg
[1.879s] -- Up-to-date symlink: /home/orangepi/Robot_Project/AMR_Robot/amr_robot/install/amr_reality_pkg/share/ament_index/resource_index/parent_prefix_path/amr_reality_pkg
[1.880s] -- Up-to-date symlink: /home/orangepi/Robot_Project/AMR_Robot/amr_robot/install/amr_reality_pkg/share/amr_reality_pkg/environment/ament_prefix_path.sh
[1.881s] -- Up-to-date symlink: /home/orangepi/Robot_Project/AMR_Robot/amr_robot/install/amr_reality_pkg/share/amr_reality_pkg/environment/ament_prefix_path.dsv
[1.882s] -- Up-to-date symlink: /home/orangepi/Robot_Project/AMR_Robot/amr_robot/install/amr_reality_pkg/share/amr_reality_pkg/environment/path.sh
[1.882s] -- Up-to-date symlink: /home/orangepi/Robot_Project/AMR_Robot/amr_robot/install/amr_reality_pkg/share/amr_reality_pkg/environment/path.dsv
[1.883s] -- Up-to-date symlink: /home/orangepi/Robot_Project/AMR_Robot/amr_robot/install/amr_reality_pkg/share/amr_reality_pkg/local_setup.bash
[1.884s] -- Up-to-date symlink: /home/orangepi/Robot_Project/AMR_Robot/amr_robot/install/amr_reality_pkg/share/amr_reality_pkg/local_setup.sh
[1.885s] -- Up-to-date symlink: /home/orangepi/Robot_Project/AMR_Robot/amr_robot/install/amr_reality_pkg/share/amr_reality_pkg/local_setup.zsh
[1.885s] -- Up-to-date symlink: /home/orangepi/Robot_Project/AMR_Robot/amr_robot/install/amr_reality_pkg/share/amr_reality_pkg/local_setup.dsv
[1.886s] -- Symlinking: /home/orangepi/Robot_Project/AMR_Robot/amr_robot/install/amr_reality_pkg/share/amr_reality_pkg/package.dsv
[1.915s] -- Up-to-date symlink: /home/orangepi/Robot_Project/AMR_Robot/amr_robot/install/amr_reality_pkg/share/ament_index/resource_index/packages/amr_reality_pkg
[1.916s] -- Up-to-date symlink: /home/orangepi/Robot_Project/AMR_Robot/amr_robot/install/amr_reality_pkg/share/amr_reality_pkg/cmake/amr_reality_pkgConfig.cmake
[1.916s] -- Up-to-date symlink: /home/orangepi/Robot_Project/AMR_Robot/amr_robot/install/amr_reality_pkg/share/amr_reality_pkg/cmake/amr_reality_pkgConfig-version.cmake
[1.917s] -- Up-to-date symlink: /home/orangepi/Robot_Project/AMR_Robot/amr_robot/install/amr_reality_pkg/share/amr_reality_pkg/package.xml
[1.927s] Invoked command in '/home/orangepi/Robot_Project/AMR_Robot/amr_robot/build/amr_reality_pkg' returned '0': CMAKE_PREFIX_PATH=${CMAKE_PREFIX_PATH}:/opt/ros/humble /usr/bin/cmake --install /home/orangepi/Robot_Project/AMR_Robot/amr_robot/build/amr_reality_pkg
