[0.039s] Invoking command in '/home/orangepi/Robot_Project/AMR_Robot/amr_robot/build/amr_sim_pkg': CMAKE_PREFIX_PATH=${CMAKE_PREFIX_PATH}:/opt/ros/humble /usr/bin/cmake /home/orangepi/Robot_Project/AMR_Robot/amr_robot/src/amr_sim_pkg -DAMENT_CMAKE_SYMLINK_INSTALL=1 -DCMAKE_INSTALL_PREFIX=/home/orangepi/Robot_Project/AMR_Robot/amr_robot/install/amr_sim_pkg
[0.304s] -- The C compiler identification is GNU 11.4.0
[0.553s] -- The CXX compiler identification is GNU 11.4.0
[0.580s] -- Detecting C compiler ABI info
[0.800s] -- Detecting C compiler ABI info - done
[0.838s] -- Check for working C compiler: /usr/bin/cc - skipped
[0.839s] -- Detecting C compile features
[0.840s] -- Detecting C compile features - done
[0.854s] -- Detecting CXX compiler ABI info
[1.109s] -- Detecting CXX compiler ABI info - done
[1.131s] -- Check for working CXX compiler: /usr/bin/c++ - skipped
[1.132s] -- Detecting CXX compile features
[1.134s] -- Detecting CXX compile features - done
[1.142s] -- Found ament_cmake: 1.3.14 (/opt/ros/humble/share/ament_cmake/cmake)
[1.558s] -- Found Python3: /usr/bin/python3 (found version "3.10.12") found components: Interpreter 
[1.737s] -- Override CMake install command with custom implementation using symlinks instead of copying resources
[1.875s] -- Found rclcpp: 16.0.19 (/opt/ros/humble/share/rclcpp/cmake)
[2.058s] -- Found rosidl_generator_c: 3.1.9 (/opt/ros/humble/share/rosidl_generator_c/cmake)
[2.071s] -- Found rosidl_adapter: 3.1.9 (/opt/ros/humble/share/rosidl_adapter/cmake)
[2.093s] -- Found rosidl_generator_cpp: 3.1.9 (/opt/ros/humble/share/rosidl_generator_cpp/cmake)
[2.128s] -- Using all available rosidl_typesupport_c: rosidl_typesupport_fastrtps_c;rosidl_typesupport_introspection_c
[2.211s] -- Using all available rosidl_typesupport_cpp: rosidl_typesupport_fastrtps_cpp;rosidl_typesupport_introspection_cpp
[2.432s] -- Found rmw_implementation_cmake: 6.1.3 (/opt/ros/humble/share/rmw_implementation_cmake/cmake)
[2.445s] -- Found rmw_fastrtps_cpp: 6.2.10 (/opt/ros/humble/share/rmw_fastrtps_cpp/cmake)
[2.750s] -- Found OpenSSL: /usr/lib/aarch64-linux-gnu/libcrypto.so (found version "3.0.2")  
[2.824s] -- Found FastRTPS: /opt/ros/humble/include  
[2.918s] -- Using RMW implementation 'rmw_fastrtps_cpp' as default
[2.938s] -- Looking for pthread.h
[3.171s] -- Looking for pthread.h - found
[3.172s] -- Performing Test CMAKE_HAVE_LIBC_PTHREAD
[3.438s] -- Performing Test CMAKE_HAVE_LIBC_PTHREAD - Success
[3.442s] -- Found Threads: TRUE  
[3.764s] -- Found robot_state_publisher: 3.0.3 (/opt/ros/humble/share/robot_state_publisher/cmake)
[3.908s] -- Found eigen3_cmake_module: 0.1.1 (/opt/ros/humble/share/eigen3_cmake_module/cmake)
[3.914s] -- Found Eigen3: TRUE (found version "3.4.0") 
[3.914s] -- Ensuring Eigen3 include directory is part of orocos-kdl CMake target
[5.228s] -- Found xacro: 2.1.1 (/opt/ros/humble/share/xacro/cmake)
[5.255s] -- Found ament_lint_auto: 0.12.15 (/opt/ros/humble/share/ament_lint_auto/cmake)
[6.786s] -- Added test 'flake8' to check Python code syntax and style conventions
[6.823s] -- Added test 'lint_cmake' to check CMake code style
[6.842s] -- Added test 'pep257' to check Python code against some of the docstring style conventions in PEP 257
[6.896s] -- Added test 'xmllint' to check XML markup files
[6.955s] -- Configuring done
[7.088s] -- Generating done
[7.130s] -- Build files have been written to: /home/orangepi/Robot_Project/AMR_Robot/amr_robot/build/amr_sim_pkg
[7.291s] Invoked command in '/home/orangepi/Robot_Project/AMR_Robot/amr_robot/build/amr_sim_pkg' returned '0': CMAKE_PREFIX_PATH=${CMAKE_PREFIX_PATH}:/opt/ros/humble /usr/bin/cmake /home/orangepi/Robot_Project/AMR_Robot/amr_robot/src/amr_sim_pkg -DAMENT_CMAKE_SYMLINK_INSTALL=1 -DCMAKE_INSTALL_PREFIX=/home/orangepi/Robot_Project/AMR_Robot/amr_robot/install/amr_sim_pkg
[7.292s] Invoking command in '/home/orangepi/Robot_Project/AMR_Robot/amr_robot/build/amr_sim_pkg': CMAKE_PREFIX_PATH=${CMAKE_PREFIX_PATH}:/opt/ros/humble /usr/bin/cmake --build /home/orangepi/Robot_Project/AMR_Robot/amr_robot/build/amr_sim_pkg -- -j8 -l8
[8.014s] Invoked command in '/home/orangepi/Robot_Project/AMR_Robot/amr_robot/build/amr_sim_pkg' returned '0': CMAKE_PREFIX_PATH=${CMAKE_PREFIX_PATH}:/opt/ros/humble /usr/bin/cmake --build /home/orangepi/Robot_Project/AMR_Robot/amr_robot/build/amr_sim_pkg -- -j8 -l8
[8.144s] Invoking command in '/home/orangepi/Robot_Project/AMR_Robot/amr_robot/build/amr_sim_pkg': CMAKE_PREFIX_PATH=${CMAKE_PREFIX_PATH}:/opt/ros/humble /usr/bin/cmake --install /home/orangepi/Robot_Project/AMR_Robot/amr_robot/build/amr_sim_pkg
[8.244s] -- Install configuration: ""
[8.255s] -- Execute custom install script
[8.277s] -- Symlinking: /home/orangepi/Robot_Project/AMR_Robot/amr_robot/install/amr_sim_pkg/share/amr_sim_pkg/launch/amr_sim.launch.py
[8.407s] -- Symlinking: /home/orangepi/Robot_Project/AMR_Robot/amr_robot/install/amr_sim_pkg/share/amr_sim_pkg/launch/localization_launch.py
[8.541s] -- Symlinking: /home/orangepi/Robot_Project/AMR_Robot/amr_robot/install/amr_sim_pkg/share/amr_sim_pkg/launch/navigation_launch.py
[8.669s] -- Symlinking: /home/orangepi/Robot_Project/AMR_Robot/amr_robot/install/amr_sim_pkg/share/amr_sim_pkg/descriptions/urdf/gazebo_control.xacro
[8.801s] -- Symlinking: /home/orangepi/Robot_Project/AMR_Robot/amr_robot/install/amr_sim_pkg/share/amr_sim_pkg/descriptions/urdf/inertial_macros.xacro
[8.932s] -- Symlinking: /home/orangepi/Robot_Project/AMR_Robot/amr_robot/install/amr_sim_pkg/share/amr_sim_pkg/descriptions/urdf/robot.urdf.xacro
[9.075s] -- Symlinking: /home/orangepi/Robot_Project/AMR_Robot/amr_robot/install/amr_sim_pkg/share/amr_sim_pkg/descriptions/urdf/robot_core.xacro
[9.203s] -- Symlinking: /home/orangepi/Robot_Project/AMR_Robot/amr_robot/install/amr_sim_pkg/share/amr_sim_pkg/descriptions/urdf/sensors.xacro
[9.334s] -- Symlinking: /home/orangepi/Robot_Project/AMR_Robot/amr_robot/install/amr_sim_pkg/share/amr_sim_pkg/config/ekf.yaml
[9.471s] -- Symlinking: /home/orangepi/Robot_Project/AMR_Robot/amr_robot/install/amr_sim_pkg/share/amr_sim_pkg/config/laser_filter.yaml
[9.621s] -- Symlinking: /home/orangepi/Robot_Project/AMR_Robot/amr_robot/install/amr_sim_pkg/share/amr_sim_pkg/config/mapper_params_online_async.yaml
[9.764s] -- Symlinking: /home/orangepi/Robot_Project/AMR_Robot/amr_robot/install/amr_sim_pkg/share/amr_sim_pkg/config/nav2_params.yaml
[9.899s] -- Symlinking: /home/orangepi/Robot_Project/AMR_Robot/amr_robot/install/amr_sim_pkg/share/amr_sim_pkg/config/robot_control/ros2_controllers.yaml
[10.072s] -- Symlinking: /home/orangepi/Robot_Project/AMR_Robot/amr_robot/install/amr_sim_pkg/share/amr_sim_pkg/worlds/empty.world
[10.241s] -- Symlinking: /home/orangepi/Robot_Project/AMR_Robot/amr_robot/install/amr_sim_pkg/share/amr_sim_pkg/worlds/floor_plan3.sdf
[10.388s] -- Symlinking: /home/orangepi/Robot_Project/AMR_Robot/amr_robot/install/amr_sim_pkg/share/amr_sim_pkg/worlds/maze.world
[10.552s] -- Symlinking: /home/orangepi/Robot_Project/AMR_Robot/amr_robot/install/amr_sim_pkg/share/amr_sim_pkg/worlds/maze/model.config
[10.714s] -- Symlinking: /home/orangepi/Robot_Project/AMR_Robot/amr_robot/install/amr_sim_pkg/share/amr_sim_pkg/worlds/maze/model.sdf
[10.884s] -- Symlinking: /home/orangepi/Robot_Project/AMR_Robot/amr_robot/install/amr_sim_pkg/share/amr_sim_pkg/worlds/maze_2.world
[11.053s] -- Symlinking: /home/orangepi/Robot_Project/AMR_Robot/amr_robot/install/amr_sim_pkg/share/amr_sim_pkg/worlds/wall.world
[11.133s] -- Symlinking: /home/orangepi/Robot_Project/AMR_Robot/amr_robot/install/amr_sim_pkg/share/amr_sim_pkg/maps/map_sim.pgm
[11.199s] -- Symlinking: /home/orangepi/Robot_Project/AMR_Robot/amr_robot/install/amr_sim_pkg/share/amr_sim_pkg/maps/map_sim.png
[11.267s] -- Symlinking: /home/orangepi/Robot_Project/AMR_Robot/amr_robot/install/amr_sim_pkg/share/amr_sim_pkg/maps/map_sim.yaml
[11.334s] -- Symlinking: /home/orangepi/Robot_Project/AMR_Robot/amr_robot/install/amr_sim_pkg/share/amr_sim_pkg/maps/ros_geograph_file_2026-08-08T07-49-16.759Z.json
[11.402s] -- Symlinking: /home/orangepi/Robot_Project/AMR_Robot/amr_robot/install/amr_sim_pkg/lib/amr_sim_pkg/ps4_teleop_node.py
[11.447s] -- Symlinking: /home/orangepi/Robot_Project/AMR_Robot/amr_robot/install/amr_sim_pkg/lib/amr_sim_pkg/imu_cov.py
[11.484s] -- Symlinking: /home/orangepi/Robot_Project/AMR_Robot/amr_robot/install/amr_sim_pkg/lib/amr_sim_pkg/nav2_route.py
[11.518s] -- Symlinking: /home/orangepi/Robot_Project/AMR_Robot/amr_robot/install/amr_sim_pkg/share/ament_index/resource_index/package_run_dependencies/amr_sim_pkg
[11.548s] -- Symlinking: /home/orangepi/Robot_Project/AMR_Robot/amr_robot/install/amr_sim_pkg/share/ament_index/resource_index/parent_prefix_path/amr_sim_pkg
[11.584s] -- Symlinking: /home/orangepi/Robot_Project/AMR_Robot/amr_robot/install/amr_sim_pkg/share/amr_sim_pkg/environment/ament_prefix_path.sh
[11.620s] -- Symlinking: /home/orangepi/Robot_Project/AMR_Robot/amr_robot/install/amr_sim_pkg/share/amr_sim_pkg/environment/ament_prefix_path.dsv
[11.653s] -- Symlinking: /home/orangepi/Robot_Project/AMR_Robot/amr_robot/install/amr_sim_pkg/share/amr_sim_pkg/environment/path.sh
[11.717s] -- Symlinking: /home/orangepi/Robot_Project/AMR_Robot/amr_robot/install/amr_sim_pkg/share/amr_sim_pkg/environment/path.dsv
[11.804s] -- Symlinking: /home/orangepi/Robot_Project/AMR_Robot/amr_robot/install/amr_sim_pkg/share/amr_sim_pkg/local_setup.bash
[11.888s] -- Symlinking: /home/orangepi/Robot_Project/AMR_Robot/amr_robot/install/amr_sim_pkg/share/amr_sim_pkg/local_setup.sh
[11.971s] -- Symlinking: /home/orangepi/Robot_Project/AMR_Robot/amr_robot/install/amr_sim_pkg/share/amr_sim_pkg/local_setup.zsh
[12.036s] -- Symlinking: /home/orangepi/Robot_Project/AMR_Robot/amr_robot/install/amr_sim_pkg/share/amr_sim_pkg/local_setup.dsv
[12.108s] -- Symlinking: /home/orangepi/Robot_Project/AMR_Robot/amr_robot/install/amr_sim_pkg/share/amr_sim_pkg/package.dsv
[12.178s] -- Symlinking: /home/orangepi/Robot_Project/AMR_Robot/amr_robot/install/amr_sim_pkg/share/ament_index/resource_index/packages/amr_sim_pkg
[12.255s] -- Symlinking: /home/orangepi/Robot_Project/AMR_Robot/amr_robot/install/amr_sim_pkg/share/amr_sim_pkg/cmake/amr_sim_pkgConfig.cmake
[12.321s] -- Symlinking: /home/orangepi/Robot_Project/AMR_Robot/amr_robot/install/amr_sim_pkg/share/amr_sim_pkg/cmake/amr_sim_pkgConfig-version.cmake
[12.392s] -- Symlinking: /home/orangepi/Robot_Project/AMR_Robot/amr_robot/install/amr_sim_pkg/share/amr_sim_pkg/package.xml
[12.477s] Invoked command in '/home/orangepi/Robot_Project/AMR_Robot/amr_robot/build/amr_sim_pkg' returned '0': CMAKE_PREFIX_PATH=${CMAKE_PREFIX_PATH}:/opt/ros/humble /usr/bin/cmake --install /home/orangepi/Robot_Project/AMR_Robot/amr_robot/build/amr_sim_pkg
