[0.045s] Invoking command in '/home/orangepi/Robot_Project/AMR_Robot/amr_robot/build/sllidar_ros2': CMAKE_PREFIX_PATH=${CMAKE_PREFIX_PATH}:/opt/ros/humble /usr/bin/cmake --build /home/orangepi/Robot_Project/AMR_Robot/amr_robot/build/sllidar_ros2 -- -j8 -l8
[0.208s] [ 10%] Built target sllidar_client
[0.225s] [100%] Built target sllidar_node
[0.242s] Invoked command in '/home/orangepi/Robot_Project/AMR_Robot/amr_robot/build/sllidar_ros2' returned '0': CMAKE_PREFIX_PATH=${CMAKE_PREFIX_PATH}:/opt/ros/humble /usr/bin/cmake --build /home/orangepi/Robot_Project/AMR_Robot/amr_robot/build/sllidar_ros2 -- -j8 -l8
[0.243s] Invoking command in '/home/orangepi/Robot_Project/AMR_Robot/amr_robot/build/sllidar_ros2': CMAKE_PREFIX_PATH=${CMAKE_PREFIX_PATH}:/opt/ros/humble /usr/bin/cmake --install /home/orangepi/Robot_Project/AMR_Robot/amr_robot/build/sllidar_ros2
[0.257s] -- Install configuration: ""
[0.258s] -- Execute custom install script
[0.259s] -- Up-to-date symlink: /home/orangepi/Robot_Project/AMR_Robot/amr_robot/install/sllidar_ros2/share/sllidar_ros2/launch/sllidar_a1_launch.py
[0.260s] -- Up-to-date symlink: /home/orangepi/Robot_Project/AMR_Robot/amr_robot/install/sllidar_ros2/share/sllidar_ros2/launch/sllidar_a2m12_launch .py
[0.261s] -- Up-to-date symlink: /home/orangepi/Robot_Project/AMR_Robot/amr_robot/install/sllidar_ros2/share/sllidar_ros2/launch/sllidar_a2m7_launch.py
[0.261s] -- Up-to-date symlink: /home/orangepi/Robot_Project/AMR_Robot/amr_robot/install/sllidar_ros2/share/sllidar_ros2/launch/sllidar_a2m8_launch.py
[0.262s] -- Up-to-date symlink: /home/orangepi/Robot_Project/AMR_Robot/amr_robot/install/sllidar_ros2/share/sllidar_ros2/launch/sllidar_a3_launch.py
[0.262s] -- Up-to-date symlink: /home/orangepi/Robot_Project/AMR_Robot/amr_robot/install/sllidar_ros2/share/sllidar_ros2/launch/sllidar_c1_launch.py
[0.263s] -- Up-to-date symlink: /home/orangepi/Robot_Project/AMR_Robot/amr_robot/install/sllidar_ros2/share/sllidar_ros2/launch/sllidar_s1_launch.py
[0.263s] -- Up-to-date symlink: /home/orangepi/Robot_Project/AMR_Robot/amr_robot/install/sllidar_ros2/share/sllidar_ros2/launch/sllidar_s1_tcp_launch.py
[0.263s] -- Up-to-date symlink: /home/orangepi/Robot_Project/AMR_Robot/amr_robot/install/sllidar_ros2/share/sllidar_ros2/launch/sllidar_s2_launch.py
[0.263s] -- Up-to-date symlink: /home/orangepi/Robot_Project/AMR_Robot/amr_robot/install/sllidar_ros2/share/sllidar_ros2/launch/sllidar_s2e_launch.py
[0.263s] -- Up-to-date symlink: /home/orangepi/Robot_Project/AMR_Robot/amr_robot/install/sllidar_ros2/share/sllidar_ros2/launch/sllidar_s3_launch.py
[0.264s] -- Up-to-date symlink: /home/orangepi/Robot_Project/AMR_Robot/amr_robot/install/sllidar_ros2/share/sllidar_ros2/launch/sllidar_t1_launch.py
[0.264s] -- Up-to-date symlink: /home/orangepi/Robot_Project/AMR_Robot/amr_robot/install/sllidar_ros2/share/sllidar_ros2/launch/view_sllidar_a1_launch.py
[0.264s] -- Up-to-date symlink: /home/orangepi/Robot_Project/AMR_Robot/amr_robot/install/sllidar_ros2/share/sllidar_ros2/launch/view_sllidar_a2m12_launch.py
[0.265s] -- Up-to-date symlink: /home/orangepi/Robot_Project/AMR_Robot/amr_robot/install/sllidar_ros2/share/sllidar_ros2/launch/view_sllidar_a2m7_launch.py
[0.265s] -- Up-to-date symlink: /home/orangepi/Robot_Project/AMR_Robot/amr_robot/install/sllidar_ros2/share/sllidar_ros2/launch/view_sllidar_a2m8_launch.py
[0.265s] -- Up-to-date symlink: /home/orangepi/Robot_Project/AMR_Robot/amr_robot/install/sllidar_ros2/share/sllidar_ros2/launch/view_sllidar_a3_launch.py
[0.265s] -- Up-to-date symlink: /home/orangepi/Robot_Project/AMR_Robot/amr_robot/install/sllidar_ros2/share/sllidar_ros2/launch/view_sllidar_c1_launch.py
[0.265s] -- Up-to-date symlink: /home/orangepi/Robot_Project/AMR_Robot/amr_robot/install/sllidar_ros2/share/sllidar_ros2/launch/view_sllidar_s1_launch.py
[0.266s] -- Up-to-date symlink: /home/orangepi/Robot_Project/AMR_Robot/amr_robot/install/sllidar_ros2/share/sllidar_ros2/launch/view_sllidar_s1_tcp_launch.py
[0.266s] -- Up-to-date symlink: /home/orangepi/Robot_Project/AMR_Robot/amr_robot/install/sllidar_ros2/share/sllidar_ros2/launch/view_sllidar_s2_launch.py
[0.266s] -- Up-to-date symlink: /home/orangepi/Robot_Project/AMR_Robot/amr_robot/install/sllidar_ros2/share/sllidar_ros2/launch/view_sllidar_s2e_launch.py
[0.266s] -- Up-to-date symlink: /home/orangepi/Robot_Project/AMR_Robot/amr_robot/install/sllidar_ros2/share/sllidar_ros2/launch/view_sllidar_s3_launch.py
[0.266s] -- Up-to-date symlink: /home/orangepi/Robot_Project/AMR_Robot/amr_robot/install/sllidar_ros2/share/sllidar_ros2/launch/view_sllidar_t1_launch.py
[0.266s] -- Up-to-date symlink: /home/orangepi/Robot_Project/AMR_Robot/amr_robot/install/sllidar_ros2/share/sllidar_ros2/rviz/sllidar_ros2.rviz
[0.266s] -- Up-to-date symlink: /home/orangepi/Robot_Project/AMR_Robot/amr_robot/install/sllidar_ros2/lib/sllidar_ros2/sllidar_node
[0.267s] -- Up-to-date symlink: /home/orangepi/Robot_Project/AMR_Robot/amr_robot/install/sllidar_ros2/lib/sllidar_ros2/sllidar_client
[0.267s] -- Up-to-date symlink: /home/orangepi/Robot_Project/AMR_Robot/amr_robot/install/sllidar_ros2/share/ament_index/resource_index/package_run_dependencies/sllidar_ros2
[0.268s] -- Up-to-date symlink: /home/orangepi/Robot_Project/AMR_Robot/amr_robot/install/sllidar_ros2/share/ament_index/resource_index/parent_prefix_path/sllidar_ros2
[0.268s] -- Up-to-date symlink: /home/orangepi/Robot_Project/AMR_Robot/amr_robot/install/sllidar_ros2/share/sllidar_ros2/environment/ament_prefix_path.sh
[0.268s] -- Up-to-date symlink: /home/orangepi/Robot_Project/AMR_Robot/amr_robot/install/sllidar_ros2/share/sllidar_ros2/environment/ament_prefix_path.dsv
[0.269s] -- Up-to-date symlink: /home/orangepi/Robot_Project/AMR_Robot/amr_robot/install/sllidar_ros2/share/sllidar_ros2/environment/path.sh
[0.269s] -- Up-to-date symlink: /home/orangepi/Robot_Project/AMR_Robot/amr_robot/install/sllidar_ros2/share/sllidar_ros2/environment/path.dsv
[0.269s] -- Up-to-date symlink: /home/orangepi/Robot_Project/AMR_Robot/amr_robot/install/sllidar_ros2/share/sllidar_ros2/local_setup.bash
[0.269s] -- Up-to-date symlink: /home/orangepi/Robot_Project/AMR_Robot/amr_robot/install/sllidar_ros2/share/sllidar_ros2/local_setup.sh
[0.269s] -- Up-to-date symlink: /home/orangepi/Robot_Project/AMR_Robot/amr_robot/install/sllidar_ros2/share/sllidar_ros2/local_setup.zsh
[0.269s] -- Up-to-date symlink: /home/orangepi/Robot_Project/AMR_Robot/amr_robot/install/sllidar_ros2/share/sllidar_ros2/local_setup.dsv
[0.270s] -- Symlinking: /home/orangepi/Robot_Project/AMR_Robot/amr_robot/install/sllidar_ros2/share/sllidar_ros2/package.dsv
[0.290s] -- Up-to-date symlink: /home/orangepi/Robot_Project/AMR_Robot/amr_robot/install/sllidar_ros2/share/ament_index/resource_index/packages/sllidar_ros2
[0.290s] -- Up-to-date symlink: /home/orangepi/Robot_Project/AMR_Robot/amr_robot/install/sllidar_ros2/share/sllidar_ros2/cmake/ament_cmake_export_dependencies-extras.cmake
[0.290s] -- Up-to-date symlink: /home/orangepi/Robot_Project/AMR_Robot/amr_robot/install/sllidar_ros2/share/sllidar_ros2/cmake/ament_cmake_export_include_directories-extras.cmake
[0.290s] -- Up-to-date symlink: /home/orangepi/Robot_Project/AMR_Robot/amr_robot/install/sllidar_ros2/share/sllidar_ros2/cmake/sllidar_ros2Config.cmake
[0.291s] -- Up-to-date symlink: /home/orangepi/Robot_Project/AMR_Robot/amr_robot/install/sllidar_ros2/share/sllidar_ros2/cmake/sllidar_ros2Config-version.cmake
[0.291s] -- Up-to-date symlink: /home/orangepi/Robot_Project/AMR_Robot/amr_robot/install/sllidar_ros2/share/sllidar_ros2/package.xml
[0.293s] Invoked command in '/home/orangepi/Robot_Project/AMR_Robot/amr_robot/build/sllidar_ros2' returned '0': CMAKE_PREFIX_PATH=${CMAKE_PREFIX_PATH}:/opt/ros/humble /usr/bin/cmake --install /home/orangepi/Robot_Project/AMR_Robot/amr_robot/build/sllidar_ros2
