[0.043s] Invoking command in '/home/orangepi/Robot_Project/AMR_Robot/amr_robot/build/amr_reality_pkg': CMAKE_PREFIX_PATH=${CMAKE_PREFIX_PATH}:/opt/ros/humble /usr/bin/cmake /home/orangepi/Robot_Project/AMR_Robot/amr_robot/src/amr_reality_pkg -DAMENT_CMAKE_SYMLINK_INSTALL=1 -DCMAKE_INSTALL_PREFIX=/home/orangepi/Robot_Project/AMR_Robot/amr_robot/install/amr_reality_pkg
[0.246s] -- The C compiler identification is GNU 11.4.0
[0.337s] -- The CXX compiler identification is GNU 11.4.0
[0.365s] -- Detecting C compiler ABI info
[0.606s] -- Detecting C compiler ABI info - done
[0.618s] -- Check for working C compiler: /usr/bin/cc - skipped
[0.619s] -- Detecting C compile features
[0.619s] -- Detecting C compile features - done
[0.624s] -- Detecting CXX compiler ABI info
[0.755s] -- Detecting CXX compiler ABI info - done
[0.779s] -- Check for working CXX compiler: /usr/bin/c++ - skipped
[0.780s] -- Detecting CXX compile features
[0.782s] -- Detecting CXX compile features - done
[0.784s] -- Found ament_cmake: 1.3.14 (/opt/ros/humble/share/ament_cmake/cmake)
[1.030s] -- Found Python3: /usr/bin/python3 (found version "3.10.12") found components: Interpreter 
[1.145s] -- Override CMake install command with custom implementation using symlinks instead of copying resources
[1.250s] -- Found rclcpp: 16.0.19 (/opt/ros/humble/share/rclcpp/cmake)
[1.355s] -- Found rosidl_generator_c: 3.1.9 (/opt/ros/humble/share/rosidl_generator_c/cmake)
[1.378s] -- Found rosidl_adapter: 3.1.9 (/opt/ros/humble/share/rosidl_adapter/cmake)
[1.417s] -- Found rosidl_generator_cpp: 3.1.9 (/opt/ros/humble/share/rosidl_generator_cpp/cmake)
[1.446s] -- Using all available rosidl_typesupport_c: rosidl_typesupport_fastrtps_c;rosidl_typesupport_introspection_c
[1.474s] -- Using all available rosidl_typesupport_cpp: rosidl_typesupport_fastrtps_cpp;rosidl_typesupport_introspection_cpp
[1.573s] -- Found rmw_implementation_cmake: 6.1.3 (/opt/ros/humble/share/rmw_implementation_cmake/cmake)
[1.582s] -- Found rmw_fastrtps_cpp: 6.2.10 (/opt/ros/humble/share/rmw_fastrtps_cpp/cmake)
[1.791s] -- Found OpenSSL: /usr/lib/aarch64-linux-gnu/libcrypto.so (found version "3.0.2")  
[1.852s] -- Found FastRTPS: /opt/ros/humble/include  
[1.921s] -- Using RMW implementation 'rmw_fastrtps_cpp' as default
[1.934s] -- Looking for pthread.h
[2.098s] -- Looking for pthread.h - found
[2.098s] -- Performing Test CMAKE_HAVE_LIBC_PTHREAD
[2.297s] -- Performing Test CMAKE_HAVE_LIBC_PTHREAD - Success
[2.301s] -- Found Threads: TRUE  
[2.416s] -- Found canopen_core: 0.2.13 (/opt/ros/humble/share/canopen_core/cmake)
[2.462s] -- Found Boost: /usr/lib/aarch64-linux-gnu/cmake/Boost-1.74.0/BoostConfig.cmake (found version "1.74.0") found components: system thread 
[2.635s] -- Found canopen_base_driver: 0.2.13 (/opt/ros/humble/share/canopen_base_driver/cmake)
[2.698s] -- Found canopen_proxy_driver: 0.2.13 (/opt/ros/humble/share/canopen_proxy_driver/cmake)
[2.717s] -- Found robot_state_publisher: 3.0.3 (/opt/ros/humble/share/robot_state_publisher/cmake)
[2.757s] -- Found eigen3_cmake_module: 0.1.1 (/opt/ros/humble/share/eigen3_cmake_module/cmake)
[2.757s] -- Found Eigen3: TRUE (found version "3.4.0") 
[2.758s] -- Ensuring Eigen3 include directory is part of orocos-kdl CMake target
[3.575s] -- Found xacro: 2.1.1 (/opt/ros/humble/share/xacro/cmake)
[3.591s] -- Found nav_msgs: 4.9.2 (/opt/ros/humble/share/nav_msgs/cmake)
[3.717s] -- Found tf2_geometry_msgs: 0.25.22 (/opt/ros/humble/share/tf2_geometry_msgs/cmake)
[3.787s] -- Found OpenCV: /usr (found version "4.5.4") 
[3.840s] -- Found ament_lint_auto: 0.12.15 (/opt/ros/humble/share/ament_lint_auto/cmake)
[4.408s] -- Added test 'cppcheck' to perform static code analysis on C / C++ code
[4.409s] -- Configured cppcheck include dirs: /home/orangepi/Robot_Project/AMR_Robot/amr_robot/src/amr_reality_pkg/src/include
[4.409s] -- Configured cppcheck exclude dirs and/or files: 
[4.412s] -- Added test 'flake8' to check Python code syntax and style conventions
[4.426s] -- Added test 'lint_cmake' to check CMake code style
[4.434s] -- Added test 'pep257' to check Python code against some of the docstring style conventions in PEP 257
[4.445s] -- Added test 'uncrustify' to check C / C++ code style
[4.445s] -- Configured uncrustify additional arguments: 
[4.451s] -- Added test 'xmllint' to check XML markup files
[4.464s] -- Configuring done
[4.623s] -- Generating done
[4.690s] -- Build files have been written to: /home/orangepi/Robot_Project/AMR_Robot/amr_robot/build/amr_reality_pkg
[4.802s] Invoked command in '/home/orangepi/Robot_Project/AMR_Robot/amr_robot/build/amr_reality_pkg' returned '0': CMAKE_PREFIX_PATH=${CMAKE_PREFIX_PATH}:/opt/ros/humble /usr/bin/cmake /home/orangepi/Robot_Project/AMR_Robot/amr_robot/src/amr_reality_pkg -DAMENT_CMAKE_SYMLINK_INSTALL=1 -DCMAKE_INSTALL_PREFIX=/home/orangepi/Robot_Project/AMR_Robot/amr_robot/install/amr_reality_pkg
[4.837s] Invoking command in '/home/orangepi/Robot_Project/AMR_Robot/amr_robot/build/amr_reality_pkg': CMAKE_PREFIX_PATH=${CMAKE_PREFIX_PATH}:/opt/ros/humble /usr/bin/cmake --build /home/orangepi/Robot_Project/AMR_Robot/amr_robot/build/amr_reality_pkg -- -j8 -l8
[5.280s] [ 25%] [32mBuilding CXX object CMakeFiles/plicp.dir/src/src/plicp_localization_node.cpp.o[0m
[5.315s] [ 50%] [32mBuilding CXX object CMakeFiles/plicp.dir/src/src/occupancy_grid_map_model.cpp.o[0m
[5.345s] [ 75%] [32mBuilding CXX object CMakeFiles/plicp.dir/src/src/point_to_line_icp.cpp.o[0m
[5.470s] [ 75%] Built target robot_control_prepare
[12.208s] joint1: writing 4 bytes to 0x1400/1: 02 02 00 80
[12.208s] joint1: writing 1 bytes to 0x1400/2: 01
[12.208s] joint1: writing 1 bytes to 0x1600/0: 00
[12.208s] joint1: writing 4 bytes to 0x1600/1: 10 00 40 60
[12.208s] joint1: writing 4 bytes to 0x1600/2: 08 00 60 60
[12.208s] joint1: writing 1 bytes to 0x1600/0: 02
[12.208s] joint1: writing 4 bytes to 0x1400/1: 02 02 00 00
[12.208s] joint1: writing 4 bytes to 0x1401/1: 02 03 00 80
[12.208s] joint1: writing 1 bytes to 0x1401/2: 01
[12.208s] joint1: writing 1 bytes to 0x1601/0: 00
[12.209s] joint1: writing 4 bytes to 0x1601/1: 20 00 7A 60
[12.209s] joint1: writing 4 bytes to 0x1601/2: 20 00 FF 60
[12.209s] joint1: writing 1 bytes to 0x1601/0: 02
[12.209s] joint1: writing 4 bytes to 0x1401/1: 02 03 00 00
[12.209s] joint1: writing 4 bytes to 0x1800/1: 82 01 00 80
[12.209s] joint1: writing 1 bytes to 0x1800/2: 01
[12.209s] joint1: writing 1 bytes to 0x1A00/0: 00
[12.209s] joint1: writing 4 bytes to 0x1A00/1: 10 00 41 60
[12.209s] joint1: writing 4 bytes to 0x1A00/2: 08 00 61 60
[12.209s] joint1: writing 1 bytes to 0x1A00/0: 02
[12.209s] joint1: writing 4 bytes to 0x1800/1: 82 01 00 00
[12.209s] joint1: writing 4 bytes to 0x1801/1: 82 02 00 80
[12.209s] joint1: writing 1 bytes to 0x1801/2: 01
[12.209s] joint1: writing 1 bytes to 0x1A01/0: 00
[12.210s] joint1: writing 4 bytes to 0x1A01/1: 20 00 64 60
[12.210s] joint1: writing 4 bytes to 0x1A01/2: 20 00 6C 60
[12.210s] joint1: writing 1 bytes to 0x1A01/0: 02
[12.210s] joint1: writing 4 bytes to 0x1801/1: 82 02 00 00
[12.210s] joint1: writing 4 bytes to 0x1802/1: 82 03 00 80
[12.210s] joint1: writing 1 bytes to 0x1802/2: 01
[12.210s] joint1: writing 1 bytes to 0x1A02/0: 00
[12.210s] joint1: writing 4 bytes to 0x1A02/1: 10 00 3F 60
[12.210s] joint1: writing 1 bytes to 0x1A02/0: 01
[12.210s] joint1: writing 4 bytes to 0x1802/1: 82 03 00 00
[12.210s] joint1: writing 2 bytes to 0x6040/0: 80 00
[12.210s] joint1: writing 4 bytes to 0x6083/0: A0 86 01 00
[12.210s] joint1: writing 4 bytes to 0x6084/0: A0 86 01 00
[12.210s] joint2: writing 4 bytes to 0x1400/1: 03 02 00 80
[12.211s] joint2: writing 1 bytes to 0x1400/2: 01
[12.211s] joint2: writing 1 bytes to 0x1600/0: 00
[12.211s] joint2: writing 4 bytes to 0x1600/1: 10 00 40 60
[12.211s] joint2: writing 4 bytes to 0x1600/2: 08 00 60 60
[12.211s] joint2: writing 1 bytes to 0x1600/0: 02
[12.211s] joint2: writing 4 bytes to 0x1400/1: 03 02 00 00
[12.211s] joint2: writing 4 bytes to 0x1401/1: 03 03 00 80
[12.211s] joint2: writing 1 bytes to 0x1401/2: 01
[12.211s] joint2: writing 1 bytes to 0x1601/0: 00
[12.211s] joint2: writing 4 bytes to 0x1601/1: 20 00 7A 60
[12.211s] joint2: writing 4 bytes to 0x1601/2: 20 00 FF 60
[12.211s] joint2: writing 1 bytes to 0x1601/0: 02
[12.211s] joint2: writing 4 bytes to 0x1401/1: 03 03 00 00
[12.211s] joint2: writing 4 bytes to 0x1800/1: 83 01 00 80
[12.212s] joint2: writing 1 bytes to 0x1800/2: 01
[12.212s] joint2: writing 1 bytes to 0x1A00/0: 00
[12.212s] joint2: writing 4 bytes to 0x1A00/1: 10 00 41 60
[12.212s] joint2: writing 4 bytes to 0x1A00/2: 08 00 61 60
[12.212s] joint2: writing 1 bytes to 0x1A00/0: 02
[12.212s] joint2: writing 4 bytes to 0x1800/1: 83 01 00 00
[12.212s] joint2: writing 4 bytes to 0x1801/1: 83 02 00 80
[12.212s] joint2: writing 1 bytes to 0x1801/2: 01
[12.212s] joint2: writing 1 bytes to 0x1A01/0: 00
[12.212s] joint2: writing 4 bytes to 0x1A01/1: 20 00 64 60
[12.212s] joint2: writing 4 bytes to 0x1A01/2: 20 00 6C 60
[12.212s] joint2: writing 1 bytes to 0x1A01/0: 02
[12.212s] joint2: writing 4 bytes to 0x1801/1: 83 02 00 00
[12.212s] joint2: writing 4 bytes to 0x1802/1: 83 03 00 80
[12.213s] joint2: writing 1 bytes to 0x1802/2: 01
[12.213s] joint2: writing 1 bytes to 0x1A02/0: 00
[12.213s] joint2: writing 4 bytes to 0x1A02/1: 10 00 3F 60
[12.213s] joint2: writing 1 bytes to 0x1A02/0: 01
[12.213s] joint2: writing 4 bytes to 0x1802/1: 83 03 00 00
[12.213s] joint2: writing 2 bytes to 0x6040/0: 80 00
[12.213s] joint2: writing 4 bytes to 0x6083/0: A0 86 01 00
[12.213s] joint2: writing 4 bytes to 0x6084/0: A0 86 01 00
[14.102s] [ 75%] Built target robot_control
[53.444s] [100%] [32m[1mLinking CXX executable plicp[0m
[58.014s] [100%] Built target plicp
[58.055s] Invoked command in '/home/orangepi/Robot_Project/AMR_Robot/amr_robot/build/amr_reality_pkg' returned '0': CMAKE_PREFIX_PATH=${CMAKE_PREFIX_PATH}:/opt/ros/humble /usr/bin/cmake --build /home/orangepi/Robot_Project/AMR_Robot/amr_robot/build/amr_reality_pkg -- -j8 -l8
[58.061s] Invoking command in '/home/orangepi/Robot_Project/AMR_Robot/amr_robot/build/amr_reality_pkg': CMAKE_PREFIX_PATH=${CMAKE_PREFIX_PATH}:/opt/ros/humble /usr/bin/cmake --install /home/orangepi/Robot_Project/AMR_Robot/amr_robot/build/amr_reality_pkg
[58.086s] -- Install configuration: ""
[58.089s] -- Execute custom install script
[58.091s] -- Symlinking: /home/orangepi/Robot_Project/AMR_Robot/amr_robot/install/amr_reality_pkg/share/amr_reality_pkg/config/robot_control//cia402_slave.eds
[58.121s] -- Symlinking: /home/orangepi/Robot_Project/AMR_Robot/amr_robot/install/amr_reality_pkg/share/amr_reality_pkg/config/robot_control//ros2_controllers.yaml
[58.151s] -- Symlinking: /home/orangepi/Robot_Project/AMR_Robot/amr_robot/install/amr_reality_pkg/share/amr_reality_pkg/config/robot_control//bus.yml
[58.182s] -- Symlinking: /home/orangepi/Robot_Project/AMR_Robot/amr_robot/install/amr_reality_pkg/share/amr_reality_pkg/config/robot_control//joint1.bin
[58.211s] -- Symlinking: /home/orangepi/Robot_Project/AMR_Robot/amr_robot/install/amr_reality_pkg/share/amr_reality_pkg/config/robot_control//joint2.bin
[58.242s] -- Symlinking: /home/orangepi/Robot_Project/AMR_Robot/amr_robot/install/amr_reality_pkg/share/amr_reality_pkg/config/robot_control//master.dcf
[58.271s] -- Symlinking: /home/orangepi/Robot_Project/AMR_Robot/amr_robot/install/amr_reality_pkg/share/amr_reality_pkg/config/robot_control//preprocessed_bus.yml
[58.302s] -- Symlinking: /home/orangepi/Robot_Project/AMR_Robot/amr_robot/install/amr_reality_pkg/share/amr_reality_pkg/launch/amr_reality.launch.py
[58.330s] -- Symlinking: /home/orangepi/Robot_Project/AMR_Robot/amr_robot/install/amr_reality_pkg/share/amr_reality_pkg/launch/localization_launch.py
[58.360s] -- Symlinking: /home/orangepi/Robot_Project/AMR_Robot/amr_robot/install/amr_reality_pkg/share/amr_reality_pkg/launch/navigation_launch.py
[58.389s] -- Symlinking: /home/orangepi/Robot_Project/AMR_Robot/amr_robot/install/amr_reality_pkg/share/amr_reality_pkg/launch/online_async_launch.py
[58.418s] -- Symlinking: /home/orangepi/Robot_Project/AMR_Robot/amr_robot/install/amr_reality_pkg/share/amr_reality_pkg/launch/slamtoolbox_localization.py
[58.450s] -- Symlinking: /home/orangepi/Robot_Project/AMR_Robot/amr_robot/install/amr_reality_pkg/share/amr_reality_pkg/descriptions/meshes/Imu_Link.STL
[58.480s] -- Symlinking: /home/orangepi/Robot_Project/AMR_Robot/amr_robot/install/amr_reality_pkg/share/amr_reality_pkg/descriptions/meshes/Left_Link.STL
[58.510s] -- Symlinking: /home/orangepi/Robot_Project/AMR_Robot/amr_robot/install/amr_reality_pkg/share/amr_reality_pkg/descriptions/meshes/Lidar_Link.STL
[58.539s] -- Symlinking: /home/orangepi/Robot_Project/AMR_Robot/amr_robot/install/amr_reality_pkg/share/amr_reality_pkg/descriptions/meshes/Right_Link.STL
[58.570s] -- Symlinking: /home/orangepi/Robot_Project/AMR_Robot/amr_robot/install/amr_reality_pkg/share/amr_reality_pkg/descriptions/meshes/Yaw_Behind_Left_Link.STL
[58.599s] -- Symlinking: /home/orangepi/Robot_Project/AMR_Robot/amr_robot/install/amr_reality_pkg/share/amr_reality_pkg/descriptions/meshes/Yaw_Behind_Right_Link.STL
[58.629s] -- Symlinking: /home/orangepi/Robot_Project/AMR_Robot/amr_robot/install/amr_reality_pkg/share/amr_reality_pkg/descriptions/meshes/Yaw_Front_Left_Link.STL
[58.657s] -- Symlinking: /home/orangepi/Robot_Project/AMR_Robot/amr_robot/install/amr_reality_pkg/share/amr_reality_pkg/descriptions/meshes/Yaw_Front_Right_Link.STL
[58.687s] -- Symlinking: /home/orangepi/Robot_Project/AMR_Robot/amr_robot/install/amr_reality_pkg/share/amr_reality_pkg/descriptions/meshes/base_link.STL
[58.718s] -- Symlinking: /home/orangepi/Robot_Project/AMR_Robot/amr_robot/install/amr_reality_pkg/share/amr_reality_pkg/descriptions/urdf/AMR1-00-Khung (1).SLDASM.urdf
[58.750s] -- Symlinking: /home/orangepi/Robot_Project/AMR_Robot/amr_robot/install/amr_reality_pkg/share/amr_reality_pkg/descriptions/urdf/robot.urdf.xacro
[58.783s] -- Symlinking: /home/orangepi/Robot_Project/AMR_Robot/amr_robot/install/amr_reality_pkg/share/amr_reality_pkg/descriptions/urdf/robot_controller/robot_controller.ros2_control.xacro
[58.815s] -- Symlinking: /home/orangepi/Robot_Project/AMR_Robot/amr_robot/install/amr_reality_pkg/share/amr_reality_pkg/descriptions/urdf/robot_controller/robot_controller.urdf.xacro
[58.846s] -- Symlinking: /home/orangepi/Robot_Project/AMR_Robot/amr_robot/install/amr_reality_pkg/share/amr_reality_pkg/config/ekf.yaml
[58.877s] -- Symlinking: /home/orangepi/Robot_Project/AMR_Robot/amr_robot/install/amr_reality_pkg/share/amr_reality_pkg/config/twist_mux.yaml
[58.906s] -- Symlinking: /home/orangepi/Robot_Project/AMR_Robot/amr_robot/install/amr_reality_pkg/share/amr_reality_pkg/config/laser_filter.yaml
[58.938s] -- Symlinking: /home/orangepi/Robot_Project/AMR_Robot/amr_robot/install/amr_reality_pkg/share/amr_reality_pkg/config/nav2_params.yaml
[58.968s] -- Symlinking: /home/orangepi/Robot_Project/AMR_Robot/amr_robot/install/amr_reality_pkg/share/amr_reality_pkg/config/mapper_params_online_async.yaml
[59.000s] -- Symlinking: /home/orangepi/Robot_Project/AMR_Robot/amr_robot/install/amr_reality_pkg/share/amr_reality_pkg/config/collision_monitor_params.yaml
[59.031s] -- Symlinking: /home/orangepi/Robot_Project/AMR_Robot/amr_robot/install/amr_reality_pkg/lib/amr_reality_pkg/ps4_teleop_node.py
[59.062s] -- Symlinking: /home/orangepi/Robot_Project/AMR_Robot/amr_robot/install/amr_reality_pkg/lib/amr_reality_pkg/imu_tl740D.py
[59.093s] -- Symlinking: /home/orangepi/Robot_Project/AMR_Robot/amr_robot/install/amr_reality_pkg/lib/amr_reality_pkg/cov_odom_scan.py
[59.124s] -- Symlinking: /home/orangepi/Robot_Project/AMR_Robot/amr_robot/install/amr_reality_pkg/lib/amr_reality_pkg/publish_test_path.py
[59.156s] -- Symlinking: /home/orangepi/Robot_Project/AMR_Robot/amr_robot/install/amr_reality_pkg/lib/amr_reality_pkg/plicp
[59.188s] -- Symlinking: /home/orangepi/Robot_Project/AMR_Robot/amr_robot/install/amr_reality_pkg/share/ament_index/resource_index/package_run_dependencies/amr_reality_pkg
[59.219s] -- Symlinking: /home/orangepi/Robot_Project/AMR_Robot/amr_robot/install/amr_reality_pkg/share/ament_index/resource_index/parent_prefix_path/amr_reality_pkg
[59.249s] -- Symlinking: /home/orangepi/Robot_Project/AMR_Robot/amr_robot/install/amr_reality_pkg/share/amr_reality_pkg/environment/ament_prefix_path.sh
[59.276s] -- Symlinking: /home/orangepi/Robot_Project/AMR_Robot/amr_robot/install/amr_reality_pkg/share/amr_reality_pkg/environment/ament_prefix_path.dsv
[59.305s] -- Symlinking: /home/orangepi/Robot_Project/AMR_Robot/amr_robot/install/amr_reality_pkg/share/amr_reality_pkg/environment/path.sh
[59.334s] -- Symlinking: /home/orangepi/Robot_Project/AMR_Robot/amr_robot/install/amr_reality_pkg/share/amr_reality_pkg/environment/path.dsv
[59.363s] -- Symlinking: /home/orangepi/Robot_Project/AMR_Robot/amr_robot/install/amr_reality_pkg/share/amr_reality_pkg/local_setup.bash
[59.396s] -- Symlinking: /home/orangepi/Robot_Project/AMR_Robot/amr_robot/install/amr_reality_pkg/share/amr_reality_pkg/local_setup.sh
[59.427s] -- Symlinking: /home/orangepi/Robot_Project/AMR_Robot/amr_robot/install/amr_reality_pkg/share/amr_reality_pkg/local_setup.zsh
[59.458s] -- Symlinking: /home/orangepi/Robot_Project/AMR_Robot/amr_robot/install/amr_reality_pkg/share/amr_reality_pkg/local_setup.dsv
[59.489s] -- Symlinking: /home/orangepi/Robot_Project/AMR_Robot/amr_robot/install/amr_reality_pkg/share/amr_reality_pkg/package.dsv
[59.521s] -- Symlinking: /home/orangepi/Robot_Project/AMR_Robot/amr_robot/install/amr_reality_pkg/share/ament_index/resource_index/packages/amr_reality_pkg
[59.555s] -- Symlinking: /home/orangepi/Robot_Project/AMR_Robot/amr_robot/install/amr_reality_pkg/share/amr_reality_pkg/cmake/amr_reality_pkgConfig.cmake
[59.590s] -- Symlinking: /home/orangepi/Robot_Project/AMR_Robot/amr_robot/install/amr_reality_pkg/share/amr_reality_pkg/cmake/amr_reality_pkgConfig-version.cmake
[59.623s] -- Symlinking: /home/orangepi/Robot_Project/AMR_Robot/amr_robot/install/amr_reality_pkg/share/amr_reality_pkg/package.xml
[59.667s] Invoked command in '/home/orangepi/Robot_Project/AMR_Robot/amr_robot/build/amr_reality_pkg' returned '0': CMAKE_PREFIX_PATH=${CMAKE_PREFIX_PATH}:/opt/ros/humble /usr/bin/cmake --install /home/orangepi/Robot_Project/AMR_Robot/amr_robot/build/amr_reality_pkg
