[0.048s] Invoking command in '/home/orangepi/Robot_Project/AMR_Robot/amr_robot/build/laser_filters': CMAKE_PREFIX_PATH=${CMAKE_PREFIX_PATH}:/opt/ros/humble /usr/bin/cmake /home/orangepi/Robot_Project/AMR_Robot/amr_robot/src/laser_filters -DCMAKE_INSTALL_PREFIX=/home/orangepi/Robot_Project/AMR_Robot/amr_robot/install/laser_filters
[0.091s] -- Found ament_cmake_auto: 1.3.14 (/opt/ros/humble/share/ament_cmake_auto/cmake)
[0.330s] -- Override CMake install command with custom implementation using symlinks instead of copying resources
[0.575s] -- Found rosidl_generator_c: 3.1.9 (/opt/ros/humble/share/rosidl_generator_c/cmake)
[0.579s] -- Found rosidl_adapter: 3.1.9 (/opt/ros/humble/share/rosidl_adapter/cmake)
[0.588s] -- Found rosidl_generator_cpp: 3.1.9 (/opt/ros/humble/share/rosidl_generator_cpp/cmake)
[0.601s] -- Using all available rosidl_typesupport_c: rosidl_typesupport_fastrtps_c;rosidl_typesupport_introspection_c
[0.619s] -- Using all available rosidl_typesupport_cpp: rosidl_typesupport_fastrtps_cpp;rosidl_typesupport_introspection_cpp
[0.754s] -- Found rmw_implementation_cmake: 6.1.3 (/opt/ros/humble/share/rmw_implementation_cmake/cmake)
[0.756s] -- Found rmw_fastrtps_cpp: 6.2.10 (/opt/ros/humble/share/rmw_fastrtps_cpp/cmake)
[0.916s] -- Using RMW implementation 'rmw_fastrtps_cpp' as default
[1.163s] -- Ensuring Eigen3 include directory is part of orocos-kdl CMake target
[1.289s] [0mIn this package, headers install destination is set to `include` by ament_auto_package. It is recommended to install `include/laser_filters` instead and will be the default behavior of ament_auto_package from ROS 2 Kilted Kaiju. On distributions before Kilted, ament_auto_package behaves the same way when you use USE_SCOPED_HEADER_INSTALL_DIR option.[0m
[1.306s] -- Found ament_cmake_gtest: 1.3.14 (/opt/ros/humble/share/ament_cmake_gtest/cmake)
[1.308s] -- Found gtest sources under '/opt/ros/humble/src/gtest_vendor': C++ tests using 'Google Test' will be built
[1.331s] -- Found launch_testing_ament_cmake: 1.0.14 (/opt/ros/humble/share/launch_testing_ament_cmake/cmake)
[1.332s] -- Found python_cmake_module: 0.10.0 (/opt/ros/humble/share/python_cmake_module/cmake)
[1.367s] -- Using PYTHON_EXECUTABLE: /usr/bin/python3
[1.367s] -- Using PYTHON_INCLUDE_DIRS: /usr/include/python3.10
[1.368s] -- Using PYTHON_LIBRARIES: /usr/lib/aarch64-linux-gnu/libpython3.10.so
[1.369s] -- Configuring done
[1.514s] -- Generating done
[1.555s] -- Build files have been written to: /home/orangepi/Robot_Project/AMR_Robot/amr_robot/build/laser_filters
[1.607s] Invoked command in '/home/orangepi/Robot_Project/AMR_Robot/amr_robot/build/laser_filters' returned '0': CMAKE_PREFIX_PATH=${CMAKE_PREFIX_PATH}:/opt/ros/humble /usr/bin/cmake /home/orangepi/Robot_Project/AMR_Robot/amr_robot/src/laser_filters -DCMAKE_INSTALL_PREFIX=/home/orangepi/Robot_Project/AMR_Robot/amr_robot/install/laser_filters
[1.609s] Invoking command in '/home/orangepi/Robot_Project/AMR_Robot/amr_robot/build/laser_filters': CMAKE_PREFIX_PATH=${CMAKE_PREFIX_PATH}:/opt/ros/humble /usr/bin/cmake --build /home/orangepi/Robot_Project/AMR_Robot/amr_robot/build/laser_filters -- -j8 -l8
[1.684s] [35m[1mConsolidate compiler generated dependencies of target scan_to_cloud_filter_chain[0m
[1.694s] [35m[1mConsolidate compiler generated dependencies of target gtest_main[0m
[1.696s] [35m[1mConsolidate compiler generated dependencies of target gtest[0m
[1.699s] [35m[1mConsolidate compiler generated dependencies of target scan_to_scan_filter_chain[0m
[1.701s] [35m[1mConsolidate compiler generated dependencies of target laser_scan_filters[0m
[1.715s] [  8%] Built target scan_to_cloud_filter_chain
[1.719s] [ 16%] Built target gtest
[1.748s] [ 24%] Built target gtest_main
[1.761s] [ 32%] Built target scan_to_scan_filter_chain
[1.783s] [35m[1mConsolidate compiler generated dependencies of target test_scan_filter_chain[0m
[1.818s] [ 40%] Built target laser_scan_filters
[1.840s] [35m[1mConsolidate compiler generated dependencies of target test_speckle_filter[0m
[1.843s] [35m[1mConsolidate compiler generated dependencies of target test_shadow_detector[0m
[1.858s] [35m[1mConsolidate compiler generated dependencies of target test_scan_shadows_filter[0m
[1.858s] [35m[1mConsolidate compiler generated dependencies of target test_angular_bounds_filter[0m
[1.866s] [ 48%] Built target test_scan_filter_chain
[1.870s] [ 56%] Built target test_shadow_detector
[1.874s] [35m[1mConsolidate compiler generated dependencies of target laser_filter_chains[0m
[1.892s] [ 64%] Built target test_speckle_filter
[1.904s] [ 72%] Built target test_angular_bounds_filter
[1.936s] [ 80%] Built target test_scan_shadows_filter
[1.960s] [ 92%] Built target laser_filter_chains
[1.994s] [35m[1mConsolidate compiler generated dependencies of target generic_laser_filter_node[0m
[2.060s] [100%] Built target generic_laser_filter_node
[2.092s] Invoked command in '/home/orangepi/Robot_Project/AMR_Robot/amr_robot/build/laser_filters' returned '0': CMAKE_PREFIX_PATH=${CMAKE_PREFIX_PATH}:/opt/ros/humble /usr/bin/cmake --build /home/orangepi/Robot_Project/AMR_Robot/amr_robot/build/laser_filters -- -j8 -l8
[2.096s] Invoking command in '/home/orangepi/Robot_Project/AMR_Robot/amr_robot/build/laser_filters': CMAKE_PREFIX_PATH=${CMAKE_PREFIX_PATH}:/opt/ros/humble /usr/bin/cmake --install /home/orangepi/Robot_Project/AMR_Robot/amr_robot/build/laser_filters
[2.117s] -- Install configuration: ""
[2.121s] -- Execute custom install script
[2.123s] -- Up-to-date symlink: /home/orangepi/Robot_Project/AMR_Robot/amr_robot/install/laser_filters/lib/laser_filters/scan_to_cloud_filter_chain
[2.125s] -- Up-to-date symlink: /home/orangepi/Robot_Project/AMR_Robot/amr_robot/install/laser_filters/lib/laser_filters/scan_to_scan_filter_chain
[2.126s] -- Up-to-date symlink: /home/orangepi/Robot_Project/AMR_Robot/amr_robot/install/laser_filters/share/laser_filters//laser_filters_plugins.xml
[2.130s] -- Up-to-date symlink: /home/orangepi/Robot_Project/AMR_Robot/amr_robot/install/laser_filters/include/laser_filters/angular_bounds_filter.h
[2.130s] -- Up-to-date symlink: /home/orangepi/Robot_Project/AMR_Robot/amr_robot/install/laser_filters/include/laser_filters/angular_bounds_filter_in_place.h
[2.131s] -- Up-to-date symlink: /home/orangepi/Robot_Project/AMR_Robot/amr_robot/install/laser_filters/include/laser_filters/array_filter.h
[2.131s] -- Up-to-date symlink: /home/orangepi/Robot_Project/AMR_Robot/amr_robot/install/laser_filters/include/laser_filters/binning_filter.h
[2.131s] -- Up-to-date symlink: /home/orangepi/Robot_Project/AMR_Robot/amr_robot/install/laser_filters/include/laser_filters/box_filter.h
[2.131s] -- Up-to-date symlink: /home/orangepi/Robot_Project/AMR_Robot/amr_robot/install/laser_filters/include/laser_filters/footprint_filter.h
[2.131s] -- Up-to-date symlink: /home/orangepi/Robot_Project/AMR_Robot/amr_robot/install/laser_filters/include/laser_filters/intensity_filter.h
[2.131s] -- Up-to-date symlink: /home/orangepi/Robot_Project/AMR_Robot/amr_robot/install/laser_filters/include/laser_filters/interpolation_filter.h
[2.131s] -- Up-to-date symlink: /home/orangepi/Robot_Project/AMR_Robot/amr_robot/install/laser_filters/include/laser_filters/median_filter.h
[2.132s] -- Up-to-date symlink: /home/orangepi/Robot_Project/AMR_Robot/amr_robot/install/laser_filters/include/laser_filters/median_spatial_filter.h
[2.132s] -- Up-to-date symlink: /home/orangepi/Robot_Project/AMR_Robot/amr_robot/install/laser_filters/include/laser_filters/polygon_filter.h
[2.132s] -- Up-to-date symlink: /home/orangepi/Robot_Project/AMR_Robot/amr_robot/install/laser_filters/include/laser_filters/range_filter.h
[2.132s] -- Up-to-date symlink: /home/orangepi/Robot_Project/AMR_Robot/amr_robot/install/laser_filters/include/laser_filters/scan_blob_filter.h
[2.132s] -- Up-to-date symlink: /home/orangepi/Robot_Project/AMR_Robot/amr_robot/install/laser_filters/include/laser_filters/scan_mask_filter.h
[2.132s] -- Up-to-date symlink: /home/orangepi/Robot_Project/AMR_Robot/amr_robot/install/laser_filters/include/laser_filters/scan_shadow_detector.h
[2.133s] -- Up-to-date symlink: /home/orangepi/Robot_Project/AMR_Robot/amr_robot/install/laser_filters/include/laser_filters/scan_shadows_filter.h
[2.133s] -- Up-to-date symlink: /home/orangepi/Robot_Project/AMR_Robot/amr_robot/install/laser_filters/include/laser_filters/sector_filter.h
[2.133s] -- Up-to-date symlink: /home/orangepi/Robot_Project/AMR_Robot/amr_robot/install/laser_filters/include/laser_filters/speckle_filter.h
[2.133s] -- Up-to-date symlink: /home/orangepi/Robot_Project/AMR_Robot/amr_robot/install/laser_filters/share/laser_filters/environment/library_path.sh
[2.133s] -- Up-to-date symlink: /home/orangepi/Robot_Project/AMR_Robot/amr_robot/install/laser_filters/share/laser_filters/environment/library_path.dsv
[2.134s] -- Up-to-date symlink: /home/orangepi/Robot_Project/AMR_Robot/amr_robot/install/laser_filters/lib/liblaser_scan_filters.so
[2.134s] -- Up-to-date symlink: /home/orangepi/Robot_Project/AMR_Robot/amr_robot/install/laser_filters/lib/liblaser_filter_chains.so
[2.134s] -- Up-to-date symlink: /home/orangepi/Robot_Project/AMR_Robot/amr_robot/install/laser_filters/lib/laser_filters/generic_laser_filter_node
[2.135s] -- Up-to-date symlink: /home/orangepi/Robot_Project/AMR_Robot/amr_robot/install/laser_filters/share/laser_filters/examples/angular_filter_example.launch.py
[2.136s] -- Up-to-date symlink: /home/orangepi/Robot_Project/AMR_Robot/amr_robot/install/laser_filters/share/laser_filters/examples/angular_filter_example.yaml
[2.136s] -- Up-to-date symlink: /home/orangepi/Robot_Project/AMR_Robot/amr_robot/install/laser_filters/share/laser_filters/examples/angular_filter_in_place_example.launch.py
[2.136s] -- Up-to-date symlink: /home/orangepi/Robot_Project/AMR_Robot/amr_robot/install/laser_filters/share/laser_filters/examples/angular_filter_in_place_example.yaml
[2.137s] -- Up-to-date symlink: /home/orangepi/Robot_Project/AMR_Robot/amr_robot/install/laser_filters/share/laser_filters/examples/bin_filter_example.launch.py
[2.137s] -- Up-to-date symlink: /home/orangepi/Robot_Project/AMR_Robot/amr_robot/install/laser_filters/share/laser_filters/examples/bin_filter_example.yaml
[2.138s] -- Up-to-date symlink: /home/orangepi/Robot_Project/AMR_Robot/amr_robot/install/laser_filters/share/laser_filters/examples/box_filter_example.launch.py
[2.138s] -- Up-to-date symlink: /home/orangepi/Robot_Project/AMR_Robot/amr_robot/install/laser_filters/share/laser_filters/examples/box_filter_example.yaml
[2.139s] -- Up-to-date symlink: /home/orangepi/Robot_Project/AMR_Robot/amr_robot/install/laser_filters/share/laser_filters/examples/footprint_filter_example.launch.py
[2.139s] -- Up-to-date symlink: /home/orangepi/Robot_Project/AMR_Robot/amr_robot/install/laser_filters/share/laser_filters/examples/footprint_filter_example.yaml
[2.140s] -- Up-to-date symlink: /home/orangepi/Robot_Project/AMR_Robot/amr_robot/install/laser_filters/share/laser_filters/examples/intensity_filter_example.launch.py
[2.140s] -- Up-to-date symlink: /home/orangepi/Robot_Project/AMR_Robot/amr_robot/install/laser_filters/share/laser_filters/examples/intensity_filter_example.yaml
[2.140s] -- Up-to-date symlink: /home/orangepi/Robot_Project/AMR_Robot/amr_robot/install/laser_filters/share/laser_filters/examples/mask_filter_example.launch.py
[2.140s] -- Up-to-date symlink: /home/orangepi/Robot_Project/AMR_Robot/amr_robot/install/laser_filters/share/laser_filters/examples/mask_filter_example.yaml
[2.140s] -- Up-to-date symlink: /home/orangepi/Robot_Project/AMR_Robot/amr_robot/install/laser_filters/share/laser_filters/examples/median_filter_example.launch.py
[2.140s] -- Up-to-date symlink: /home/orangepi/Robot_Project/AMR_Robot/amr_robot/install/laser_filters/share/laser_filters/examples/median_filter_example.yaml
[2.140s] -- Up-to-date symlink: /home/orangepi/Robot_Project/AMR_Robot/amr_robot/install/laser_filters/share/laser_filters/examples/median_spatial_filter.launch.py
[2.140s] -- Up-to-date symlink: /home/orangepi/Robot_Project/AMR_Robot/amr_robot/install/laser_filters/share/laser_filters/examples/median_spatial_filter.launch.xml
[2.141s] -- Up-to-date symlink: /home/orangepi/Robot_Project/AMR_Robot/amr_robot/install/laser_filters/share/laser_filters/examples/median_spatial_filter_example.yaml
[2.141s] -- Up-to-date symlink: /home/orangepi/Robot_Project/AMR_Robot/amr_robot/install/laser_filters/share/laser_filters/examples/multiple_filters_example.launch.py
[2.141s] -- Up-to-date symlink: /home/orangepi/Robot_Project/AMR_Robot/amr_robot/install/laser_filters/share/laser_filters/examples/multiple_filters_example.yaml
[2.141s] -- Up-to-date symlink: /home/orangepi/Robot_Project/AMR_Robot/amr_robot/install/laser_filters/share/laser_filters/examples/pass_through_example.launch.py
[2.142s] -- Up-to-date symlink: /home/orangepi/Robot_Project/AMR_Robot/amr_robot/install/laser_filters/share/laser_filters/examples/pass_through_example.yaml
[2.142s] -- Up-to-date symlink: /home/orangepi/Robot_Project/AMR_Robot/amr_robot/install/laser_filters/share/laser_filters/examples/polygon_filter_example.launch.py
[2.143s] -- Up-to-date symlink: /home/orangepi/Robot_Project/AMR_Robot/amr_robot/install/laser_filters/share/laser_filters/examples/polygon_filter_example.yaml
[2.143s] -- Up-to-date symlink: /home/orangepi/Robot_Project/AMR_Robot/amr_robot/install/laser_filters/share/laser_filters/examples/range_filter_example.launch.py
[2.144s] -- Up-to-date symlink: /home/orangepi/Robot_Project/AMR_Robot/amr_robot/install/laser_filters/share/laser_filters/examples/range_filter_example.yaml
[2.144s] -- Up-to-date symlink: /home/orangepi/Robot_Project/AMR_Robot/amr_robot/install/laser_filters/share/laser_filters/examples/scan_blob_filter_example.launch.py
[2.145s] -- Up-to-date symlink: /home/orangepi/Robot_Project/AMR_Robot/amr_robot/install/laser_filters/share/laser_filters/examples/scan_blob_filter_example.yaml
[2.145s] -- Up-to-date symlink: /home/orangepi/Robot_Project/AMR_Robot/amr_robot/install/laser_filters/share/laser_filters/examples/sector_filter_example.launch.py
[2.145s] -- Up-to-date symlink: /home/orangepi/Robot_Project/AMR_Robot/amr_robot/install/laser_filters/share/laser_filters/examples/sector_filter_example.yaml
[2.146s] -- Up-to-date symlink: /home/orangepi/Robot_Project/AMR_Robot/amr_robot/install/laser_filters/share/laser_filters/examples/shadow_filter_example.launch.py
[2.146s] -- Up-to-date symlink: /home/orangepi/Robot_Project/AMR_Robot/amr_robot/install/laser_filters/share/laser_filters/examples/shadow_filter_example.yaml
[2.147s] -- Up-to-date symlink: /home/orangepi/Robot_Project/AMR_Robot/amr_robot/install/laser_filters/share/laser_filters/examples/speckle_filter_example.launch
[2.147s] -- Up-to-date symlink: /home/orangepi/Robot_Project/AMR_Robot/amr_robot/install/laser_filters/share/laser_filters/examples/speckle_filter_example.yaml
[2.148s] -- Up-to-date symlink: /home/orangepi/Robot_Project/AMR_Robot/amr_robot/install/laser_filters/share/laser_filters/test/fake_laser.py
[2.148s] -- Up-to-date symlink: /home/orangepi/Robot_Project/AMR_Robot/amr_robot/install/laser_filters/share/laser_filters/test/test_angular_bounds_filter.cpp
[2.149s] -- Up-to-date symlink: /home/orangepi/Robot_Project/AMR_Robot/amr_robot/install/laser_filters/share/laser_filters/test/test_polygon_filter.test.py
[2.149s] -- Up-to-date symlink: /home/orangepi/Robot_Project/AMR_Robot/amr_robot/install/laser_filters/share/laser_filters/test/test_polygon_filter.yaml
[2.149s] -- Up-to-date symlink: /home/orangepi/Robot_Project/AMR_Robot/amr_robot/install/laser_filters/share/laser_filters/test/test_scan_filter_chain.cpp
[2.150s] -- Up-to-date symlink: /home/orangepi/Robot_Project/AMR_Robot/amr_robot/install/laser_filters/share/laser_filters/test/test_scan_filter_chain.launch
[2.150s] -- Up-to-date symlink: /home/orangepi/Robot_Project/AMR_Robot/amr_robot/install/laser_filters/share/laser_filters/test/test_scan_filter_chain.yaml
[2.151s] -- Up-to-date symlink: /home/orangepi/Robot_Project/AMR_Robot/amr_robot/install/laser_filters/share/laser_filters/test/test_scan_shadows_filter.cpp
[2.151s] -- Up-to-date symlink: /home/orangepi/Robot_Project/AMR_Robot/amr_robot/install/laser_filters/share/laser_filters/test/test_shadow_detector.cpp
[2.152s] -- Up-to-date symlink: /home/orangepi/Robot_Project/AMR_Robot/amr_robot/install/laser_filters/share/laser_filters/test/test_speckle_filter.cpp
[2.152s] -- Up-to-date symlink: /home/orangepi/Robot_Project/AMR_Robot/amr_robot/install/laser_filters/share/laser_filters/test/test_speckle_filter.test.py
[2.153s] -- Up-to-date symlink: /home/orangepi/Robot_Project/AMR_Robot/amr_robot/install/laser_filters/share/laser_filters/test/test_speckle_filter.yaml
[2.153s] -- Up-to-date symlink: /home/orangepi/Robot_Project/AMR_Robot/amr_robot/install/laser_filters/share/ament_index/resource_index/package_run_dependencies/laser_filters
[2.153s] -- Up-to-date symlink: /home/orangepi/Robot_Project/AMR_Robot/amr_robot/install/laser_filters/share/ament_index/resource_index/parent_prefix_path/laser_filters
[2.154s] -- Up-to-date symlink: /home/orangepi/Robot_Project/AMR_Robot/amr_robot/install/laser_filters/share/laser_filters/environment/ament_prefix_path.sh
[2.154s] -- Up-to-date symlink: /home/orangepi/Robot_Project/AMR_Robot/amr_robot/install/laser_filters/share/laser_filters/environment/ament_prefix_path.dsv
[2.155s] -- Up-to-date symlink: /home/orangepi/Robot_Project/AMR_Robot/amr_robot/install/laser_filters/share/laser_filters/environment/path.sh
[2.155s] -- Up-to-date symlink: /home/orangepi/Robot_Project/AMR_Robot/amr_robot/install/laser_filters/share/laser_filters/environment/path.dsv
[2.156s] -- Up-to-date symlink: /home/orangepi/Robot_Project/AMR_Robot/amr_robot/install/laser_filters/share/laser_filters/local_setup.bash
[2.156s] -- Up-to-date symlink: /home/orangepi/Robot_Project/AMR_Robot/amr_robot/install/laser_filters/share/laser_filters/local_setup.sh
[2.156s] -- Up-to-date symlink: /home/orangepi/Robot_Project/AMR_Robot/amr_robot/install/laser_filters/share/laser_filters/local_setup.zsh
[2.157s] -- Up-to-date symlink: /home/orangepi/Robot_Project/AMR_Robot/amr_robot/install/laser_filters/share/laser_filters/local_setup.dsv
[2.157s] -- Symlinking: /home/orangepi/Robot_Project/AMR_Robot/amr_robot/install/laser_filters/share/laser_filters/package.dsv
[2.158s] -- Up-to-date symlink: /home/orangepi/Robot_Project/AMR_Robot/amr_robot/install/laser_filters/share/ament_index/resource_index/packages/laser_filters
[2.158s] -- Up-to-date symlink: /home/orangepi/Robot_Project/AMR_Robot/amr_robot/install/laser_filters/share/ament_index/resource_index/filters__pluginlib__plugin/laser_filters
[2.159s] -- Up-to-date symlink: /home/orangepi/Robot_Project/AMR_Robot/amr_robot/install/laser_filters/share/ament_index/resource_index/rclcpp_components/laser_filters
[2.159s] -- Up-to-date symlink: /home/orangepi/Robot_Project/AMR_Robot/amr_robot/install/laser_filters/share/laser_filters/cmake/ament_cmake_export_dependencies-extras.cmake
[2.160s] -- Up-to-date symlink: /home/orangepi/Robot_Project/AMR_Robot/amr_robot/install/laser_filters/share/laser_filters/cmake/ament_cmake_export_include_directories-extras.cmake
[2.160s] -- Up-to-date symlink: /home/orangepi/Robot_Project/AMR_Robot/amr_robot/install/laser_filters/share/laser_filters/cmake/ament_cmake_export_libraries-extras.cmake
[2.161s] -- Up-to-date symlink: /home/orangepi/Robot_Project/AMR_Robot/amr_robot/install/laser_filters/share/laser_filters/cmake/laser_filtersConfig.cmake
[2.161s] -- Up-to-date symlink: /home/orangepi/Robot_Project/AMR_Robot/amr_robot/install/laser_filters/share/laser_filters/cmake/laser_filtersConfig-version.cmake
[2.162s] -- Up-to-date symlink: /home/orangepi/Robot_Project/AMR_Robot/amr_robot/install/laser_filters/share/laser_filters/package.xml
[2.166s] Invoked command in '/home/orangepi/Robot_Project/AMR_Robot/amr_robot/build/laser_filters' returned '0': CMAKE_PREFIX_PATH=${CMAKE_PREFIX_PATH}:/opt/ros/humble /usr/bin/cmake --install /home/orangepi/Robot_Project/AMR_Robot/amr_robot/build/laser_filters
