[0.032s] Invoking command in '/home/orangepi/Robot_Project/AMR_Robot/amr_robot/build/laser_filters': CMAKE_PREFIX_PATH=${CMAKE_PREFIX_PATH}:/opt/ros/humble /usr/bin/cmake /home/orangepi/Robot_Project/AMR_Robot/amr_robot/src/laser_filters -DAMENT_CMAKE_SYMLINK_INSTALL=1 -DCMAKE_INSTALL_PREFIX=/home/orangepi/Robot_Project/AMR_Robot/amr_robot/install/laser_filters
[0.077s] -- Found ament_cmake_auto: 1.3.14 (/opt/ros/humble/share/ament_cmake_auto/cmake)
[0.311s] -- Override CMake install command with custom implementation using symlinks instead of copying resources
[0.555s] -- Found rosidl_generator_c: 3.1.9 (/opt/ros/humble/share/rosidl_generator_c/cmake)
[0.558s] -- Found rosidl_adapter: 3.1.9 (/opt/ros/humble/share/rosidl_adapter/cmake)
[0.567s] -- Found rosidl_generator_cpp: 3.1.9 (/opt/ros/humble/share/rosidl_generator_cpp/cmake)
[0.580s] -- Using all available rosidl_typesupport_c: rosidl_typesupport_fastrtps_c;rosidl_typesupport_introspection_c
[0.598s] -- Using all available rosidl_typesupport_cpp: rosidl_typesupport_fastrtps_cpp;rosidl_typesupport_introspection_cpp
[0.716s] -- Found rmw_implementation_cmake: 6.1.3 (/opt/ros/humble/share/rmw_implementation_cmake/cmake)
[0.718s] -- Found rmw_fastrtps_cpp: 6.2.10 (/opt/ros/humble/share/rmw_fastrtps_cpp/cmake)
[0.895s] -- Using RMW implementation 'rmw_fastrtps_cpp' as default
[1.135s] -- Ensuring Eigen3 include directory is part of orocos-kdl CMake target
[1.263s] [0mIn this package, headers install destination is set to `include` by ament_auto_package. It is recommended to install `include/laser_filters` instead and will be the default behavior of ament_auto_package from ROS 2 Kilted Kaiju. On distributions before Kilted, ament_auto_package behaves the same way when you use USE_SCOPED_HEADER_INSTALL_DIR option.[0m
[1.282s] -- Found ament_cmake_gtest: 1.3.14 (/opt/ros/humble/share/ament_cmake_gtest/cmake)
[1.285s] -- Found gtest sources under '/opt/ros/humble/src/gtest_vendor': C++ tests using 'Google Test' will be built
[1.306s] -- Found launch_testing_ament_cmake: 1.0.14 (/opt/ros/humble/share/launch_testing_ament_cmake/cmake)
[1.308s] -- Found python_cmake_module: 0.10.0 (/opt/ros/humble/share/python_cmake_module/cmake)
[1.337s] -- Using PYTHON_EXECUTABLE: /usr/bin/python3
[1.338s] -- Using PYTHON_INCLUDE_DIRS: /usr/include/python3.10
[1.338s] -- Using PYTHON_LIBRARIES: /usr/lib/aarch64-linux-gnu/libpython3.10.so
[1.347s] -- Configuring done
[1.455s] -- Generating done
[1.516s] -- Build files have been written to: /home/orangepi/Robot_Project/AMR_Robot/amr_robot/build/laser_filters
[1.575s] Invoked command in '/home/orangepi/Robot_Project/AMR_Robot/amr_robot/build/laser_filters' returned '0': CMAKE_PREFIX_PATH=${CMAKE_PREFIX_PATH}:/opt/ros/humble /usr/bin/cmake /home/orangepi/Robot_Project/AMR_Robot/amr_robot/src/laser_filters -DAMENT_CMAKE_SYMLINK_INSTALL=1 -DCMAKE_INSTALL_PREFIX=/home/orangepi/Robot_Project/AMR_Robot/amr_robot/install/laser_filters
[1.576s] Invoking command in '/home/orangepi/Robot_Project/AMR_Robot/amr_robot/build/laser_filters': CMAKE_PREFIX_PATH=${CMAKE_PREFIX_PATH}:/opt/ros/humble /usr/bin/cmake --build /home/orangepi/Robot_Project/AMR_Robot/amr_robot/build/laser_filters -- -j8 -l8
[1.678s] [35m[1mConsolidate compiler generated dependencies of target scan_to_scan_filter_chain[0m
[1.684s] [35m[1mConsolidate compiler generated dependencies of target laser_scan_filters[0m
[1.685s] [35m[1mConsolidate compiler generated dependencies of target gtest[0m
[1.693s] [35m[1mConsolidate compiler generated dependencies of target gtest_main[0m
[1.698s] [35m[1mConsolidate compiler generated dependencies of target scan_to_cloud_filter_chain[0m
[1.703s] [  8%] Built target scan_to_scan_filter_chain
[1.718s] [ 16%] Built target laser_scan_filters
[1.719s] [ 24%] Built target gtest_main
[1.722s] [ 32%] Built target gtest
[1.736s] [35m[1mConsolidate compiler generated dependencies of target test_shadow_detector[0m
[1.737s] [35m[1mConsolidate compiler generated dependencies of target test_speckle_filter[0m
[1.740s] [35m[1mConsolidate compiler generated dependencies of target laser_filter_chains[0m
[1.754s] [ 40%] Built target scan_to_cloud_filter_chain
[1.756s] [35m[1mConsolidate compiler generated dependencies of target test_scan_filter_chain[0m
[1.757s] [ 48%] Built target test_shadow_detector
[1.759s] [35m[1mConsolidate compiler generated dependencies of target test_scan_shadows_filter[0m
[1.762s] [ 56%] Built target test_speckle_filter
[1.770s] [35m[1mConsolidate compiler generated dependencies of target test_angular_bounds_filter[0m
[1.780s] [ 64%] Built target test_scan_filter_chain
[1.824s] [ 76%] Built target laser_filter_chains
[1.833s] [ 84%] Built target test_scan_shadows_filter
[1.841s] [ 92%] Built target test_angular_bounds_filter
[1.859s] [35m[1mConsolidate compiler generated dependencies of target generic_laser_filter_node[0m
[1.930s] [100%] Built target generic_laser_filter_node
[1.969s] Invoked command in '/home/orangepi/Robot_Project/AMR_Robot/amr_robot/build/laser_filters' returned '0': CMAKE_PREFIX_PATH=${CMAKE_PREFIX_PATH}:/opt/ros/humble /usr/bin/cmake --build /home/orangepi/Robot_Project/AMR_Robot/amr_robot/build/laser_filters -- -j8 -l8
[1.971s] Invoking command in '/home/orangepi/Robot_Project/AMR_Robot/amr_robot/build/laser_filters': CMAKE_PREFIX_PATH=${CMAKE_PREFIX_PATH}:/opt/ros/humble /usr/bin/cmake --install /home/orangepi/Robot_Project/AMR_Robot/amr_robot/build/laser_filters
[1.993s] -- Install configuration: ""
[1.995s] -- Execute custom install script
[1.996s] -- Up-to-date symlink: /home/orangepi/Robot_Project/AMR_Robot/amr_robot/install/laser_filters/lib/laser_filters/scan_to_cloud_filter_chain
[1.997s] -- Up-to-date symlink: /home/orangepi/Robot_Project/AMR_Robot/amr_robot/install/laser_filters/lib/laser_filters/scan_to_scan_filter_chain
[1.997s] -- Up-to-date symlink: /home/orangepi/Robot_Project/AMR_Robot/amr_robot/install/laser_filters/share/laser_filters//laser_filters_plugins.xml
[1.998s] -- Up-to-date symlink: /home/orangepi/Robot_Project/AMR_Robot/amr_robot/install/laser_filters/include/laser_filters/angular_bounds_filter.h
[1.999s] -- Up-to-date symlink: /home/orangepi/Robot_Project/AMR_Robot/amr_robot/install/laser_filters/include/laser_filters/angular_bounds_filter_in_place.h
[1.999s] -- Up-to-date symlink: /home/orangepi/Robot_Project/AMR_Robot/amr_robot/install/laser_filters/include/laser_filters/array_filter.h
[2.000s] -- Up-to-date symlink: /home/orangepi/Robot_Project/AMR_Robot/amr_robot/install/laser_filters/include/laser_filters/binning_filter.h
[2.001s] -- Up-to-date symlink: /home/orangepi/Robot_Project/AMR_Robot/amr_robot/install/laser_filters/include/laser_filters/box_filter.h
[2.001s] -- Up-to-date symlink: /home/orangepi/Robot_Project/AMR_Robot/amr_robot/install/laser_filters/include/laser_filters/footprint_filter.h
[2.001s] -- Up-to-date symlink: /home/orangepi/Robot_Project/AMR_Robot/amr_robot/install/laser_filters/include/laser_filters/intensity_filter.h
[2.002s] -- Up-to-date symlink: /home/orangepi/Robot_Project/AMR_Robot/amr_robot/install/laser_filters/include/laser_filters/interpolation_filter.h
[2.002s] -- Up-to-date symlink: /home/orangepi/Robot_Project/AMR_Robot/amr_robot/install/laser_filters/include/laser_filters/median_filter.h
[2.003s] -- Up-to-date symlink: /home/orangepi/Robot_Project/AMR_Robot/amr_robot/install/laser_filters/include/laser_filters/median_spatial_filter.h
[2.003s] -- Up-to-date symlink: /home/orangepi/Robot_Project/AMR_Robot/amr_robot/install/laser_filters/include/laser_filters/polygon_filter.h
[2.004s] -- Up-to-date symlink: /home/orangepi/Robot_Project/AMR_Robot/amr_robot/install/laser_filters/include/laser_filters/range_filter.h
[2.005s] -- Up-to-date symlink: /home/orangepi/Robot_Project/AMR_Robot/amr_robot/install/laser_filters/include/laser_filters/scan_blob_filter.h
[2.005s] -- Up-to-date symlink: /home/orangepi/Robot_Project/AMR_Robot/amr_robot/install/laser_filters/include/laser_filters/scan_mask_filter.h
[2.006s] -- Up-to-date symlink: /home/orangepi/Robot_Project/AMR_Robot/amr_robot/install/laser_filters/include/laser_filters/scan_shadow_detector.h
[2.006s] -- Up-to-date symlink: /home/orangepi/Robot_Project/AMR_Robot/amr_robot/install/laser_filters/include/laser_filters/scan_shadows_filter.h
[2.007s] -- Up-to-date symlink: /home/orangepi/Robot_Project/AMR_Robot/amr_robot/install/laser_filters/include/laser_filters/sector_filter.h
[2.007s] -- Up-to-date symlink: /home/orangepi/Robot_Project/AMR_Robot/amr_robot/install/laser_filters/include/laser_filters/speckle_filter.h
[2.007s] -- Up-to-date symlink: /home/orangepi/Robot_Project/AMR_Robot/amr_robot/install/laser_filters/share/laser_filters/environment/library_path.sh
[2.008s] -- Up-to-date symlink: /home/orangepi/Robot_Project/AMR_Robot/amr_robot/install/laser_filters/share/laser_filters/environment/library_path.dsv
[2.008s] -- Up-to-date symlink: /home/orangepi/Robot_Project/AMR_Robot/amr_robot/install/laser_filters/lib/liblaser_scan_filters.so
[2.008s] -- Up-to-date symlink: /home/orangepi/Robot_Project/AMR_Robot/amr_robot/install/laser_filters/lib/liblaser_filter_chains.so
[2.009s] -- Up-to-date symlink: /home/orangepi/Robot_Project/AMR_Robot/amr_robot/install/laser_filters/lib/laser_filters/generic_laser_filter_node
[2.009s] -- Up-to-date symlink: /home/orangepi/Robot_Project/AMR_Robot/amr_robot/install/laser_filters/share/laser_filters/examples/angular_filter_example.launch.py
[2.010s] -- Up-to-date symlink: /home/orangepi/Robot_Project/AMR_Robot/amr_robot/install/laser_filters/share/laser_filters/examples/angular_filter_example.yaml
[2.010s] -- Up-to-date symlink: /home/orangepi/Robot_Project/AMR_Robot/amr_robot/install/laser_filters/share/laser_filters/examples/angular_filter_in_place_example.launch.py
[2.010s] -- Up-to-date symlink: /home/orangepi/Robot_Project/AMR_Robot/amr_robot/install/laser_filters/share/laser_filters/examples/angular_filter_in_place_example.yaml
[2.011s] -- Up-to-date symlink: /home/orangepi/Robot_Project/AMR_Robot/amr_robot/install/laser_filters/share/laser_filters/examples/bin_filter_example.launch.py
[2.011s] -- Up-to-date symlink: /home/orangepi/Robot_Project/AMR_Robot/amr_robot/install/laser_filters/share/laser_filters/examples/bin_filter_example.yaml
[2.012s] -- Up-to-date symlink: /home/orangepi/Robot_Project/AMR_Robot/amr_robot/install/laser_filters/share/laser_filters/examples/box_filter_example.launch.py
[2.012s] -- Up-to-date symlink: /home/orangepi/Robot_Project/AMR_Robot/amr_robot/install/laser_filters/share/laser_filters/examples/box_filter_example.yaml
[2.012s] -- Up-to-date symlink: /home/orangepi/Robot_Project/AMR_Robot/amr_robot/install/laser_filters/share/laser_filters/examples/footprint_filter_example.launch.py
[2.013s] -- Up-to-date symlink: /home/orangepi/Robot_Project/AMR_Robot/amr_robot/install/laser_filters/share/laser_filters/examples/footprint_filter_example.yaml
[2.013s] -- Up-to-date symlink: /home/orangepi/Robot_Project/AMR_Robot/amr_robot/install/laser_filters/share/laser_filters/examples/intensity_filter_example.launch.py
[2.014s] -- Up-to-date symlink: /home/orangepi/Robot_Project/AMR_Robot/amr_robot/install/laser_filters/share/laser_filters/examples/intensity_filter_example.yaml
[2.014s] -- Up-to-date symlink: /home/orangepi/Robot_Project/AMR_Robot/amr_robot/install/laser_filters/share/laser_filters/examples/mask_filter_example.launch.py
[2.014s] -- Up-to-date symlink: /home/orangepi/Robot_Project/AMR_Robot/amr_robot/install/laser_filters/share/laser_filters/examples/mask_filter_example.yaml
[2.015s] -- Up-to-date symlink: /home/orangepi/Robot_Project/AMR_Robot/amr_robot/install/laser_filters/share/laser_filters/examples/median_filter_example.launch.py
[2.015s] -- Up-to-date symlink: /home/orangepi/Robot_Project/AMR_Robot/amr_robot/install/laser_filters/share/laser_filters/examples/median_filter_example.yaml
[2.016s] -- Up-to-date symlink: /home/orangepi/Robot_Project/AMR_Robot/amr_robot/install/laser_filters/share/laser_filters/examples/median_spatial_filter.launch.py
[2.016s] -- Up-to-date symlink: /home/orangepi/Robot_Project/AMR_Robot/amr_robot/install/laser_filters/share/laser_filters/examples/median_spatial_filter.launch.xml
[2.016s] -- Up-to-date symlink: /home/orangepi/Robot_Project/AMR_Robot/amr_robot/install/laser_filters/share/laser_filters/examples/median_spatial_filter_example.yaml
[2.017s] -- Up-to-date symlink: /home/orangepi/Robot_Project/AMR_Robot/amr_robot/install/laser_filters/share/laser_filters/examples/multiple_filters_example.launch.py
[2.017s] -- Up-to-date symlink: /home/orangepi/Robot_Project/AMR_Robot/amr_robot/install/laser_filters/share/laser_filters/examples/multiple_filters_example.yaml
[2.017s] -- Up-to-date symlink: /home/orangepi/Robot_Project/AMR_Robot/amr_robot/install/laser_filters/share/laser_filters/examples/pass_through_example.launch.py
[2.018s] -- Up-to-date symlink: /home/orangepi/Robot_Project/AMR_Robot/amr_robot/install/laser_filters/share/laser_filters/examples/pass_through_example.yaml
[2.018s] -- Up-to-date symlink: /home/orangepi/Robot_Project/AMR_Robot/amr_robot/install/laser_filters/share/laser_filters/examples/polygon_filter_example.launch.py
[2.018s] -- Up-to-date symlink: /home/orangepi/Robot_Project/AMR_Robot/amr_robot/install/laser_filters/share/laser_filters/examples/polygon_filter_example.yaml
[2.019s] -- Up-to-date symlink: /home/orangepi/Robot_Project/AMR_Robot/amr_robot/install/laser_filters/share/laser_filters/examples/range_filter_example.launch.py
[2.019s] -- Up-to-date symlink: /home/orangepi/Robot_Project/AMR_Robot/amr_robot/install/laser_filters/share/laser_filters/examples/range_filter_example.yaml
[2.019s] -- Up-to-date symlink: /home/orangepi/Robot_Project/AMR_Robot/amr_robot/install/laser_filters/share/laser_filters/examples/scan_blob_filter_example.launch.py
[2.020s] -- Up-to-date symlink: /home/orangepi/Robot_Project/AMR_Robot/amr_robot/install/laser_filters/share/laser_filters/examples/scan_blob_filter_example.yaml
[2.020s] -- Up-to-date symlink: /home/orangepi/Robot_Project/AMR_Robot/amr_robot/install/laser_filters/share/laser_filters/examples/sector_filter_example.launch.py
[2.021s] -- Up-to-date symlink: /home/orangepi/Robot_Project/AMR_Robot/amr_robot/install/laser_filters/share/laser_filters/examples/sector_filter_example.yaml
[2.021s] -- Up-to-date symlink: /home/orangepi/Robot_Project/AMR_Robot/amr_robot/install/laser_filters/share/laser_filters/examples/shadow_filter_example.launch.py
[2.021s] -- Up-to-date symlink: /home/orangepi/Robot_Project/AMR_Robot/amr_robot/install/laser_filters/share/laser_filters/examples/shadow_filter_example.yaml
[2.022s] -- Up-to-date symlink: /home/orangepi/Robot_Project/AMR_Robot/amr_robot/install/laser_filters/share/laser_filters/examples/speckle_filter_example.launch
[2.022s] -- Up-to-date symlink: /home/orangepi/Robot_Project/AMR_Robot/amr_robot/install/laser_filters/share/laser_filters/examples/speckle_filter_example.yaml
[2.022s] -- Up-to-date symlink: /home/orangepi/Robot_Project/AMR_Robot/amr_robot/install/laser_filters/share/laser_filters/test/fake_laser.py
[2.023s] -- Up-to-date symlink: /home/orangepi/Robot_Project/AMR_Robot/amr_robot/install/laser_filters/share/laser_filters/test/test_angular_bounds_filter.cpp
[2.023s] -- Up-to-date symlink: /home/orangepi/Robot_Project/AMR_Robot/amr_robot/install/laser_filters/share/laser_filters/test/test_polygon_filter.test.py
[2.023s] -- Up-to-date symlink: /home/orangepi/Robot_Project/AMR_Robot/amr_robot/install/laser_filters/share/laser_filters/test/test_polygon_filter.yaml
[2.024s] -- Up-to-date symlink: /home/orangepi/Robot_Project/AMR_Robot/amr_robot/install/laser_filters/share/laser_filters/test/test_scan_filter_chain.cpp
[2.024s] -- Up-to-date symlink: /home/orangepi/Robot_Project/AMR_Robot/amr_robot/install/laser_filters/share/laser_filters/test/test_scan_filter_chain.launch
[2.025s] -- Up-to-date symlink: /home/orangepi/Robot_Project/AMR_Robot/amr_robot/install/laser_filters/share/laser_filters/test/test_scan_filter_chain.yaml
[2.025s] -- Up-to-date symlink: /home/orangepi/Robot_Project/AMR_Robot/amr_robot/install/laser_filters/share/laser_filters/test/test_scan_shadows_filter.cpp
[2.025s] -- Up-to-date symlink: /home/orangepi/Robot_Project/AMR_Robot/amr_robot/install/laser_filters/share/laser_filters/test/test_shadow_detector.cpp
[2.026s] -- Up-to-date symlink: /home/orangepi/Robot_Project/AMR_Robot/amr_robot/install/laser_filters/share/laser_filters/test/test_speckle_filter.cpp
[2.026s] -- Up-to-date symlink: /home/orangepi/Robot_Project/AMR_Robot/amr_robot/install/laser_filters/share/laser_filters/test/test_speckle_filter.test.py
[2.026s] -- Up-to-date symlink: /home/orangepi/Robot_Project/AMR_Robot/amr_robot/install/laser_filters/share/laser_filters/test/test_speckle_filter.yaml
[2.027s] -- Up-to-date symlink: /home/orangepi/Robot_Project/AMR_Robot/amr_robot/install/laser_filters/share/ament_index/resource_index/package_run_dependencies/laser_filters
[2.027s] -- Up-to-date symlink: /home/orangepi/Robot_Project/AMR_Robot/amr_robot/install/laser_filters/share/ament_index/resource_index/parent_prefix_path/laser_filters
[2.028s] -- Up-to-date symlink: /home/orangepi/Robot_Project/AMR_Robot/amr_robot/install/laser_filters/share/laser_filters/environment/ament_prefix_path.sh
[2.028s] -- Up-to-date symlink: /home/orangepi/Robot_Project/AMR_Robot/amr_robot/install/laser_filters/share/laser_filters/environment/ament_prefix_path.dsv
[2.028s] -- Up-to-date symlink: /home/orangepi/Robot_Project/AMR_Robot/amr_robot/install/laser_filters/share/laser_filters/environment/path.sh
[2.029s] -- Up-to-date symlink: /home/orangepi/Robot_Project/AMR_Robot/amr_robot/install/laser_filters/share/laser_filters/environment/path.dsv
[2.029s] -- Up-to-date symlink: /home/orangepi/Robot_Project/AMR_Robot/amr_robot/install/laser_filters/share/laser_filters/local_setup.bash
[2.029s] -- Up-to-date symlink: /home/orangepi/Robot_Project/AMR_Robot/amr_robot/install/laser_filters/share/laser_filters/local_setup.sh
[2.030s] -- Up-to-date symlink: /home/orangepi/Robot_Project/AMR_Robot/amr_robot/install/laser_filters/share/laser_filters/local_setup.zsh
[2.030s] -- Up-to-date symlink: /home/orangepi/Robot_Project/AMR_Robot/amr_robot/install/laser_filters/share/laser_filters/local_setup.dsv
[2.030s] -- Symlinking: /home/orangepi/Robot_Project/AMR_Robot/amr_robot/install/laser_filters/share/laser_filters/package.dsv
[2.039s] -- Up-to-date symlink: /home/orangepi/Robot_Project/AMR_Robot/amr_robot/install/laser_filters/share/ament_index/resource_index/packages/laser_filters
[2.039s] -- Up-to-date symlink: /home/orangepi/Robot_Project/AMR_Robot/amr_robot/install/laser_filters/share/ament_index/resource_index/filters__pluginlib__plugin/laser_filters
[2.040s] -- Up-to-date symlink: /home/orangepi/Robot_Project/AMR_Robot/amr_robot/install/laser_filters/share/ament_index/resource_index/rclcpp_components/laser_filters
[2.040s] -- Up-to-date symlink: /home/orangepi/Robot_Project/AMR_Robot/amr_robot/install/laser_filters/share/laser_filters/cmake/ament_cmake_export_dependencies-extras.cmake
[2.041s] -- Up-to-date symlink: /home/orangepi/Robot_Project/AMR_Robot/amr_robot/install/laser_filters/share/laser_filters/cmake/ament_cmake_export_include_directories-extras.cmake
[2.041s] -- Up-to-date symlink: /home/orangepi/Robot_Project/AMR_Robot/amr_robot/install/laser_filters/share/laser_filters/cmake/ament_cmake_export_libraries-extras.cmake
[2.041s] -- Up-to-date symlink: /home/orangepi/Robot_Project/AMR_Robot/amr_robot/install/laser_filters/share/laser_filters/cmake/laser_filtersConfig.cmake
[2.042s] -- Up-to-date symlink: /home/orangepi/Robot_Project/AMR_Robot/amr_robot/install/laser_filters/share/laser_filters/cmake/laser_filtersConfig-version.cmake
[2.042s] -- Up-to-date symlink: /home/orangepi/Robot_Project/AMR_Robot/amr_robot/install/laser_filters/share/laser_filters/package.xml
[2.047s] Invoked command in '/home/orangepi/Robot_Project/AMR_Robot/amr_robot/build/laser_filters' returned '0': CMAKE_PREFIX_PATH=${CMAKE_PREFIX_PATH}:/opt/ros/humble /usr/bin/cmake --install /home/orangepi/Robot_Project/AMR_Robot/amr_robot/build/laser_filters
