[0.031s] Invoking command in '/home/theanh/Robot_Project/AMR_Robot/amr1_ws/build/amr_reality_pkg': CMAKE_PREFIX_PATH=${CMAKE_PREFIX_PATH}:/opt/ros/humble /usr/bin/cmake --build /home/theanh/Robot_Project/AMR_Robot/amr1_ws/build/amr_reality_pkg -- -j15 -l15
[0.064s] -- Found ament_cmake: 1.3.14 (/opt/ros/humble/share/ament_cmake/cmake)
[0.204s] -- Override CMake install command with custom implementation using symlinks instead of copying resources
[0.212s] -- Found rclcpp: 16.0.19 (/opt/ros/humble/share/rclcpp/cmake)
[0.248s] -- Found rosidl_generator_c: 3.1.8 (/opt/ros/humble/share/rosidl_generator_c/cmake)
[0.251s] -- Found rosidl_adapter: 3.1.8 (/opt/ros/humble/share/rosidl_adapter/cmake)
[0.257s] -- Found rosidl_generator_cpp: 3.1.8 (/opt/ros/humble/share/rosidl_generator_cpp/cmake)
[0.269s] -- Using all available rosidl_typesupport_c: rosidl_typesupport_fastrtps_c;rosidl_typesupport_introspection_c
[0.284s] -- Using all available rosidl_typesupport_cpp: rosidl_typesupport_fastrtps_cpp;rosidl_typesupport_introspection_cpp
[0.320s] -- Found rmw_implementation_cmake: 6.1.2 (/opt/ros/humble/share/rmw_implementation_cmake/cmake)
[0.322s] -- Found rmw_fastrtps_cpp: 6.2.10 (/opt/ros/humble/share/rmw_fastrtps_cpp/cmake)
[0.477s] -- Using RMW implementation 'rmw_fastrtps_cpp' as default
[0.534s] -- Found canopen_core: 0.2.13 (/opt/ros/humble/share/canopen_core/cmake)
[0.598s] -- Found canopen_base_driver: 0.2.13 (/opt/ros/humble/share/canopen_base_driver/cmake)
[0.632s] -- Found canopen_proxy_driver: 0.2.13 (/opt/ros/humble/share/canopen_proxy_driver/cmake)
[0.642s] -- Found ament_lint_auto: 0.12.15 (/opt/ros/humble/share/ament_lint_auto/cmake)
[0.709s] -- Added test 'flake8' to check Python code syntax and style conventions
[0.710s] -- Added test 'lint_cmake' to check CMake code style
[0.710s] -- Added test 'pep257' to check Python code against some of the docstring style conventions in PEP 257
[0.713s] -- Added test 'xmllint' to check XML markup files
[0.714s] -- Configuring done
[0.721s] -- Generating done
[0.725s] -- Build files have been written to: /home/theanh/Robot_Project/AMR_Robot/amr1_ws/build/amr_reality_pkg
[0.777s] Built target robot_control_prepare
[1.540s] joint1: writing 4 bytes to 0x1400/1: 02 02 00 80
[1.540s] joint1: writing 1 bytes to 0x1400/2: 01
[1.540s] joint1: writing 1 bytes to 0x1600/0: 00
[1.541s] joint1: writing 4 bytes to 0x1600/1: 10 00 40 60
[1.541s] joint1: writing 4 bytes to 0x1600/2: 08 00 60 60
[1.541s] joint1: writing 1 bytes to 0x1600/0: 02
[1.541s] joint1: writing 4 bytes to 0x1400/1: 02 02 00 00
[1.541s] joint1: writing 4 bytes to 0x1401/1: 02 03 00 80
[1.541s] joint1: writing 1 bytes to 0x1401/2: 01
[1.541s] joint1: writing 1 bytes to 0x1601/0: 00
[1.541s] joint1: writing 4 bytes to 0x1601/1: 20 00 7A 60
[1.541s] joint1: writing 4 bytes to 0x1601/2: 20 00 FF 60
[1.541s] joint1: writing 1 bytes to 0x1601/0: 02
[1.541s] joint1: writing 4 bytes to 0x1401/1: 02 03 00 00
[1.541s] joint1: writing 4 bytes to 0x1800/1: 82 01 00 80
[1.541s] joint1: writing 1 bytes to 0x1800/2: 01
[1.541s] joint1: writing 1 bytes to 0x1A00/0: 00
[1.541s] joint1: writing 4 bytes to 0x1A00/1: 10 00 41 60
[1.542s] joint1: writing 4 bytes to 0x1A00/2: 08 00 61 60
[1.542s] joint1: writing 1 bytes to 0x1A00/0: 02
[1.542s] joint1: writing 4 bytes to 0x1800/1: 82 01 00 00
[1.542s] joint1: writing 4 bytes to 0x1801/1: 82 02 00 80
[1.542s] joint1: writing 1 bytes to 0x1801/2: 01
[1.542s] joint1: writing 1 bytes to 0x1A01/0: 00
[1.542s] joint1: writing 4 bytes to 0x1A01/1: 20 00 64 60
[1.542s] joint1: writing 4 bytes to 0x1A01/2: 20 00 6C 60
[1.542s] joint1: writing 1 bytes to 0x1A01/0: 02
[1.542s] joint1: writing 4 bytes to 0x1801/1: 82 02 00 00
[1.542s] joint1: writing 4 bytes to 0x1802/1: 82 03 00 80
[1.542s] joint1: writing 1 bytes to 0x1802/2: 01
[1.542s] joint1: writing 1 bytes to 0x1A02/0: 00
[1.542s] joint1: writing 4 bytes to 0x1A02/1: 10 00 3F 60
[1.542s] joint1: writing 1 bytes to 0x1A02/0: 01
[1.542s] joint1: writing 4 bytes to 0x1802/1: 82 03 00 00
[1.543s] joint1: writing 2 bytes to 0x6040/0: 80 00
[1.543s] joint1: writing 2 bytes to 0x6040/0: 06 00
[1.543s] joint1: writing 2 bytes to 0x6040/0: 07 00
[1.543s] joint1: writing 2 bytes to 0x6040/0: 0F 01
[1.543s] joint1: writing 4 bytes to 0x6083/0: 10 27 00 00
[1.543s] joint1: writing 4 bytes to 0x6084/0: 10 27 00 00
[1.543s] joint1: writing 1 bytes to 0x6098/0: 00
[1.543s] joint1: writing 1 bytes to 0x6060/0: 03
[1.543s] joint2: writing 4 bytes to 0x1400/1: 03 02 00 80
[1.543s] joint2: writing 1 bytes to 0x1400/2: 01
[1.543s] joint2: writing 1 bytes to 0x1600/0: 00
[1.543s] joint2: writing 4 bytes to 0x1600/1: 10 00 40 60
[1.543s] joint2: writing 4 bytes to 0x1600/2: 08 00 60 60
[1.543s] joint2: writing 1 bytes to 0x1600/0: 02
[1.543s] joint2: writing 4 bytes to 0x1400/1: 03 02 00 00
[1.544s] joint2: writing 4 bytes to 0x1401/1: 03 03 00 80
[1.544s] joint2: writing 1 bytes to 0x1401/2: 01
[1.544s] joint2: writing 1 bytes to 0x1601/0: 00
[1.544s] joint2: writing 4 bytes to 0x1601/1: 20 00 7A 60
[1.544s] joint2: writing 4 bytes to 0x1601/2: 20 00 FF 60
[1.544s] joint2: writing 1 bytes to 0x1601/0: 02
[1.544s] joint2: writing 4 bytes to 0x1401/1: 03 03 00 00
[1.544s] joint2: writing 4 bytes to 0x1800/1: 83 01 00 80
[1.544s] joint2: writing 1 bytes to 0x1800/2: 01
[1.544s] joint2: writing 1 bytes to 0x1A00/0: 00
[1.544s] joint2: writing 4 bytes to 0x1A00/1: 10 00 41 60
[1.544s] joint2: writing 4 bytes to 0x1A00/2: 08 00 61 60
[1.544s] joint2: writing 1 bytes to 0x1A00/0: 02
[1.544s] joint2: writing 4 bytes to 0x1800/1: 83 01 00 00
[1.544s] joint2: writing 4 bytes to 0x1801/1: 83 02 00 80
[1.545s] joint2: writing 1 bytes to 0x1801/2: 01
[1.545s] joint2: writing 1 bytes to 0x1A01/0: 00
[1.545s] joint2: writing 4 bytes to 0x1A01/1: 20 00 64 60
[1.545s] joint2: writing 4 bytes to 0x1A01/2: 20 00 6C 60
[1.545s] joint2: writing 1 bytes to 0x1A01/0: 02
[1.545s] joint2: writing 4 bytes to 0x1801/1: 83 02 00 00
[1.545s] joint2: writing 4 bytes to 0x1802/1: 83 03 00 80
[1.545s] joint2: writing 1 bytes to 0x1802/2: 01
[1.545s] joint2: writing 1 bytes to 0x1A02/0: 00
[1.545s] joint2: writing 4 bytes to 0x1A02/1: 10 00 3F 60
[1.545s] joint2: writing 1 bytes to 0x1A02/0: 01
[1.545s] joint2: writing 4 bytes to 0x1802/1: 83 03 00 00
[1.545s] joint2: writing 2 bytes to 0x6040/0: 80 00
[1.545s] joint2: writing 2 bytes to 0x6040/0: 06 00
[1.545s] joint2: writing 2 bytes to 0x6040/0: 07 00
[1.545s] joint2: writing 2 bytes to 0x6040/0: 0F 01
[1.546s] joint2: writing 4 bytes to 0x6083/0: 10 27 00 00
[1.546s] joint2: writing 4 bytes to 0x6084/0: 10 27 00 00
[1.546s] joint2: writing 1 bytes to 0x6098/0: 00
[1.546s] joint2: writing 1 bytes to 0x6060/0: 03
[1.737s] Built target robot_control
[1.751s] Invoked command in '/home/theanh/Robot_Project/AMR_Robot/amr1_ws/build/amr_reality_pkg' returned '0': CMAKE_PREFIX_PATH=${CMAKE_PREFIX_PATH}:/opt/ros/humble /usr/bin/cmake --build /home/theanh/Robot_Project/AMR_Robot/amr1_ws/build/amr_reality_pkg -- -j15 -l15
[1.752s] Invoking command in '/home/theanh/Robot_Project/AMR_Robot/amr1_ws/build/amr_reality_pkg': CMAKE_PREFIX_PATH=${CMAKE_PREFIX_PATH}:/opt/ros/humble /usr/bin/cmake --install /home/theanh/Robot_Project/AMR_Robot/amr1_ws/build/amr_reality_pkg
[1.761s] -- Install configuration: ""
[1.761s] -- Execute custom install script
[1.762s] -- Symlinking: /home/theanh/Robot_Project/AMR_Robot/amr1_ws/install/amr_reality_pkg/share/amr_reality_pkg/config/robot_control//cia402_slave.eds
[1.773s] -- Symlinking: /home/theanh/Robot_Project/AMR_Robot/amr1_ws/install/amr_reality_pkg/share/amr_reality_pkg/config/robot_control//ros2_controllers.yaml
[1.784s] -- Symlinking: /home/theanh/Robot_Project/AMR_Robot/amr1_ws/install/amr_reality_pkg/share/amr_reality_pkg/config/robot_control//bus.yml
[1.795s] -- Symlinking: /home/theanh/Robot_Project/AMR_Robot/amr1_ws/install/amr_reality_pkg/share/amr_reality_pkg/config/robot_control//joint1.bin
[1.806s] -- Symlinking: /home/theanh/Robot_Project/AMR_Robot/amr1_ws/install/amr_reality_pkg/share/amr_reality_pkg/config/robot_control//joint2.bin
[1.817s] -- Symlinking: /home/theanh/Robot_Project/AMR_Robot/amr1_ws/install/amr_reality_pkg/share/amr_reality_pkg/config/robot_control//master.dcf
[1.828s] -- Symlinking: /home/theanh/Robot_Project/AMR_Robot/amr1_ws/install/amr_reality_pkg/share/amr_reality_pkg/config/robot_control//preprocessed_bus.yml
[1.840s] -- Up-to-date symlink: /home/theanh/Robot_Project/AMR_Robot/amr1_ws/install/amr_reality_pkg/share/amr_reality_pkg/launch/amr_reality.launch.py
[1.840s] -- Up-to-date symlink: /home/theanh/Robot_Project/AMR_Robot/amr1_ws/install/amr_reality_pkg/share/amr_reality_pkg/descriptions/meshes/Left_Link.STL
[1.840s] -- Up-to-date symlink: /home/theanh/Robot_Project/AMR_Robot/amr1_ws/install/amr_reality_pkg/share/amr_reality_pkg/descriptions/meshes/Lidar_Link.STL
[1.840s] -- Up-to-date symlink: /home/theanh/Robot_Project/AMR_Robot/amr1_ws/install/amr_reality_pkg/share/amr_reality_pkg/descriptions/meshes/Right_Link.STL
[1.841s] -- Up-to-date symlink: /home/theanh/Robot_Project/AMR_Robot/amr1_ws/install/amr_reality_pkg/share/amr_reality_pkg/descriptions/meshes/Yaw_Behind_Left_Link.STL
[1.841s] -- Up-to-date symlink: /home/theanh/Robot_Project/AMR_Robot/amr1_ws/install/amr_reality_pkg/share/amr_reality_pkg/descriptions/meshes/Yaw_Behind_Right_Link.STL
[1.841s] -- Up-to-date symlink: /home/theanh/Robot_Project/AMR_Robot/amr1_ws/install/amr_reality_pkg/share/amr_reality_pkg/descriptions/meshes/Yaw_Front_Left_Link.STL
[1.841s] -- Up-to-date symlink: /home/theanh/Robot_Project/AMR_Robot/amr1_ws/install/amr_reality_pkg/share/amr_reality_pkg/descriptions/meshes/Yaw_Front_Right_Link.STL
[1.841s] -- Up-to-date symlink: /home/theanh/Robot_Project/AMR_Robot/amr1_ws/install/amr_reality_pkg/share/amr_reality_pkg/descriptions/meshes/base_link.STL
[1.841s] -- Up-to-date symlink: /home/theanh/Robot_Project/AMR_Robot/amr1_ws/install/amr_reality_pkg/share/amr_reality_pkg/descriptions/urdf/AMR1-00-Khung (1).SLDASM.urdf
[1.841s] -- Up-to-date symlink: /home/theanh/Robot_Project/AMR_Robot/amr1_ws/install/amr_reality_pkg/share/amr_reality_pkg/descriptions/urdf/gazebo_control.xacro
[1.841s] -- Up-to-date symlink: /home/theanh/Robot_Project/AMR_Robot/amr1_ws/install/amr_reality_pkg/share/amr_reality_pkg/descriptions/urdf/robot.urdf.xacro
[1.842s] -- Up-to-date symlink: /home/theanh/Robot_Project/AMR_Robot/amr1_ws/install/amr_reality_pkg/share/amr_reality_pkg/descriptions/urdf/robot_controller/robot_controller.ros2_control.xacro
[1.842s] -- Up-to-date symlink: /home/theanh/Robot_Project/AMR_Robot/amr1_ws/install/amr_reality_pkg/share/amr_reality_pkg/descriptions/urdf/robot_controller/robot_controller.urdf.xacro
[1.842s] -- Up-to-date symlink: /home/theanh/Robot_Project/AMR_Robot/amr1_ws/install/amr_reality_pkg/share/amr_reality_pkg/descriptions/urdf/sensors.xacro
[1.842s] -- Up-to-date symlink: /home/theanh/Robot_Project/AMR_Robot/amr1_ws/install/amr_reality_pkg/share/amr_reality_pkg/config/laser_filter.yaml
[1.842s] -- Symlinking: /home/theanh/Robot_Project/AMR_Robot/amr1_ws/install/amr_reality_pkg/lib/amr_reality_pkg/ps4_teleop_node.py
[1.854s] -- Up-to-date symlink: /home/theanh/Robot_Project/AMR_Robot/amr1_ws/install/amr_reality_pkg/share/ament_index/resource_index/package_run_dependencies/amr_reality_pkg
[1.854s] -- Up-to-date symlink: /home/theanh/Robot_Project/AMR_Robot/amr1_ws/install/amr_reality_pkg/share/ament_index/resource_index/parent_prefix_path/amr_reality_pkg
[1.854s] -- Up-to-date symlink: /home/theanh/Robot_Project/AMR_Robot/amr1_ws/install/amr_reality_pkg/share/amr_reality_pkg/environment/ament_prefix_path.sh
[1.854s] -- Up-to-date symlink: /home/theanh/Robot_Project/AMR_Robot/amr1_ws/install/amr_reality_pkg/share/amr_reality_pkg/environment/ament_prefix_path.dsv
[1.854s] -- Up-to-date symlink: /home/theanh/Robot_Project/AMR_Robot/amr1_ws/install/amr_reality_pkg/share/amr_reality_pkg/environment/path.sh
[1.854s] -- Up-to-date symlink: /home/theanh/Robot_Project/AMR_Robot/amr1_ws/install/amr_reality_pkg/share/amr_reality_pkg/environment/path.dsv
[1.855s] -- Up-to-date symlink: /home/theanh/Robot_Project/AMR_Robot/amr1_ws/install/amr_reality_pkg/share/amr_reality_pkg/local_setup.bash
[1.855s] -- Up-to-date symlink: /home/theanh/Robot_Project/AMR_Robot/amr1_ws/install/amr_reality_pkg/share/amr_reality_pkg/local_setup.sh
[1.855s] -- Up-to-date symlink: /home/theanh/Robot_Project/AMR_Robot/amr1_ws/install/amr_reality_pkg/share/amr_reality_pkg/local_setup.zsh
[1.855s] -- Up-to-date symlink: /home/theanh/Robot_Project/AMR_Robot/amr1_ws/install/amr_reality_pkg/share/amr_reality_pkg/local_setup.dsv
[1.855s] -- Symlinking: /home/theanh/Robot_Project/AMR_Robot/amr1_ws/install/amr_reality_pkg/share/amr_reality_pkg/package.dsv
[1.866s] -- Up-to-date symlink: /home/theanh/Robot_Project/AMR_Robot/amr1_ws/install/amr_reality_pkg/share/ament_index/resource_index/packages/amr_reality_pkg
[1.867s] -- Up-to-date symlink: /home/theanh/Robot_Project/AMR_Robot/amr1_ws/install/amr_reality_pkg/share/amr_reality_pkg/cmake/amr_reality_pkgConfig.cmake
[1.867s] -- Up-to-date symlink: /home/theanh/Robot_Project/AMR_Robot/amr1_ws/install/amr_reality_pkg/share/amr_reality_pkg/cmake/amr_reality_pkgConfig-version.cmake
[1.867s] -- Up-to-date symlink: /home/theanh/Robot_Project/AMR_Robot/amr1_ws/install/amr_reality_pkg/share/amr_reality_pkg/package.xml
[1.869s] Invoked command in '/home/theanh/Robot_Project/AMR_Robot/amr1_ws/build/amr_reality_pkg' returned '0': CMAKE_PREFIX_PATH=${CMAKE_PREFIX_PATH}:/opt/ros/humble /usr/bin/cmake --install /home/theanh/Robot_Project/AMR_Robot/amr1_ws/build/amr_reality_pkg
