[0.097s] DEBUG:colcon:Command line arguments: ['/usr/bin/colcon', 'build', '--symlink-install']
[0.097s] DEBUG:colcon:Parsed command line arguments: Namespace(log_base=None, log_level=None, verb_name='build', build_base='build', install_base='install', merge_install=False, symlink_install=True, test_result_base=None, continue_on_error=False, executor='parallel', parallel_workers=15, event_handlers=None, ignore_user_meta=False, metas=['./colcon.meta'], base_paths=['.'], packages_ignore=None, packages_ignore_regex=None, paths=None, packages_up_to=None, packages_up_to_regex=None, packages_above=None, packages_above_and_dependencies=None, packages_above_depth=None, packages_select_by_dep=None, packages_skip_by_dep=None, packages_skip_up_to=None, packages_select_build_failed=False, packages_skip_build_finished=False, packages_select_test_failures=False, packages_skip_test_passed=False, packages_select=None, packages_skip=None, packages_select_regex=None, packages_skip_regex=None, packages_start=None, packages_end=None, allow_overriding=[], cmake_args=None, cmake_target=None, cmake_target_skip_unavailable=False, cmake_clean_cache=False, cmake_clean_first=False, cmake_force_configure=False, ament_cmake_args=None, catkin_cmake_args=None, catkin_skip_building_tests=False, verb_parser=<colcon_defaults.argument_parser.defaults.DefaultArgumentsDecorator object at 0x7420e10370d0>, verb_extension=<colcon_core.verb.build.BuildVerb object at 0x7420e1036b90>, main=<bound method BuildVerb.main of <colcon_core.verb.build.BuildVerb object at 0x7420e1036b90>>)
[0.307s] Level 1:colcon.colcon_core.package_discovery:discover_packages(colcon_meta) check parameters
[0.307s] Level 1:colcon.colcon_core.package_discovery:discover_packages(recursive) check parameters
[0.307s] Level 1:colcon.colcon_core.package_discovery:discover_packages(ignore) check parameters
[0.308s] Level 1:colcon.colcon_core.package_discovery:discover_packages(path) check parameters
[0.308s] Level 1:colcon.colcon_core.package_discovery:discover_packages(colcon_meta) discover
[0.308s] Level 1:colcon.colcon_core.package_discovery:discover_packages(recursive) discover
[0.308s] INFO:colcon.colcon_core.package_discovery:Crawling recursively for packages in '/home/theanh/Robot_Project/AMR_Robot/amr1_ws'
[0.308s] Level 1:colcon.colcon_core.package_identification:_identify(.) by extensions ['ignore', 'ignore_ament_install']
[0.308s] Level 1:colcon.colcon_core.package_identification:_identify(.) by extension 'ignore'
[0.308s] Level 1:colcon.colcon_core.package_identification:_identify(.) by extension 'ignore_ament_install'
[0.308s] Level 1:colcon.colcon_core.package_identification:_identify(.) by extensions ['colcon_pkg']
[0.308s] Level 1:colcon.colcon_core.package_identification:_identify(.) by extension 'colcon_pkg'
[0.308s] Level 1:colcon.colcon_core.package_identification:_identify(.) by extensions ['colcon_meta']
[0.308s] Level 1:colcon.colcon_core.package_identification:_identify(.) by extension 'colcon_meta'
[0.308s] Level 1:colcon.colcon_core.package_identification:_identify(.) by extensions ['ros']
[0.308s] Level 1:colcon.colcon_core.package_identification:_identify(.) by extension 'ros'
[0.326s] Level 1:colcon.colcon_core.package_identification:_identify(.) by extensions ['cmake', 'python']
[0.326s] Level 1:colcon.colcon_core.package_identification:_identify(.) by extension 'cmake'
[0.326s] Level 1:colcon.colcon_core.package_identification:_identify(.) by extension 'python'
[0.326s] Level 1:colcon.colcon_core.package_identification:_identify(.) by extensions ['python_setup_py']
[0.326s] Level 1:colcon.colcon_core.package_identification:_identify(.) by extension 'python_setup_py'
[0.326s] Level 1:colcon.colcon_core.package_identification:_identify(build) by extensions ['ignore', 'ignore_ament_install']
[0.327s] Level 1:colcon.colcon_core.package_identification:_identify(build) by extension 'ignore'
[0.327s] Level 1:colcon.colcon_core.package_identification:_identify(build) ignored
[0.327s] Level 1:colcon.colcon_core.package_identification:_identify(install) by extensions ['ignore', 'ignore_ament_install']
[0.327s] Level 1:colcon.colcon_core.package_identification:_identify(install) by extension 'ignore'
[0.327s] Level 1:colcon.colcon_core.package_identification:_identify(install) ignored
[0.327s] Level 1:colcon.colcon_core.package_identification:_identify(log) by extensions ['ignore', 'ignore_ament_install']
[0.327s] Level 1:colcon.colcon_core.package_identification:_identify(log) by extension 'ignore'
[0.327s] Level 1:colcon.colcon_core.package_identification:_identify(log) ignored
[0.327s] Level 1:colcon.colcon_core.package_identification:_identify(src) by extensions ['ignore', 'ignore_ament_install']
[0.327s] Level 1:colcon.colcon_core.package_identification:_identify(src) by extension 'ignore'
[0.327s] Level 1:colcon.colcon_core.package_identification:_identify(src) by extension 'ignore_ament_install'
[0.327s] Level 1:colcon.colcon_core.package_identification:_identify(src) by extensions ['colcon_pkg']
[0.327s] Level 1:colcon.colcon_core.package_identification:_identify(src) by extension 'colcon_pkg'
[0.327s] Level 1:colcon.colcon_core.package_identification:_identify(src) by extensions ['colcon_meta']
[0.327s] Level 1:colcon.colcon_core.package_identification:_identify(src) by extension 'colcon_meta'
[0.327s] Level 1:colcon.colcon_core.package_identification:_identify(src) by extensions ['ros']
[0.327s] Level 1:colcon.colcon_core.package_identification:_identify(src) by extension 'ros'
[0.327s] Level 1:colcon.colcon_core.package_identification:_identify(src) by extensions ['cmake', 'python']
[0.327s] Level 1:colcon.colcon_core.package_identification:_identify(src) by extension 'cmake'
[0.327s] Level 1:colcon.colcon_core.package_identification:_identify(src) by extension 'python'
[0.328s] Level 1:colcon.colcon_core.package_identification:_identify(src) by extensions ['python_setup_py']
[0.328s] Level 1:colcon.colcon_core.package_identification:_identify(src) by extension 'python_setup_py'
[0.328s] Level 1:colcon.colcon_core.package_identification:_identify(src/amr_reality_pkg) by extensions ['ignore', 'ignore_ament_install']
[0.328s] Level 1:colcon.colcon_core.package_identification:_identify(src/amr_reality_pkg) by extension 'ignore'
[0.328s] Level 1:colcon.colcon_core.package_identification:_identify(src/amr_reality_pkg) by extension 'ignore_ament_install'
[0.328s] Level 1:colcon.colcon_core.package_identification:_identify(src/amr_reality_pkg) by extensions ['colcon_pkg']
[0.328s] Level 1:colcon.colcon_core.package_identification:_identify(src/amr_reality_pkg) by extension 'colcon_pkg'
[0.328s] Level 1:colcon.colcon_core.package_identification:_identify(src/amr_reality_pkg) by extensions ['colcon_meta']
[0.328s] Level 1:colcon.colcon_core.package_identification:_identify(src/amr_reality_pkg) by extension 'colcon_meta'
[0.328s] Level 1:colcon.colcon_core.package_identification:_identify(src/amr_reality_pkg) by extensions ['ros']
[0.328s] Level 1:colcon.colcon_core.package_identification:_identify(src/amr_reality_pkg) by extension 'ros'
[0.330s] DEBUG:colcon.colcon_core.package_identification:Package 'src/amr_reality_pkg' with type 'ros.ament_cmake' and name 'amr_reality_pkg'
[0.330s] Level 1:colcon.colcon_core.package_identification:_identify(src/amr_sim_pkg) by extensions ['ignore', 'ignore_ament_install']
[0.330s] Level 1:colcon.colcon_core.package_identification:_identify(src/amr_sim_pkg) by extension 'ignore'
[0.330s] Level 1:colcon.colcon_core.package_identification:_identify(src/amr_sim_pkg) by extension 'ignore_ament_install'
[0.330s] Level 1:colcon.colcon_core.package_identification:_identify(src/amr_sim_pkg) by extensions ['colcon_pkg']
[0.330s] Level 1:colcon.colcon_core.package_identification:_identify(src/amr_sim_pkg) by extension 'colcon_pkg'
[0.330s] Level 1:colcon.colcon_core.package_identification:_identify(src/amr_sim_pkg) by extensions ['colcon_meta']
[0.330s] Level 1:colcon.colcon_core.package_identification:_identify(src/amr_sim_pkg) by extension 'colcon_meta'
[0.330s] Level 1:colcon.colcon_core.package_identification:_identify(src/amr_sim_pkg) by extensions ['ros']
[0.330s] Level 1:colcon.colcon_core.package_identification:_identify(src/amr_sim_pkg) by extension 'ros'
[0.331s] DEBUG:colcon.colcon_core.package_identification:Package 'src/amr_sim_pkg' with type 'ros.ament_cmake' and name 'amr_sim_pkg'
[0.331s] Level 1:colcon.colcon_core.package_identification:_identify(src/laser_filters) by extensions ['ignore', 'ignore_ament_install']
[0.331s] Level 1:colcon.colcon_core.package_identification:_identify(src/laser_filters) by extension 'ignore'
[0.331s] Level 1:colcon.colcon_core.package_identification:_identify(src/laser_filters) by extension 'ignore_ament_install'
[0.331s] Level 1:colcon.colcon_core.package_identification:_identify(src/laser_filters) by extensions ['colcon_pkg']
[0.331s] Level 1:colcon.colcon_core.package_identification:_identify(src/laser_filters) by extension 'colcon_pkg'
[0.331s] Level 1:colcon.colcon_core.package_identification:_identify(src/laser_filters) by extensions ['colcon_meta']
[0.331s] Level 1:colcon.colcon_core.package_identification:_identify(src/laser_filters) by extension 'colcon_meta'
[0.331s] Level 1:colcon.colcon_core.package_identification:_identify(src/laser_filters) by extensions ['ros']
[0.331s] Level 1:colcon.colcon_core.package_identification:_identify(src/laser_filters) by extension 'ros'
[0.333s] DEBUG:colcon.colcon_core.package_identification:Package 'src/laser_filters' with type 'ros.ament_cmake' and name 'laser_filters'
[0.333s] Level 1:colcon.colcon_core.package_identification:_identify(src/sllidar_ros2) by extensions ['ignore', 'ignore_ament_install']
[0.333s] Level 1:colcon.colcon_core.package_identification:_identify(src/sllidar_ros2) by extension 'ignore'
[0.333s] Level 1:colcon.colcon_core.package_identification:_identify(src/sllidar_ros2) by extension 'ignore_ament_install'
[0.333s] Level 1:colcon.colcon_core.package_identification:_identify(src/sllidar_ros2) by extensions ['colcon_pkg']
[0.333s] Level 1:colcon.colcon_core.package_identification:_identify(src/sllidar_ros2) by extension 'colcon_pkg'
[0.333s] Level 1:colcon.colcon_core.package_identification:_identify(src/sllidar_ros2) by extensions ['colcon_meta']
[0.333s] Level 1:colcon.colcon_core.package_identification:_identify(src/sllidar_ros2) by extension 'colcon_meta'
[0.333s] Level 1:colcon.colcon_core.package_identification:_identify(src/sllidar_ros2) by extensions ['ros']
[0.333s] Level 1:colcon.colcon_core.package_identification:_identify(src/sllidar_ros2) by extension 'ros'
[0.334s] DEBUG:colcon.colcon_core.package_identification:Package 'src/sllidar_ros2' with type 'ros.ament_cmake' and name 'sllidar_ros2'
[0.334s] Level 1:colcon.colcon_core.package_discovery:discover_packages(recursive) using defaults
[0.334s] Level 1:colcon.colcon_core.package_discovery:discover_packages(ignore) discover
[0.334s] Level 1:colcon.colcon_core.package_discovery:discover_packages(ignore) using defaults
[0.334s] Level 1:colcon.colcon_core.package_discovery:discover_packages(path) discover
[0.334s] Level 1:colcon.colcon_core.package_discovery:discover_packages(path) using defaults
[0.352s] Level 1:colcon.colcon_core.package_discovery:discover_packages(prefix_path) check parameters
[0.352s] Level 1:colcon.colcon_core.package_discovery:discover_packages(prefix_path) discover
[0.353s] WARNING:colcon.colcon_ros.prefix_path.ament:The path '/home/theanh/Robot_Project/AMR_Robot/amr1_ws/install/sllidar_ros2' in the environment variable AMENT_PREFIX_PATH doesn't exist
[0.353s] WARNING:colcon.colcon_ros.prefix_path.ament:The path '/home/theanh/Robot_Project/AMR_Robot/amr1_ws/install/laser_filters' in the environment variable AMENT_PREFIX_PATH doesn't exist
[0.353s] WARNING:colcon.colcon_ros.prefix_path.ament:The path '/home/theanh/Robot_Project/AMR_Robot/amr1_ws/install/amr_sim_pkg' in the environment variable AMENT_PREFIX_PATH doesn't exist
[0.353s] WARNING:colcon.colcon_ros.prefix_path.ament:The path '/home/theanh/Robot_Project/AMR_Robot/amr1_ws/install/amr_reality_pkg' in the environment variable AMENT_PREFIX_PATH doesn't exist
[0.353s] WARNING:colcon.colcon_ros.prefix_path.catkin:The path '/home/theanh/Robot_Project/AMR_Robot/amr1_ws/install/sllidar_ros2' in the environment variable CMAKE_PREFIX_PATH doesn't exist
[0.353s] WARNING:colcon.colcon_ros.prefix_path.catkin:The path '/home/theanh/Robot_Project/AMR_Robot/amr1_ws/install/laser_filters' in the environment variable CMAKE_PREFIX_PATH doesn't exist
[0.353s] WARNING:colcon.colcon_ros.prefix_path.catkin:The path '/home/theanh/Robot_Project/AMR_Robot/amr1_ws/install/amr_sim_pkg' in the environment variable CMAKE_PREFIX_PATH doesn't exist
[0.353s] WARNING:colcon.colcon_ros.prefix_path.catkin:The path '/home/theanh/Robot_Project/AMR_Robot/amr1_ws/install/amr_reality_pkg' in the environment variable CMAKE_PREFIX_PATH doesn't exist
[0.354s] DEBUG:colcon.colcon_installed_package_information.package_discovery:Found 0 installed packages in /home/theanh/Robot_Project/AMR_Robot/amr1_ws/install
[0.355s] DEBUG:colcon.colcon_installed_package_information.package_discovery:Found 9 installed packages in /home/theanh/ros2_ws1/install
[0.355s] DEBUG:colcon.colcon_installed_package_information.package_discovery:Found 2 installed packages in /home/theanh/agv_test_ws/install
[0.357s] DEBUG:colcon.colcon_installed_package_information.package_discovery:Found 484 installed packages in /opt/ros/humble
[0.360s] Level 1:colcon.colcon_core.package_discovery:discover_packages(prefix_path) using defaults
[0.414s] Level 5:colcon.colcon_core.verb:set package 'amr_reality_pkg' build argument 'cmake_args' from command line to 'None'
[0.414s] Level 5:colcon.colcon_core.verb:set package 'amr_reality_pkg' build argument 'cmake_target' from command line to 'None'
[0.414s] Level 5:colcon.colcon_core.verb:set package 'amr_reality_pkg' build argument 'cmake_target_skip_unavailable' from command line to 'False'
[0.414s] Level 5:colcon.colcon_core.verb:set package 'amr_reality_pkg' build argument 'cmake_clean_cache' from command line to 'False'
[0.414s] Level 5:colcon.colcon_core.verb:set package 'amr_reality_pkg' build argument 'cmake_clean_first' from command line to 'False'
[0.414s] Level 5:colcon.colcon_core.verb:set package 'amr_reality_pkg' build argument 'cmake_force_configure' from command line to 'False'
[0.414s] Level 5:colcon.colcon_core.verb:set package 'amr_reality_pkg' build argument 'ament_cmake_args' from command line to 'None'
[0.414s] Level 5:colcon.colcon_core.verb:set package 'amr_reality_pkg' build argument 'catkin_cmake_args' from command line to 'None'
[0.414s] Level 5:colcon.colcon_core.verb:set package 'amr_reality_pkg' build argument 'catkin_skip_building_tests' from command line to 'False'
[0.414s] DEBUG:colcon.colcon_core.verb:Building package 'amr_reality_pkg' with the following arguments: {'ament_cmake_args': None, 'build_base': '/home/theanh/Robot_Project/AMR_Robot/amr1_ws/build/amr_reality_pkg', 'catkin_cmake_args': None, 'catkin_skip_building_tests': False, 'cmake_args': None, 'cmake_clean_cache': False, 'cmake_clean_first': False, 'cmake_force_configure': False, 'cmake_target': None, 'cmake_target_skip_unavailable': False, 'install_base': '/home/theanh/Robot_Project/AMR_Robot/amr1_ws/install/amr_reality_pkg', 'merge_install': False, 'path': '/home/theanh/Robot_Project/AMR_Robot/amr1_ws/src/amr_reality_pkg', 'symlink_install': True, 'test_result_base': None}
[0.414s] Level 5:colcon.colcon_core.verb:set package 'amr_sim_pkg' build argument 'cmake_args' from command line to 'None'
[0.414s] Level 5:colcon.colcon_core.verb:set package 'amr_sim_pkg' build argument 'cmake_target' from command line to 'None'
[0.414s] Level 5:colcon.colcon_core.verb:set package 'amr_sim_pkg' build argument 'cmake_target_skip_unavailable' from command line to 'False'
[0.414s] Level 5:colcon.colcon_core.verb:set package 'amr_sim_pkg' build argument 'cmake_clean_cache' from command line to 'False'
[0.414s] Level 5:colcon.colcon_core.verb:set package 'amr_sim_pkg' build argument 'cmake_clean_first' from command line to 'False'
[0.414s] Level 5:colcon.colcon_core.verb:set package 'amr_sim_pkg' build argument 'cmake_force_configure' from command line to 'False'
[0.414s] Level 5:colcon.colcon_core.verb:set package 'amr_sim_pkg' build argument 'ament_cmake_args' from command line to 'None'
[0.414s] Level 5:colcon.colcon_core.verb:set package 'amr_sim_pkg' build argument 'catkin_cmake_args' from command line to 'None'
[0.414s] Level 5:colcon.colcon_core.verb:set package 'amr_sim_pkg' build argument 'catkin_skip_building_tests' from command line to 'False'
[0.414s] DEBUG:colcon.colcon_core.verb:Building package 'amr_sim_pkg' with the following arguments: {'ament_cmake_args': None, 'build_base': '/home/theanh/Robot_Project/AMR_Robot/amr1_ws/build/amr_sim_pkg', 'catkin_cmake_args': None, 'catkin_skip_building_tests': False, 'cmake_args': None, 'cmake_clean_cache': False, 'cmake_clean_first': False, 'cmake_force_configure': False, 'cmake_target': None, 'cmake_target_skip_unavailable': False, 'install_base': '/home/theanh/Robot_Project/AMR_Robot/amr1_ws/install/amr_sim_pkg', 'merge_install': False, 'path': '/home/theanh/Robot_Project/AMR_Robot/amr1_ws/src/amr_sim_pkg', 'symlink_install': True, 'test_result_base': None}
[0.415s] Level 5:colcon.colcon_core.verb:set package 'laser_filters' build argument 'cmake_args' from command line to 'None'
[0.415s] Level 5:colcon.colcon_core.verb:set package 'laser_filters' build argument 'cmake_target' from command line to 'None'
[0.415s] Level 5:colcon.colcon_core.verb:set package 'laser_filters' build argument 'cmake_target_skip_unavailable' from command line to 'False'
[0.415s] Level 5:colcon.colcon_core.verb:set package 'laser_filters' build argument 'cmake_clean_cache' from command line to 'False'
[0.415s] Level 5:colcon.colcon_core.verb:set package 'laser_filters' build argument 'cmake_clean_first' from command line to 'False'
[0.415s] Level 5:colcon.colcon_core.verb:set package 'laser_filters' build argument 'cmake_force_configure' from command line to 'False'
[0.415s] Level 5:colcon.colcon_core.verb:set package 'laser_filters' build argument 'ament_cmake_args' from command line to 'None'
[0.415s] Level 5:colcon.colcon_core.verb:set package 'laser_filters' build argument 'catkin_cmake_args' from command line to 'None'
[0.415s] Level 5:colcon.colcon_core.verb:set package 'laser_filters' build argument 'catkin_skip_building_tests' from command line to 'False'
[0.415s] DEBUG:colcon.colcon_core.verb:Building package 'laser_filters' with the following arguments: {'ament_cmake_args': None, 'build_base': '/home/theanh/Robot_Project/AMR_Robot/amr1_ws/build/laser_filters', 'catkin_cmake_args': None, 'catkin_skip_building_tests': False, 'cmake_args': None, 'cmake_clean_cache': False, 'cmake_clean_first': False, 'cmake_force_configure': False, 'cmake_target': None, 'cmake_target_skip_unavailable': False, 'install_base': '/home/theanh/Robot_Project/AMR_Robot/amr1_ws/install/laser_filters', 'merge_install': False, 'path': '/home/theanh/Robot_Project/AMR_Robot/amr1_ws/src/laser_filters', 'symlink_install': True, 'test_result_base': None}
[0.415s] Level 5:colcon.colcon_core.verb:set package 'sllidar_ros2' build argument 'cmake_args' from command line to 'None'
[0.415s] Level 5:colcon.colcon_core.verb:set package 'sllidar_ros2' build argument 'cmake_target' from command line to 'None'
[0.415s] Level 5:colcon.colcon_core.verb:set package 'sllidar_ros2' build argument 'cmake_target_skip_unavailable' from command line to 'False'
[0.415s] Level 5:colcon.colcon_core.verb:set package 'sllidar_ros2' build argument 'cmake_clean_cache' from command line to 'False'
[0.415s] Level 5:colcon.colcon_core.verb:set package 'sllidar_ros2' build argument 'cmake_clean_first' from command line to 'False'
[0.415s] Level 5:colcon.colcon_core.verb:set package 'sllidar_ros2' build argument 'cmake_force_configure' from command line to 'False'
[0.415s] Level 5:colcon.colcon_core.verb:set package 'sllidar_ros2' build argument 'ament_cmake_args' from command line to 'None'
[0.415s] Level 5:colcon.colcon_core.verb:set package 'sllidar_ros2' build argument 'catkin_cmake_args' from command line to 'None'
[0.415s] Level 5:colcon.colcon_core.verb:set package 'sllidar_ros2' build argument 'catkin_skip_building_tests' from command line to 'False'
[0.415s] DEBUG:colcon.colcon_core.verb:Building package 'sllidar_ros2' with the following arguments: {'ament_cmake_args': None, 'build_base': '/home/theanh/Robot_Project/AMR_Robot/amr1_ws/build/sllidar_ros2', 'catkin_cmake_args': None, 'catkin_skip_building_tests': False, 'cmake_args': None, 'cmake_clean_cache': False, 'cmake_clean_first': False, 'cmake_force_configure': False, 'cmake_target': None, 'cmake_target_skip_unavailable': False, 'install_base': '/home/theanh/Robot_Project/AMR_Robot/amr1_ws/install/sllidar_ros2', 'merge_install': False, 'path': '/home/theanh/Robot_Project/AMR_Robot/amr1_ws/src/sllidar_ros2', 'symlink_install': True, 'test_result_base': None}
[0.415s] INFO:colcon.colcon_core.executor:Executing jobs using 'parallel' executor
[0.416s] DEBUG:colcon.colcon_parallel_executor.executor.parallel:run_until_complete
[0.417s] INFO:colcon.colcon_ros.task.ament_cmake.build:Building ROS package in '/home/theanh/Robot_Project/AMR_Robot/amr1_ws/src/amr_reality_pkg' with build type 'ament_cmake'
[0.417s] INFO:colcon.colcon_cmake.task.cmake.build:Building CMake package in '/home/theanh/Robot_Project/AMR_Robot/amr1_ws/src/amr_reality_pkg'
[0.418s] INFO:colcon.colcon_core.plugin_system:Skipping extension 'colcon_core.shell.bat': Not used on non-Windows systems
[0.418s] INFO:colcon.colcon_core.shell:Skip shell extension 'powershell' for command environment: Not usable outside of PowerShell
[0.418s] DEBUG:colcon.colcon_core.shell:Skip shell extension 'dsv' for command environment
[0.424s] INFO:colcon.colcon_ros.task.ament_cmake.build:Building ROS package in '/home/theanh/Robot_Project/AMR_Robot/amr1_ws/src/amr_sim_pkg' with build type 'ament_cmake'
[0.424s] INFO:colcon.colcon_cmake.task.cmake.build:Building CMake package in '/home/theanh/Robot_Project/AMR_Robot/amr1_ws/src/amr_sim_pkg'
[0.424s] INFO:colcon.colcon_core.shell:Skip shell extension 'powershell' for command environment: Not usable outside of PowerShell
[0.424s] DEBUG:colcon.colcon_core.shell:Skip shell extension 'dsv' for command environment
[0.429s] INFO:colcon.colcon_ros.task.ament_cmake.build:Building ROS package in '/home/theanh/Robot_Project/AMR_Robot/amr1_ws/src/laser_filters' with build type 'ament_cmake'
[0.429s] INFO:colcon.colcon_cmake.task.cmake.build:Building CMake package in '/home/theanh/Robot_Project/AMR_Robot/amr1_ws/src/laser_filters'
[0.429s] INFO:colcon.colcon_core.shell:Skip shell extension 'powershell' for command environment: Not usable outside of PowerShell
[0.429s] DEBUG:colcon.colcon_core.shell:Skip shell extension 'dsv' for command environment
[0.434s] INFO:colcon.colcon_ros.task.ament_cmake.build:Building ROS package in '/home/theanh/Robot_Project/AMR_Robot/amr1_ws/src/sllidar_ros2' with build type 'ament_cmake'
[0.435s] INFO:colcon.colcon_cmake.task.cmake.build:Building CMake package in '/home/theanh/Robot_Project/AMR_Robot/amr1_ws/src/sllidar_ros2'
[0.435s] INFO:colcon.colcon_core.shell:Skip shell extension 'powershell' for command environment: Not usable outside of PowerShell
[0.435s] DEBUG:colcon.colcon_core.shell:Skip shell extension 'dsv' for command environment
[0.442s] DEBUG:colcon.colcon_core.event_handler.log_command:Invoking command in '/home/theanh/Robot_Project/AMR_Robot/amr1_ws/build/amr_reality_pkg': CMAKE_PREFIX_PATH=${CMAKE_PREFIX_PATH}:/opt/ros/humble /usr/bin/cmake /home/theanh/Robot_Project/AMR_Robot/amr1_ws/src/amr_reality_pkg -DAMENT_CMAKE_SYMLINK_INSTALL=1 -DCMAKE_INSTALL_PREFIX=/home/theanh/Robot_Project/AMR_Robot/amr1_ws/install/amr_reality_pkg
[0.446s] DEBUG:colcon.colcon_core.event_handler.log_command:Invoking command in '/home/theanh/Robot_Project/AMR_Robot/amr1_ws/build/amr_sim_pkg': CMAKE_PREFIX_PATH=${CMAKE_PREFIX_PATH}:/opt/ros/humble /usr/bin/cmake /home/theanh/Robot_Project/AMR_Robot/amr1_ws/src/amr_sim_pkg -DAMENT_CMAKE_SYMLINK_INSTALL=1 -DCMAKE_INSTALL_PREFIX=/home/theanh/Robot_Project/AMR_Robot/amr1_ws/install/amr_sim_pkg
[0.448s] DEBUG:colcon.colcon_core.event_handler.log_command:Invoking command in '/home/theanh/Robot_Project/AMR_Robot/amr1_ws/build/laser_filters': CMAKE_PREFIX_PATH=${CMAKE_PREFIX_PATH}:/opt/ros/humble /usr/bin/cmake /home/theanh/Robot_Project/AMR_Robot/amr1_ws/src/laser_filters -DAMENT_CMAKE_SYMLINK_INSTALL=1 -DCMAKE_INSTALL_PREFIX=/home/theanh/Robot_Project/AMR_Robot/amr1_ws/install/laser_filters
[0.452s] DEBUG:colcon.colcon_core.event_handler.log_command:Invoking command in '/home/theanh/Robot_Project/AMR_Robot/amr1_ws/build/sllidar_ros2': CMAKE_PREFIX_PATH=${CMAKE_PREFIX_PATH}:/opt/ros/humble /usr/bin/cmake /home/theanh/Robot_Project/AMR_Robot/amr1_ws/src/sllidar_ros2 -DAMENT_CMAKE_SYMLINK_INSTALL=1 -DCMAKE_INSTALL_PREFIX=/home/theanh/Robot_Project/AMR_Robot/amr1_ws/install/sllidar_ros2
[2.111s] DEBUG:colcon.colcon_core.event_handler.log_command:Invoked command in '/home/theanh/Robot_Project/AMR_Robot/amr1_ws/build/sllidar_ros2' returned '0': CMAKE_PREFIX_PATH=${CMAKE_PREFIX_PATH}:/opt/ros/humble /usr/bin/cmake /home/theanh/Robot_Project/AMR_Robot/amr1_ws/src/sllidar_ros2 -DAMENT_CMAKE_SYMLINK_INSTALL=1 -DCMAKE_INSTALL_PREFIX=/home/theanh/Robot_Project/AMR_Robot/amr1_ws/install/sllidar_ros2
[2.113s] DEBUG:colcon.colcon_core.event_handler.log_command:Invoking command in '/home/theanh/Robot_Project/AMR_Robot/amr1_ws/build/sllidar_ros2': CMAKE_PREFIX_PATH=${CMAKE_PREFIX_PATH}:/opt/ros/humble /usr/bin/cmake --build /home/theanh/Robot_Project/AMR_Robot/amr1_ws/build/sllidar_ros2 -- -j15 -l15
[2.386s] DEBUG:colcon.colcon_core.event_handler.log_command:Invoked command in '/home/theanh/Robot_Project/AMR_Robot/amr1_ws/build/amr_reality_pkg' returned '0': CMAKE_PREFIX_PATH=${CMAKE_PREFIX_PATH}:/opt/ros/humble /usr/bin/cmake /home/theanh/Robot_Project/AMR_Robot/amr1_ws/src/amr_reality_pkg -DAMENT_CMAKE_SYMLINK_INSTALL=1 -DCMAKE_INSTALL_PREFIX=/home/theanh/Robot_Project/AMR_Robot/amr1_ws/install/amr_reality_pkg
[2.388s] DEBUG:colcon.colcon_core.event_handler.log_command:Invoking command in '/home/theanh/Robot_Project/AMR_Robot/amr1_ws/build/amr_reality_pkg': CMAKE_PREFIX_PATH=${CMAKE_PREFIX_PATH}:/opt/ros/humble /usr/bin/cmake --build /home/theanh/Robot_Project/AMR_Robot/amr1_ws/build/amr_reality_pkg -- -j15 -l15
[2.403s] DEBUG:colcon.colcon_core.event_handler.log_command:Invoked command in '/home/theanh/Robot_Project/AMR_Robot/amr1_ws/build/amr_sim_pkg' returned '0': CMAKE_PREFIX_PATH=${CMAKE_PREFIX_PATH}:/opt/ros/humble /usr/bin/cmake /home/theanh/Robot_Project/AMR_Robot/amr1_ws/src/amr_sim_pkg -DAMENT_CMAKE_SYMLINK_INSTALL=1 -DCMAKE_INSTALL_PREFIX=/home/theanh/Robot_Project/AMR_Robot/amr1_ws/install/amr_sim_pkg
[2.405s] DEBUG:colcon.colcon_core.event_handler.log_command:Invoking command in '/home/theanh/Robot_Project/AMR_Robot/amr1_ws/build/amr_sim_pkg': CMAKE_PREFIX_PATH=${CMAKE_PREFIX_PATH}:/opt/ros/humble /usr/bin/cmake --build /home/theanh/Robot_Project/AMR_Robot/amr1_ws/build/amr_sim_pkg -- -j15 -l15
[2.474s] DEBUG:colcon.colcon_core.event_handler.log_command:Invoked command in '/home/theanh/Robot_Project/AMR_Robot/amr1_ws/build/amr_sim_pkg' returned '0': CMAKE_PREFIX_PATH=${CMAKE_PREFIX_PATH}:/opt/ros/humble /usr/bin/cmake --build /home/theanh/Robot_Project/AMR_Robot/amr1_ws/build/amr_sim_pkg -- -j15 -l15
[2.490s] DEBUG:colcon.colcon_core.event_handler.log_command:Invoking command in '/home/theanh/Robot_Project/AMR_Robot/amr1_ws/build/amr_sim_pkg': CMAKE_PREFIX_PATH=${CMAKE_PREFIX_PATH}:/opt/ros/humble /usr/bin/cmake --install /home/theanh/Robot_Project/AMR_Robot/amr1_ws/build/amr_sim_pkg
[2.704s] DEBUG:colcon.colcon_core.event_handler.log_command:Invoked command in '/home/theanh/Robot_Project/AMR_Robot/amr1_ws/build/laser_filters' returned '0': CMAKE_PREFIX_PATH=${CMAKE_PREFIX_PATH}:/opt/ros/humble /usr/bin/cmake /home/theanh/Robot_Project/AMR_Robot/amr1_ws/src/laser_filters -DAMENT_CMAKE_SYMLINK_INSTALL=1 -DCMAKE_INSTALL_PREFIX=/home/theanh/Robot_Project/AMR_Robot/amr1_ws/install/laser_filters
[2.706s] DEBUG:colcon.colcon_core.event_handler.log_command:Invoking command in '/home/theanh/Robot_Project/AMR_Robot/amr1_ws/build/laser_filters': CMAKE_PREFIX_PATH=${CMAKE_PREFIX_PATH}:/opt/ros/humble /usr/bin/cmake --build /home/theanh/Robot_Project/AMR_Robot/amr1_ws/build/laser_filters -- -j15 -l15
[3.627s] Level 1:colcon.colcon_core.environment:create_environment_scripts_only(amr_sim_pkg)
[3.632s] Level 1:colcon.colcon_core.environment:checking '/home/theanh/Robot_Project/AMR_Robot/amr1_ws/install/amr_sim_pkg' for CMake module files
[3.635s] DEBUG:colcon.colcon_core.event_handler.log_command:Invoked command in '/home/theanh/Robot_Project/AMR_Robot/amr1_ws/build/amr_sim_pkg' returned '0': CMAKE_PREFIX_PATH=${CMAKE_PREFIX_PATH}:/opt/ros/humble /usr/bin/cmake --install /home/theanh/Robot_Project/AMR_Robot/amr1_ws/build/amr_sim_pkg
[3.639s] Level 1:colcon.colcon_core.environment:checking '/home/theanh/Robot_Project/AMR_Robot/amr1_ws/install/amr_sim_pkg' for CMake config files
[3.641s] Level 1:colcon.colcon_core.shell:create_environment_hook('amr_sim_pkg', 'cmake_prefix_path')
[3.641s] INFO:colcon.colcon_core.shell:Creating environment hook '/home/theanh/Robot_Project/AMR_Robot/amr1_ws/install/amr_sim_pkg/share/amr_sim_pkg/hook/cmake_prefix_path.ps1'
[3.642s] INFO:colcon.colcon_core.shell:Creating environment descriptor '/home/theanh/Robot_Project/AMR_Robot/amr1_ws/install/amr_sim_pkg/share/amr_sim_pkg/hook/cmake_prefix_path.dsv'
[3.643s] INFO:colcon.colcon_core.shell:Creating environment hook '/home/theanh/Robot_Project/AMR_Robot/amr1_ws/install/amr_sim_pkg/share/amr_sim_pkg/hook/cmake_prefix_path.sh'
[3.649s] Level 1:colcon.colcon_core.environment:checking '/home/theanh/Robot_Project/AMR_Robot/amr1_ws/install/amr_sim_pkg/lib'
[3.650s] Level 1:colcon.colcon_core.environment:checking '/home/theanh/Robot_Project/AMR_Robot/amr1_ws/install/amr_sim_pkg/bin'
[3.650s] Level 1:colcon.colcon_core.environment:checking '/home/theanh/Robot_Project/AMR_Robot/amr1_ws/install/amr_sim_pkg/lib/pkgconfig/amr_sim_pkg.pc'
[3.650s] Level 1:colcon.colcon_core.environment:checking '/home/theanh/Robot_Project/AMR_Robot/amr1_ws/install/amr_sim_pkg/lib/python3.10/site-packages'
[3.651s] Level 1:colcon.colcon_core.environment:checking '/home/theanh/Robot_Project/AMR_Robot/amr1_ws/install/amr_sim_pkg/bin'
[3.653s] INFO:colcon.colcon_core.shell:Creating package script '/home/theanh/Robot_Project/AMR_Robot/amr1_ws/install/amr_sim_pkg/share/amr_sim_pkg/package.ps1'
[3.658s] INFO:colcon.colcon_core.shell:Creating package descriptor '/home/theanh/Robot_Project/AMR_Robot/amr1_ws/install/amr_sim_pkg/share/amr_sim_pkg/package.dsv'
[3.659s] INFO:colcon.colcon_core.shell:Creating package script '/home/theanh/Robot_Project/AMR_Robot/amr1_ws/install/amr_sim_pkg/share/amr_sim_pkg/package.sh'
[3.665s] INFO:colcon.colcon_core.shell:Creating package script '/home/theanh/Robot_Project/AMR_Robot/amr1_ws/install/amr_sim_pkg/share/amr_sim_pkg/package.bash'
[3.667s] INFO:colcon.colcon_core.shell:Creating package script '/home/theanh/Robot_Project/AMR_Robot/amr1_ws/install/amr_sim_pkg/share/amr_sim_pkg/package.zsh'
[3.668s] Level 1:colcon.colcon_core.environment:create_file_with_runtime_dependencies(/home/theanh/Robot_Project/AMR_Robot/amr1_ws/install/amr_sim_pkg/share/colcon-core/packages/amr_sim_pkg)
[3.669s] Level 1:colcon.colcon_core.environment:create_environment_scripts_only(amr_sim_pkg)
[3.669s] Level 1:colcon.colcon_core.environment:checking '/home/theanh/Robot_Project/AMR_Robot/amr1_ws/install/amr_sim_pkg' for CMake module files
[3.675s] Level 1:colcon.colcon_core.environment:checking '/home/theanh/Robot_Project/AMR_Robot/amr1_ws/install/amr_sim_pkg' for CMake config files
[3.678s] Level 1:colcon.colcon_core.shell:create_environment_hook('amr_sim_pkg', 'cmake_prefix_path')
[3.678s] INFO:colcon.colcon_core.shell:Creating environment hook '/home/theanh/Robot_Project/AMR_Robot/amr1_ws/install/amr_sim_pkg/share/amr_sim_pkg/hook/cmake_prefix_path.ps1'
[3.679s] INFO:colcon.colcon_core.shell:Creating environment descriptor '/home/theanh/Robot_Project/AMR_Robot/amr1_ws/install/amr_sim_pkg/share/amr_sim_pkg/hook/cmake_prefix_path.dsv'
[3.680s] INFO:colcon.colcon_core.shell:Creating environment hook '/home/theanh/Robot_Project/AMR_Robot/amr1_ws/install/amr_sim_pkg/share/amr_sim_pkg/hook/cmake_prefix_path.sh'
[3.684s] Level 1:colcon.colcon_core.environment:checking '/home/theanh/Robot_Project/AMR_Robot/amr1_ws/install/amr_sim_pkg/lib'
[3.685s] Level 1:colcon.colcon_core.environment:checking '/home/theanh/Robot_Project/AMR_Robot/amr1_ws/install/amr_sim_pkg/bin'
[3.685s] Level 1:colcon.colcon_core.environment:checking '/home/theanh/Robot_Project/AMR_Robot/amr1_ws/install/amr_sim_pkg/lib/pkgconfig/amr_sim_pkg.pc'
[3.686s] Level 1:colcon.colcon_core.environment:checking '/home/theanh/Robot_Project/AMR_Robot/amr1_ws/install/amr_sim_pkg/lib/python3.10/site-packages'
[3.686s] Level 1:colcon.colcon_core.environment:checking '/home/theanh/Robot_Project/AMR_Robot/amr1_ws/install/amr_sim_pkg/bin'
[3.687s] INFO:colcon.colcon_core.shell:Creating package script '/home/theanh/Robot_Project/AMR_Robot/amr1_ws/install/amr_sim_pkg/share/amr_sim_pkg/package.ps1'
[3.694s] INFO:colcon.colcon_core.shell:Creating package descriptor '/home/theanh/Robot_Project/AMR_Robot/amr1_ws/install/amr_sim_pkg/share/amr_sim_pkg/package.dsv'
[3.696s] INFO:colcon.colcon_core.shell:Creating package script '/home/theanh/Robot_Project/AMR_Robot/amr1_ws/install/amr_sim_pkg/share/amr_sim_pkg/package.sh'
[3.697s] INFO:colcon.colcon_core.shell:Creating package script '/home/theanh/Robot_Project/AMR_Robot/amr1_ws/install/amr_sim_pkg/share/amr_sim_pkg/package.bash'
[3.697s] INFO:colcon.colcon_core.shell:Creating package script '/home/theanh/Robot_Project/AMR_Robot/amr1_ws/install/amr_sim_pkg/share/amr_sim_pkg/package.zsh'
[3.698s] Level 1:colcon.colcon_core.environment:create_file_with_runtime_dependencies(/home/theanh/Robot_Project/AMR_Robot/amr1_ws/install/amr_sim_pkg/share/colcon-core/packages/amr_sim_pkg)
[4.590s] DEBUG:colcon.colcon_core.event_handler.log_command:Invoked command in '/home/theanh/Robot_Project/AMR_Robot/amr1_ws/build/amr_reality_pkg' returned '0': CMAKE_PREFIX_PATH=${CMAKE_PREFIX_PATH}:/opt/ros/humble /usr/bin/cmake --build /home/theanh/Robot_Project/AMR_Robot/amr1_ws/build/amr_reality_pkg -- -j15 -l15
[4.592s] DEBUG:colcon.colcon_core.event_handler.log_command:Invoking command in '/home/theanh/Robot_Project/AMR_Robot/amr1_ws/build/amr_reality_pkg': CMAKE_PREFIX_PATH=${CMAKE_PREFIX_PATH}:/opt/ros/humble /usr/bin/cmake --install /home/theanh/Robot_Project/AMR_Robot/amr1_ws/build/amr_reality_pkg
[5.278s] Level 1:colcon.colcon_core.environment:create_environment_scripts_only(amr_reality_pkg)
[5.279s] Level 1:colcon.colcon_core.environment:checking '/home/theanh/Robot_Project/AMR_Robot/amr1_ws/install/amr_reality_pkg' for CMake module files
[5.279s] DEBUG:colcon.colcon_core.event_handler.log_command:Invoked command in '/home/theanh/Robot_Project/AMR_Robot/amr1_ws/build/amr_reality_pkg' returned '0': CMAKE_PREFIX_PATH=${CMAKE_PREFIX_PATH}:/opt/ros/humble /usr/bin/cmake --install /home/theanh/Robot_Project/AMR_Robot/amr1_ws/build/amr_reality_pkg
[5.280s] Level 1:colcon.colcon_core.environment:checking '/home/theanh/Robot_Project/AMR_Robot/amr1_ws/install/amr_reality_pkg' for CMake config files
[5.281s] Level 1:colcon.colcon_core.shell:create_environment_hook('amr_reality_pkg', 'cmake_prefix_path')
[5.281s] INFO:colcon.colcon_core.shell:Creating environment hook '/home/theanh/Robot_Project/AMR_Robot/amr1_ws/install/amr_reality_pkg/share/amr_reality_pkg/hook/cmake_prefix_path.ps1'
[5.281s] INFO:colcon.colcon_core.shell:Creating environment descriptor '/home/theanh/Robot_Project/AMR_Robot/amr1_ws/install/amr_reality_pkg/share/amr_reality_pkg/hook/cmake_prefix_path.dsv'
[5.282s] INFO:colcon.colcon_core.shell:Creating environment hook '/home/theanh/Robot_Project/AMR_Robot/amr1_ws/install/amr_reality_pkg/share/amr_reality_pkg/hook/cmake_prefix_path.sh'
[5.282s] Level 1:colcon.colcon_core.environment:checking '/home/theanh/Robot_Project/AMR_Robot/amr1_ws/install/amr_reality_pkg/lib'
[5.282s] Level 1:colcon.colcon_core.environment:checking '/home/theanh/Robot_Project/AMR_Robot/amr1_ws/install/amr_reality_pkg/bin'
[5.282s] Level 1:colcon.colcon_core.environment:checking '/home/theanh/Robot_Project/AMR_Robot/amr1_ws/install/amr_reality_pkg/lib/pkgconfig/amr_reality_pkg.pc'
[5.283s] Level 1:colcon.colcon_core.environment:checking '/home/theanh/Robot_Project/AMR_Robot/amr1_ws/install/amr_reality_pkg/lib/python3.10/site-packages'
[5.283s] Level 1:colcon.colcon_core.environment:checking '/home/theanh/Robot_Project/AMR_Robot/amr1_ws/install/amr_reality_pkg/bin'
[5.283s] INFO:colcon.colcon_core.shell:Creating package script '/home/theanh/Robot_Project/AMR_Robot/amr1_ws/install/amr_reality_pkg/share/amr_reality_pkg/package.ps1'
[5.284s] INFO:colcon.colcon_core.shell:Creating package descriptor '/home/theanh/Robot_Project/AMR_Robot/amr1_ws/install/amr_reality_pkg/share/amr_reality_pkg/package.dsv'
[5.284s] INFO:colcon.colcon_core.shell:Creating package script '/home/theanh/Robot_Project/AMR_Robot/amr1_ws/install/amr_reality_pkg/share/amr_reality_pkg/package.sh'
[5.284s] INFO:colcon.colcon_core.shell:Creating package script '/home/theanh/Robot_Project/AMR_Robot/amr1_ws/install/amr_reality_pkg/share/amr_reality_pkg/package.bash'
[5.285s] INFO:colcon.colcon_core.shell:Creating package script '/home/theanh/Robot_Project/AMR_Robot/amr1_ws/install/amr_reality_pkg/share/amr_reality_pkg/package.zsh'
[5.285s] Level 1:colcon.colcon_core.environment:create_file_with_runtime_dependencies(/home/theanh/Robot_Project/AMR_Robot/amr1_ws/install/amr_reality_pkg/share/colcon-core/packages/amr_reality_pkg)
[5.286s] Level 1:colcon.colcon_core.environment:create_environment_scripts_only(amr_reality_pkg)
[5.286s] Level 1:colcon.colcon_core.environment:checking '/home/theanh/Robot_Project/AMR_Robot/amr1_ws/install/amr_reality_pkg' for CMake module files
[5.287s] Level 1:colcon.colcon_core.environment:checking '/home/theanh/Robot_Project/AMR_Robot/amr1_ws/install/amr_reality_pkg' for CMake config files
[5.287s] Level 1:colcon.colcon_core.shell:create_environment_hook('amr_reality_pkg', 'cmake_prefix_path')
[5.288s] INFO:colcon.colcon_core.shell:Creating environment hook '/home/theanh/Robot_Project/AMR_Robot/amr1_ws/install/amr_reality_pkg/share/amr_reality_pkg/hook/cmake_prefix_path.ps1'
[5.288s] INFO:colcon.colcon_core.shell:Creating environment descriptor '/home/theanh/Robot_Project/AMR_Robot/amr1_ws/install/amr_reality_pkg/share/amr_reality_pkg/hook/cmake_prefix_path.dsv'
[5.288s] INFO:colcon.colcon_core.shell:Creating environment hook '/home/theanh/Robot_Project/AMR_Robot/amr1_ws/install/amr_reality_pkg/share/amr_reality_pkg/hook/cmake_prefix_path.sh'
[5.289s] Level 1:colcon.colcon_core.environment:checking '/home/theanh/Robot_Project/AMR_Robot/amr1_ws/install/amr_reality_pkg/lib'
[5.289s] Level 1:colcon.colcon_core.environment:checking '/home/theanh/Robot_Project/AMR_Robot/amr1_ws/install/amr_reality_pkg/bin'
[5.289s] Level 1:colcon.colcon_core.environment:checking '/home/theanh/Robot_Project/AMR_Robot/amr1_ws/install/amr_reality_pkg/lib/pkgconfig/amr_reality_pkg.pc'
[5.289s] Level 1:colcon.colcon_core.environment:checking '/home/theanh/Robot_Project/AMR_Robot/amr1_ws/install/amr_reality_pkg/lib/python3.10/site-packages'
[5.290s] Level 1:colcon.colcon_core.environment:checking '/home/theanh/Robot_Project/AMR_Robot/amr1_ws/install/amr_reality_pkg/bin'
[5.290s] INFO:colcon.colcon_core.shell:Creating package script '/home/theanh/Robot_Project/AMR_Robot/amr1_ws/install/amr_reality_pkg/share/amr_reality_pkg/package.ps1'
[5.290s] INFO:colcon.colcon_core.shell:Creating package descriptor '/home/theanh/Robot_Project/AMR_Robot/amr1_ws/install/amr_reality_pkg/share/amr_reality_pkg/package.dsv'
[5.291s] INFO:colcon.colcon_core.shell:Creating package script '/home/theanh/Robot_Project/AMR_Robot/amr1_ws/install/amr_reality_pkg/share/amr_reality_pkg/package.sh'
[5.291s] INFO:colcon.colcon_core.shell:Creating package script '/home/theanh/Robot_Project/AMR_Robot/amr1_ws/install/amr_reality_pkg/share/amr_reality_pkg/package.bash'
[5.292s] INFO:colcon.colcon_core.shell:Creating package script '/home/theanh/Robot_Project/AMR_Robot/amr1_ws/install/amr_reality_pkg/share/amr_reality_pkg/package.zsh'
[5.292s] Level 1:colcon.colcon_core.environment:create_file_with_runtime_dependencies(/home/theanh/Robot_Project/AMR_Robot/amr1_ws/install/amr_reality_pkg/share/colcon-core/packages/amr_reality_pkg)
[12.671s] DEBUG:colcon.colcon_core.event_handler.log_command:Invoked command in '/home/theanh/Robot_Project/AMR_Robot/amr1_ws/build/sllidar_ros2' returned '0': CMAKE_PREFIX_PATH=${CMAKE_PREFIX_PATH}:/opt/ros/humble /usr/bin/cmake --build /home/theanh/Robot_Project/AMR_Robot/amr1_ws/build/sllidar_ros2 -- -j15 -l15
[12.673s] DEBUG:colcon.colcon_core.event_handler.log_command:Invoking command in '/home/theanh/Robot_Project/AMR_Robot/amr1_ws/build/sllidar_ros2': CMAKE_PREFIX_PATH=${CMAKE_PREFIX_PATH}:/opt/ros/humble /usr/bin/cmake --install /home/theanh/Robot_Project/AMR_Robot/amr1_ws/build/sllidar_ros2
[13.198s] Level 1:colcon.colcon_core.environment:create_environment_scripts_only(sllidar_ros2)
[13.198s] Level 1:colcon.colcon_core.environment:checking '/home/theanh/Robot_Project/AMR_Robot/amr1_ws/install/sllidar_ros2' for CMake module files
[13.199s] DEBUG:colcon.colcon_core.event_handler.log_command:Invoked command in '/home/theanh/Robot_Project/AMR_Robot/amr1_ws/build/sllidar_ros2' returned '0': CMAKE_PREFIX_PATH=${CMAKE_PREFIX_PATH}:/opt/ros/humble /usr/bin/cmake --install /home/theanh/Robot_Project/AMR_Robot/amr1_ws/build/sllidar_ros2
[13.199s] Level 1:colcon.colcon_core.environment:checking '/home/theanh/Robot_Project/AMR_Robot/amr1_ws/install/sllidar_ros2' for CMake config files
[13.200s] Level 1:colcon.colcon_core.shell:create_environment_hook('sllidar_ros2', 'cmake_prefix_path')
[13.200s] INFO:colcon.colcon_core.shell:Creating environment hook '/home/theanh/Robot_Project/AMR_Robot/amr1_ws/install/sllidar_ros2/share/sllidar_ros2/hook/cmake_prefix_path.ps1'
[13.201s] INFO:colcon.colcon_core.shell:Creating environment descriptor '/home/theanh/Robot_Project/AMR_Robot/amr1_ws/install/sllidar_ros2/share/sllidar_ros2/hook/cmake_prefix_path.dsv'
[13.201s] INFO:colcon.colcon_core.shell:Creating environment hook '/home/theanh/Robot_Project/AMR_Robot/amr1_ws/install/sllidar_ros2/share/sllidar_ros2/hook/cmake_prefix_path.sh'
[13.202s] Level 1:colcon.colcon_core.environment:checking '/home/theanh/Robot_Project/AMR_Robot/amr1_ws/install/sllidar_ros2/lib'
[13.202s] Level 1:colcon.colcon_core.environment:checking '/home/theanh/Robot_Project/AMR_Robot/amr1_ws/install/sllidar_ros2/bin'
[13.202s] Level 1:colcon.colcon_core.environment:checking '/home/theanh/Robot_Project/AMR_Robot/amr1_ws/install/sllidar_ros2/lib/pkgconfig/sllidar_ros2.pc'
[13.202s] Level 1:colcon.colcon_core.environment:checking '/home/theanh/Robot_Project/AMR_Robot/amr1_ws/install/sllidar_ros2/lib/python3.10/site-packages'
[13.203s] Level 1:colcon.colcon_core.environment:checking '/home/theanh/Robot_Project/AMR_Robot/amr1_ws/install/sllidar_ros2/bin'
[13.203s] INFO:colcon.colcon_core.shell:Creating package script '/home/theanh/Robot_Project/AMR_Robot/amr1_ws/install/sllidar_ros2/share/sllidar_ros2/package.ps1'
[13.203s] INFO:colcon.colcon_core.shell:Creating package descriptor '/home/theanh/Robot_Project/AMR_Robot/amr1_ws/install/sllidar_ros2/share/sllidar_ros2/package.dsv'
[13.204s] INFO:colcon.colcon_core.shell:Creating package script '/home/theanh/Robot_Project/AMR_Robot/amr1_ws/install/sllidar_ros2/share/sllidar_ros2/package.sh'
[13.204s] INFO:colcon.colcon_core.shell:Creating package script '/home/theanh/Robot_Project/AMR_Robot/amr1_ws/install/sllidar_ros2/share/sllidar_ros2/package.bash'
[13.204s] INFO:colcon.colcon_core.shell:Creating package script '/home/theanh/Robot_Project/AMR_Robot/amr1_ws/install/sllidar_ros2/share/sllidar_ros2/package.zsh'
[13.205s] Level 1:colcon.colcon_core.environment:create_file_with_runtime_dependencies(/home/theanh/Robot_Project/AMR_Robot/amr1_ws/install/sllidar_ros2/share/colcon-core/packages/sllidar_ros2)
[13.205s] Level 1:colcon.colcon_core.environment:create_environment_scripts_only(sllidar_ros2)
[13.206s] Level 1:colcon.colcon_core.environment:checking '/home/theanh/Robot_Project/AMR_Robot/amr1_ws/install/sllidar_ros2' for CMake module files
[13.206s] Level 1:colcon.colcon_core.environment:checking '/home/theanh/Robot_Project/AMR_Robot/amr1_ws/install/sllidar_ros2' for CMake config files
[13.207s] Level 1:colcon.colcon_core.shell:create_environment_hook('sllidar_ros2', 'cmake_prefix_path')
[13.207s] INFO:colcon.colcon_core.shell:Creating environment hook '/home/theanh/Robot_Project/AMR_Robot/amr1_ws/install/sllidar_ros2/share/sllidar_ros2/hook/cmake_prefix_path.ps1'
[13.207s] INFO:colcon.colcon_core.shell:Creating environment descriptor '/home/theanh/Robot_Project/AMR_Robot/amr1_ws/install/sllidar_ros2/share/sllidar_ros2/hook/cmake_prefix_path.dsv'
[13.208s] INFO:colcon.colcon_core.shell:Creating environment hook '/home/theanh/Robot_Project/AMR_Robot/amr1_ws/install/sllidar_ros2/share/sllidar_ros2/hook/cmake_prefix_path.sh'
[13.208s] Level 1:colcon.colcon_core.environment:checking '/home/theanh/Robot_Project/AMR_Robot/amr1_ws/install/sllidar_ros2/lib'
[13.208s] Level 1:colcon.colcon_core.environment:checking '/home/theanh/Robot_Project/AMR_Robot/amr1_ws/install/sllidar_ros2/bin'
[13.208s] Level 1:colcon.colcon_core.environment:checking '/home/theanh/Robot_Project/AMR_Robot/amr1_ws/install/sllidar_ros2/lib/pkgconfig/sllidar_ros2.pc'
[13.208s] Level 1:colcon.colcon_core.environment:checking '/home/theanh/Robot_Project/AMR_Robot/amr1_ws/install/sllidar_ros2/lib/python3.10/site-packages'
[13.209s] Level 1:colcon.colcon_core.environment:checking '/home/theanh/Robot_Project/AMR_Robot/amr1_ws/install/sllidar_ros2/bin'
[13.209s] INFO:colcon.colcon_core.shell:Creating package script '/home/theanh/Robot_Project/AMR_Robot/amr1_ws/install/sllidar_ros2/share/sllidar_ros2/package.ps1'
[13.209s] INFO:colcon.colcon_core.shell:Creating package descriptor '/home/theanh/Robot_Project/AMR_Robot/amr1_ws/install/sllidar_ros2/share/sllidar_ros2/package.dsv'
[13.210s] INFO:colcon.colcon_core.shell:Creating package script '/home/theanh/Robot_Project/AMR_Robot/amr1_ws/install/sllidar_ros2/share/sllidar_ros2/package.sh'
[13.210s] INFO:colcon.colcon_core.shell:Creating package script '/home/theanh/Robot_Project/AMR_Robot/amr1_ws/install/sllidar_ros2/share/sllidar_ros2/package.bash'
[13.211s] INFO:colcon.colcon_core.shell:Creating package script '/home/theanh/Robot_Project/AMR_Robot/amr1_ws/install/sllidar_ros2/share/sllidar_ros2/package.zsh'
[13.211s] Level 1:colcon.colcon_core.environment:create_file_with_runtime_dependencies(/home/theanh/Robot_Project/AMR_Robot/amr1_ws/install/sllidar_ros2/share/colcon-core/packages/sllidar_ros2)
[77.732s] DEBUG:colcon.colcon_core.event_handler.log_command:Invoked command in '/home/theanh/Robot_Project/AMR_Robot/amr1_ws/build/laser_filters' returned '0': CMAKE_PREFIX_PATH=${CMAKE_PREFIX_PATH}:/opt/ros/humble /usr/bin/cmake --build /home/theanh/Robot_Project/AMR_Robot/amr1_ws/build/laser_filters -- -j15 -l15
[77.733s] DEBUG:colcon.colcon_core.event_handler.log_command:Invoking command in '/home/theanh/Robot_Project/AMR_Robot/amr1_ws/build/laser_filters': CMAKE_PREFIX_PATH=${CMAKE_PREFIX_PATH}:/opt/ros/humble /usr/bin/cmake --install /home/theanh/Robot_Project/AMR_Robot/amr1_ws/build/laser_filters
[78.679s] Level 1:colcon.colcon_core.environment:create_environment_scripts_only(laser_filters)
[78.679s] Level 1:colcon.colcon_core.environment:checking '/home/theanh/Robot_Project/AMR_Robot/amr1_ws/install/laser_filters' for CMake module files
[78.679s] DEBUG:colcon.colcon_core.event_handler.log_command:Invoked command in '/home/theanh/Robot_Project/AMR_Robot/amr1_ws/build/laser_filters' returned '0': CMAKE_PREFIX_PATH=${CMAKE_PREFIX_PATH}:/opt/ros/humble /usr/bin/cmake --install /home/theanh/Robot_Project/AMR_Robot/amr1_ws/build/laser_filters
[78.680s] Level 1:colcon.colcon_core.environment:checking '/home/theanh/Robot_Project/AMR_Robot/amr1_ws/install/laser_filters' for CMake config files
[78.681s] Level 1:colcon.colcon_core.shell:create_environment_hook('laser_filters', 'cmake_prefix_path')
[78.681s] INFO:colcon.colcon_core.shell:Creating environment hook '/home/theanh/Robot_Project/AMR_Robot/amr1_ws/install/laser_filters/share/laser_filters/hook/cmake_prefix_path.ps1'
[78.681s] INFO:colcon.colcon_core.shell:Creating environment descriptor '/home/theanh/Robot_Project/AMR_Robot/amr1_ws/install/laser_filters/share/laser_filters/hook/cmake_prefix_path.dsv'
[78.682s] INFO:colcon.colcon_core.shell:Creating environment hook '/home/theanh/Robot_Project/AMR_Robot/amr1_ws/install/laser_filters/share/laser_filters/hook/cmake_prefix_path.sh'
[78.682s] Level 1:colcon.colcon_core.environment:checking '/home/theanh/Robot_Project/AMR_Robot/amr1_ws/install/laser_filters/lib'
[78.682s] Level 1:colcon.colcon_core.shell:create_environment_hook('laser_filters', 'ld_library_path_lib')
[78.683s] INFO:colcon.colcon_core.shell:Creating environment hook '/home/theanh/Robot_Project/AMR_Robot/amr1_ws/install/laser_filters/share/laser_filters/hook/ld_library_path_lib.ps1'
[78.683s] INFO:colcon.colcon_core.shell:Creating environment descriptor '/home/theanh/Robot_Project/AMR_Robot/amr1_ws/install/laser_filters/share/laser_filters/hook/ld_library_path_lib.dsv'
[78.683s] INFO:colcon.colcon_core.shell:Creating environment hook '/home/theanh/Robot_Project/AMR_Robot/amr1_ws/install/laser_filters/share/laser_filters/hook/ld_library_path_lib.sh'
[78.683s] Level 1:colcon.colcon_core.environment:checking '/home/theanh/Robot_Project/AMR_Robot/amr1_ws/install/laser_filters/bin'
[78.683s] Level 1:colcon.colcon_core.environment:checking '/home/theanh/Robot_Project/AMR_Robot/amr1_ws/install/laser_filters/lib/pkgconfig/laser_filters.pc'
[78.684s] Level 1:colcon.colcon_core.environment:checking '/home/theanh/Robot_Project/AMR_Robot/amr1_ws/install/laser_filters/lib/python3.10/site-packages'
[78.684s] Level 1:colcon.colcon_core.environment:checking '/home/theanh/Robot_Project/AMR_Robot/amr1_ws/install/laser_filters/bin'
[78.684s] INFO:colcon.colcon_core.shell:Creating package script '/home/theanh/Robot_Project/AMR_Robot/amr1_ws/install/laser_filters/share/laser_filters/package.ps1'
[78.685s] INFO:colcon.colcon_core.shell:Creating package descriptor '/home/theanh/Robot_Project/AMR_Robot/amr1_ws/install/laser_filters/share/laser_filters/package.dsv'
[78.685s] INFO:colcon.colcon_core.shell:Creating package script '/home/theanh/Robot_Project/AMR_Robot/amr1_ws/install/laser_filters/share/laser_filters/package.sh'
[78.685s] INFO:colcon.colcon_core.shell:Creating package script '/home/theanh/Robot_Project/AMR_Robot/amr1_ws/install/laser_filters/share/laser_filters/package.bash'
[78.686s] INFO:colcon.colcon_core.shell:Creating package script '/home/theanh/Robot_Project/AMR_Robot/amr1_ws/install/laser_filters/share/laser_filters/package.zsh'
[78.686s] Level 1:colcon.colcon_core.environment:create_file_with_runtime_dependencies(/home/theanh/Robot_Project/AMR_Robot/amr1_ws/install/laser_filters/share/colcon-core/packages/laser_filters)
[78.687s] Level 1:colcon.colcon_core.environment:create_environment_scripts_only(laser_filters)
[78.687s] Level 1:colcon.colcon_core.environment:checking '/home/theanh/Robot_Project/AMR_Robot/amr1_ws/install/laser_filters' for CMake module files
[78.687s] Level 1:colcon.colcon_core.environment:checking '/home/theanh/Robot_Project/AMR_Robot/amr1_ws/install/laser_filters' for CMake config files
[78.688s] Level 1:colcon.colcon_core.shell:create_environment_hook('laser_filters', 'cmake_prefix_path')
[78.688s] INFO:colcon.colcon_core.shell:Creating environment hook '/home/theanh/Robot_Project/AMR_Robot/amr1_ws/install/laser_filters/share/laser_filters/hook/cmake_prefix_path.ps1'
[78.863s] INFO:colcon.colcon_core.shell:Creating environment descriptor '/home/theanh/Robot_Project/AMR_Robot/amr1_ws/install/laser_filters/share/laser_filters/hook/cmake_prefix_path.dsv'
[78.865s] INFO:colcon.colcon_core.shell:Creating environment hook '/home/theanh/Robot_Project/AMR_Robot/amr1_ws/install/laser_filters/share/laser_filters/hook/cmake_prefix_path.sh'
[78.867s] Level 1:colcon.colcon_core.environment:checking '/home/theanh/Robot_Project/AMR_Robot/amr1_ws/install/laser_filters/lib'
[78.867s] Level 1:colcon.colcon_core.shell:create_environment_hook('laser_filters', 'ld_library_path_lib')
[78.867s] INFO:colcon.colcon_core.shell:Creating environment hook '/home/theanh/Robot_Project/AMR_Robot/amr1_ws/install/laser_filters/share/laser_filters/hook/ld_library_path_lib.ps1'
[79.216s] INFO:colcon.colcon_core.shell:Creating environment descriptor '/home/theanh/Robot_Project/AMR_Robot/amr1_ws/install/laser_filters/share/laser_filters/hook/ld_library_path_lib.dsv'
[79.218s] INFO:colcon.colcon_core.shell:Creating environment hook '/home/theanh/Robot_Project/AMR_Robot/amr1_ws/install/laser_filters/share/laser_filters/hook/ld_library_path_lib.sh'
[79.219s] Level 1:colcon.colcon_core.environment:checking '/home/theanh/Robot_Project/AMR_Robot/amr1_ws/install/laser_filters/bin'
[79.219s] Level 1:colcon.colcon_core.environment:checking '/home/theanh/Robot_Project/AMR_Robot/amr1_ws/install/laser_filters/lib/pkgconfig/laser_filters.pc'
[79.220s] Level 1:colcon.colcon_core.environment:checking '/home/theanh/Robot_Project/AMR_Robot/amr1_ws/install/laser_filters/lib/python3.10/site-packages'
[79.220s] Level 1:colcon.colcon_core.environment:checking '/home/theanh/Robot_Project/AMR_Robot/amr1_ws/install/laser_filters/bin'
[79.220s] INFO:colcon.colcon_core.shell:Creating package script '/home/theanh/Robot_Project/AMR_Robot/amr1_ws/install/laser_filters/share/laser_filters/package.ps1'
[79.221s] INFO:colcon.colcon_core.shell:Creating package descriptor '/home/theanh/Robot_Project/AMR_Robot/amr1_ws/install/laser_filters/share/laser_filters/package.dsv'
[79.221s] INFO:colcon.colcon_core.shell:Creating package script '/home/theanh/Robot_Project/AMR_Robot/amr1_ws/install/laser_filters/share/laser_filters/package.sh'
[79.222s] INFO:colcon.colcon_core.shell:Creating package script '/home/theanh/Robot_Project/AMR_Robot/amr1_ws/install/laser_filters/share/laser_filters/package.bash'
[79.222s] INFO:colcon.colcon_core.shell:Creating package script '/home/theanh/Robot_Project/AMR_Robot/amr1_ws/install/laser_filters/share/laser_filters/package.zsh'
[79.558s] Level 1:colcon.colcon_core.environment:create_file_with_runtime_dependencies(/home/theanh/Robot_Project/AMR_Robot/amr1_ws/install/laser_filters/share/colcon-core/packages/laser_filters)
[79.558s] DEBUG:colcon.colcon_parallel_executor.executor.parallel:closing loop
[79.558s] DEBUG:colcon.colcon_parallel_executor.executor.parallel:loop closed
[79.558s] DEBUG:colcon.colcon_parallel_executor.executor.parallel:run_until_complete finished with '0'
[79.558s] DEBUG:colcon.colcon_core.event_reactor:joining thread
[79.563s] INFO:colcon.colcon_core.plugin_system:Skipping extension 'colcon_notification.desktop_notification.terminal_notifier': Not used on non-Darwin systems
[79.563s] INFO:colcon.colcon_core.plugin_system:Skipping extension 'colcon_notification.desktop_notification.win32': Not used on non-Windows systems
[79.563s] INFO:colcon.colcon_notification.desktop_notification:Sending desktop notification using 'notify2'
[79.573s] DEBUG:colcon.colcon_core.event_reactor:joined thread
[79.573s] INFO:colcon.colcon_core.shell:Creating prefix script '/home/theanh/Robot_Project/AMR_Robot/amr1_ws/install/local_setup.ps1'
[79.574s] INFO:colcon.colcon_core.shell:Creating prefix util module '/home/theanh/Robot_Project/AMR_Robot/amr1_ws/install/_local_setup_util_ps1.py'
[79.575s] INFO:colcon.colcon_core.shell:Creating prefix chain script '/home/theanh/Robot_Project/AMR_Robot/amr1_ws/install/setup.ps1'
[79.576s] INFO:colcon.colcon_core.shell:Creating prefix script '/home/theanh/Robot_Project/AMR_Robot/amr1_ws/install/local_setup.sh'
[79.577s] INFO:colcon.colcon_core.shell:Creating prefix util module '/home/theanh/Robot_Project/AMR_Robot/amr1_ws/install/_local_setup_util_sh.py'
[79.577s] INFO:colcon.colcon_core.shell:Creating prefix chain script '/home/theanh/Robot_Project/AMR_Robot/amr1_ws/install/setup.sh'
[79.579s] INFO:colcon.colcon_core.shell:Creating prefix script '/home/theanh/Robot_Project/AMR_Robot/amr1_ws/install/local_setup.bash'
[79.579s] INFO:colcon.colcon_core.shell:Creating prefix chain script '/home/theanh/Robot_Project/AMR_Robot/amr1_ws/install/setup.bash'
[79.581s] INFO:colcon.colcon_core.shell:Creating prefix script '/home/theanh/Robot_Project/AMR_Robot/amr1_ws/install/local_setup.zsh'
[79.581s] INFO:colcon.colcon_core.shell:Creating prefix chain script '/home/theanh/Robot_Project/AMR_Robot/amr1_ws/install/setup.zsh'
