[0.049s] Invoking command in '/home/orangepi/Robot_Project/AMR_Robot/amr_robot/build/amr_reality_pkg': CMAKE_PREFIX_PATH=${CMAKE_PREFIX_PATH}:/opt/ros/humble /usr/bin/cmake /home/orangepi/Robot_Project/AMR_Robot/amr_robot/src/amr_reality_pkg -DCMAKE_INSTALL_PREFIX=/home/orangepi/Robot_Project/AMR_Robot/amr_robot/install/amr_reality_pkg
[0.087s] -- Found ament_cmake: 1.3.14 (/opt/ros/humble/share/ament_cmake/cmake)
[0.271s] -- Override CMake install command with custom implementation using symlinks instead of copying resources
[0.305s] -- Found rclcpp: 16.0.19 (/opt/ros/humble/share/rclcpp/cmake)
[0.360s] -- Found rosidl_generator_c: 3.1.9 (/opt/ros/humble/share/rosidl_generator_c/cmake)
[0.364s] -- Found rosidl_adapter: 3.1.9 (/opt/ros/humble/share/rosidl_adapter/cmake)
[0.374s] -- Found rosidl_generator_cpp: 3.1.9 (/opt/ros/humble/share/rosidl_generator_cpp/cmake)
[0.389s] -- Using all available rosidl_typesupport_c: rosidl_typesupport_fastrtps_c;rosidl_typesupport_introspection_c
[0.408s] -- Using all available rosidl_typesupport_cpp: rosidl_typesupport_fastrtps_cpp;rosidl_typesupport_introspection_cpp
[0.459s] -- Found rmw_implementation_cmake: 6.1.3 (/opt/ros/humble/share/rmw_implementation_cmake/cmake)
[0.462s] -- Found rmw_fastrtps_cpp: 6.2.10 (/opt/ros/humble/share/rmw_fastrtps_cpp/cmake)
[0.632s] -- Using RMW implementation 'rmw_fastrtps_cpp' as default
[0.721s] -- Found canopen_core: 0.2.13 (/opt/ros/humble/share/canopen_core/cmake)
[0.817s] -- Found canopen_base_driver: 0.2.13 (/opt/ros/humble/share/canopen_base_driver/cmake)
[0.870s] -- Found canopen_proxy_driver: 0.2.13 (/opt/ros/humble/share/canopen_proxy_driver/cmake)
[0.886s] -- Found ament_lint_auto: 0.12.15 (/opt/ros/humble/share/ament_lint_auto/cmake)
[1.027s] -- Added test 'flake8' to check Python code syntax and style conventions
[1.028s] -- Added test 'lint_cmake' to check CMake code style
[1.028s] -- Added test 'pep257' to check Python code against some of the docstring style conventions in PEP 257
[1.031s] -- Added test 'xmllint' to check XML markup files
[1.033s] -- Configuring done
[1.043s] -- Generating done
[1.048s] -- Build files have been written to: /home/orangepi/Robot_Project/AMR_Robot/amr_robot/build/amr_reality_pkg
[1.066s] Invoked command in '/home/orangepi/Robot_Project/AMR_Robot/amr_robot/build/amr_reality_pkg' returned '0': CMAKE_PREFIX_PATH=${CMAKE_PREFIX_PATH}:/opt/ros/humble /usr/bin/cmake /home/orangepi/Robot_Project/AMR_Robot/amr_robot/src/amr_reality_pkg -DCMAKE_INSTALL_PREFIX=/home/orangepi/Robot_Project/AMR_Robot/amr_robot/install/amr_reality_pkg
[1.067s] Invoking command in '/home/orangepi/Robot_Project/AMR_Robot/amr_robot/build/amr_reality_pkg': CMAKE_PREFIX_PATH=${CMAKE_PREFIX_PATH}:/opt/ros/humble /usr/bin/cmake --build /home/orangepi/Robot_Project/AMR_Robot/amr_robot/build/amr_reality_pkg -- -j8 -l8
[1.217s] Built target robot_control_prepare
[2.231s] joint1: writing 4 bytes to 0x1400/1: 02 02 00 80
[2.232s] joint1: writing 1 bytes to 0x1400/2: 01
[2.232s] joint1: writing 1 bytes to 0x1600/0: 00
[2.233s] joint1: writing 4 bytes to 0x1600/1: 10 00 40 60
[2.233s] joint1: writing 4 bytes to 0x1600/2: 08 00 60 60
[2.233s] joint1: writing 1 bytes to 0x1600/0: 02
[2.233s] joint1: writing 4 bytes to 0x1400/1: 02 02 00 00
[2.233s] joint1: writing 4 bytes to 0x1401/1: 02 03 00 80
[2.233s] joint1: writing 1 bytes to 0x1401/2: 01
[2.233s] joint1: writing 1 bytes to 0x1601/0: 00
[2.233s] joint1: writing 4 bytes to 0x1601/1: 20 00 7A 60
[2.233s] joint1: writing 4 bytes to 0x1601/2: 20 00 FF 60
[2.233s] joint1: writing 1 bytes to 0x1601/0: 02
[2.234s] joint1: writing 4 bytes to 0x1401/1: 02 03 00 00
[2.234s] joint1: writing 4 bytes to 0x1800/1: 82 01 00 80
[2.234s] joint1: writing 1 bytes to 0x1800/2: 01
[2.234s] joint1: writing 1 bytes to 0x1A00/0: 00
[2.234s] joint1: writing 4 bytes to 0x1A00/1: 10 00 41 60
[2.234s] joint1: writing 4 bytes to 0x1A00/2: 08 00 61 60
[2.234s] joint1: writing 1 bytes to 0x1A00/0: 02
[2.234s] joint1: writing 4 bytes to 0x1800/1: 82 01 00 00
[2.234s] joint1: writing 4 bytes to 0x1801/1: 82 02 00 80
[2.234s] joint1: writing 1 bytes to 0x1801/2: 01
[2.234s] joint1: writing 1 bytes to 0x1A01/0: 00
[2.234s] joint1: writing 4 bytes to 0x1A01/1: 20 00 64 60
[2.235s] joint1: writing 4 bytes to 0x1A01/2: 20 00 6C 60
[2.235s] joint1: writing 1 bytes to 0x1A01/0: 02
[2.235s] joint1: writing 4 bytes to 0x1801/1: 82 02 00 00
[2.235s] joint1: writing 4 bytes to 0x1802/1: 82 03 00 80
[2.235s] joint1: writing 1 bytes to 0x1802/2: 01
[2.235s] joint1: writing 1 bytes to 0x1A02/0: 00
[2.235s] joint1: writing 4 bytes to 0x1A02/1: 10 00 3F 60
[2.235s] joint1: writing 1 bytes to 0x1A02/0: 01
[2.235s] joint1: writing 4 bytes to 0x1802/1: 82 03 00 00
[2.235s] joint1: writing 2 bytes to 0x6040/0: 80 00
[2.235s] joint1: writing 4 bytes to 0x6083/0: A0 86 01 00
[2.235s] joint1: writing 4 bytes to 0x6084/0: A0 86 01 00
[2.235s] joint2: writing 4 bytes to 0x1400/1: 03 02 00 80
[2.236s] joint2: writing 1 bytes to 0x1400/2: 01
[2.236s] joint2: writing 1 bytes to 0x1600/0: 00
[2.236s] joint2: writing 4 bytes to 0x1600/1: 10 00 40 60
[2.236s] joint2: writing 4 bytes to 0x1600/2: 08 00 60 60
[2.236s] joint2: writing 1 bytes to 0x1600/0: 02
[2.236s] joint2: writing 4 bytes to 0x1400/1: 03 02 00 00
[2.236s] joint2: writing 4 bytes to 0x1401/1: 03 03 00 80
[2.236s] joint2: writing 1 bytes to 0x1401/2: 01
[2.236s] joint2: writing 1 bytes to 0x1601/0: 00
[2.236s] joint2: writing 4 bytes to 0x1601/1: 20 00 7A 60
[2.236s] joint2: writing 4 bytes to 0x1601/2: 20 00 FF 60
[2.237s] joint2: writing 1 bytes to 0x1601/0: 02
[2.237s] joint2: writing 4 bytes to 0x1401/1: 03 03 00 00
[2.237s] joint2: writing 4 bytes to 0x1800/1: 83 01 00 80
[2.237s] joint2: writing 1 bytes to 0x1800/2: 01
[2.237s] joint2: writing 1 bytes to 0x1A00/0: 00
[2.237s] joint2: writing 4 bytes to 0x1A00/1: 10 00 41 60
[2.237s] joint2: writing 4 bytes to 0x1A00/2: 08 00 61 60
[2.237s] joint2: writing 1 bytes to 0x1A00/0: 02
[2.237s] joint2: writing 4 bytes to 0x1800/1: 83 01 00 00
[2.237s] joint2: writing 4 bytes to 0x1801/1: 83 02 00 80
[2.237s] joint2: writing 1 bytes to 0x1801/2: 01
[2.237s] joint2: writing 1 bytes to 0x1A01/0: 00
[2.238s] joint2: writing 4 bytes to 0x1A01/1: 20 00 64 60
[2.238s] joint2: writing 4 bytes to 0x1A01/2: 20 00 6C 60
[2.238s] joint2: writing 1 bytes to 0x1A01/0: 02
[2.238s] joint2: writing 4 bytes to 0x1801/1: 83 02 00 00
[2.238s] joint2: writing 4 bytes to 0x1802/1: 83 03 00 80
[2.238s] joint2: writing 1 bytes to 0x1802/2: 01
[2.238s] joint2: writing 1 bytes to 0x1A02/0: 00
[2.238s] joint2: writing 4 bytes to 0x1A02/1: 10 00 3F 60
[2.238s] joint2: writing 1 bytes to 0x1A02/0: 01
[2.238s] joint2: writing 4 bytes to 0x1802/1: 83 03 00 00
[2.238s] joint2: writing 2 bytes to 0x6040/0: 80 00
[2.238s] joint2: writing 4 bytes to 0x6083/0: A0 86 01 00
[2.238s] joint2: writing 4 bytes to 0x6084/0: A0 86 01 00
[2.589s] Built target robot_control
[2.628s] Invoked command in '/home/orangepi/Robot_Project/AMR_Robot/amr_robot/build/amr_reality_pkg' returned '0': CMAKE_PREFIX_PATH=${CMAKE_PREFIX_PATH}:/opt/ros/humble /usr/bin/cmake --build /home/orangepi/Robot_Project/AMR_Robot/amr_robot/build/amr_reality_pkg -- -j8 -l8
[2.633s] Invoking command in '/home/orangepi/Robot_Project/AMR_Robot/amr_robot/build/amr_reality_pkg': CMAKE_PREFIX_PATH=${CMAKE_PREFIX_PATH}:/opt/ros/humble /usr/bin/cmake --install /home/orangepi/Robot_Project/AMR_Robot/amr_robot/build/amr_reality_pkg
[2.649s] -- Install configuration: ""
[2.649s] -- Execute custom install script
[2.650s] -- Symlinking: /home/orangepi/Robot_Project/AMR_Robot/amr_robot/install/amr_reality_pkg/share/amr_reality_pkg/config/robot_control//cia402_slave.eds
[2.676s] -- Symlinking: /home/orangepi/Robot_Project/AMR_Robot/amr_robot/install/amr_reality_pkg/share/amr_reality_pkg/config/robot_control//ros2_controllers.yaml
[2.707s] -- Symlinking: /home/orangepi/Robot_Project/AMR_Robot/amr_robot/install/amr_reality_pkg/share/amr_reality_pkg/config/robot_control//bus.yml
[2.735s] -- Symlinking: /home/orangepi/Robot_Project/AMR_Robot/amr_robot/install/amr_reality_pkg/share/amr_reality_pkg/config/robot_control//joint1.bin
[2.754s] -- Symlinking: /home/orangepi/Robot_Project/AMR_Robot/amr_robot/install/amr_reality_pkg/share/amr_reality_pkg/config/robot_control//joint2.bin
[2.784s] -- Symlinking: /home/orangepi/Robot_Project/AMR_Robot/amr_robot/install/amr_reality_pkg/share/amr_reality_pkg/config/robot_control//master.dcf
[2.812s] -- Symlinking: /home/orangepi/Robot_Project/AMR_Robot/amr_robot/install/amr_reality_pkg/share/amr_reality_pkg/config/robot_control//preprocessed_bus.yml
[2.844s] -- Up-to-date symlink: /home/orangepi/Robot_Project/AMR_Robot/amr_robot/install/amr_reality_pkg/share/amr_reality_pkg/launch/amr_reality.launch.py
[2.850s] -- Up-to-date symlink: /home/orangepi/Robot_Project/AMR_Robot/amr_robot/install/amr_reality_pkg/share/amr_reality_pkg/launch/localization_launch.py
[2.850s] -- Up-to-date symlink: /home/orangepi/Robot_Project/AMR_Robot/amr_robot/install/amr_reality_pkg/share/amr_reality_pkg/launch/navigation_launch.py
[2.851s] -- Up-to-date symlink: /home/orangepi/Robot_Project/AMR_Robot/amr_robot/install/amr_reality_pkg/share/amr_reality_pkg/launch/online_async_launch.py
[2.852s] -- Up-to-date symlink: /home/orangepi/Robot_Project/AMR_Robot/amr_robot/install/amr_reality_pkg/share/amr_reality_pkg/descriptions/meshes/Imu_Link.STL
[2.856s] -- Up-to-date symlink: /home/orangepi/Robot_Project/AMR_Robot/amr_robot/install/amr_reality_pkg/share/amr_reality_pkg/descriptions/meshes/Left_Link.STL
[2.857s] -- Up-to-date symlink: /home/orangepi/Robot_Project/AMR_Robot/amr_robot/install/amr_reality_pkg/share/amr_reality_pkg/descriptions/meshes/Lidar_Link.STL
[2.857s] -- Up-to-date symlink: /home/orangepi/Robot_Project/AMR_Robot/amr_robot/install/amr_reality_pkg/share/amr_reality_pkg/descriptions/meshes/Right_Link.STL
[2.858s] -- Up-to-date symlink: /home/orangepi/Robot_Project/AMR_Robot/amr_robot/install/amr_reality_pkg/share/amr_reality_pkg/descriptions/meshes/Yaw_Behind_Left_Link.STL
[2.858s] -- Up-to-date symlink: /home/orangepi/Robot_Project/AMR_Robot/amr_robot/install/amr_reality_pkg/share/amr_reality_pkg/descriptions/meshes/Yaw_Behind_Right_Link.STL
[2.858s] -- Up-to-date symlink: /home/orangepi/Robot_Project/AMR_Robot/amr_robot/install/amr_reality_pkg/share/amr_reality_pkg/descriptions/meshes/Yaw_Front_Left_Link.STL
[2.859s] -- Up-to-date symlink: /home/orangepi/Robot_Project/AMR_Robot/amr_robot/install/amr_reality_pkg/share/amr_reality_pkg/descriptions/meshes/Yaw_Front_Right_Link.STL
[2.859s] -- Up-to-date symlink: /home/orangepi/Robot_Project/AMR_Robot/amr_robot/install/amr_reality_pkg/share/amr_reality_pkg/descriptions/meshes/base_link.STL
[2.860s] -- Up-to-date symlink: /home/orangepi/Robot_Project/AMR_Robot/amr_robot/install/amr_reality_pkg/share/amr_reality_pkg/descriptions/urdf/AMR1-00-Khung (1).SLDASM.urdf
[2.860s] -- Up-to-date symlink: /home/orangepi/Robot_Project/AMR_Robot/amr_robot/install/amr_reality_pkg/share/amr_reality_pkg/descriptions/urdf/robot.urdf.xacro
[2.862s] -- Up-to-date symlink: /home/orangepi/Robot_Project/AMR_Robot/amr_robot/install/amr_reality_pkg/share/amr_reality_pkg/descriptions/urdf/robot_controller/robot_controller.ros2_control.xacro
[2.863s] -- Up-to-date symlink: /home/orangepi/Robot_Project/AMR_Robot/amr_robot/install/amr_reality_pkg/share/amr_reality_pkg/descriptions/urdf/robot_controller/robot_controller.urdf.xacro
[2.865s] -- Up-to-date symlink: /home/orangepi/Robot_Project/AMR_Robot/amr_robot/install/amr_reality_pkg/share/amr_reality_pkg/config/ekf.yaml
[2.866s] -- Up-to-date symlink: /home/orangepi/Robot_Project/AMR_Robot/amr_robot/install/amr_reality_pkg/share/amr_reality_pkg/config/twist_mux.yaml
[2.866s] -- Up-to-date symlink: /home/orangepi/Robot_Project/AMR_Robot/amr_robot/install/amr_reality_pkg/share/amr_reality_pkg/config/laser_filter.yaml
[2.867s] -- Up-to-date symlink: /home/orangepi/Robot_Project/AMR_Robot/amr_robot/install/amr_reality_pkg/share/amr_reality_pkg/config/nav2_params.yaml
[2.867s] -- Up-to-date symlink: /home/orangepi/Robot_Project/AMR_Robot/amr_robot/install/amr_reality_pkg/share/amr_reality_pkg/config/mapper_params_online_async.yaml
[2.868s] -- Up-to-date symlink: /home/orangepi/Robot_Project/AMR_Robot/amr_robot/install/amr_reality_pkg/lib/amr_reality_pkg/ps4_teleop_node.py
[2.869s] -- Up-to-date symlink: /home/orangepi/Robot_Project/AMR_Robot/amr_robot/install/amr_reality_pkg/lib/amr_reality_pkg/imu_tl740D.py
[2.869s] -- Up-to-date symlink: /home/orangepi/Robot_Project/AMR_Robot/amr_robot/install/amr_reality_pkg/lib/amr_reality_pkg/cov_odom_scan.py
[2.870s] -- Up-to-date symlink: /home/orangepi/Robot_Project/AMR_Robot/amr_robot/install/amr_reality_pkg/share/ament_index/resource_index/package_run_dependencies/amr_reality_pkg
[2.876s] -- Up-to-date symlink: /home/orangepi/Robot_Project/AMR_Robot/amr_robot/install/amr_reality_pkg/share/ament_index/resource_index/parent_prefix_path/amr_reality_pkg
[2.879s] -- Up-to-date symlink: /home/orangepi/Robot_Project/AMR_Robot/amr_robot/install/amr_reality_pkg/share/amr_reality_pkg/environment/ament_prefix_path.sh
[2.880s] -- Up-to-date symlink: /home/orangepi/Robot_Project/AMR_Robot/amr_robot/install/amr_reality_pkg/share/amr_reality_pkg/environment/ament_prefix_path.dsv
[2.880s] -- Up-to-date symlink: /home/orangepi/Robot_Project/AMR_Robot/amr_robot/install/amr_reality_pkg/share/amr_reality_pkg/environment/path.sh
[2.881s] -- Up-to-date symlink: /home/orangepi/Robot_Project/AMR_Robot/amr_robot/install/amr_reality_pkg/share/amr_reality_pkg/environment/path.dsv
[2.881s] -- Up-to-date symlink: /home/orangepi/Robot_Project/AMR_Robot/amr_robot/install/amr_reality_pkg/share/amr_reality_pkg/local_setup.bash
[2.882s] -- Up-to-date symlink: /home/orangepi/Robot_Project/AMR_Robot/amr_robot/install/amr_reality_pkg/share/amr_reality_pkg/local_setup.sh
[2.882s] -- Up-to-date symlink: /home/orangepi/Robot_Project/AMR_Robot/amr_robot/install/amr_reality_pkg/share/amr_reality_pkg/local_setup.zsh
[2.883s] -- Up-to-date symlink: /home/orangepi/Robot_Project/AMR_Robot/amr_robot/install/amr_reality_pkg/share/amr_reality_pkg/local_setup.dsv
[2.883s] -- Symlinking: /home/orangepi/Robot_Project/AMR_Robot/amr_robot/install/amr_reality_pkg/share/amr_reality_pkg/package.dsv
[2.917s] -- Up-to-date symlink: /home/orangepi/Robot_Project/AMR_Robot/amr_robot/install/amr_reality_pkg/share/ament_index/resource_index/packages/amr_reality_pkg
[2.918s] -- Up-to-date symlink: /home/orangepi/Robot_Project/AMR_Robot/amr_robot/install/amr_reality_pkg/share/amr_reality_pkg/cmake/amr_reality_pkgConfig.cmake
[2.919s] -- Up-to-date symlink: /home/orangepi/Robot_Project/AMR_Robot/amr_robot/install/amr_reality_pkg/share/amr_reality_pkg/cmake/amr_reality_pkgConfig-version.cmake
[2.923s] -- Up-to-date symlink: /home/orangepi/Robot_Project/AMR_Robot/amr_robot/install/amr_reality_pkg/share/amr_reality_pkg/package.xml
[2.967s] Invoked command in '/home/orangepi/Robot_Project/AMR_Robot/amr_robot/build/amr_reality_pkg' returned '0': CMAKE_PREFIX_PATH=${CMAKE_PREFIX_PATH}:/opt/ros/humble /usr/bin/cmake --install /home/orangepi/Robot_Project/AMR_Robot/amr_robot/build/amr_reality_pkg
